107.183.158.127 - - [07/Sep/2018:00:00:17 +0800] "GET /shenzhen/FanShen-ChiWan/ HTTP/1.0" 200 78320 "-" "Sogou web spider/4.0(+http://www.sogou.com/docs/help/webmasters.htm#07)"
23.245.54.218 - - [07/Sep/2018:00:00:19 +0800] "GET /co/2sfqs/78526.html HTTP/1.0" 200 78675 "-" "Mozilla/5.0 (compatible; DotBot/1.1; http://www.opensiteexplorer.org/dotbot, help@moz.com)"
107.183.158.127 - - [07/Sep/2018:00:00:23 +0800] "GET /shijiazhuang/ShiZhaoDaiSuo-HaoJiaYing/ HTTP/1.0" 500 45601 "-" "Sogou web spider/4.0(+http://www.sogou.com/docs/help/webmasters.htm#07)"
107.183.158.127 - - [07/Sep/2018:00:00:26 +0800] "GET /shanghai/ZhaoFengLu-AnShanXinCun/ HTTP/1.0" 500 45516 "-" "Mozilla/5.0 (compatible; SemrushBot/2~bl; +http://www.semrush.com/bot.html)"
23.245.54.218 - - [07/Sep/2018:00:00:27 +0800] "GET /co/zknv2/65925.html HTTP/1.0" 200 77784 "-" "Mozilla/5.0 (compatible; DotBot/1.1; http://www.opensiteexplorer.org/dotbot, help@moz.com)"
23.245.54.218 - - [07/Sep/2018:00:00:31 +0800] "GET /co/x1o7k/11884.html HTTP/1.0" 200 77880 "http://www.baidu.com" "Mozilla/4.0 (compatible; MSIE 9.0; Windows NT 6.1)"
107.183.158.127 - - [07/Sep/2018:00:00:38 +0800] "GET /shanghai/SongYuanLu-LianXiLu/ HTTP/1.0" 200 78509 "-" "Sogou web spider/4.0(+http://www.sogou.com/docs/help/webmasters.htm#07)"
23.245.54.218 - - [07/Sep/2018:00:00:48 +0800] "POST /co/nfig/AspCms_Config.asp HTTP/1.0" 405 24993 "http://www.114huoche.com/SqlIn.asp" "Mozilla/4.0 (compatible; MSIE 9.0; Windows NT 6.1)"
23.245.54.218 - - [07/Sep/2018:00:01:01 +0800] "POST /co/nfig/AspCms_Config.asp HTTP/1.0" 405 24993 "http://www.114huoche.com/SqlIn.asp" "Mozilla/4.0 (compatible; MSIE 9.0; Windows NT 6.1)"
107.183.158.127 - - [07/Sep/2018:00:01:09 +0800] "GET /shanghai/JiangWanTiYuChang-JiangPuLu/ HTTP/1.0" 200 78410 "-" "Sogou web spider/4.0(+http://www.sogou.com/docs/help/webmasters.htm#07)"
23.245.54.218 - - [07/Sep/2018:00:01:18 +0800] "POST /co/nn1.asp HTTP/1.0" 405 24993 "http://www.114huoche.com/SqlIn.asp" "Mozilla/4.0 (compatible; MSIE 9.0; Windows NT 6.1)"
23.245.54.218 - - [07/Sep/2018:00:01:29 +0800] "POST /co/ncon.asp HTTP/1.0" 405 24993 "http://www.114huoche.com/SqlIn.asp" "Mozilla/4.0 (compatible; MSIE 9.0; Windows NT 6.1)"
107.183.158.127 - - [07/Sep/2018:00:01:35 +0800] "GET /shijiazhuang/BiHaiYunTian-LiuYing/ HTTP/1.0" 200 77988 "-" "Sogou web spider/4.0(+http://www.sogou.com/docs/help/webmasters.htm#07)"
107.183.158.127 - - [07/Sep/2018:00:01:57 +0800] "GET /shenzhen/GuangMing-QianHaiWan/ HTTP/1.0" 200 77886 "-" "Sogou web spider/4.0(+http://www.sogou.com/docs/help/webmasters.htm#07)"
107.183.158.127 - - [07/Sep/2018:00:02:16 +0800] "GET /shanghai/DaChangZhen-ZhongShanBeiLu/ HTTP/1.0" 500 45567 "-" "Mozilla/5.0 (compatible; SemrushBot/2~bl; +http://www.semrush.com/bot.html)"
23.245.54.218 - - [07/Sep/2018:00:02:19 +0800] "GET /co/08g9k/15460.html HTTP/1.0" 200 78282 "-" "Mozilla/5.0 (compatible; DotBot/1.1; http://www.opensiteexplorer.org/dotbot, help@moz.com)"
107.183.158.127 - - [07/Sep/2018:00:02:26 +0800] "GET /shenzhen/QianBao-GangXiaBei/ HTTP/1.0" 200 78060 "-" "Mozilla/5.0 (compatible; SemrushBot/2~bl; +http://www.semrush.com/bot.html)"
107.183.158.127 - - [07/Sep/2018:00:02:32 +0800] "GET /shanghai/JuFengLu-DaLianLu/ HTTP/1.0" 500 45414 "-" "Mozilla/5.0 (compatible; SemrushBot/2~bl; +http://www.semrush.com/bot.html)"
107.183.158.127 - - [07/Sep/2018:00:02:34 +0800] "GET /shenzhen/DiSanYiYuan-YuanFen/ HTTP/1.0" 200 77994 "-" "Sogou web spider/4.0(+http://www.sogou.com/docs/help/webmasters.htm#07)"
23.245.54.218 - - [07/Sep/2018:00:02:40 +0800] "GET /co/4qc8h/62303.html HTTP/1.0" 500 45463 "-" "Mozilla/5.0 (compatible; DotBot/1.1; http://www.opensiteexplorer.org/dotbot, help@moz.com)"
107.183.158.127 - - [07/Sep/2018:00:02:43 +0800] "GET /shenzhen/LiangMaoShan-DongBuHuaQiaoCheng/ HTTP/1.0" 500 45652 "http://ditie.114huoche.com/shenzhen/LiangMaoShan-DongBuHuaQiaoCheng/" "Mozilla/5.0(compatible;MSIE9.0;WindowsNT6.1;Trident/5.0)"
107.183.158.127 - - [07/Sep/2018:00:02:43 +0800] "GET /shenzhen/XiaShuiJing-MeiLongBei/ HTTP/1.0" 500 45499 "http://ditie.114huoche.com/shenzhen/XiaShuiJing-MeiLongBei/" "Mozilla/5.0(compatible;MSIE9.0;WindowsNT6.1;Trident/5.0)"
107.183.158.127 - - [07/Sep/2018:00:02:45 +0800] "GET /shijiazhuang/BaiFoKou-LuanChengXi/ HTTP/1.0" 200 78090 "-" "Sogou web spider/4.0(+http://www.sogou.com/docs/help/webmasters.htm#07)"
23.245.54.218 - - [07/Sep/2018:00:03:14 +0800] "GET /co/6repj/99103.html HTTP/1.0" 200 78150 "-" "Mozilla/5.0 (compatible; DotBot/1.1; http://www.opensiteexplorer.org/dotbot, help@moz.com)"
23.245.54.218 - - [07/Sep/2018:00:03:18 +0800] "GET /co/py/562374.html HTTP/1.0" 200 77840 "-" "Mozilla/5.0 (compatible; tracemyfile/1.0)"
23.245.54.218 - - [07/Sep/2018:00:03:29 +0800] "GET /co/9i27d/44756.html HTTP/1.0" 200 78007 "-" "Mozilla/5.0 (compatible; DotBot/1.1; http://www.opensiteexplorer.org/dotbot, help@moz.com)"
23.245.54.218 - - [07/Sep/2018:00:04:11 +0800] "GET /co/08g9k/10225.html HTTP/1.0" 200 78335 "http://www.baidu.com" "Mozilla/4.0 (compatible; MSIE 9.0; Windows NT 6.1)"
107.183.158.127 - - [07/Sep/2018:00:04:25 +0800] "GET /shijiazhuang/ShiErZhong-JunXieXueYuan/ HTTP/1.0" 200 78148 "-" "Sogou web spider/4.0(+http://www.sogou.com/docs/help/webmasters.htm#07)"
23.245.54.218 - - [07/Sep/2018:00:04:30 +0800] "POST /co/nfig/AspCms_Config.asp HTTP/1.0" 405 24993 "http://www.114huoche.com/SqlIn.asp" "Mozilla/4.0 (compatible; MSIE 9.0; Windows NT 6.1)"
107.183.158.127 - - [07/Sep/2018:00:04:39 +0800] "GET /shenzhen/ShangSha-LianTangKouAn/ HTTP/1.0" 500 45453 "http://ditie.114huoche.com/shenzhen/ShangSha-LianTangKouAn/" "Mozilla/5.0(compatible;MSIE9.0;WindowsNT6.1;Trident/5.0)"
107.183.158.127 - - [07/Sep/2018:00:04:39 +0800] "GET /shenzhen/ShangFen-KeXueGuan/ HTTP/1.0" 200 78470 "http://ditie.114huoche.com/shenzhen/ShangFen-KeXueGuan/" "Mozilla/5.0(compatible;MSIE9.0;WindowsNT6.1;Trident/5.0)"
107.183.158.127 - - [07/Sep/2018:00:04:39 +0800] "GET /shijiazhuang/HuiZhanZhongXin-WeiTong/ HTTP/1.0" 500 45538 "http://ditie.114huoche.com/shijiazhuang/HuiZhanZhongXin-WeiTong/" "Mozilla/5.0(compatible;MSIE9.0;WindowsNT6.1;Trident/5.0)"
107.183.158.127 - - [07/Sep/2018:00:04:40 +0800] "GET /shenzhen/ShiMinZhongXin-PingZhou/ HTTP/1.0" 500 45470 "http://ditie.114huoche.com/shenzhen/ShiMinZhongXin-PingZhou/" "Mozilla/5.0(compatible;MSIE9.0;WindowsNT6.1;Trident/5.0)"
107.183.158.127 - - [07/Sep/2018:00:04:40 +0800] "GET /shenzhen/DaFen-FuPing/ HTTP/1.0" 500 45283 "http://ditie.114huoche.com/shenzhen/DaFen-FuPing/" "Mozilla/5.0(compatible;MSIE9.0;WindowsNT6.1;Trident/5.0)"
107.183.158.127 - - [07/Sep/2018:00:04:42 +0800] "GET /shenyang/QiShanLu-BaoMa/ HTTP/1.0" 200 78711 "http://ditie.114huoche.com/shenyang/QiShanLu-BaoMa/" "Mozilla/5.0(compatible;MSIE9.0;WindowsNT6.1;Trident/5.0)"
107.183.158.127 - - [07/Sep/2018:00:05:00 +0800] "GET /shanghai/DaChangZhen-ZhuJiaJiao/ HTTP/1.0" 200 78392 "-" "Mozilla/5.0 (compatible; SemrushBot/2~bl; +http://www.semrush.com/bot.html)"
23.245.54.218 - - [07/Sep/2018:00:05:04 +0800] "POST /co/nfig/AspCms_Config.asp HTTP/1.0" 405 24993 "http://www.114huoche.com/SqlIn.asp" "Mozilla/4.0 (compatible; MSIE 9.0; Windows NT 6.1)"
107.183.158.127 - - [07/Sep/2018:00:05:34 +0800] "GET /shanghai/YiLiLu-MeiLanHu/ HTTP/1.0" 200 78233 "-" "Sogou web spider/4.0(+http://www.sogou.com/docs/help/webmasters.htm#07)"
23.245.54.218 - - [07/Sep/2018:00:05:40 +0800] "POST /co/nn1.asp HTTP/1.0" 405 24993 "http://www.114huoche.com/SqlIn.asp" "Mozilla/4.0 (compatible; MSIE 9.0; Windows NT 6.1)"
23.245.54.218 - - [07/Sep/2018:00:05:49 +0800] "GET /co/py254.alexareport.cn/%0A HTTP/1.0" 200 78173 "-" "Mozilla/5.0 (Macintosh; Intel Mac OS X 10_13_6) AppleWebKit/537.36 (KHTML, like Gecko) Chrome/68.0.3440.106 Safari/537.36"
107.183.158.127 - - [07/Sep/2018:00:05:54 +0800] "GET /shanghai/HuiZhenLu-HuaXiaZhongLu/ HTTP/1.0" 200 77964 "-" "Mozilla/5.0 (compatible; SemrushBot/2~bl; +http://www.semrush.com/bot.html)"
107.183.158.127 - - [07/Sep/2018:00:05:58 +0800] "GET /shenzhen/RenMinNan-LongDaGaoSu/ HTTP/1.0" 500 45482 "-" "Sogou web spider/4.0(+http://www.sogou.com/docs/help/webmasters.htm#07)"
107.183.158.127 - - [07/Sep/2018:00:06:00 +0800] "GET /shenzhen/BaoHua-GangXiaBei/ HTTP/1.0" 200 78185 "-" "Mozilla/5.0 (compatible; SemrushBot/2~bl; +http://www.semrush.com/bot.html)"
23.245.54.218 - - [07/Sep/2018:00:06:11 +0800] "POST /co/ncon.asp HTTP/1.0" 405 24993 "http://www.114huoche.com/SqlIn.asp" "Mozilla/4.0 (compatible; MSIE 9.0; Windows NT 6.1)"
107.183.158.127 - - [07/Sep/2018:00:06:19 +0800] "GET /shenzhen/HeDong-HengGang/ HTTP/1.0" 200 78635 "-" "Sogou web spider/4.0(+http://www.sogou.com/docs/help/webmasters.htm#07)"
107.183.158.127 - - [07/Sep/2018:00:06:36 +0800] "GET /shijiazhuang/HangZhengZhongXin-XiWang/ HTTP/1.0" 200 78143 "-" "Sogou web spider/4.0(+http://www.sogou.com/docs/help/webmasters.htm#07)"
107.183.158.127 - - [07/Sep/2018:00:06:43 +0800] "GET /shenzhen/ShiLongGongLu-YiTian/ HTTP/1.0" 500 45465 "-" "Sogou web spider/4.0(+http://www.sogou.com/docs/help/webmasters.htm#07)"
107.183.158.127 - - [07/Sep/2018:00:06:44 +0800] "GET /shanghai/YuQiao-ZhuGuangLu/ HTTP/1.0" 200 78391 "-" "Mozilla/5.0 (compatible; SemrushBot/2~bl; +http://www.semrush.com/bot.html)"
23.245.54.218 - - [07/Sep/2018:00:06:50 +0800] "GET /co/py254 HTTP/1.0" 200 78362 "-" "Mozilla/5.0 (Windows NT 6.2; WOW64) AppleWebKit/537.36 (KHTML, like Gecko) Chrome/35.0.1916.153 Safari/537.36"
107.183.158.127 - - [07/Sep/2018:00:07:01 +0800] "GET /shenzhen/GuShu-ShenDaBei/ HTTP/1.0" 200 78835 "-" "Sogou web spider/4.0(+http://www.sogou.com/docs/help/webmasters.htm#07)"
107.183.158.127 - - [07/Sep/2018:00:07:12 +0800] "GET /shenzhen/BaoAnZhongXin-GuanCheng/ HTTP/1.0" 500 45516 "-" "Mozilla/5.0 (compatible; SemrushBot/2~bl; +http://www.semrush.com/bot.html)"
107.183.158.127 - - [07/Sep/2018:00:07:15 +0800] "GET /shenzhen/LiXiang-ZhuZiLin/ HTTP/1.0" 200 78572 "-" "Sogou web spider/4.0(+http://www.sogou.com/docs/help/webmasters.htm#07)"
107.183.158.127 - - [07/Sep/2018:00:07:19 +0800] "GET /shenzhen/ShuiWan-ChunFeng/ HTTP/1.0" 200 77671 "-" "Sogou web spider/4.0(+http://www.sogou.com/docs/help/webmasters.htm#07)"
107.183.158.127 - - [07/Sep/2018:00:07:22 +0800] "GET /shenzhen/ShuMaCheng-XiBuWuLiu/ HTTP/1.0" 200 78178 "http://ditie.114huoche.com/shenzhen/ShuMaCheng-XiBuWuLiu/" "Mozilla/5.0(compatible;MSIE9.0;WindowsNT6.1;Trident/5.0)"
23.245.54.218 - - [07/Sep/2018:00:07:26 +0800] "GET /co/WSxw1/ HTTP/1.0" 200 75302 "-" "Mozilla/5.0 (compatible; Googlebot/2.1; +http://www.google.com/bot.html)"
107.183.158.127 - - [07/Sep/2018:00:07:43 +0800] "GET /shanghai/DongMingLu-ZhuanXingDongLu/ HTTP/1.0" 200 78025 "-" "Sogou web spider/4.0(+http://www.sogou.com/docs/help/webmasters.htm#07)"
107.183.158.127 - - [07/Sep/2018:00:07:45 +0800] "GET /shijiazhuang/DongWuNv-LuanChengXi/ HTTP/1.0" 500 45487 "-" "Sogou web spider/4.0(+http://www.sogou.com/docs/help/webmasters.htm#07)"
23.245.54.218 - - [07/Sep/2018:00:07:49 +0800] "GET /co/z3dg1/02292.html HTTP/1.0" 200 78384 "http://www.baidu.com" "Mozilla/4.0 (compatible; MSIE 9.0; Windows NT 6.1)"
107.183.158.127 - - [07/Sep/2018:00:07:54 +0800] "GET /shenzhen/BaiShiZhou-ShenWan/ HTTP/1.0" 200 78160 "-" "Sogou web spider/4.0(+http://www.sogou.com/docs/help/webmasters.htm#07)"
107.183.158.127 - - [07/Sep/2018:00:08:21 +0800] "GET /shenzhen/ShenZhenWanGongYuan-QiaoChengNan/ HTTP/1.0" 200 77804 "-" "Sogou web spider/4.0(+http://www.sogou.com/docs/help/webmasters.htm#07)"
107.183.158.127 - - [07/Sep/2018:00:08:34 +0800] "GET /shenzhen/HengGang-BaiMang/ HTTP/1.0" 200 77878 "-" "Sogou web spider/4.0(+http://www.sogou.com/docs/help/webmasters.htm#07)"
107.183.158.127 - - [07/Sep/2018:00:08:52 +0800] "GET /shenzhen/HaiShangShiJie-ShenZhenBeiZhan/ HTTP/1.0" 200 77958 "-" "Mozilla/5.0 (Linux; U; Android 6.0.1; zh-cn; MI NOTE LTE Build/MMB29M) AppleWebKit/537.36 (KHTML, like Gecko) Version/4.0 Chrome/53.0.2785.146 Mobile Safari/537.36 XiaoMi/MiuiBrowser/8.8.7"
107.183.158.127 - - [07/Sep/2018:00:08:59 +0800] "GET /shenzhen/LuoHu-ShaTian HTTP/1.0" 200 78167 "-" "ia_archiver"
107.183.158.127 - - [07/Sep/2018:00:09:00 +0800] "GET /shenzhen/CuiZhu-XinNan/ HTTP/1.0" 200 78842 "-" "Sogou web spider/4.0(+http://www.sogou.com/docs/help/webmasters.htm#07)"
107.183.158.127 - - [07/Sep/2018:00:09:19 +0800] "GET /shenzhen/JinLi-SongYuanXia/ HTTP/1.0" 200 77788 "http://ditie.114huoche.com/shenzhen/JinLi-SongYuanXia/" "Mozilla/5.0(compatible;MSIE9.0;WindowsNT6.1;Trident/5.0)"
107.183.158.127 - - [07/Sep/2018:00:09:19 +0800] "GET /shenzhen/KeJiCheng-NanYou/ HTTP/1.0" 500 45351 "http://ditie.114huoche.com/shenzhen/KeJiCheng-NanYou/" "Mozilla/5.0(compatible;MSIE9.0;WindowsNT6.1;Trident/5.0)"
107.183.158.127 - - [07/Sep/2018:00:09:20 +0800] "GET /shanghai/ZiTengLu-KangNingLu/ HTTP/1.0" 500 45402 "http://ditie.114huoche.com/shanghai/ZiTengLu-KangNingLu/" "Mozilla/5.0(compatible;MSIE9.0;WindowsNT6.1;Trident/5.0)"
107.183.158.127 - - [07/Sep/2018:00:09:20 +0800] "GET /shanghai/MaDangLu-GuoFanLu/ HTTP/1.0" 200 78102 "-" "Mozilla/5.0 (compatible; SemrushBot/2~bl; +http://www.semrush.com/bot.html)"
107.183.158.127 - - [07/Sep/2018:00:09:21 +0800] "GET /shenzhen/jichangbei-yitian/ HTTP/1.0" 200 78109 "http://ditie.114huoche.com/shenzhen/jichangbei-yitian/" "Mozilla/5.0(compatible;MSIE9.0;WindowsNT6.1;Trident/5.0)"
23.245.54.218 - - [07/Sep/2018:00:09:38 +0800] "GET /co/nfig.rar HTTP/1.0" 200 78240 "-" "-"
107.183.158.127 - - [07/Sep/2018:00:09:39 +0800] "GET /shanghai/YeJiLu-XiuYanLu/ HTTP/1.0" 200 78144 "-" "Mozilla/5.0 (compatible; SemrushBot/2~bl; +http://www.semrush.com/bot.html)"
107.183.158.127 - - [07/Sep/2018:00:10:02 +0800] "GET /shanghai/DaMuQiaoLu-SiPingLu/ HTTP/1.0" 200 77745 "-" "Sogou web spider/4.0(+http://www.sogou.com/docs/help/webmasters.htm#07)"
107.183.158.127 - - [07/Sep/2018:00:10:13 +0800] "GET /shijiazhuang/XiSanJiao-YuanBoYuan/ HTTP/1.0" 500 45533 "-" "Sogou web spider/4.0(+http://www.sogou.com/docs/help/webmasters.htm#07)"
107.183.158.127 - - [07/Sep/2018:00:10:14 +0800] "GET /shenzhen/ShaWei-FuYongBei/ HTTP/1.0" 200 78237 "-" "Sogou web spider/4.0(+http://www.sogou.com/docs/help/webmasters.htm#07)"
107.183.158.127 - - [07/Sep/2018:00:10:21 +0800] "GET /shijiazhuang/NanXi-CaiJiaGang/ HTTP/1.0" 200 78080 "-" "Sogou web spider/4.0(+http://www.sogou.com/docs/help/webmasters.htm#07)"
23.245.54.218 - - [07/Sep/2018:00:10:28 +0800] "GET /co/ggjbF/ HTTP/1.0" 200 77743 "-" "Sogou web spider/4.0(+http://www.sogou.com/docs/help/webmasters.htm#07)"
23.245.54.218 - - [07/Sep/2018:00:10:29 +0800] "GET /co/ggnCe/571431.html HTTP/1.0" 200 78726 "-" "Sogou web spider/4.0(+http://www.sogou.com/docs/help/webmasters.htm#07)"
23.245.54.218 - - [07/Sep/2018:00:10:29 +0800] "GET /co/ggzi5/ HTTP/1.0" 200 78451 "-" "Sogou web spider/4.0(+http://www.sogou.com/docs/help/webmasters.htm#07)"
107.183.158.127 - - [07/Sep/2018:00:10:48 +0800] "GET /shenzhen/XingDong-GuangMingDaJie/ HTTP/1.0" 500 45516 "-" "Mozilla/5.0 (compatible; SemrushBot/2~bl; +http://www.semrush.com/bot.html)"
107.183.158.127 - - [07/Sep/2018:00:10:51 +0800] "GET /shanghai/JinKeLu-DongMingLu/ HTTP/1.0" 200 78528 "-" "Sogou web spider/4.0(+http://www.sogou.com/docs/help/webmasters.htm#07)"
23.245.54.218 - - [07/Sep/2018:00:10:54 +0800] "GET /co/GGtPj/ HTTP/1.0" 200 118819 "-" "Sogou web spider/4.0(+http://www.sogou.com/docs/help/webmasters.htm#07)"
23.245.54.218 - - [07/Sep/2018:00:11:06 +0800] "GET /co/AD8195/486280/css/index.css HTTP/1.0" 404 162 "http://www.114huoche.com/coAD8195/486280/" "YisouSpider"
107.183.158.127 - - [07/Sep/2018:00:11:07 +0800] "GET /shanghai/HuLanLu-TianShanLu/ HTTP/1.0" 500 45431 "-" "Mozilla/5.0 (compatible; SemrushBot/2~bl; +http://www.semrush.com/bot.html)"
107.183.158.127 - - [07/Sep/2018:00:11:10 +0800] "GET /shanghai/XiCangNanLu-CaoHeJingKaiFaQu/ HTTP/1.0" 200 78991 "-" "Sogou web spider/4.0(+http://www.sogou.com/docs/help/webmasters.htm#07)"
107.183.158.127 - - [07/Sep/2018:00:11:13 +0800] "GET /shanghai/MinRuiLu-ShenDuGongLu/ HTTP/1.0" 200 78114 "-" "Sogou web spider/4.0(+http://www.sogou.com/docs/help/webmasters.htm#07)"
107.183.158.127 - - [07/Sep/2018:00:11:17 +0800] "GET /shijiazhuang/WuXingHuaYuan-NanXi/ HTTP/1.0" 200 78521 "-" "Sogou web spider/4.0(+http://www.sogou.com/docs/help/webmasters.htm#07)"
23.245.54.218 - - [07/Sep/2018:00:11:25 +0800] "GET /co/dv5vm/01329.html HTTP/1.0" 200 77820 "http://www.baidu.com" "Mozilla/4.0 (compatible; MSIE 9.0; Windows NT 6.1)"
23.245.54.218 - - [07/Sep/2018:00:11:28 +0800] "GET /co/ggo9p/ HTTP/1.0" 200 78017 "-" "Sogou web spider/4.0(+http://www.sogou.com/docs/help/webmasters.htm#07)"
107.183.158.127 - - [07/Sep/2018:00:11:35 +0800] "GET /shanghai/HuNanGongLu-DongBaoXingLu/ HTTP/1.0" 200 78305 "http://ditie.114huoche.com/shanghai/HuNanGongLu-DongBaoXingLu/" "Mozilla/5.0(compatible;MSIE9.0;WindowsNT6.1;Trident/5.0)"
107.183.158.127 - - [07/Sep/2018:00:11:39 +0800] "GET /shanghai/YanAnXiLu-JinHaiLu/ HTTP/1.0" 200 78280 "-" "Sogou web spider/4.0(+http://www.sogou.com/docs/help/webmasters.htm#07)"
107.183.158.127 - - [07/Sep/2018:00:11:45 +0800] "GET /shenzhen/ShuangLong-YanTianShiJie/ HTTP/1.0" 200 78350 "-" "Mozilla/5.0 (compatible; SemrushBot/2~bl; +http://www.semrush.com/bot.html)"
107.183.158.127 - - [07/Sep/2018:00:11:50 +0800] "GET /shanghai/HouTan-HongQiao2HaoHangZhanLou/ HTTP/1.0" 200 78544 "-" "Sogou web spider/4.0(+http://www.sogou.com/docs/help/webmasters.htm#07)"
107.183.158.127 - - [07/Sep/2018:00:11:56 +0800] "GET /shenzhen/ShangWuBei-HengTang/ HTTP/1.0" 200 78290 "-" "Mozilla/5.0 (compatible; SemrushBot/2~bl; +http://www.semrush.com/bot.html)"
107.183.158.127 - - [07/Sep/2018:00:12:20 +0800] "GET /shenzhen/GuanLong-LuoZu/ HTTP/1.0" 500 45363 "-" "Sogou web spider/4.0(+http://www.sogou.com/docs/help/webmasters.htm#07)"
107.183.158.127 - - [07/Sep/2018:00:12:22 +0800] "GET /shenzhen/XinNan-TaiAn/ HTTP/1.0" 200 78436 "-" "Sogou web spider/4.0(+http://www.sogou.com/docs/help/webmasters.htm#07)"
23.245.54.218 - - [07/Sep/2018:00:12:23 +0800] "GET /co/py254 HTTP/1.0" 200 78362 "-" "Mozilla/5.0 (compatible; Baiduspider/2.0; +http://www.baidu.com/search/spider.html)"
107.183.158.127 - - [07/Sep/2018:00:12:34 +0800] "GET /shanghai/YiShanLu-DianShanHuDaDao/ HTTP/1.0" 200 78958 "-" "Mozilla/5.0 (compatible; SemrushBot/2~bl; +http://www.semrush.com/bot.html)"
107.183.158.127 - - [07/Sep/2018:00:12:41 +0800] "GET /shanghai/HongQiaoHuoCheZhan-CaoHeJingKaiFaQu/ HTTP/1.0" 200 78833 "-" "Mozilla/5.0 (compatible; SemrushBot/2~bl; +http://www.semrush.com/bot.html)"
23.245.54.218 - - [07/Sep/2018:00:12:58 +0800] "GET /co/py254 HTTP/1.0" 200 78362 "-" "Mozilla/5.0 (Macintosh; Intel Mac OS X 10_13_6) AppleWebKit/537.36 (KHTML, like Gecko) Chrome/68.0.3440.106 Safari/537.36"
107.183.158.127 - - [07/Sep/2018:00:12:58 +0800] "GET /shijiazhuang/ShiZhuang-TianYuanHu/ HTTP/1.0" 200 78201 "-" "Sogou web spider/4.0(+http://www.sogou.com/docs/help/webmasters.htm#07)"
107.183.158.127 - - [07/Sep/2018:00:13:18 +0800] "GET /shenzhen/LiLang-XiaMeiLin/ HTTP/1.0" 200 78690 "-" "Sogou web spider/4.0(+http://www.sogou.com/docs/help/webmasters.htm#07)"
107.183.158.127 - - [07/Sep/2018:00:14:00 +0800] "GET /shanghai/JinYuanYiLu-YangPuDaQiao/ HTTP/1.0" 200 78375 "-" "Sogou web spider/4.0(+http://www.sogou.com/docs/help/webmasters.htm#07)"
23.245.54.218 - - [07/Sep/2018:00:14:00 +0800] "GET /co/ggBXV/953909.html HTTP/1.0" 200 77401 "-" "Sogou web spider/4.0(+http://www.sogou.com/docs/help/webmasters.htm#07)"
107.183.158.127 - - [07/Sep/2018:00:14:05 +0800] "GET /shanghai/ShenDuGongLu-NanJingDongLu/ HTTP/1.0" 200 77738 "-" "Sogou web spider/4.0(+http://www.sogou.com/docs/help/webmasters.htm#07)"
107.183.158.127 - - [07/Sep/2018:00:14:41 +0800] "GET /shenzhen/ShangChuan-XiLi/ HTTP/1.0" 200 78567 "-" "Mozilla/5.0 (compatible; SemrushBot/2~bl; +http://www.semrush.com/bot.html)"
107.183.158.127 - - [07/Sep/2018:00:14:46 +0800] "GET /shijiazhuang/HaoJiaYing-LuoJiaZhuangBei/ HTTP/1.0" 200 78350 "-" "Sogou web spider/4.0(+http://www.sogou.com/docs/help/webmasters.htm#07)"
23.245.54.218 - - [07/Sep/2018:00:15:05 +0800] "GET /co/gfip0/85959.html HTTP/1.0" 200 78221 "http://www.baidu.com" "Mozilla/4.0 (compatible; MSIE 9.0; Windows NT 6.1)"
107.183.158.127 - - [07/Sep/2018:00:15:41 +0800] "GET /shanghai/HuaXiaXiLu-JiangWanZhen/ HTTP/1.0" 200 77927 "-" "Sogou web spider/4.0(+http://www.sogou.com/docs/help/webmasters.htm#07)"
107.183.158.127 - - [07/Sep/2018:00:16:00 +0800] "GET /shenzhen/QiuShuiShan-HuaWei/ HTTP/1.0" 200 78007 "-" "Mozilla/5.0 (compatible; SemrushBot/2~bl; +http://www.semrush.com/bot.html)"
107.183.158.127 - - [07/Sep/2018:00:16:07 +0800] "GET /shenzhen/CuiGangGongYeYuan-QingHu/ HTTP/1.0" 500 45476 "http://ditie.114huoche.com/shenzhen/CuiGangGongYeYuan-QingHu/" "Mozilla/5.0(compatible;MSIE9.0;WindowsNT6.1;Trident/5.0)"
107.183.158.127 - - [07/Sep/2018:00:16:07 +0800] "GET /shanghai/GaoQiao-HengShanLu/ HTTP/1.0" 200 77663 "http://ditie.114huoche.com/shanghai/GaoQiao-HengShanLu/" "Mozilla/5.0(compatible;MSIE9.0;WindowsNT6.1;Trident/5.0)"
107.183.158.127 - - [07/Sep/2018:00:16:08 +0800] "GET /shenzhen/TongLe-NanLing/ HTTP/1.0" 500 45317 "http://ditie.114huoche.com/shenzhen/TongLe-NanLing/" "Mozilla/5.0(compatible;MSIE9.0;WindowsNT6.1;Trident/5.0)"
107.183.158.127 - - [07/Sep/2018:00:16:09 +0800] "GET /shenzhen/HeDong-BaoAn/ HTTP/1.0" 500 45329 "http://ditie.114huoche.com/shenzhen/HeDong-BaoAn/" "Mozilla/5.0(compatible;MSIE9.0;WindowsNT6.1;Trident/5.0)"
107.183.158.127 - - [07/Sep/2018:00:16:10 +0800] "GET /shanghai/JiHeGongLu-HuaQiao/ HTTP/1.0" 200 78601 "http://ditie.114huoche.com/shanghai/JiHeGongLu-HuaQiao/" "Mozilla/5.0(compatible;MSIE9.0;WindowsNT6.1;Trident/5.0)"
107.183.158.127 - - [07/Sep/2018:00:16:15 +0800] "GET /shenzhen/CheGongMiaoNan-FanShen/ HTTP/1.0" 200 77944 "-" "Sogou web spider/4.0(+http://www.sogou.com/docs/help/webmasters.htm#07)"
107.183.158.127 - - [07/Sep/2018:00:16:21 +0800] "GET /shenzhen/LiYuMen-TongYueCun/ HTTP/1.0" 200 78170 "-" "Sogou web spider/4.0(+http://www.sogou.com/docs/help/webmasters.htm#07)"
107.183.158.127 - - [07/Sep/2018:00:17:10 +0800] "GET /shenzhen/WenHuaZhongXin-ShuangLong/ HTTP/1.0" 200 78102 "-" "Sogou web spider/4.0(+http://www.sogou.com/docs/help/webmasters.htm#07)"
107.183.158.127 - - [07/Sep/2018:00:17:24 +0800] "GET /shanghai/ShangHaiDongWuYuan-WuWeiLu/ HTTP/1.0" 200 78365 "-" "Sogou web spider/4.0(+http://www.sogou.com/docs/help/webmasters.htm#07)"
107.183.158.127 - - [07/Sep/2018:00:17:28 +0800] "GET /shijiazhuang/XiZhaoTong-WeiTong/ HTTP/1.0" 200 78866 "-" "Sogou web spider/4.0(+http://www.sogou.com/docs/help/webmasters.htm#07)"
23.245.54.218 - - [07/Sep/2018:00:17:51 +0800] "POST /co/m3.stb.asp HTTP/1.0" 405 24993 "http://www.114huoche.com/lian.asp" "Mozilla/4.0 (compatible; MSIE 9.0; Windows NT 6.1)"
107.183.158.127 - - [07/Sep/2018:00:17:52 +0800] "GET /shenzhen/ZhuYangKeng-QiaoChengDong/ HTTP/1.0" 200 78198 "-" "Mozilla/5.0 (compatible; SemrushBot/2~bl; +http://www.semrush.com/bot.html)"
23.245.54.218 - - [07/Sep/2018:00:17:52 +0800] "POST /co/rsi.asp HTTP/1.0" 405 24993 "http://www.114huoche.com/lian.asp" "Mozilla/4.0 (compatible; MSIE 9.0; Windows NT 6.1)"
23.245.54.218 - - [07/Sep/2018:00:17:57 +0800] "POST /co/m3.indexlx.asp HTTP/1.0" 405 24993 "http://www.114huoche.com/lian.asp" "Mozilla/4.0 (compatible; MSIE 9.0; Windows NT 6.1)"
23.245.54.218 - - [07/Sep/2018:00:17:57 +0800] "POST /co/ndiy.asp HTTP/1.0" 405 24993 "http://www.114huoche.com/lian.asp" "Mozilla/4.0 (compatible; MSIE 9.0; Windows NT 6.1)"
23.245.54.218 - - [07/Sep/2018:00:17:58 +0800] "POST /co/nfig.asp HTTP/1.0" 405 24993 "http://www.114huoche.com/lian.asp" "Mozilla/4.0 (compatible; MSIE 9.0; Windows NT 6.1)"
23.245.54.218 - - [07/Sep/2018:00:17:58 +0800] "POST /co/nfig.asp.asp HTTP/1.0" 405 24993 "http://www.114huoche.com/lian.asp" "Mozilla/4.0 (compatible; MSIE 9.0; Windows NT 6.1)"
23.245.54.218 - - [07/Sep/2018:00:17:59 +0800] "POST /co/nn.asp HTTP/1.0" 405 24993 "http://www.114huoche.com/lian.asp" "Mozilla/4.0 (compatible; MSIE 9.0; Windows NT 6.1)"
23.245.54.218 - - [07/Sep/2018:00:18:00 +0800] "POST /co/nfig.asp HTTP/1.0" 405 24993 "http://www.114huoche.com/lian.asp" "Mozilla/4.0 (compatible; MSIE 9.0; Windows NT 6.1)"
23.245.54.218 - - [07/Sep/2018:00:18:02 +0800] "POST /co/nfig.asp HTTP/1.0" 405 24993 "http://www.114huoche.com/lian.asp" "Mozilla/4.0 (compatible; MSIE 9.0; Windows NT 6.1)"
107.183.158.127 - - [07/Sep/2018:00:18:06 +0800] "GET /shijiazhuang/BeiYueXiang-JianBaiDaLou/ HTTP/1.0" 500 45601 "-" "Sogou web spider/4.0(+http://www.sogou.com/docs/help/webmasters.htm#07)"
23.245.54.218 - - [07/Sep/2018:00:18:06 +0800] "POST /co/nnse.asp HTTP/1.0" 405 24993 "http://www.114huoche.com/lian.asp" "Mozilla/4.0 (compatible; MSIE 9.0; Windows NT 6.1)"
23.245.54.218 - - [07/Sep/2018:00:18:07 +0800] "POST /co/nfig.asp HTTP/1.0" 405 24993 "http://www.114huoche.com/lian.asp" "Mozilla/4.0 (compatible; MSIE 9.0; Windows NT 6.1)"
107.183.158.127 - - [07/Sep/2018:00:18:08 +0800] "GET /shanghai/HongMeiNanLu-ShangHaiTiYuGuan/ HTTP/1.0" 200 78518 "http://ditie.114huoche.com/shanghai/HongMeiNanLu-ShangHaiTiYuGuan/" "Mozilla/5.0(compatible;MSIE9.0;WindowsNT6.1;Trident/5.0)"
23.245.54.218 - - [07/Sep/2018:00:18:09 +0800] "POST /co/nfig.asp HTTP/1.0" 405 24993 "http://www.114huoche.com/lian.asp" "Mozilla/4.0 (compatible; MSIE 9.0; Windows NT 6.1)"
23.245.54.218 - - [07/Sep/2018:00:18:12 +0800] "POST /co/mmon.asp HTTP/1.0" 405 24993 "http://www.114huoche.com/lian.asp" "Mozilla/4.0 (compatible; MSIE 9.0; Windows NT 6.1)"
23.245.54.218 - - [07/Sep/2018:00:18:14 +0800] "POST /co/ncnn.asp HTTP/1.0" 405 24993 "http://www.114huoche.com/lian.asp" "Mozilla/4.0 (compatible; MSIE 9.0; Windows NT 6.1)"
23.245.54.218 - - [07/Sep/2018:00:18:14 +0800] "POST /co/nfig.asp HTTP/1.0" 405 24993 "http://www.114huoche.com/lian.asp" "Mozilla/4.0 (compatible; MSIE 9.0; Windows NT 6.1)"
23.245.54.218 - - [07/Sep/2018:00:18:18 +0800] "POST /co/ncon.asp HTTP/1.0" 405 24993 "http://www.114huoche.com/lian.asp" "Mozilla/4.0 (compatible; MSIE 9.0; Windows NT 6.1)"
23.245.54.218 - - [07/Sep/2018:00:18:18 +0800] "POST /co/nn1.asp HTTP/1.0" 405 24993 "http://www.114huoche.com/lian.asp" "Mozilla/4.0 (compatible; MSIE 9.0; Windows NT 6.1)"
23.245.54.218 - - [07/Sep/2018:00:18:20 +0800] "POST /co/nfig/AspCms_Config.asp HTTP/1.0" 405 24993 "http://www.114huoche.com/lian.asp" "Mozilla/4.0 (compatible; MSIE 9.0; Windows NT 6.1)"
23.245.54.218 - - [07/Sep/2018:00:18:25 +0800] "POST /co/nfig/AspCms_Config.asp HTTP/1.0" 405 24993 "http://www.114huoche.com/lian.asp" "Mozilla/4.0 (compatible; MSIE 9.0; Windows NT 6.1)"
23.245.54.218 - - [07/Sep/2018:00:18:26 +0800] "POST /co/nfig/AspCms_Config.asp HTTP/1.0" 405 24993 "http://www.114huoche.com/lian.asp" "Mozilla/4.0 (compatible; MSIE 9.0; Windows NT 6.1)"
23.245.54.218 - - [07/Sep/2018:00:18:28 +0800] "POST /co/nfig/AspCms_Config.asp HTTP/1.0" 405 24993 "http://www.114huoche.com/lian.asp" "Mozilla/4.0 (compatible; MSIE 9.0; Windows NT 6.1)"
23.245.54.218 - - [07/Sep/2018:00:18:28 +0800] "POST /co/nfig/AspCms_Config.asp HTTP/1.0" 405 24993 "http://www.114huoche.com/lian.asp" "Mozilla/4.0 (compatible; MSIE 9.0; Windows NT 6.1)"
23.245.54.218 - - [07/Sep/2018:00:18:29 +0800] "POST /co/nn.asp HTTP/1.0" 405 24993 "http://www.114huoche.com/lian.asp" "Mozilla/4.0 (compatible; MSIE 9.0; Windows NT 6.1)"
23.245.54.218 - - [07/Sep/2018:00:18:32 +0800] "POST /co/nfim/class.asp HTTP/1.0" 405 24993 "http://www.114huoche.com/lian.asp" "Mozilla/4.0 (compatible; MSIE 9.0; Windows NT 6.1)"
23.245.54.218 - - [07/Sep/2018:00:18:34 +0800] "POST /co/nfig/swq2l.asp HTTP/1.0" 405 24993 "http://www.114huoche.com/lian.asp" "Mozilla/4.0 (compatible; MSIE 9.0; Windows NT 6.1)"
23.245.54.218 - - [07/Sep/2018:00:18:47 +0800] "GET /co/fqh2w/32290.html HTTP/1.0" 200 77956 "http://www.baidu.com" "Mozilla/4.0 (compatible; MSIE 9.0; Windows NT 6.1)"
23.245.54.218 - - [07/Sep/2018:00:19:08 +0800] "GET /co/py255.alexareport.cn/%0A HTTP/1.0" 200 78254 "-" "Mozilla/5.0 (Macintosh; Intel Mac OS X 10_13_6) AppleWebKit/537.36 (KHTML, like Gecko) Chrome/68.0.3440.106 Safari/537.36"
107.183.158.127 - - [07/Sep/2018:00:19:15 +0800] "GET /shijiazhuang/LuQuanZhongXin-NanZhaiYing/ HTTP/1.0" 200 78497 "-" "Sogou web spider/4.0(+http://www.sogou.com/docs/help/webmasters.htm#07)"
107.183.158.127 - - [07/Sep/2018:00:19:21 +0800] "GET /shenzhen/DongZhouLu-QiaoXiang/ HTTP/1.0" 200 78469 "-" "Sogou web spider/4.0(+http://www.sogou.com/docs/help/webmasters.htm#07)"
23.245.54.218 - - [07/Sep/2018:00:19:23 +0800] "POST /co/depage.asp;.jpg HTTP/1.0" 404 564 "http://www.114huoche.com/lian.asp" "Mozilla/4.0 (compatible; MSIE 9.0; Windows NT 6.1)"
23.245.54.218 - - [07/Sep/2018:00:19:23 +0800] "POST /co/mad/coon.asp HTTP/1.0" 405 24993 "http://www.114huoche.com/lian.asp" "Mozilla/4.0 (compatible; MSIE 9.0; Windows NT 6.1)"
23.245.54.218 - - [07/Sep/2018:00:19:24 +0800] "POST /co/mdiy.asp HTTP/1.0" 405 24993 "http://www.114huoche.com/lian.asp" "Mozilla/4.0 (compatible; MSIE 9.0; Windows NT 6.1)"
23.245.54.218 - - [07/Sep/2018:00:19:24 +0800] "POST /co/ncon.asp HTTP/1.0" 405 24993 "http://www.114huoche.com/lian.asp" "Mozilla/4.0 (compatible; MSIE 9.0; Windows NT 6.1)"
23.245.54.218 - - [07/Sep/2018:00:19:24 +0800] "POST /co/ndiy.asp HTTP/1.0" 405 24993 "http://www.114huoche.com/lian.asp" "Mozilla/4.0 (compatible; MSIE 9.0; Windows NT 6.1)"
23.245.54.218 - - [07/Sep/2018:00:19:24 +0800] "POST /co/nf1g.asp;.jpg HTTP/1.0" 404 564 "http://www.114huoche.com/lian.asp" "Mozilla/4.0 (compatible; MSIE 9.0; Windows NT 6.1)"
23.245.54.218 - - [07/Sep/2018:00:19:24 +0800] "POST /co/nfig.asp HTTP/1.0" 405 24993 "http://www.114huoche.com/lian.asp" "Mozilla/4.0 (compatible; MSIE 9.0; Windows NT 6.1)"
23.245.54.218 - - [07/Sep/2018:00:19:25 +0800] "POST /co/nfig/AspCms_Config.asp,ysh HTTP/1.0" 405 24993 "http://www.114huoche.com/lian.asp" "Mozilla/4.0 (compatible; MSIE 9.0; Windows NT 6.1)"
23.245.54.218 - - [07/Sep/2018:00:19:25 +0800] "POST /co/nfig/AspCms_Config.asp HTTP/1.0" 405 24993 "http://www.114huoche.com/lian.asp" "Mozilla/4.0 (compatible; MSIE 9.0; Windows NT 6.1)"
23.245.54.218 - - [07/Sep/2018:00:19:25 +0800] "POST /co/nfig/AspCms_Config.asp HTTP/1.0" 405 24993 "http://www.114huoche.com/lian.asp" "Mozilla/4.0 (compatible; MSIE 9.0; Windows NT 6.1)"
23.245.54.218 - - [07/Sep/2018:00:19:25 +0800] "POST /co/nfiga.asp HTTP/1.0" 405 24993 "http://www.114huoche.com/lian.asp" "Mozilla/4.0 (compatible; MSIE 9.0; Windows NT 6.1)"
23.245.54.218 - - [07/Sep/2018:00:19:25 +0800] "POST /co/nn.asp?id=520 HTTP/1.0" 405 24993 "http://www.114huoche.com/lian.asp" "Mozilla/4.0 (compatible; MSIE 9.0; Windows NT 6.1)"
23.245.54.218 - - [07/Sep/2018:00:19:26 +0800] "POST /co/on.asp HTTP/1.0" 405 24993 "http://www.114huoche.com/lian.asp" "Mozilla/4.0 (compatible; MSIE 9.0; Windows NT 6.1)"
23.245.54.218 - - [07/Sep/2018:00:19:26 +0800] "POST /co/rt/cc/wo.asp HTTP/1.0" 404 24969 "http://www.114huoche.com/lian.asp" "Mozilla/4.0 (compatible; MSIE 9.0; Windows NT 6.1)"
107.183.158.127 - - [07/Sep/2018:00:19:39 +0800] "GET /shanghai/KangXinGongLu-ZhangHuaBang/ HTTP/1.0" 200 77949 "-" "Mozilla/5.0 (compatible; SemrushBot/2~bl; +http://www.semrush.com/bot.html)"
107.183.158.127 - - [07/Sep/2018:00:19:52 +0800] "GET /shanghai/NenJiangLu-WuWeiDongLu/ HTTP/1.0" 500 45453 "http://ditie.114huoche.com/shanghai/NenJiangLu-WuWeiDongLu/" "Mozilla/5.0(compatible;MSIE9.0;WindowsNT6.1;Trident/5.0)"
107.183.158.127 - - [07/Sep/2018:00:19:54 +0800] "GET /shenzhen/LongJing-GongMingNan/ HTTP/1.0" 500 45465 "http://ditie.114huoche.com/shenzhen/LongJing-GongMingNan/" "Mozilla/5.0(compatible;MSIE9.0;WindowsNT6.1;Trident/5.0)"
107.183.158.127 - - [07/Sep/2018:00:19:55 +0800] "GET /shanghai/HongShenLu-JinHaiHu/ HTTP/1.0" 500 45448 "http://ditie.114huoche.com/shanghai/HongShenLu-JinHaiHu/" "Mozilla/5.0(compatible;MSIE9.0;WindowsNT6.1;Trident/5.0)"
107.183.158.127 - - [07/Sep/2018:00:19:55 +0800] "GET /shenzhen/DiSanYiYuan-TingHaiLu/ HTTP/1.0" 500 45482 "http://ditie.114huoche.com/shenzhen/DiSanYiYuan-TingHaiLu/" "Mozilla/5.0(compatible;MSIE9.0;WindowsNT6.1;Trident/5.0)"
107.183.158.127 - - [07/Sep/2018:00:19:55 +0800] "GET /shenzhen/TieLuGongYuan-ShenDaNan/ HTTP/1.0" 200 78182 "http://ditie.114huoche.com/shenzhen/TieLuGongYuan-ShenDaNan/" "Mozilla/5.0(compatible;MSIE9.0;WindowsNT6.1;Trident/5.0)"
23.245.54.218 - - [07/Sep/2018:00:20:11 +0800] "GET /co/py255 HTTP/1.0" 200 77809 "-" "Mozilla/5.0 (Windows NT 6.2; WOW64) AppleWebKit/537.36 (KHTML, like Gecko) Chrome/35.0.1916.153 Safari/537.36"
107.183.158.127 - - [07/Sep/2018:00:20:58 +0800] "GET /shijiazhuang/TianShanDaJie-ShuiShangGongYuan/ HTTP/1.0" 200 77754 "-" "Sogou web spider/4.0(+http://www.sogou.com/docs/help/webmasters.htm#07)"
23.245.54.218 - - [07/Sep/2018:00:21:08 +0800] "GET /co/LUn3xly/data/attachment/forum/201304/26/155512lyjzoyzzmfnnpyoo.jpg.thumb.jpg HTTP/1.0" 404 564 "http://www.114huoche.com/coLUn3xly/qdd4r.html" "Mozilla/5.0 (Windows NT 5.1) AppleWebKit/534.30 (KHTML, like Gecko) Chrome/12.0.742.122 Safari/534.30"
23.245.54.218 - - [07/Sep/2018:00:21:08 +0800] "GET /co/LUn3xly/data/attachment/forum/201304/26/155512lyjzoyzzmfnnpyoo.jpg.thumb.jpg HTTP/1.0" 404 564 "http://www.114huoche.com/coLUn3xly/qdd4r.html" "Mozilla/5.0 (Windows NT 5.1) AppleWebKit/534.30 (KHTML, like Gecko) Chrome/12.0.742.122 Safari/534.30"
23.245.54.218 - - [07/Sep/2018:00:21:12 +0800] "GET /co/LUn3xly/data/attachment/forum/201304/26/155512lyjzoyzzmfnnpyoo.jpg.thumb.jpg HTTP/1.0" 404 564 "http://www.114huoche.com/coLUn3xly/qdd4r.html" "Mozilla/5.0 (Windows NT 5.1) AppleWebKit/534.30 (KHTML, like Gecko) Chrome/12.0.742.122 Safari/534.30"
107.183.158.127 - - [07/Sep/2018:00:21:18 +0800] "GET /shijiazhuang/HouJiaZhuang-WuXingHuaYuan/ HTTP/1.0" 200 78346 "-" "Sogou web spider/4.0(+http://www.sogou.com/docs/help/webmasters.htm#07)"
107.183.158.127 - - [07/Sep/2018:00:21:24 +0800] "GET /shanghai/ChangJiDongLu-RenMinGuangChang/ HTTP/1.0" 200 78115 "-" "Mozilla/5.0 (compatible; SemrushBot/2~bl; +http://www.semrush.com/bot.html)"
107.183.158.127 - - [07/Sep/2018:00:21:28 +0800] "GET /shenzhen/GuanTian-DaBuTou/ HTTP/1.0" 200 77857 "-" "Sogou web spider/4.0(+http://www.sogou.com/docs/help/webmasters.htm#07)"
107.183.158.127 - - [07/Sep/2018:00:21:51 +0800] "GET /shenzhen/BiLan-FuBao/ HTTP/1.0" 500 45312 "http://ditie.114huoche.com/shenzhen/BiLan-FuBao/" "Mozilla/5.0(compatible;MSIE9.0;WindowsNT6.1;Trident/5.0)"
107.183.158.127 - - [07/Sep/2018:00:21:53 +0800] "GET /shanghai/GuiLinLu-CaoLu/ HTTP/1.0" 200 78279 "http://ditie.114huoche.com/shanghai/GuiLinLu-CaoLu/" "Mozilla/5.0(compatible;MSIE9.0;WindowsNT6.1;Trident/5.0)"
107.183.158.127 - - [07/Sep/2018:00:22:19 +0800] "GET /shenzhen/ShenDaNan-XiaoMeiSha/ HTTP/1.0" 200 77561 "-" "Mozilla/5.0 (compatible; SemrushBot/2~bl; +http://www.semrush.com/bot.html)"
107.183.158.127 - - [07/Sep/2018:00:22:24 +0800] "GET /shanghai/ZhaoGaoGongLu-MiaoJingLu/ HTTP/1.0" 200 77845 "-" "Sogou web spider/4.0(+http://www.sogou.com/docs/help/webmasters.htm#07)"
23.245.54.218 - - [07/Sep/2018:00:22:27 +0800] "GET /co/9wikb/89294.html HTTP/1.0" 200 77886 "http://www.baidu.com" "Mozilla/4.0 (compatible; MSIE 9.0; Windows NT 6.1)"
23.245.54.218 - - [07/Sep/2018:00:22:44 +0800] "GET /co/tb1/ HTTP/1.0" 200 78596 "-" "Mozilla/5.0 (compatible; DotBot/1.1; http://www.opensiteexplorer.org/dotbot, help@moz.com)"
107.183.158.127 - - [07/Sep/2018:00:23:18 +0800] "GET /shanghai/YouYiXiLu-ZhangJiangGaoKe/ HTTP/1.0" 200 78797 "-" "Sogou web spider/4.0(+http://www.sogou.com/docs/help/webmasters.htm#07)"
107.183.158.127 - - [07/Sep/2018:00:23:23 +0800] "GET /shenzhen/DiSanYiYuan-MinYue/ HTTP/1.0" 200 77872 "-" "Mozilla/5.0 (compatible; SemrushBot/2~bl; +http://www.semrush.com/bot.html)"
107.183.158.127 - - [07/Sep/2018:00:23:25 +0800] "GET /shenzhen/BiTou-LianTangKouAn/ HTTP/1.0" 200 78614 "-" "Sogou web spider/4.0(+http://www.sogou.com/docs/help/webmasters.htm#07)"
107.183.158.127 - - [07/Sep/2018:00:23:38 +0800] "GET /shenzhen/YangMei-YiJing/ HTTP/1.0" 200 78299 "-" "Sogou web spider/4.0(+http://www.sogou.com/docs/help/webmasters.htm#07)"
107.183.158.127 - - [07/Sep/2018:00:23:53 +0800] "GET /shanghai/TangHuangLu-WuSongGuoJiYouLunGang/ HTTP/1.0" 500 45640 "http://ditie.114huoche.com/shanghai/TangHuangLu-WuSongGuoJiYouLunGang/" "Mozilla/5.0(compatible;MSIE9.0;WindowsNT6.1;Trident/5.0)"
107.183.158.127 - - [07/Sep/2018:00:23:54 +0800] "GET /shanghai/HuangXingGongYuan-CaoYangLu/ HTTP/1.0" 200 78230 "http://ditie.114huoche.com/shanghai/HuangXingGongYuan-CaoYangLu/" "Mozilla/5.0(compatible;MSIE9.0;WindowsNT6.1;Trident/5.0)"
107.183.158.127 - - [07/Sep/2018:00:23:54 +0800] "GET /shenzhen/DongBinXi-CaoPu/ HTTP/1.0" 500 45380 "http://ditie.114huoche.com/shenzhen/DongBinXi-CaoPu/" "Mozilla/5.0(compatible;MSIE9.0;WindowsNT6.1;Trident/5.0)"
107.183.158.127 - - [07/Sep/2018:00:23:55 +0800] "GET /shanghai/YinGaoXiLu-BaiSeLu/ HTTP/1.0" 500 45431 "http://ditie.114huoche.com/shanghai/YinGaoXiLu-BaiSeLu/" "Mozilla/5.0(compatible;MSIE9.0;WindowsNT6.1;Trident/5.0)"
107.183.158.127 - - [07/Sep/2018:00:23:56 +0800] "GET /shanghai/HangJinLu-MeiLanHu/ HTTP/1.0" 200 77825 "-" "Sogou web spider/4.0(+http://www.sogou.com/docs/help/webmasters.htm#07)"
107.183.158.127 - - [07/Sep/2018:00:24:35 +0800] "GET /shanghai/LongBaiXinCun-YiShanLu/ HTTP/1.0" 200 77914 "-" "Sogou web spider/4.0(+http://www.sogou.com/docs/help/webmasters.htm#07)"
107.183.158.127 - - [07/Sep/2018:00:25:02 +0800] "GET /shanghai/HuangXingGongYuan-MinHangKaiFaQu/ HTTP/1.0" 500 45669 "-" "Mozilla/5.0 (compatible; SemrushBot/2~bl; +http://www.semrush.com/bot.html)"
107.183.158.127 - - [07/Sep/2018:00:25:03 +0800] "GET /shenzhen/DanZhuTou-LianTangDong/ HTTP/1.0" 200 78097 "-" "Sogou web spider/4.0(+http://www.sogou.com/docs/help/webmasters.htm#07)"
23.245.54.218 - - [07/Sep/2018:00:25:15 +0800] "GET /co/py255 HTTP/1.0" 200 77809 "-" "Mozilla/5.0 (compatible; Baiduspider/2.0; +http://www.baidu.com/search/spider.html)"
107.183.158.127 - - [07/Sep/2018:00:25:16 +0800] "GET /shanghai/HongQiaoShangWuQu-ZhaoJiaBangLu/ HTTP/1.0" 200 77532 "-" "Sogou web spider/4.0(+http://www.sogou.com/docs/help/webmasters.htm#07)"
107.183.158.127 - - [07/Sep/2018:00:25:38 +0800] "GET /shenzhen/MinZhi-GangTou/ HTTP/1.0" 200 77697 "-" "Mozilla/5.0 (compatible; SemrushBot/2~bl; +http://www.semrush.com/bot.html)"
107.183.158.127 - - [07/Sep/2018:00:25:41 +0800] "GET /shenzhen/BanTianBei-BaoAnKeYunZhongXin/ HTTP/1.0" 200 78059 "-" "Sogou web spider/4.0(+http://www.sogou.com/docs/help/webmasters.htm#07)"
107.183.158.127 - - [07/Sep/2018:00:25:43 +0800] "GET /shanghai/JiangPuLu-ChiFengLu/ HTTP/1.0" 500 45448 "-" "Mozilla/5.0 (compatible; SemrushBot/2~bl; +http://www.semrush.com/bot.html)"
107.183.158.127 - - [07/Sep/2018:00:25:44 +0800] "GET /shijiazhuang/NanWei-TaTanNan/ HTTP/1.0" 200 78260 "-" "Sogou web spider/4.0(+http://www.sogou.com/docs/help/webmasters.htm#07)"
107.183.158.127 - - [07/Sep/2018:00:25:48 +0800] "GET /shanghai/GuoHeLu-LuoXiuLu/ HTTP/1.0" 200 77786 "-" "Sogou web spider/4.0(+http://www.sogou.com/docs/help/webmasters.htm#07)"
23.245.54.218 - - [07/Sep/2018:00:25:52 +0800] "POST /co/nfig/AspCms_Config.asp HTTP/1.0" 405 24993 "http://www.114huoche.com/SqlIn.asp" "Mozilla/4.0 (compatible; MSIE 9.0; Windows NT 6.1)"
23.245.54.218 - - [07/Sep/2018:00:25:55 +0800] "POST /co/nfig/AspCms_Config.asp HTTP/1.0" 405 24993 "http://www.114huoche.com/SqlIn.asp" "Mozilla/4.0 (compatible; MSIE 9.0; Windows NT 6.1)"
107.183.158.127 - - [07/Sep/2018:00:25:57 +0800] "GET /shanghai/JiuTing-GongKangLu/ HTTP/1.0" 200 78215 "-" "Sogou web spider/4.0(+http://www.sogou.com/docs/help/webmasters.htm#07)"
23.245.54.218 - - [07/Sep/2018:00:25:57 +0800] "POST /co/nn1.asp HTTP/1.0" 405 24993 "http://www.114huoche.com/SqlIn.asp" "Mozilla/4.0 (compatible; MSIE 9.0; Windows NT 6.1)"
23.245.54.218 - - [07/Sep/2018:00:25:58 +0800] "GET /co/py255 HTTP/1.0" 200 77809 "-" "Mozilla/5.0 (Macintosh; Intel Mac OS X 10_13_6) AppleWebKit/537.36 (KHTML, like Gecko) Chrome/68.0.3440.106 Safari/537.36"
23.245.54.218 - - [07/Sep/2018:00:25:58 +0800] "POST /co/ncon.asp HTTP/1.0" 405 24993 "http://www.114huoche.com/SqlIn.asp" "Mozilla/4.0 (compatible; MSIE 9.0; Windows NT 6.1)"
23.245.54.218 - - [07/Sep/2018:00:26:05 +0800] "GET /co/265w9/57743.html HTTP/1.0" 200 79030 "http://www.baidu.com" "Mozilla/4.0 (compatible; MSIE 9.0; Windows NT 6.1)"
107.183.158.127 - - [07/Sep/2018:00:26:06 +0800] "GET /shanghai/FuJinLu-ZhongHuaYiShuGong/ HTTP/1.0" 200 79009 "-" "Sogou web spider/4.0(+http://www.sogou.com/docs/help/webmasters.htm#07)"
107.183.158.127 - - [07/Sep/2018:00:26:08 +0800] "GET /shijiazhuang/BiShuiLanWan-LuoJiaZhuangNan/ HTTP/1.0" 200 78557 "-" "Sogou web spider/4.0(+http://www.sogou.com/docs/help/webmasters.htm#07)"
107.183.158.127 - - [07/Sep/2018:00:26:25 +0800] "GET /shanghai/QiAnLu-TianShanLu/ HTTP/1.0" 200 78161 "-" "Sogou web spider/4.0(+http://www.sogou.com/docs/help/webmasters.htm#07)"
107.183.158.127 - - [07/Sep/2018:00:26:28 +0800] "GET /shijiazhuang/TuXianZhuang-SanJiaoTang/ HTTP/1.0" 200 77955 "-" "Sogou web spider/4.0(+http://www.sogou.com/docs/help/webmasters.htm#07)"
107.183.158.127 - - [07/Sep/2018:00:26:36 +0800] "GET /shenzhen/JinHuDao-ShiMinZhongXin/ HTTP/1.0" 200 79077 "http://ditie.114huoche.com/shenzhen/JinHuDao-ShiMinZhongXin/" "Mozilla/5.0(compatible;MSIE9.0;WindowsNT6.1;Trident/5.0)"
107.183.158.127 - - [07/Sep/2018:00:26:51 +0800] "GET /shanghai/QuFuLu-ChangZhongLu/ HTTP/1.0" 200 78326 "-" "Sogou web spider/4.0(+http://www.sogou.com/docs/help/webmasters.htm#07)"
23.245.54.218 - - [07/Sep/2018:00:27:04 +0800] "GET /co/WSrcmju/ HTTP/1.0" 200 75803 "-" "Mozilla/5.0 (compatible; DotBot/1.1; http://www.opensiteexplorer.org/dotbot, help@moz.com)"
107.183.158.127 - - [07/Sep/2018:00:27:04 +0800] "GET /shanghai/TieLiLu-YangGaoZhongLu/ HTTP/1.0" 200 78152 "-" "Sogou web spider/4.0(+http://www.sogou.com/docs/help/webmasters.htm#07)"
107.183.158.127 - - [07/Sep/2018:00:27:19 +0800] "GET /shenzhen/TianBanTou-ShiJieZhiChuang/ HTTP/1.0" 200 77665 "-" "Sogou web spider/4.0(+http://www.sogou.com/docs/help/webmasters.htm#07)"
107.183.158.127 - - [07/Sep/2018:00:27:32 +0800] "GET /shenzhen/QianBao-TianBei/ HTTP/1.0" 200 78035 "-" "Sogou web spider/4.0(+http://www.sogou.com/docs/help/webmasters.htm#07)"
107.183.158.127 - - [07/Sep/2018:00:27:43 +0800] "GET /shijiazhuang/DongYang-DongWang/ HTTP/1.0" 500 45436 "-" "Sogou web spider/4.0(+http://www.sogou.com/docs/help/webmasters.htm#07)"
23.245.54.218 - - [07/Sep/2018:00:27:44 +0800] "GET /co/WSqfkwf/ HTTP/1.0" 200 76007 "-" "Mozilla/5.0 (compatible; DotBot/1.1; http://www.opensiteexplorer.org/dotbot, help@moz.com)"
107.183.158.127 - - [07/Sep/2018:00:27:45 +0800] "GET /shenzhen/DengLiang-DiSanYiYuan/ HTTP/1.0" 200 77475 "-" "Sogou web spider/4.0(+http://www.sogou.com/docs/help/webmasters.htm#07)"
23.245.54.218 - - [07/Sep/2018:00:27:48 +0800] "GET /co/WSqw0e5/ HTTP/1.0" 200 76379 "-" "Mozilla/5.0 (compatible; DotBot/1.1; http://www.opensiteexplorer.org/dotbot, help@moz.com)"
107.183.158.127 - - [07/Sep/2018:00:27:50 +0800] "GET /shanghai/XiuYanLu-LuoXiuLu/ HTTP/1.0" 200 77983 "-" "Sogou web spider/4.0(+http://www.sogou.com/docs/help/webmasters.htm#07)"
107.183.158.127 - - [07/Sep/2018:00:28:05 +0800] "GET /shanghai/GuYiYuan-SiChuanBeiLu/ HTTP/1.0" 200 78400 "-" "Mozilla/5.0 (compatible; SemrushBot/2~bl; +http://www.semrush.com/bot.html)"
107.183.158.127 - - [07/Sep/2018:00:28:19 +0800] "GET /shenzhen/XiangMiHu-GaoQiao/ HTTP/1.0" 500 45368 "http://ditie.114huoche.com/shenzhen/XiangMiHu-GaoQiao/" "Mozilla/5.0(compatible;MSIE9.0;WindowsNT6.1;Trident/5.0)"
107.183.158.127 - - [07/Sep/2018:00:28:19 +0800] "GET /shenzhen/MeiCun-QingHuBei/ HTTP/1.0" 500 45351 "http://ditie.114huoche.com/shenzhen/MeiCun-QingHuBei/" "Mozilla/5.0(compatible;MSIE9.0;WindowsNT6.1;Trident/5.0)"
107.183.158.127 - - [07/Sep/2018:00:28:20 +0800] "GET /shenzhen/GuanTian-WanXia/ HTTP/1.0" 500 45380 "http://ditie.114huoche.com/shenzhen/GuanTian-WanXia/" "Mozilla/5.0(compatible;MSIE9.0;WindowsNT6.1;Trident/5.0)"
107.183.158.127 - - [07/Sep/2018:00:28:21 +0800] "GET /shanghai/ChangShuLu-YanYuLu/ HTTP/1.0" 200 77698 "http://ditie.114huoche.com/shanghai/ChangShuLu-YanYuLu/" "Mozilla/5.0(compatible;MSIE9.0;WindowsNT6.1;Trident/5.0)"
107.183.158.127 - - [07/Sep/2018:00:29:18 +0800] "GET /shanghai/LanCunLu-BeiQiao/ HTTP/1.0" 200 77566 "-" "Mozilla/5.0 (compatible; SemrushBot/2~bl; +http://www.semrush.com/bot.html)"
107.183.158.127 - - [07/Sep/2018:00:29:25 +0800] "GET /shanghai/TongJiDaXue-HengShanLu/ HTTP/1.0" 200 78037 "-" "Sogou web spider/4.0(+http://www.sogou.com/docs/help/webmasters.htm#07)"
23.245.54.218 - - [07/Sep/2018:00:29:28 +0800] "GET /co/WS3985/ HTTP/1.0" 200 75425 "-" "Mozilla/5.0 (compatible; DotBot/1.1; http://www.opensiteexplorer.org/dotbot, help@moz.com)"
23.245.54.218 - - [07/Sep/2018:00:29:31 +0800] "GET /co/WSs9op/ HTTP/1.0" 200 75718 "-" "Mozilla/5.0 (compatible; DotBot/1.1; http://www.opensiteexplorer.org/dotbot, help@moz.com)"
107.183.158.127 - - [07/Sep/2018:00:29:43 +0800] "GET /shanghai/JiaYiLu-YuanShenTiYuZhongXin/ HTTP/1.0" 500 45601 "-" "Sogou web spider/4.0(+http://www.sogou.com/docs/help/webmasters.htm#07)"
107.183.158.127 - - [07/Sep/2018:00:29:45 +0800] "GET /shanghai/GuCunGongYuan-HuiNanDong/ HTTP/1.0" 200 78935 "-" "Sogou web spider/4.0(+http://www.sogou.com/docs/help/webmasters.htm#07)"
23.245.54.218 - - [07/Sep/2018:00:29:47 +0800] "GET /co/9wb1g/71116.html HTTP/1.0" 200 77848 "http://www.baidu.com" "Mozilla/4.0 (compatible; MSIE 9.0; Windows NT 6.1)"
107.183.158.127 - - [07/Sep/2018:00:30:05 +0800] "GET /shenzhen/LongXiangDaDao-LinHai/ HTTP/1.0" 200 78361 "-" "Sogou web spider/4.0(+http://www.sogou.com/docs/help/webmasters.htm#07)"
23.245.54.218 - - [07/Sep/2018:00:30:07 +0800] "GET /co/WSsud/ HTTP/1.0" 200 76326 "-" "Mozilla/5.0 (compatible; Googlebot/2.1; +http://www.google.com/bot.html)"
107.183.158.127 - - [07/Sep/2018:00:30:11 +0800] "GET /shanghai/DongJing-ShuiChengLu/ HTTP/1.0" 200 77966 "-" "Sogou web spider/4.0(+http://www.sogou.com/docs/help/webmasters.htm#07)"
107.183.158.127 - - [07/Sep/2018:00:30:29 +0800] "GET /shenzhen/QiaoXiang-XiaMeiLin/ HTTP/1.0" 500 45393 "http://ditie.114huoche.com/shenzhen/QiaoXiang-XiaMeiLin/" "Mozilla/5.0(compatible;MSIE9.0;WindowsNT6.1;Trident/5.0)"
107.183.158.127 - - [07/Sep/2018:00:30:29 +0800] "GET /shenzhen/MeiLongBei-TangLang/ HTTP/1.0" 500 45402 "http://ditie.114huoche.com/shenzhen/MeiLongBei-TangLang/" "Mozilla/5.0(compatible;MSIE9.0;WindowsNT6.1;Trident/5.0)"
107.183.158.127 - - [07/Sep/2018:00:30:31 +0800] "GET /shanghai/TieLiLu-LongYangLu/ HTTP/1.0" 500 45385 "-" "Sogou web spider/4.0(+http://www.sogou.com/docs/help/webmasters.htm#07)"
107.183.158.127 - - [07/Sep/2018:00:30:31 +0800] "GET /shanghai/YunJinLu-ZhongXingLu/ HTTP/1.0" 200 78067 "http://ditie.114huoche.com/shanghai/YunJinLu-ZhongXingLu/" "Mozilla/5.0(compatible;MSIE9.0;WindowsNT6.1;Trident/5.0)"
107.183.158.127 - - [07/Sep/2018:00:31:11 +0800] "GET /shanghai/DongLanLu-ChuanChangLu/ HTTP/1.0" 200 78372 "-" "Mozilla/5.0 (compatible; SemrushBot/2~bl; +http://www.semrush.com/bot.html)"
107.183.158.127 - - [07/Sep/2018:00:31:14 +0800] "GET /shanghai/YingChunLu-ChangJiangNanLu/ HTTP/1.0" 200 77913 "-" "Sogou web spider/4.0(+http://www.sogou.com/docs/help/webmasters.htm#07)"
107.183.158.127 - - [07/Sep/2018:00:31:22 +0800] "GET /shenzhen/XiaCun-NiGang/ HTTP/1.0" 200 78499 "-" "Sogou web spider/4.0(+http://www.sogou.com/docs/help/webmasters.htm#07)"
23.245.54.218 - - [07/Sep/2018:00:31:39 +0800] "GET /co/py256.alexareport.cn/%0A HTTP/1.0" 200 78089 "-" "Mozilla/5.0 (Macintosh; Intel Mac OS X 10_13_6) AppleWebKit/537.36 (KHTML, like Gecko) Chrome/68.0.3440.106 Safari/537.36"
107.183.158.127 - - [07/Sep/2018:00:31:49 +0800] "GET /shanghai/ShangHaiDaXue-DianShanHuDaDao/ HTTP/1.0" 200 78239 "-" "Sogou web spider/4.0(+http://www.sogou.com/docs/help/webmasters.htm#07)"
107.183.158.127 - - [07/Sep/2018:00:32:16 +0800] "GET /shanghai/YiLiLu-ShuiChengLu/ HTTP/1.0" 200 78074 "-" "Sogou web spider/4.0(+http://www.sogou.com/docs/help/webmasters.htm#07)"
107.183.158.127 - - [07/Sep/2018:00:32:26 +0800] "GET /shenzhen/BaoShiLu-NanYou/ HTTP/1.0" 200 77829 "-" "Mozilla/5.0 (compatible; SemrushBot/2~bl; +http://www.semrush.com/bot.html)"
107.183.158.127 - - [07/Sep/2018:00:32:29 +0800] "GET /shanghai/NenJiangLu-LongDeLu/ HTTP/1.0" 200 78551 "-" "Sogou web spider/4.0(+http://www.sogou.com/docs/help/webmasters.htm#07)"
107.183.158.127 - - [07/Sep/2018:00:32:40 +0800] "GET /shanghai/z_XiCangBeiLu/ HTTP/1.0" 200 78901 "-" "Sogou web spider/4.0(+http://www.sogou.com/docs/help/webmasters.htm#07)"
107.183.158.127 - - [07/Sep/2018:00:32:49 +0800] "GET /shijiazhuang/LuQuanYiZhong-WuXingHuaYuan/ HTTP/1.0" 200 77535 "http://ditie.114huoche.com/shijiazhuang/LuQuanYiZhong-WuXingHuaYuan/" "Mozilla/5.0(compatible;MSIE9.0;WindowsNT6.1;Trident/5.0)"
23.245.54.218 - - [07/Sep/2018:00:32:53 +0800] "GET /co/py256 HTTP/1.0" 200 78613 "-" "Mozilla/5.0 (Windows NT 6.2; WOW64) AppleWebKit/537.36 (KHTML, like Gecko) Chrome/35.0.1916.153 Safari/537.36"
23.245.54.218 - - [07/Sep/2018:00:32:55 +0800] "GET /co/GGqRj/393762.html HTTP/1.0" 200 118848 "-" "Mozilla/5.0 (compatible; DotBot/1.1; http://www.opensiteexplorer.org/dotbot, help@moz.com)"
107.183.158.127 - - [07/Sep/2018:00:32:55 +0800] "GET /shanghai/YaoHuaLu-JiuTing/ HTTP/1.0" 200 77885 "-" "Sogou web spider/4.0(+http://www.sogou.com/docs/help/webmasters.htm#07)"
23.245.54.218 - - [07/Sep/2018:00:33:02 +0800] "GET /co/pyudf/423151.html HTTP/1.0" 500 45434 "http://www.114huoche.com/copyudf/423151.html" "Mozilla/5.0 (Windows NT 6.1; WOW64) AppleWebKit/537.36 (KHTML, like Gecko) Chrome/50.0.2661.102 Safari/537.36"
23.245.54.218 - - [07/Sep/2018:00:33:02 +0800] "GET /co/pygse/374185.html HTTP/1.0" 500 45434 "http://www.114huoche.com/copygse/374185.html" "Mozilla/5.0 (Windows NT 6.1; WOW64) AppleWebKit/537.36 (KHTML, like Gecko) Chrome/45.0.2454.101 Safari/537.36"
