23.245.54.218 - - [07/Sep/2018:01:49:09 +0800] "GET /co/pyxyi/ HTTP/1.0" 500 45051 "http://www.114huoche.com/copyxyi/" "Mozilla/5.0 (Windows NT 6.1; WOW64) AppleWebKit/537.36 (KHTML, like Gecko) Chrome/45.0.2454.101 Safari/537.36"
23.245.54.218 - - [07/Sep/2018:01:49:09 +0800] "GET /co/pyjix/462587.html HTTP/1.0" 500 45434 "http://www.114huoche.com/copyjix/462587.html" "Mozilla/5.0 (Windows NT 6.1; WOW64) AppleWebKit/537.36 (KHTML, like Gecko) Chrome/50.0.2661.102 Safari/537.36"
23.245.54.218 - - [07/Sep/2018:01:49:09 +0800] "GET /co/py/381351.html HTTP/1.0" 500 45383 "http://www.114huoche.com/copy/381351.html" "Mozilla/5.0 (Windows NT 6.1; rv,2.0.1) Gecko/20100101 Firefox/4.0.1"
107.183.158.127 - - [07/Sep/2018:01:49:09 +0800] "GET /shenzhen/ShenZhenBeiZhan-ZhuZiLin/ HTTP/1.0" 200 78522 "-" "Mozilla/5.0 (Linux;u;Android 4.2.2;zh-cn;) AppleWebKit/534.46 (KHTML,like Gecko) Version/5.1 Mobile Safari/10600.6.3 (compatible; Baiduspider/2.0; +http://www.baidu.com/search/spider.html)"
107.183.158.127 - - [07/Sep/2018:01:49:10 +0800] "GET /shenzhen/LuoHu-QiaoTou/ HTTP/1.0" 200 78221 "-" "Mozilla/5.0 (Linux;u;Android 4.2.2;zh-cn;) AppleWebKit/534.46 (KHTML,like Gecko) Version/5.1 Mobile Safari/10600.6.3 (compatible; Baiduspider/2.0; +http://www.baidu.com/search/spider.html)"
23.245.54.218 - - [07/Sep/2018:01:49:10 +0800] "GET /co/th2015-07-28/9308956372.html HTTP/1.0" 200 77973 "-" "YisouSpider"
23.245.54.218 - - [07/Sep/2018:01:49:12 +0800] "GET /co/pysnp/374587.html HTTP/1.0" 500 45480 "http://www.114huoche.com/copysnp/374587.html" "Mozilla/5.0 (Windows NT 6.1; WOW64) AppleWebKit/537.36 (KHTML, like Gecko) Chrome/45.0.2454.101 Safari/537.36"
23.245.54.218 - - [07/Sep/2018:01:49:12 +0800] "GET /co/HD69us0/ HTTP/1.0" 200 76108 "http://www.114huoche.com/coHD69us0/" "Mozilla/5.0 (Windows NT 6.1; WOW64) AppleWebKit/537.36 (KHTML, like Gecko) Chrome/52.0.2743.116 Safari/537.36"
23.245.54.218 - - [07/Sep/2018:01:49:12 +0800] "GET /co/pyeux/ HTTP/1.0" 500 45062 "http://www.114huoche.com/copyeux/" "Mozilla/5.0 (compatible; MSIE 9.0; Windows NT 6.1; Trident/5.0)"
23.245.54.218 - - [07/Sep/2018:01:49:12 +0800] "GET /co/py/171431.html HTTP/1.0" 200 77844 "http://www.114huoche.com/copy/171431.html" "Mozilla/5.0 (Windows NT 6.1; WOW64) AppleWebKit/537.36 (KHTML, like Gecko) Chrome/50.0.2661.102 Safari/537.36"
23.245.54.218 - - [07/Sep/2018:01:49:13 +0800] "GET /co/py/758713.html HTTP/1.0" 500 45383 "http://www.114huoche.com/copy/758713.html" "Mozilla/5.0 (Windows NT 6.1; rv,2.0.1) Gecko/20100101 Firefox/4.0.1"
23.245.54.218 - - [07/Sep/2018:01:49:14 +0800] "GET /co/pypph/ HTTP/1.0" 500 45108 "http://www.114huoche.com/copypph/" "Mozilla/5.0 (Windows NT 6.1; WOW64) AppleWebKit/537.36 (KHTML, like Gecko) Chrome/45.0.2454.101 Safari/537.36"
107.183.158.127 - - [07/Sep/2018:01:49:14 +0800] "GET /shenzhen/HaiShangShiJie-DaXin/ HTTP/1.0" 200 78630 "-" "Mozilla/5.0 (Linux;u;Android 4.2.2;zh-cn;) AppleWebKit/534.46 (KHTML,like Gecko) Version/5.1 Mobile Safari/10600.6.3 (compatible; Baiduspider/2.0; +http://www.baidu.com/search/spider.html)"
23.245.54.218 - - [07/Sep/2018:01:49:16 +0800] "GET /co/pyfzh/ HTTP/1.0" 200 77177 "http://www.114huoche.com/copyfzh/" "Mozilla/5.0 (Windows NT 6.1; WOW64) AppleWebKit/537.36 (KHTML, like Gecko) Chrome/50.0.2661.102 Safari/537.36"
23.245.54.218 - - [07/Sep/2018:01:49:16 +0800] "GET /co/py/878954.html HTTP/1.0" 500 45383 "http://www.114huoche.com/copy/878954.html" "Mozilla/5.0 (compatible; MSIE 9.0; Windows NT 6.1; Trident/5.0)"
107.183.158.127 - - [07/Sep/2018:01:49:16 +0800] "GET /shenzhen/MeiJing-FuTianKouAn/ HTTP/1.0" 500 45448 "-" "Mozilla/5.0 (Linux;u;Android 4.2.2;zh-cn;) AppleWebKit/534.46 (KHTML,like Gecko) Version/5.1 Mobile Safari/10600.6.3 (compatible; Baiduspider/2.0; +http://www.baidu.com/search/spider.html)"
23.245.54.218 - - [07/Sep/2018:01:49:18 +0800] "GET /co/pyiyb/785173.html HTTP/1.0" 200 77312 "http://www.114huoche.com/copyiyb/785173.html" "Mozilla/5.0 (Windows NT 6.1; WOW64) AppleWebKit/537.36 (KHTML, like Gecko) Chrome/45.0.2454.101 Safari/537.36"
107.183.158.127 - - [07/Sep/2018:01:49:21 +0800] "GET /shanghai/MaDangLu-ZhuMeiLu/ HTTP/1.0" 200 78658 "-" "Mozilla/5.0 (compatible; SemrushBot/2~bl; +http://www.semrush.com/bot.html)"
23.245.54.218 - - [07/Sep/2018:01:49:24 +0800] "POST /co/nfig/AspCms_Config.asp HTTP/1.0" 405 24993 "http://www.114huoche.com/SqlIn.asp" "Mozilla/4.0 (compatible; MSIE 9.0; Windows NT 6.1)"
23.245.54.218 - - [07/Sep/2018:01:49:38 +0800] "POST /co/nfig/AspCms_Config.asp HTTP/1.0" 405 24993 "http://www.114huoche.com/SqlIn.asp" "Mozilla/4.0 (compatible; MSIE 9.0; Windows NT 6.1)"
107.183.158.127 - - [07/Sep/2018:01:49:41 +0800] "GET /shanghai/JiuTing-LingKongLu/ HTTP/1.0" 200 78218 "-" "Sogou web spider/4.0(+http://www.sogou.com/docs/help/webmasters.htm#07)"
23.245.54.218 - - [07/Sep/2018:01:49:53 +0800] "POST /co/nn1.asp HTTP/1.0" 405 24993 "http://www.114huoche.com/SqlIn.asp" "Mozilla/4.0 (compatible; MSIE 9.0; Windows NT 6.1)"
23.245.54.218 - - [07/Sep/2018:01:50:03 +0800] "POST /co/ncon.asp HTTP/1.0" 405 24993 "http://www.114huoche.com/SqlIn.asp" "Mozilla/4.0 (compatible; MSIE 9.0; Windows NT 6.1)"
107.183.158.127 - - [07/Sep/2018:01:50:08 +0800] "GET /shanghai/DongFangTiYuZhongXin-ChangShuLu/ HTTP/1.0" 200 77343 "-" "Mozilla/5.0 (compatible; SemrushBot/2~bl; +http://www.semrush.com/bot.html)"
107.183.158.127 - - [07/Sep/2018:01:50:13 +0800] "GET /shanghai/JingXiLu-XuYingLu/ HTTP/1.0" 200 77728 "-" "Mozilla/5.0 (compatible; SemrushBot/2~bl; +http://www.semrush.com/bot.html)"
23.245.54.218 - - [07/Sep/2018:01:50:20 +0800] "GET /co/py262.alexareport.cn/%0A HTTP/1.0" 200 78418 "-" "Mozilla/5.0 (Macintosh; Intel Mac OS X 10_13_6) AppleWebKit/537.36 (KHTML, like Gecko) Chrome/68.0.3440.106 Safari/537.36"
23.245.54.218 - - [07/Sep/2018:01:50:26 +0800] "GET /co/dgs7i/63318.html HTTP/1.0" 200 78558 "http://www.baidu.com" "Mozilla/4.0 (compatible; MSIE 9.0; Windows NT 6.1)"
107.183.158.127 - - [07/Sep/2018:01:50:28 +0800] "GET /shenzhen/ShangChuan-WenJin/ HTTP/1.0" 200 78603 "-" "Sogou web spider/4.0(+http://www.sogou.com/docs/help/webmasters.htm#07)"
107.183.158.127 - - [07/Sep/2018:01:50:38 +0800] "GET /shenzhen/LuDanCun-KuiYongXi/ HTTP/1.0" 200 77709 "-" "Mozilla/5.0 (compatible; SemrushBot/2~bl; +http://www.semrush.com/bot.html)"
107.183.158.127 - - [07/Sep/2018:01:50:47 +0800] "GET /shanghai/ZhuZhai-HuanDongLu/ HTTP/1.0" 500 45385 "http://ditie.114huoche.com/shanghai/ZhuZhai-HuanDongLu/" "Mozilla/5.0(compatible;MSIE9.0;WindowsNT6.1;Trident/5.0)"
107.183.158.127 - - [07/Sep/2018:01:50:47 +0800] "GET /shenzhen/XiaLiLang-DaYun/ HTTP/1.0" 500 45334 "http://ditie.114huoche.com/shenzhen/XiaLiLang-DaYun/" "Mozilla/5.0(compatible;MSIE9.0;WindowsNT6.1;Trident/5.0)"
107.183.158.127 - - [07/Sep/2018:01:50:47 +0800] "GET /shanghai/ShenZhuanGongLu-TaoPuXinCun/ HTTP/1.0" 500 45538 "http://ditie.114huoche.com/shanghai/ShenZhuanGongLu-TaoPuXinCun/" "Mozilla/5.0(compatible;MSIE9.0;WindowsNT6.1;Trident/5.0)"
107.183.158.127 - - [07/Sep/2018:01:50:49 +0800] "GET /shanghai/JiangSuLu-YinDuLu/ HTTP/1.0" 500 45414 "http://ditie.114huoche.com/shanghai/JiangSuLu-YinDuLu/" "Mozilla/5.0(compatible;MSIE9.0;WindowsNT6.1;Trident/5.0)"
107.183.158.127 - - [07/Sep/2018:01:50:50 +0800] "GET /shanghai/HuiZhenLu-SongJiangXinCheng/ HTTP/1.0" 500 45584 "http://ditie.114huoche.com/shanghai/HuiZhenLu-SongJiangXinCheng/" "Mozilla/5.0(compatible;MSIE9.0;WindowsNT6.1;Trident/5.0)"
107.183.158.127 - - [07/Sep/2018:01:50:51 +0800] "GET /shenzhen/BaiGeLong-KengZi/ HTTP/1.0" 200 77778 "-" "Sogou web spider/4.0(+http://www.sogou.com/docs/help/webmasters.htm#07)"
107.183.158.127 - - [07/Sep/2018:01:50:54 +0800] "GET /shenzhen/DaXueCheng-ChangZhen/ HTTP/1.0" 200 78058 "-" "Sogou web spider/4.0(+http://www.sogou.com/docs/help/webmasters.htm#07)"
107.183.158.127 - - [07/Sep/2018:01:50:58 +0800] "GET /shanghai/PanGuangLu-SongJiangTiYuZhongXin/ HTTP/1.0" 200 78175 "-" "Sogou web spider/4.0(+http://www.sogou.com/docs/help/webmasters.htm#07)"
23.245.54.218 - - [07/Sep/2018:01:51:04 +0800] "GET /co/ADyeb7/27128.html HTTP/1.0" 200 84872 "http://www.114huoche.com/coADyeb7/27128.html" "Mozilla/5.0 (Windows NT 6.1; WOW64) AppleWebKit/537.36 (KHTML, like Gecko) Chrome/50.0.2661.102 Safari/537.36"
23.245.54.218 - - [07/Sep/2018:01:51:05 +0800] "GET /co/pyrqx/526612.html HTTP/1.0" 500 45434 "http://www.114huoche.com/copyrqx/526612.html" "Mozilla/5.0 (Windows NT 6.1; WOW64) AppleWebKit/537.36 (KHTML, like Gecko) Chrome/45.0.2454.101 Safari/537.36"
23.245.54.218 - - [07/Sep/2018:01:51:05 +0800] "GET /co/py/299971.html HTTP/1.0" 200 78819 "http://www.114huoche.com/copy/299971.html" "Mozilla/5.0 (compatible; MSIE 9.0; Windows NT 6.1; Trident/5.0)"
23.245.54.218 - - [07/Sep/2018:01:51:06 +0800] "GET /co/ggJf2/578356.html HTTP/1.0" 200 78042 "http://www.114huoche.com/coggJf2/578356.html" "Mozilla/5.0 (Windows NT 6.1; WOW64) AppleWebKit/537.36 (KHTML, like Gecko) Chrome/50.0.2661.102 Safari/537.36"
23.245.54.218 - - [07/Sep/2018:01:51:06 +0800] "GET /co/HD497i9/163499.html HTTP/1.0" 200 76078 "http://www.114huoche.com/coHD497i9/163499.html" "Mozilla/5.0 (Windows NT 6.1; WOW64) AppleWebKit/537.36 (KHTML, like Gecko) Chrome/50.0.2661.102 Safari/537.36"
23.245.54.218 - - [07/Sep/2018:01:51:07 +0800] "GET /co/WSifw/449425.html HTTP/1.0" 200 75587 "http://www.114huoche.com/coWSifw/449425.html" "Mozilla/5.0 (Windows NT 6.1; WOW64) AppleWebKit/537.36 (KHTML, like Gecko) Chrome/45.0.2454.101 Safari/537.36"
23.245.54.218 - - [07/Sep/2018:01:51:08 +0800] "GET /co/AD19ei/8139/ HTTP/1.0" 200 85359 "http://www.114huoche.com/coAD19ei/8139/" "Mozilla/5.0 (Windows NT 6.1; rv,2.0.1) Gecko/20100101 Firefox/4.0.1"
23.245.54.218 - - [07/Sep/2018:01:51:09 +0800] "GET /co/pygmp/ HTTP/1.0" 500 45108 "http://www.114huoche.com/copygmp/" "Mozilla/5.0 (compatible; MSIE 9.0; Windows NT 6.1; Trident/5.0)"
23.245.54.218 - - [07/Sep/2018:01:51:10 +0800] "GET /co/pypae/442488.html HTTP/1.0" 500 45434 "http://www.114huoche.com/copypae/442488.html" "Mozilla/5.0 (compatible; MSIE 9.0; Windows NT 6.1; Trident/5.0)"
23.245.54.218 - - [07/Sep/2018:01:51:10 +0800] "GET /co/ggffekq/59.html HTTP/1.0" 500 45400 "http://www.114huoche.com/coggffekq/59.html" "Mozilla/5.0 (Windows NT 6.1; WOW64) AppleWebKit/537.36 (KHTML, like Gecko) Chrome/50.0.2661.102 Safari/537.36"
23.245.54.218 - - [07/Sep/2018:01:51:10 +0800] "GET /co/GGIU2/ HTTP/1.0" 200 125261 "http://www.114huoche.com/coGGIU2/" "Mozilla/5.0 (compatible; MSIE 9.0; Windows NT 6.1; Trident/5.0)"
23.245.54.218 - - [07/Sep/2018:01:51:10 +0800] "GET /co/GGkfh/635237.html HTTP/1.0" 200 119171 "http://www.114huoche.com/coGGkfh/635237.html" "Mozilla/5.0 (compatible; MSIE 9.0; Windows NT 6.1; Trident/5.0)"
23.245.54.218 - - [07/Sep/2018:01:51:10 +0800] "GET /co/GGBm5/894521.html HTTP/1.0" 200 122188 "http://www.114huoche.com/coGGBm5/894521.html" "Mozilla/5.0 (Windows NT 6.1; WOW64) AppleWebKit/537.36 (KHTML, like Gecko) Chrome/52.0.2743.116 Safari/537.36"
23.245.54.218 - - [07/Sep/2018:01:51:12 +0800] "GET /co/AD8h8q/9819.html HTTP/1.0" 200 84794 "http://www.114huoche.com/coAD8h8q/9819.html" "Mozilla/5.0 (Windows NT 6.1; WOW64) AppleWebKit/537.36 (KHTML, like Gecko) Chrome/45.0.2454.101 Safari/537.36"
23.245.54.218 - - [07/Sep/2018:01:51:13 +0800] "GET /co/py/483496.html HTTP/1.0" 500 45429 "http://www.114huoche.com/copy/483496.html" "Mozilla/5.0 (Windows NT 6.1; WOW64) AppleWebKit/537.36 (KHTML, like Gecko) Chrome/45.0.2454.101 Safari/537.36"
23.245.54.218 - - [07/Sep/2018:01:51:14 +0800] "GET /co/py/215455.html HTTP/1.0" 500 45429 "http://www.114huoche.com/copy/215455.html" "Mozilla/5.0 (Windows NT 6.1; rv,2.0.1) Gecko/20100101 Firefox/4.0.1"
23.245.54.218 - - [07/Sep/2018:01:51:14 +0800] "GET /co/py/625249.html HTTP/1.0" 500 45429 "http://www.114huoche.com/copy/625249.html" "Mozilla/5.0 (compatible; MSIE 9.0; Windows NT 6.1; Trident/5.0)"
23.245.54.218 - - [07/Sep/2018:01:51:14 +0800] "GET /co/py/455292.html HTTP/1.0" 200 77725 "http://www.114huoche.com/copy/455292.html" "Mozilla/5.0 (Windows NT 6.1; WOW64) AppleWebKit/537.36 (KHTML, like Gecko) Chrome/50.0.2661.102 Safari/537.36"
23.245.54.218 - - [07/Sep/2018:01:51:15 +0800] "POST /co/nfig/AspCms_Config.asp HTTP/1.0" 405 24993 "http://www.114huoche.com/config/AspCms_Config.asp" "Mozilla/4.0 (compatible; MSIE 9.0; Windows NT 6.1)"
23.245.54.218 - - [07/Sep/2018:01:51:26 +0800] "GET /co/py262 HTTP/1.0" 200 78692 "-" "Mozilla/5.0 (Windows NT 6.2; WOW64) AppleWebKit/537.36 (KHTML, like Gecko) Chrome/35.0.1916.153 Safari/537.36"
23.245.54.218 - - [07/Sep/2018:01:51:27 +0800] "POST /co/nfig/AspCms_Config.asp HTTP/1.0" 405 24993 "http://www.114huoche.com/config/AspCms_Config.asp" "Mozilla/4.0 (compatible; MSIE 9.0; Windows NT 6.1)"
23.245.54.218 - - [07/Sep/2018:01:51:28 +0800] "POST /co/nn1.asp HTTP/1.0" 405 24993 "http://www.114huoche.com/config/AspCms_Config.asp" "Mozilla/4.0 (compatible; MSIE 9.0; Windows NT 6.1)"
23.245.54.218 - - [07/Sep/2018:01:51:28 +0800] "POST /co/ncon.asp HTTP/1.0" 405 24993 "http://www.114huoche.com/config/AspCms_Config.asp" "Mozilla/4.0 (compatible; MSIE 9.0; Windows NT 6.1)"
107.183.158.127 - - [07/Sep/2018:01:51:53 +0800] "GET /shanghai/BeiXinJing-XiangHuangGongLu/ HTTP/1.0" 200 78377 "-" "Sogou web spider/4.0(+http://www.sogou.com/docs/help/webmasters.htm#07)"
107.183.158.127 - - [07/Sep/2018:01:52:04 +0800] "GET /shanghai/WuLianLu-JiangPuLu/ HTTP/1.0" 200 77753 "-" "Sogou web spider/4.0(+http://www.sogou.com/docs/help/webmasters.htm#07)"
107.183.158.127 - - [07/Sep/2018:01:52:07 +0800] "GET /shanghai/LinGangDaDao-WanYuanLu/ HTTP/1.0" 500 45453 "-" "Sogou web spider/4.0(+http://www.sogou.com/docs/help/webmasters.htm#07)"
107.183.158.127 - - [07/Sep/2018:01:52:09 +0800] "GET /shenzhen/DongBinLu-KuiYongWenHuaGuangChang/ HTTP/1.0" 200 77897 "-" "Mozilla/5.0 (compatible; SemrushBot/2~bl; +http://www.semrush.com/bot.html)"
23.245.54.218 - - [07/Sep/2018:01:52:09 +0800] "GET /co/py262 HTTP/1.0" 200 78692 "-" "Mozilla/5.0 (Windows NT 6.2; WOW64) AppleWebKit/537.36 (KHTML, like Gecko) Chrome/35.0.1916.153 Safari/537.36"
107.183.158.127 - - [07/Sep/2018:01:52:20 +0800] "GET /shanghai/WuLianLu-HangZhongLu/ HTTP/1.0" 200 78458 "-" "Sogou web spider/4.0(+http://www.sogou.com/docs/help/webmasters.htm#07)"
107.183.158.127 - - [07/Sep/2018:01:52:23 +0800] "GET /shanghai/GeBaiNiLu-JiangQiao/ HTTP/1.0" 200 78394 "-" "Sogou web spider/4.0(+http://www.sogou.com/docs/help/webmasters.htm#07)"
107.183.158.127 - - [07/Sep/2018:01:52:34 +0800] "GET /shenzhen/GaoXinQu-HuaiDe/ HTTP/1.0" 200 79071 "-" "Mozilla/5.0 (compatible; SemrushBot/2~bl; +http://www.semrush.com/bot.html)"
107.183.158.127 - - [07/Sep/2018:01:52:38 +0800] "GET /shanghai/YongDeLu-QiAnLu/ HTTP/1.0" 200 77595 "-" "Sogou web spider/4.0(+http://www.sogou.com/docs/help/webmasters.htm#07)"
107.183.158.127 - - [07/Sep/2018:01:53:15 +0800] "GET /shanghai/ShiLongLu-GuDaiLu/ HTTP/1.0" 200 77782 "-" "Sogou web spider/4.0(+http://www.sogou.com/docs/help/webmasters.htm#07)"
107.183.158.127 - - [07/Sep/2018:01:53:25 +0800] "GET /shanghai/LiuXiangGongLu-GuCunGongYuan/ HTTP/1.0" 200 77960 "-" "Mozilla/5.0 (compatible; SemrushBot/2~bl; +http://www.semrush.com/bot.html)"
107.183.158.127 - - [07/Sep/2018:01:54:01 +0800] "GET /shenzhen/GongMingZhongYingWenXueXiao-GouWuGongYuan/ HTTP/1.0" 200 78678 "-" "Sogou web spider/4.0(+http://www.sogou.com/docs/help/webmasters.htm#07)"
23.245.54.218 - - [07/Sep/2018:01:54:07 +0800] "GET /co/eqagl/07837.html HTTP/1.0" 200 78269 "http://www.baidu.com" "Mozilla/4.0 (compatible; MSIE 9.0; Windows NT 6.1)"
107.183.158.127 - - [07/Sep/2018:01:54:18 +0800] "GET /shenzhen/TiYuGuanXi-DongLian/ HTTP/1.0" 200 78003 "-" "Sogou web spider/4.0(+http://www.sogou.com/docs/help/webmasters.htm#07)"
23.245.54.218 - - [07/Sep/2018:01:54:26 +0800] "POST /co/nfig/AspCms_Config.asp HTTP/1.0" 405 24993 "http://www.114huoche.com//config/AspCms_Config.asp" "Mozilla/4.0 (compatible; MSIE 9.0; Windows NT 6.1)"
23.245.54.218 - - [07/Sep/2018:01:54:28 +0800] "POST /co/nfig/AspCms_Config.asp HTTP/1.0" 405 24993 "http://www.114huoche.com//config/AspCms_Config.asp" "Mozilla/4.0 (compatible; MSIE 9.0; Windows NT 6.1)"
107.183.158.127 - - [07/Sep/2018:01:54:39 +0800] "GET /shanghai/BeiCai-ShanXiNanLu/ HTTP/1.0" 200 78004 "-" "Sogou web spider/4.0(+http://www.sogou.com/docs/help/webmasters.htm#07)"
107.183.158.127 - - [07/Sep/2018:01:54:42 +0800] "GET /shanghai/JianChuanLu-MeiLingBeiLu/ HTTP/1.0" 200 77569 "-" "Mozilla/5.0 (compatible; SemrushBot/2~bl; +http://www.semrush.com/bot.html)"
23.245.54.218 - - [07/Sep/2018:01:54:58 +0800] "GET /co/py262 HTTP/1.0" 200 78692 "-" "Mozilla/5.0 (Windows NT 6.2; WOW64) AppleWebKit/537.36 (KHTML, like Gecko) Chrome/35.0.1916.153 Safari/537.36"
23.245.54.218 - - [07/Sep/2018:01:54:59 +0800] "GET /co/HDb3yb3/ HTTP/1.0" 200 76352 "-" "Mozilla/5.0 (compatible; tracemyfile/1.0)"
107.183.158.127 - - [07/Sep/2018:01:55:11 +0800] "GET /shanghai/HuangXingGongYuan-WenJingLu/ HTTP/1.0" 200 77949 "-" "Sogou web spider/4.0(+http://www.sogou.com/docs/help/webmasters.htm#07)"
23.245.54.218 - - [07/Sep/2018:01:55:25 +0800] "GET /co/pympc/634631.html HTTP/1.0" 500 45434 "http://www.114huoche.com/copympc/634631.html" "Mozilla/5.0 (Windows NT 6.1; rv,2.0.1) Gecko/20100101 Firefox/4.0.1"
23.245.54.218 - - [07/Sep/2018:01:55:26 +0800] "GET /co/py/655744.html HTTP/1.0" 500 45383 "http://www.114huoche.com/copy/655744.html" "Mozilla/5.0 (Windows NT 6.1; WOW64) AppleWebKit/537.36 (KHTML, like Gecko) Chrome/50.0.2661.102 Safari/537.36"
23.245.54.218 - - [07/Sep/2018:01:55:26 +0800] "GET /co/py/111363.html HTTP/1.0" 500 45383 "http://www.114huoche.com/copy/111363.html" "Mozilla/5.0 (Windows NT 6.1; WOW64) AppleWebKit/537.36 (KHTML, like Gecko) Chrome/45.0.2454.101 Safari/537.36"
23.245.54.218 - - [07/Sep/2018:01:55:30 +0800] "GET /co/LUgf832/r6com HTTP/1.0" 200 140654 "http://www.114huoche.com/coLUgf832/r6com" "Mozilla/5.0 (Windows NT 6.1; WOW64) AppleWebKit/537.36 (KHTML, like Gecko) Chrome/45.0.2454.101 Safari/537.36"
23.245.54.218 - - [07/Sep/2018:01:55:33 +0800] "GET /co/ADd6z6/7411/ HTTP/1.0" 200 84721 "http://www.114huoche.com/coADd6z6/7411/" "Mozilla/5.0 (compatible; MSIE 9.0; Windows NT 6.1; Trident/5.0)"
23.245.54.218 - - [07/Sep/2018:01:55:34 +0800] "GET /co/py/977511.html HTTP/1.0" 500 45429 "http://www.114huoche.com/copy/977511.html" "Mozilla/5.0 (Windows NT 6.1; WOW64) AppleWebKit/537.36 (KHTML, like Gecko) Chrome/50.0.2661.102 Safari/537.36"
23.245.54.218 - - [07/Sep/2018:01:55:34 +0800] "GET /co/pylkh/898186.html HTTP/1.0" 500 45480 "http://www.114huoche.com/copylkh/898186.html" "Mozilla/5.0 (Windows NT 6.1; WOW64) AppleWebKit/537.36 (KHTML, like Gecko) Chrome/45.0.2454.101 Safari/537.36"
23.245.54.218 - - [07/Sep/2018:01:55:34 +0800] "GET /co/pyacz/ HTTP/1.0" 500 45108 "http://www.114huoche.com/copyacz/" "Mozilla/5.0 (compatible; MSIE 9.0; Windows NT 6.1; Trident/5.0)"
23.245.54.218 - - [07/Sep/2018:01:55:34 +0800] "GET /co/AVueaz/939296.html HTTP/1.0" 200 61602 "http://www.114huoche.com/coAVueaz/939296.html" "Mozilla/5.0 (compatible; MSIE 9.0; Windows NT 6.1; Trident/5.0)"
23.245.54.218 - - [07/Sep/2018:01:55:35 +0800] "GET /co/pydfx/814324.html HTTP/1.0" 500 45480 "http://www.114huoche.com/copydfx/814324.html" "Mozilla/5.0 (Windows NT 6.1; WOW64) AppleWebKit/537.36 (KHTML, like Gecko) Chrome/52.0.2743.116 Safari/537.36"
23.245.54.218 - - [07/Sep/2018:01:55:35 +0800] "GET /co/py/531976.html HTTP/1.0" 500 45429 "http://www.114huoche.com/copy/531976.html" "Mozilla/5.0 (compatible; MSIE 9.0; Windows NT 6.1; Trident/5.0)"
23.245.54.218 - - [07/Sep/2018:01:55:36 +0800] "GET /co/LUcz2kk HTTP/1.0" 200 141660 "http://www.114huoche.com/coLUcz2kk" "Mozilla/5.0 (compatible; MSIE 9.0; Windows NT 6.1; Trident/5.0)"
23.245.54.218 - - [07/Sep/2018:01:55:36 +0800] "GET /co/py/534245.html HTTP/1.0" 500 45429 "http://www.114huoche.com/copy/534245.html" "Mozilla/5.0 (Windows NT 6.1; rv,2.0.1) Gecko/20100101 Firefox/4.0.1"
23.245.54.218 - - [07/Sep/2018:01:55:37 +0800] "GET /co/py/369997.html HTTP/1.0" 500 45429 "http://www.114huoche.com/copy/369997.html" "Mozilla/5.0 (Windows NT 6.1; WOW64) AppleWebKit/537.36 (KHTML, like Gecko) Chrome/45.0.2454.101 Safari/537.36"
23.245.54.218 - - [07/Sep/2018:01:55:38 +0800] "GET /co/pyysx/742541.html HTTP/1.0" 200 77259 "http://www.114huoche.com/copyysx/742541.html" "Mozilla/5.0 (Windows NT 6.1; WOW64) AppleWebKit/537.36 (KHTML, like Gecko) Chrome/52.0.2743.116 Safari/537.36"
107.183.158.127 - - [07/Sep/2018:01:56:30 +0800] "GET /shenzhen/DongZong-MinZhi/ HTTP/1.0" 200 78178 "-" "Sogou web spider/4.0(+http://www.sogou.com/docs/help/webmasters.htm#07)"
23.245.54.218 - - [07/Sep/2018:01:56:40 +0800] "GET /co/py262 HTTP/1.0" 200 78692 "-" "Mozilla/5.0 (compatible; Baiduspider/2.0; +http://www.baidu.com/search/spider.html)"
23.245.54.218 - - [07/Sep/2018:01:56:53 +0800] "GET /co/py262 HTTP/1.0" 200 78692 "-" "Mozilla/5.0 (compatible; Baiduspider/2.0; +http://www.baidu.com/search/spider.html)"
23.245.54.218 - - [07/Sep/2018:01:57:06 +0800] "GET /co/py262 HTTP/1.0" 200 78692 "-" "Mozilla/5.0 (compatible; Baiduspider/2.0; +http://www.baidu.com/search/spider.html)"
23.245.54.218 - - [07/Sep/2018:01:57:11 +0800] "GET /co/py262 HTTP/1.0" 200 78692 "-" "Mozilla/5.0 (Macintosh; Intel Mac OS X 10_13_6) AppleWebKit/537.36 (KHTML, like Gecko) Chrome/68.0.3440.106 Safari/537.36"
107.183.158.127 - - [07/Sep/2018:01:57:47 +0800] "GET /shenzhen/GaoXinQuXi-MeiLongBei/ HTTP/1.0" 500 45482 "-" "Mozilla/5.0 (compatible; SemrushBot/2~bl; +http://www.semrush.com/bot.html)"
23.245.54.218 - - [07/Sep/2018:01:57:48 +0800] "GET /co/9wikb/93141.html HTTP/1.0" 200 78463 "http://www.baidu.com" "Mozilla/4.0 (compatible; MSIE 9.0; Windows NT 6.1)"
107.183.158.127 - - [07/Sep/2018:01:57:59 +0800] "GET /shenzhen/ShangTang-ShangShuiJing/ HTTP/1.0" 200 78051 "-" "Mozilla/5.0 (compatible; SemrushBot/2~bl; +http://www.semrush.com/bot.html)"
107.183.158.127 - - [07/Sep/2018:01:58:15 +0800] "GET /shenzhen/ChangLong-DongZhouLu/ HTTP/1.0" 200 77981 "-" "Sogou web spider/4.0(+http://www.sogou.com/docs/help/webmasters.htm#07)"
107.183.158.127 - - [07/Sep/2018:01:58:26 +0800] "GET /shenzhen/XiaShuiJing-TianJianHuaYuan/ HTTP/1.0" 200 78552 "-" "Mozilla/5.0 (compatible; SemrushBot/2~bl; +http://www.semrush.com/bot.html)"
107.183.158.127 - - [07/Sep/2018:01:58:31 +0800] "GET /shenzhen/JiangWei-ZhuZiLin/ HTTP/1.0" 200 78240 "-" "Sogou web spider/4.0(+http://www.sogou.com/docs/help/webmasters.htm#07)"
107.183.158.127 - - [07/Sep/2018:01:58:41 +0800] "GET /shenzhen/GuanGuangLu-CheGongMiao/ HTTP/1.0" 200 77999 "-" "Sogou web spider/4.0(+http://www.sogou.com/docs/help/webmasters.htm#07)"
23.245.54.218 - - [07/Sep/2018:01:58:44 +0800] "POST /co/nfig/AspCms_Config.asp HTTP/1.0" 405 24993 "http://www.114huoche.com/SqlIn.asp" "Mozilla/4.0 (compatible; MSIE 9.0; Windows NT 6.1)"
107.183.158.127 - - [07/Sep/2018:01:58:49 +0800] "GET /shanghai/JinQiao-SongBinLu/ HTTP/1.0" 200 78334 "-" "Mozilla/5.0 (compatible; SemrushBot/2~bl; +http://www.semrush.com/bot.html)"
23.245.54.218 - - [07/Sep/2018:01:59:01 +0800] "GET /co/py/927162.html HTTP/1.0" 500 45372 "http://www.114huoche.com/copy/927162.html" "Mozilla/5.0 (Windows NT 6.1; WOW64) AppleWebKit/537.36 (KHTML, like Gecko) Chrome/45.0.2454.101 Safari/537.36"
23.245.54.218 - - [07/Sep/2018:01:59:01 +0800] "GET /co/py/272211.html HTTP/1.0" 500 45372 "http://www.114huoche.com/copy/272211.html" "Mozilla/5.0 (Windows NT 6.1; rv,2.0.1) Gecko/20100101 Firefox/4.0.1"
23.245.54.218 - - [07/Sep/2018:01:59:01 +0800] "GET /co/pyilo/988691.html HTTP/1.0" 500 45434 "http://www.114huoche.com/copyilo/988691.html" "Mozilla/5.0 (Windows NT 6.1; WOW64) AppleWebKit/537.36 (KHTML, like Gecko) Chrome/52.0.2743.116 Safari/537.36"
23.245.54.218 - - [07/Sep/2018:01:59:01 +0800] "GET /co/py/394126.html HTTP/1.0" 500 45383 "http://www.114huoche.com/copy/394126.html" "Mozilla/5.0 (Windows NT 6.1; rv,2.0.1) Gecko/20100101 Firefox/4.0.1"
23.245.54.218 - - [07/Sep/2018:01:59:03 +0800] "POST /co/nfig/AspCms_Config.asp HTTP/1.0" 405 24993 "http://www.114huoche.com/SqlIn.asp" "Mozilla/4.0 (compatible; MSIE 9.0; Windows NT 6.1)"
23.245.54.218 - - [07/Sep/2018:01:59:03 +0800] "GET /co/pyivo/ HTTP/1.0" 500 45108 "http://www.114huoche.com/copyivo/" "Mozilla/5.0 (compatible; MSIE 9.0; Windows NT 6.1; Trident/5.0)"
23.245.54.218 - - [07/Sep/2018:01:59:04 +0800] "GET /co/GGnuZ/ HTTP/1.0" 200 127238 "http://www.114huoche.com/coGGnuZ/" "Mozilla/5.0 (Windows NT 6.1; WOW64) AppleWebKit/537.36 (KHTML, like Gecko) Chrome/52.0.2743.116 Safari/537.36"
23.245.54.218 - - [07/Sep/2018:01:59:04 +0800] "GET /co/py/892891.html HTTP/1.0" 500 45429 "http://www.114huoche.com/copy/892891.html" "Mozilla/5.0 (Windows NT 6.1; rv,2.0.1) Gecko/20100101 Firefox/4.0.1"
23.245.54.218 - - [07/Sep/2018:01:59:04 +0800] "GET /co/AD7q1b/9571/ HTTP/1.0" 200 85264 "http://www.114huoche.com/coAD7q1b/9571/" "Mozilla/5.0 (Windows NT 6.1; rv,2.0.1) Gecko/20100101 Firefox/4.0.1"
23.245.54.218 - - [07/Sep/2018:01:59:06 +0800] "GET /co/py/721171.html HTTP/1.0" 200 78815 "http://www.114huoche.com/copy/721171.html" "Mozilla/5.0 (Windows NT 6.1; WOW64) AppleWebKit/537.36 (KHTML, like Gecko) Chrome/45.0.2454.101 Safari/537.36"
23.245.54.218 - - [07/Sep/2018:01:59:33 +0800] "POST /co/nn1.asp HTTP/1.0" 405 24993 "http://www.114huoche.com/SqlIn.asp" "Mozilla/4.0 (compatible; MSIE 9.0; Windows NT 6.1)"
23.245.54.218 - - [07/Sep/2018:01:59:43 +0800] "GET /co/fkyi/email.html HTTP/1.0" 200 78353 "-" "YisouSpider"
23.245.54.218 - - [07/Sep/2018:01:59:55 +0800] "POST /co/ncon.asp HTTP/1.0" 405 24993 "http://www.114huoche.com/SqlIn.asp" "Mozilla/4.0 (compatible; MSIE 9.0; Windows NT 6.1)"
107.183.158.127 - - [07/Sep/2018:02:00:24 +0800] "GET /shenzhen/QianBao-HuaQiangBei/ HTTP/1.0" 200 77893 "-" "Mozilla/5.0 (compatible; SemrushBot/2~bl; +http://www.semrush.com/bot.html)"
107.183.158.127 - - [07/Sep/2018:02:00:30 +0800] "GET /shanghai/HaMiLu-JianChuanLu/ HTTP/1.0" 200 78048 "-" "Mozilla/5.0 (compatible; SemrushBot/2~bl; +http://www.semrush.com/bot.html)"
107.183.158.127 - - [07/Sep/2018:02:00:43 +0800] "GET /shenzhen/HongLingNan-HongShuWan/ HTTP/1.0" 200 78607 "-" "Sogou web spider/4.0(+http://www.sogou.com/docs/help/webmasters.htm#07)"
23.245.54.218 - - [07/Sep/2018:02:01:13 +0800] "GET /co/pyoxp/645218.html HTTP/1.0" 500 45434 "http://www.114huoche.com/copyoxp/645218.html" "Mozilla/5.0 (Windows NT 6.1; WOW64) AppleWebKit/537.36 (KHTML, like Gecko) Chrome/45.0.2454.101 Safari/537.36"
23.245.54.218 - - [07/Sep/2018:02:01:15 +0800] "GET /co/pyufj/312967.html HTTP/1.0" 500 45434 "http://www.114huoche.com/copyufj/312967.html" "Mozilla/5.0 (Windows NT 6.1; rv,2.0.1) Gecko/20100101 Firefox/4.0.1"
23.245.54.218 - - [07/Sep/2018:02:01:15 +0800] "GET /co/pycxw/ HTTP/1.0" 500 45062 "http://www.114huoche.com/copycxw/" "Mozilla/5.0 (compatible; MSIE 9.0; Windows NT 6.1; Trident/5.0)"
23.245.54.218 - - [07/Sep/2018:02:01:15 +0800] "GET /co/pypmi/ HTTP/1.0" 500 45062 "http://www.114huoche.com/copypmi/" "Mozilla/5.0 (Windows NT 6.1; WOW64) AppleWebKit/537.36 (KHTML, like Gecko) Chrome/45.0.2454.101 Safari/537.36"
23.245.54.218 - - [07/Sep/2018:02:01:16 +0800] "GET /co/GG9mm/ HTTP/1.0" 200 119622 "http://www.114huoche.com/coGG9mm/" "Mozilla/5.0 (Windows NT 6.1; WOW64) AppleWebKit/537.36 (KHTML, like Gecko) Chrome/52.0.2743.116 Safari/537.36"
23.245.54.218 - - [07/Sep/2018:02:01:16 +0800] "GET /co/py/794157.html HTTP/1.0" 500 45429 "http://www.114huoche.com/copy/794157.html" "Mozilla/5.0 (Windows NT 6.1; WOW64) AppleWebKit/537.36 (KHTML, like Gecko) Chrome/50.0.2661.102 Safari/537.36"
23.245.54.218 - - [07/Sep/2018:02:01:16 +0800] "GET /co/ADe86k/9378.html HTTP/1.0" 500 45462 "http://www.114huoche.com/coADe86k/9378.html" "Mozilla/5.0 (Windows NT 6.1; WOW64) AppleWebKit/537.36 (KHTML, like Gecko) Chrome/45.0.2454.101 Safari/537.36"
23.245.54.218 - - [07/Sep/2018:02:01:17 +0800] "GET /co/py/885877.html HTTP/1.0" 500 45429 "http://www.114huoche.com/copy/885877.html" "Mozilla/5.0 (Windows NT 6.1; WOW64) AppleWebKit/537.36 (KHTML, like Gecko) Chrome/52.0.2743.116 Safari/537.36"
23.245.54.218 - - [07/Sep/2018:02:01:17 +0800] "GET /co/ADiiqy/7583.html HTTP/1.0" 500 45539 "http://www.114huoche.com/coADiiqy/7583.html" "Mozilla/5.0 (Windows NT 6.1; WOW64) AppleWebKit/537.36 (KHTML, like Gecko) Chrome/52.0.2743.116 Safari/537.36"
23.245.54.218 - - [07/Sep/2018:02:01:18 +0800] "GET /co/pyhku/ HTTP/1.0" 500 45108 "http://www.114huoche.com/copyhku/" "Mozilla/5.0 (Windows NT 6.1; rv,2.0.1) Gecko/20100101 Firefox/4.0.1"
23.245.54.218 - - [07/Sep/2018:02:01:18 +0800] "GET /co/pyylw/537866.html HTTP/1.0" 500 45480 "http://www.114huoche.com/copyylw/537866.html" "Mozilla/5.0 (Windows NT 6.1; rv,2.0.1) Gecko/20100101 Firefox/4.0.1"
23.245.54.218 - - [07/Sep/2018:02:01:18 +0800] "GET /co/AD1pvo/2894/ HTTP/1.0" 500 45377 "http://www.114huoche.com/coAD1pvo/2894/" "Mozilla/5.0 (Windows NT 6.1; rv,2.0.1) Gecko/20100101 Firefox/4.0.1"
23.245.54.218 - - [07/Sep/2018:02:01:20 +0800] "GET /co/AD7kk3/3983/ HTTP/1.0" 200 84711 "http://www.114huoche.com/coAD7kk3/3983/" "Mozilla/5.0 (Windows NT 6.1; WOW64) AppleWebKit/537.36 (KHTML, like Gecko) Chrome/50.0.2661.102 Safari/537.36"
23.245.54.218 - - [07/Sep/2018:02:01:22 +0800] "GET /co/pyclb/615985.html HTTP/1.0" 500 45480 "http://www.114huoche.com/copyclb/615985.html" "Mozilla/5.0 (compatible; MSIE 9.0; Windows NT 6.1; Trident/5.0)"
23.245.54.218 - - [07/Sep/2018:02:01:22 +0800] "GET /co/pyifh/284839.html HTTP/1.0" 500 45480 "http://www.114huoche.com/copyifh/284839.html" "Mozilla/5.0 (compatible; MSIE 9.0; Windows NT 6.1; Trident/5.0)"
23.245.54.218 - - [07/Sep/2018:02:01:22 +0800] "GET /co/py/866885.html HTTP/1.0" 500 45429 "http://www.114huoche.com/copy/866885.html" "Mozilla/5.0 (Windows NT 6.1; WOW64) AppleWebKit/537.36 (KHTML, like Gecko) Chrome/52.0.2743.116 Safari/537.36"
23.245.54.218 - - [07/Sep/2018:02:01:23 +0800] "GET /co/py/799361.html HTTP/1.0" 200 77684 "http://www.114huoche.com/copy/799361.html" "Mozilla/5.0 (Windows NT 6.1; WOW64) AppleWebKit/537.36 (KHTML, like Gecko) Chrome/50.0.2661.102 Safari/537.36"
107.183.158.127 - - [07/Sep/2018:02:01:26 +0800] "GET /shenzhen/HuangGangKouAn-TaoYuanCun/ HTTP/1.0" 500 45550 "-" "Mozilla/5.0 (compatible; SemrushBot/2~bl; +http://www.semrush.com/bot.html)"
23.245.54.218 - - [07/Sep/2018:02:01:28 +0800] "GET /co/w9t0m/79911.html HTTP/1.0" 200 77771 "http://www.baidu.com" "Mozilla/4.0 (compatible; MSIE 9.0; Windows NT 6.1)"
23.245.54.218 - - [07/Sep/2018:02:01:56 +0800] "GET /co/WShick/ HTTP/1.0" 200 76275 "-" "Mozilla/5.0 (compatible; DotBot/1.1; http://www.opensiteexplorer.org/dotbot, help@moz.com)"
107.183.158.127 - - [07/Sep/2018:02:01:59 +0800] "GET /shenzhen/PingShanWei-TaiZiWan/ HTTP/1.0" 200 77974 "-" "Mozilla/5.0 (compatible; SemrushBot/2~bl; +http://www.semrush.com/bot.html)"
107.183.158.127 - - [07/Sep/2018:02:02:23 +0800] "GET /shenzhen/LongJing-CuiGangGongYeYuan/ HTTP/1.0" 200 78256 "-" "Mozilla/5.0 (compatible; SemrushBot/2~bl; +http://www.semrush.com/bot.html)"
23.245.54.218 - - [07/Sep/2018:02:02:47 +0800] "GET /co/py263.alexareport.cn/%0A HTTP/1.0" 200 79136 "-" "Mozilla/5.0 (Macintosh; Intel Mac OS X 10_13_6) AppleWebKit/537.36 (KHTML, like Gecko) Chrome/68.0.3440.106 Safari/537.36"
107.183.158.127 - - [07/Sep/2018:02:03:27 +0800] "GET /shenzhen/MeiLongBei-QianKeng/ HTTP/1.0" 500 45448 "-" "Mozilla/5.0 (compatible; SemrushBot/2~bl; +http://www.semrush.com/bot.html)"
23.245.54.218 - - [07/Sep/2018:02:03:29 +0800] "GET /co/pyxec/358554.html HTTP/1.0" 500 45480 "http://www.114huoche.com/copyxec/358554.html" "Mozilla/5.0 (Windows NT 6.1; WOW64) AppleWebKit/537.36 (KHTML, like Gecko) Chrome/45.0.2454.101 Safari/537.36"
23.245.54.218 - - [07/Sep/2018:02:03:30 +0800] "GET /co/py/695517.html HTTP/1.0" 200 77930 "http://www.114huoche.com/copy/695517.html" "Mozilla/5.0 (Windows NT 6.1; WOW64) AppleWebKit/537.36 (KHTML, like Gecko) Chrome/52.0.2743.116 Safari/537.36"
23.245.54.218 - - [07/Sep/2018:02:03:30 +0800] "GET /co/pyelv/923945.html HTTP/1.0" 500 45434 "http://www.114huoche.com/copyelv/923945.html" "Mozilla/5.0 (Windows NT 6.1; WOW64) AppleWebKit/537.36 (KHTML, like Gecko) Chrome/50.0.2661.102 Safari/537.36"
23.245.54.218 - - [07/Sep/2018:02:03:30 +0800] "GET /co/WS4vk/262748.html HTTP/1.0" 200 76231 "http://www.114huoche.com/coWS4vk/262748.html" "Mozilla/5.0 (compatible; MSIE 9.0; Windows NT 6.1; Trident/5.0)"
23.245.54.218 - - [07/Sep/2018:02:03:30 +0800] "GET /co/GG4yR/ HTTP/1.0" 200 118522 "http://www.114huoche.com/coGG4yR/" "Mozilla/5.0 (Windows NT 6.1; rv,2.0.1) Gecko/20100101 Firefox/4.0.1"
23.245.54.218 - - [07/Sep/2018:02:03:32 +0800] "GET /co/py/694652.html HTTP/1.0" 500 45429 "http://www.114huoche.com/copy/694652.html" "Mozilla/5.0 (Windows NT 6.1; rv,2.0.1) Gecko/20100101 Firefox/4.0.1"
23.245.54.218 - - [07/Sep/2018:02:03:32 +0800] "GET /co/LUr0a9a/q2f5e.html HTTP/1.0" 200 135957 "http://www.114huoche.com/coLUr0a9a/q2f5e.html" "Mozilla/5.0 (Windows NT 6.1; rv,2.0.1) Gecko/20100101 Firefox/4.0.1"
23.245.54.218 - - [07/Sep/2018:02:03:35 +0800] "GET /co/py/992214.html HTTP/1.0" 500 45429 "http://www.114huoche.com/copy/992214.html" "Mozilla/5.0 (Windows NT 6.1; rv,2.0.1) Gecko/20100101 Firefox/4.0.1"
23.245.54.218 - - [07/Sep/2018:02:03:35 +0800] "GET /co/py/152766.html HTTP/1.0" 500 45429 "http://www.114huoche.com/copy/152766.html" "Mozilla/5.0 (Windows NT 6.1; WOW64) AppleWebKit/537.36 (KHTML, like Gecko) Chrome/45.0.2454.101 Safari/537.36"
23.245.54.218 - - [07/Sep/2018:02:03:36 +0800] "GET /co/pyblc/511728.html HTTP/1.0" 500 45480 "http://www.114huoche.com/copyblc/511728.html" "Mozilla/5.0 (compatible; MSIE 9.0; Windows NT 6.1; Trident/5.0)"
23.245.54.218 - - [07/Sep/2018:02:03:36 +0800] "GET /co/pyrld/ HTTP/1.0" 200 78143 "http://www.114huoche.com/copyrld/" "Mozilla/5.0 (Windows NT 6.1; WOW64) AppleWebKit/537.36 (KHTML, like Gecko) Chrome/45.0.2454.101 Safari/537.36"
107.183.158.127 - - [07/Sep/2018:02:03:40 +0800] "GET /shenzhen/GuangMingXinCheng-GongMingXi/ HTTP/1.0" 200 77563 "-" "Sogou web spider/4.0(+http://www.sogou.com/docs/help/webmasters.htm#07)"
23.245.54.218 - - [07/Sep/2018:02:03:49 +0800] "GET /co/WSzli0n/ HTTP/1.0" 200 75907 "-" "Mozilla/5.0 (compatible; DotBot/1.1; http://www.opensiteexplorer.org/dotbot, help@moz.com)"
23.245.54.218 - - [07/Sep/2018:02:03:55 +0800] "GET /co/py263 HTTP/1.0" 200 78438 "-" "Mozilla/5.0 (Windows NT 6.2; WOW64) AppleWebKit/537.36 (KHTML, like Gecko) Chrome/35.0.1916.153 Safari/537.36"
107.183.158.127 - - [07/Sep/2018:02:04:45 +0800] "GET /shanghai/SheShan-ChunShen/ HTTP/1.0" 200 78389 "-" "Sogou web spider/4.0(+http://www.sogou.com/docs/help/webmasters.htm#07)"
23.245.54.218 - - [07/Sep/2018:02:05:00 +0800] "GET /co/sf2017-07-27/4487087559.html HTTP/1.0" 200 77998 "-" "YisouSpider"
23.245.54.218 - - [07/Sep/2018:02:05:06 +0800] "GET /co/kk4v3/88831.html HTTP/1.0" 500 45463 "http://www.baidu.com" "Mozilla/4.0 (compatible; MSIE 9.0; Windows NT 6.1)"
107.183.158.127 - - [07/Sep/2018:02:05:09 +0800] "GET /shenzhen/XinSheng-LiuXianDong/ HTTP/1.0" 200 77997 "-" "Sogou web spider/4.0(+http://www.sogou.com/docs/help/webmasters.htm#07)"
23.245.54.218 - - [07/Sep/2018:02:05:30 +0800] "GET /co/ADkm48/9942.html HTTP/1.0" 500 45462 "http://www.114huoche.com/coADkm48/9942.html" "Mozilla/5.0 (compatible; MSIE 9.0; Windows NT 6.1; Trident/5.0)"
23.245.54.218 - - [07/Sep/2018:02:05:31 +0800] "GET /co/ggsDO/240690.html HTTP/1.0" 200 78409 "http://www.114huoche.com/coggsDO/240690.html" "Mozilla/5.0 (Windows NT 6.1; WOW64) AppleWebKit/537.36 (KHTML, like Gecko) Chrome/50.0.2661.102 Safari/537.36"
23.245.54.218 - - [07/Sep/2018:02:05:31 +0800] "GET /co/pymuk/ HTTP/1.0" 500 45062 "http://www.114huoche.com/copymuk/" "Mozilla/5.0 (Windows NT 6.1; WOW64) AppleWebKit/537.36 (KHTML, like Gecko) Chrome/52.0.2743.116 Safari/537.36"
23.245.54.218 - - [07/Sep/2018:02:05:31 +0800] "GET /co/AD973t/86661/ HTTP/1.0" 500 45394 "http://www.114huoche.com/coAD973t/86661/" "Mozilla/5.0 (compatible; MSIE 9.0; Windows NT 6.1; Trident/5.0)"
23.245.54.218 - - [07/Sep/2018:02:05:32 +0800] "GET /co/ADlptc/12826/ HTTP/1.0" 200 85391 "http://www.114huoche.com/coADlptc/12826/" "Mozilla/5.0 (Windows NT 6.1; rv,2.0.1) Gecko/20100101 Firefox/4.0.1"
23.245.54.218 - - [07/Sep/2018:02:05:32 +0800] "GET /co/pyjmf/ HTTP/1.0" 500 45108 "http://www.114huoche.com/copyjmf/" "Mozilla/5.0 (Windows NT 6.1; WOW64) AppleWebKit/537.36 (KHTML, like Gecko) Chrome/52.0.2743.116 Safari/537.36"
23.245.54.218 - - [07/Sep/2018:02:05:33 +0800] "GET /co/pyhhs/ HTTP/1.0" 500 45108 "http://www.114huoche.com/copyhhs/" "Mozilla/5.0 (Windows NT 6.1; WOW64) AppleWebKit/537.36 (KHTML, like Gecko) Chrome/52.0.2743.116 Safari/537.36"
23.245.54.218 - - [07/Sep/2018:02:05:34 +0800] "GET /co/pycel/352393.html HTTP/1.0" 500 45434 "http://www.114huoche.com/copycel/352393.html" "Mozilla/5.0 (Windows NT 6.1; rv,2.0.1) Gecko/20100101 Firefox/4.0.1"
23.245.54.218 - - [07/Sep/2018:02:05:39 +0800] "GET /co/pypjp/152643.html HTTP/1.0" 500 45480 "http://www.114huoche.com/copypjp/152643.html" "Mozilla/5.0 (Windows NT 6.1; WOW64) AppleWebKit/537.36 (KHTML, like Gecko) Chrome/50.0.2661.102 Safari/537.36"
23.245.54.218 - - [07/Sep/2018:02:05:39 +0800] "GET /co/py/633629.html HTTP/1.0" 500 45429 "http://www.114huoche.com/copy/633629.html" "Mozilla/5.0 (Windows NT 6.1; rv,2.0.1) Gecko/20100101 Firefox/4.0.1"
23.245.54.218 - - [07/Sep/2018:02:05:40 +0800] "GET /co/py/428711.html HTTP/1.0" 500 45429 "http://www.114huoche.com/copy/428711.html" "Mozilla/5.0 (Windows NT 6.1; WOW64) AppleWebKit/537.36 (KHTML, like Gecko) Chrome/45.0.2454.101 Safari/537.36"
23.245.54.218 - - [07/Sep/2018:02:05:40 +0800] "GET /co/pynfq/663959.html HTTP/1.0" 500 45480 "http://www.114huoche.com/copynfq/663959.html" "Mozilla/5.0 (Windows NT 6.1; WOW64) AppleWebKit/537.36 (KHTML, like Gecko) Chrome/45.0.2454.101 Safari/537.36"
23.245.54.218 - - [07/Sep/2018:02:05:40 +0800] "GET /co/pyhav/877734.html HTTP/1.0" 200 78502 "http://www.114huoche.com/copyhav/877734.html" "Mozilla/5.0 (Windows NT 6.1; WOW64) AppleWebKit/537.36 (KHTML, like Gecko) Chrome/50.0.2661.102 Safari/537.36"
23.245.54.218 - - [07/Sep/2018:02:05:42 +0800] "GET /co/GGjc0/814397.html HTTP/1.0" 200 119569 "-" "Mozilla/5.0 (compatible; DotBot/1.1; http://www.opensiteexplorer.org/dotbot, help@moz.com)"
107.183.158.127 - - [07/Sep/2018:02:06:01 +0800] "GET /shijiazhuang/DaShiQiao-BeiBaiPi/ HTTP/1.0" 200 78121 "-" "Sogou web spider/4.0(+http://www.sogou.com/docs/help/webmasters.htm#07)"
107.183.158.127 - - [07/Sep/2018:02:06:19 +0800] "GET /shanghai/QiHuaLu-XingZhongLu/ HTTP/1.0" 200 78172 "-" "Mozilla/5.0 (compatible; SemrushBot/2~bl; +http://www.semrush.com/bot.html)"
107.183.158.127 - - [07/Sep/2018:02:06:26 +0800] "GET /shenzhen/ShangLiLang-JiangLing/ HTTP/1.0" 200 78355 "-" "Mozilla/5.0 (compatible; SemrushBot/2~bl; +http://www.semrush.com/bot.html)"
107.183.158.127 - - [07/Sep/2018:02:06:52 +0800] "GET /shanghai/FengPuDaDao-HuaXiaDongLu/ HTTP/1.0" 200 77427 "-" "Mozilla/5.0 (compatible; SemrushBot/2~bl; +http://www.semrush.com/bot.html)"
23.245.54.218 - - [07/Sep/2018:02:07:11 +0800] "GET /co/GGI6X/687491.html HTTP/1.0" 200 123376 "-" "Mozilla/5.0 (compatible; DotBot/1.1; http://www.opensiteexplorer.org/dotbot, help@moz.com)"
23.245.54.218 - - [07/Sep/2018:02:07:36 +0800] "GET /co/AD172t/52734/css/index.css HTTP/1.0" 404 162 "http://www.114huoche.com/coAD172t/52734/" "YisouSpider"
107.183.158.127 - - [07/Sep/2018:02:07:49 +0800] "GET /shanghai/YangGaoNanLu-LuoShanLu/ HTTP/1.0" 200 77371 "-" "Mozilla/5.0 (compatible; SemrushBot/2~bl; +http://www.semrush.com/bot.html)"
23.245.54.218 - - [07/Sep/2018:02:08:24 +0800] "GET /co/GGMp3/data/attachment/forum/day_080620/20080620_ab69523060f050a878f22QAKxOLdqa6X.jpg HTTP/1.0" 404 564 "http://www.114huoche.com/coGGMp3/850911.html" "Mozilla/5.0 (Windows NT 5.1) AppleWebKit/534.30 (KHTML, like Gecko) Chrome/12.0.742.122 Safari/534.30"
23.245.54.218 - - [07/Sep/2018:02:08:25 +0800] "GET /co/GGMp3/data/attachment/forum/day_080620/20080620_ab69523060f050a878f22QAKxOLdqa6X.jpg HTTP/1.0" 404 564 "http://www.114huoche.com/coGGMp3/850911.html" "Mozilla/5.0 (Windows NT 5.1) AppleWebKit/534.30 (KHTML, like Gecko) Chrome/12.0.742.122 Safari/534.30"
23.245.54.218 - - [07/Sep/2018:02:08:40 +0800] "GET /co/py263 HTTP/1.0" 200 78438 "-" "Mozilla/5.0 (compatible; Baiduspider/2.0; +http://www.baidu.com/search/spider.html)"
23.245.54.218 - - [07/Sep/2018:02:08:45 +0800] "GET /co/py/556487.html HTTP/1.0" 200 77842 "-" "Sogou web spider/4.0(+http://www.sogou.com/docs/help/webmasters.htm#07)"
23.245.54.218 - - [07/Sep/2018:02:08:47 +0800] "GET /co/2ztd7/99484.html HTTP/1.0" 200 77776 "http://www.baidu.com" "Mozilla/4.0 (compatible; MSIE 9.0; Windows NT 6.1)"
107.183.158.127 - - [07/Sep/2018:02:09:08 +0800] "GET /shanghai/DongFangLvZhou-XinZhaLu/ HTTP/1.0" 200 78394 "-" "Sogou web spider/4.0(+http://www.sogou.com/docs/help/webmasters.htm#07)"
23.245.54.218 - - [07/Sep/2018:02:09:18 +0800] "GET /co/py263 HTTP/1.0" 200 78438 "-" "Mozilla/5.0 (Macintosh; Intel Mac OS X 10_13_6) AppleWebKit/537.36 (KHTML, like Gecko) Chrome/68.0.3440.106 Safari/537.36"
107.183.158.127 - - [07/Sep/2018:02:09:19 +0800] "GET /shanghai/SongHongLu-GuiLinLu/ HTTP/1.0" 200 78292 "-" "Mozilla/5.0 (compatible; SemrushBot/2~bl; +http://www.semrush.com/bot.html)"
107.183.158.127 - - [07/Sep/2018:02:10:04 +0800] "GET /shanghai/ShanXiNanLu-ChuanChangLu/ HTTP/1.0" 200 78797 "-" "Sogou web spider/4.0(+http://www.sogou.com/docs/help/webmasters.htm#07)"
107.183.158.127 - - [07/Sep/2018:02:10:42 +0800] "GET /shenzhen/KeJiGuan-HuangTian/ HTTP/1.0" 200 77630 "-" "Mozilla/5.0 (compatible; SemrushBot/2~bl; +http://www.semrush.com/bot.html)"
23.245.54.218 - - [07/Sep/2018:02:11:04 +0800] "GET /co/AD4alg/11298/css/index.css HTTP/1.0" 404 162 "http://www.114huoche.com/coAD4alg/11298/" "YisouSpider"
23.245.54.218 - - [07/Sep/2018:02:11:25 +0800] "GET /co/ggTY1/ HTTP/1.0" 200 78337 "-" "Sogou web spider/4.0(+http://www.sogou.com/docs/help/webmasters.htm#07)"
107.183.158.127 - - [07/Sep/2018:02:11:39 +0800] "GET /shenzhen/XiaShiWei-ZhuGuang/ HTTP/1.0" 200 78153 "-" "Sogou web spider/4.0(+http://www.sogou.com/docs/help/webmasters.htm#07)"
23.245.54.218 - - [07/Sep/2018:02:11:56 +0800] "GET /co/ggKvw/ HTTP/1.0" 200 77961 "-" "Sogou web spider/4.0(+http://www.sogou.com/docs/help/webmasters.htm#07)"
23.245.54.218 - - [07/Sep/2018:02:12:00 +0800] "GET /co/77fky/77895.html HTTP/1.0" 200 77989 "-" "Mozilla/5.0 (compatible; DotBot/1.1; http://www.opensiteexplorer.org/dotbot, help@moz.com)"
107.183.158.127 - - [07/Sep/2018:02:12:03 +0800] "GET /shenzhen/LongDongCun-XiaSha/ HTTP/1.0" 200 77786 "-" "Mozilla/5.0 (compatible; SemrushBot/2~bl; +http://www.semrush.com/bot.html)"
23.245.54.218 - - [07/Sep/2018:02:12:08 +0800] "GET /co/9y5s6/62956.html HTTP/1.0" 200 78129 "-" "Mozilla/5.0 (compatible; DotBot/1.1; http://www.opensiteexplorer.org/dotbot, help@moz.com)"
107.183.158.127 - - [07/Sep/2018:02:12:14 +0800] "GET /shenzhen/ShaJingSanCun-ShangShuiJing/ HTTP/1.0" 200 78431 "-" "Sogou web spider/4.0(+http://www.sogou.com/docs/help/webmasters.htm#07)"
107.183.158.127 - - [07/Sep/2018:02:12:17 +0800] "GET /shenzhen/BiHaiWan-XinXiu/ HTTP/1.0" 200 78302 "-" "Sogou web spider/4.0(+http://www.sogou.com/docs/help/webmasters.htm#07)"
23.245.54.218 - - [07/Sep/2018:02:12:23 +0800] "GET /co/ggWds/517255.html HTTP/1.0" 200 78571 "-" "Sogou web spider/4.0(+http://www.sogou.com/docs/help/webmasters.htm#07)"
23.245.54.218 - - [07/Sep/2018:02:12:27 +0800] "GET /co/a7twb/57778.html HTTP/1.0" 500 45463 "http://www.baidu.com" "Mozilla/4.0 (compatible; MSIE 9.0; Windows NT 6.1)"
107.183.158.127 - - [07/Sep/2018:02:12:28 +0800] "GET /shanghai/YouYiLu-ShiJiDaDao/ HTTP/1.0" 200 78565 "-" "Sogou web spider/4.0(+http://www.sogou.com/docs/help/webmasters.htm#07)"
23.245.54.218 - - [07/Sep/2018:02:12:50 +0800] "GET /co/419c8/04899.html HTTP/1.0" 200 77849 "-" "Mozilla/5.0 (compatible; DotBot/1.1; http://www.opensiteexplorer.org/dotbot, help@moz.com)"
107.183.158.127 - - [07/Sep/2018:02:12:51 +0800] "GET /shanghai/YouYiLu-GuLangLu/ HTTP/1.0" 500 45351 "-" "Mozilla/5.0 (Linux;u;Android 4.2.2;zh-cn;) AppleWebKit/534.46 (KHTML,like Gecko) Version/5.1 Mobile Safari/10600.6.3 (compatible; Baiduspider/2.0; +http://www.baidu.com/search/spider.html)"
107.183.158.127 - - [07/Sep/2018:02:12:52 +0800] "GET /shanghai/YiShanLu-HongQiaoHuoCheZhan/ HTTP/1.0" 500 45584 "-" "Mozilla/5.0 (Linux;u;Android 4.2.2;zh-cn;) AppleWebKit/534.46 (KHTML,like Gecko) Version/5.1 Mobile Safari/10600.6.3 (compatible; Baiduspider/2.0; +http://www.baidu.com/search/spider.html)"
107.183.158.127 - - [07/Sep/2018:02:12:52 +0800] "GET /shanghai/ShangHaiErTongYiXueZhongXin-XingZhongLu/ HTTP/1.0" 200 77869 "-" "Mozilla/5.0 (Linux;u;Android 4.2.2;zh-cn;) AppleWebKit/534.46 (KHTML,like Gecko) Version/5.1 Mobile Safari/10600.6.3 (compatible; Baiduspider/2.0; +http://www.baidu.com/search/spider.html)"
23.245.54.218 - - [07/Sep/2018:02:12:54 +0800] "GET /co/6e67v/44497.html HTTP/1.0" 500 45463 "-" "Mozilla/5.0 (compatible; DotBot/1.1; http://www.opensiteexplorer.org/dotbot, help@moz.com)"
107.183.158.127 - - [07/Sep/2018:02:12:55 +0800] "GET /shanghai/GuDaiLu-YouYiXiLu/ HTTP/1.0" 500 45368 "-" "Mozilla/5.0 (Linux;u;Android 4.2.2;zh-cn;) AppleWebKit/534.46 (KHTML,like Gecko) Version/5.1 Mobile Safari/10600.6.3 (compatible; Baiduspider/2.0; +http://www.baidu.com/search/spider.html)"
107.183.158.127 - - [07/Sep/2018:02:12:56 +0800] "GET /shanghai/HongQiaoHuoCheZhan-TaoPuXinCun/ HTTP/1.0" 500 45635 "-" "Mozilla/5.0 (Linux;u;Android 4.2.2;zh-cn;) AppleWebKit/534.46 (KHTML,like Gecko) Version/5.1 Mobile Safari/10600.6.3 (compatible; Baiduspider/2.0; +http://www.baidu.com/search/spider.html)"
107.183.158.127 - - [07/Sep/2018:02:12:56 +0800] "GET /shanghai/DePingLu-XiangYinLu/ HTTP/1.0" 200 78656 "-" "Mozilla/5.0 (Linux;u;Android 4.2.2;zh-cn;) AppleWebKit/534.46 (KHTML,like Gecko) Version/5.1 Mobile Safari/10600.6.3 (compatible; Baiduspider/2.0; +http://www.baidu.com/search/spider.html)"
107.183.158.127 - - [07/Sep/2018:02:12:56 +0800] "GET /shanghai/SiJing-PuDongGuoJiJiChang/ HTTP/1.0" 500 45504 "-" "Mozilla/5.0 (Linux;u;Android 4.2.2;zh-cn;) AppleWebKit/534.46 (KHTML,like Gecko) Version/5.1 Mobile Safari/10600.6.3 (compatible; Baiduspider/2.0; +http://www.baidu.com/search/spider.html)"
107.183.158.127 - - [07/Sep/2018:02:12:58 +0800] "GET /shanghai/YuanShenTiYuZhongXin-YiLiLu/ HTTP/1.0" 500 45584 "-" "Mozilla/5.0 (Linux;u;Android 4.2.2;zh-cn;) AppleWebKit/534.46 (KHTML,like Gecko) Version/5.1 Mobile Safari/10600.6.3 (compatible; Baiduspider/2.0; +http://www.baidu.com/search/spider.html)"
107.183.158.127 - - [07/Sep/2018:02:12:58 +0800] "GET /shanghai/ShangHaiNanZhan-DiShiNi/ HTTP/1.0" 500 45516 "-" "Mozilla/5.0 (Linux;u;Android 4.2.2;zh-cn;) AppleWebKit/534.46 (KHTML,like Gecko) Version/5.1 Mobile Safari/10600.6.3 (compatible; Baiduspider/2.0; +http://www.baidu.com/search/spider.html)"
23.245.54.218 - - [07/Sep/2018:02:12:59 +0800] "GET /co/GGRw1/ HTTP/1.0" 200 126199 "-" "Sogou web spider/4.0(+http://www.sogou.com/docs/help/webmasters.htm#07)"
107.183.158.127 - - [07/Sep/2018:02:12:59 +0800] "GET /shanghai/JinJingLu-MaDangLu/ HTTP/1.0" 500 45431 "-" "Mozilla/5.0 (Linux;u;Android 4.2.2;zh-cn;) AppleWebKit/534.46 (KHTML,like Gecko) Version/5.1 Mobile Safari/10600.6.3 (compatible; Baiduspider/2.0; +http://www.baidu.com/search/spider.html)"
107.183.158.127 - - [07/Sep/2018:02:13:00 +0800] "GET /shanghai/DongMingLu-TaiErZhuangLu/ HTTP/1.0" 500 45533 "-" "Mozilla/5.0 (Linux;u;Android 4.2.2;zh-cn;) AppleWebKit/534.46 (KHTML,like Gecko) Version/5.1 Mobile Safari/10600.6.3 (compatible; Baiduspider/2.0; +http://www.baidu.com/search/spider.html)"
107.183.158.127 - - [07/Sep/2018:02:13:00 +0800] "GET /shanghai/MinLeiLu-FengZhuang/ HTTP/1.0" 500 45448 "-" "Mozilla/5.0 (Linux;u;Android 4.2.2;zh-cn;) AppleWebKit/534.46 (KHTML,like Gecko) Version/5.1 Mobile Safari/10600.6.3 (compatible; Baiduspider/2.0; +http://www.baidu.com/search/spider.html)"
107.183.158.127 - - [07/Sep/2018:02:13:01 +0800] "GET /shanghai/HangJinLu-DianShanHuDaDao/ HTTP/1.0" 500 45550 "-" "Mozilla/5.0 (Linux;u;Android 4.2.2;zh-cn;) AppleWebKit/534.46 (KHTML,like Gecko) Version/5.1 Mobile Safari/10600.6.3 (compatible; Baiduspider/2.0; +http://www.baidu.com/search/spider.html)"
107.183.158.127 - - [07/Sep/2018:02:13:02 +0800] "GET /shanghai/HaiLunLu-ShangHaiNanZhan/ HTTP/1.0" 200 78396 "-" "Mozilla/5.0 (Linux;u;Android 4.2.2;zh-cn;) AppleWebKit/534.46 (KHTML,like Gecko) Version/5.1 Mobile Safari/10600.6.3 (compatible; Baiduspider/2.0; +http://www.baidu.com/search/spider.html)"
107.183.158.127 - - [07/Sep/2018:02:13:16 +0800] "GET /shanghai/FuXingDao-XiePuLu/ HTTP/1.0" 200 78140 "-" "Mozilla/5.0 (compatible; SemrushBot/2~bl; +http://www.semrush.com/bot.html)"
107.183.158.127 - - [07/Sep/2018:02:13:35 +0800] "GET /shijiazhuang/LuoJiaZhuangNan-WeiTong/ HTTP/1.0" 500 45538 "-" "Sogou web spider/4.0(+http://www.sogou.com/docs/help/webmasters.htm#07)"
23.245.54.218 - - [07/Sep/2018:02:13:36 +0800] "GET /co/GG2Rc/953968.html HTTP/1.0" 200 123695 "-" "Sogou web spider/4.0(+http://www.sogou.com/docs/help/webmasters.htm#07)"
107.183.158.127 - - [07/Sep/2018:02:13:37 +0800] "GET /shenzhen/TongYueCun-XiangMeiBei/ HTTP/1.0" 200 78001 "-" "Sogou web spider/4.0(+http://www.sogou.com/docs/help/webmasters.htm#07)"
23.245.54.218 - - [07/Sep/2018:02:13:52 +0800] "POST /co/nfig/AspCms_Config.asp HTTP/1.0" 405 24993 "http://www.114huoche.com/config/AspCms_Config.asp" "Mozilla/4.0 (compatible; MSIE 9.0; Windows NT 6.1)"
23.245.54.218 - - [07/Sep/2018:02:13:54 +0800] "POST /co/nfig/AspCms_Config.asp HTTP/1.0" 405 24993 "http://www.114huoche.com/config/AspCms_Config.asp" "Mozilla/4.0 (compatible; MSIE 9.0; Windows NT 6.1)"
107.183.158.127 - - [07/Sep/2018:02:13:54 +0800] "GET /shenzhen/TaoYuanCun-ShangSha/ HTTP/1.0" 200 78052 "-" "Sogou web spider/4.0(+http://www.sogou.com/docs/help/webmasters.htm#07)"
