23.245.54.218 - - [06/Sep/2018:02:42:43 +0800] "GET /co/pypps/521249.html HTTP/1.0" 500 45480 "http://www.114huoche.com/copypps/521249.html" "Mozilla/5.0 (compatible; MSIE 9.0; Windows NT 6.1; Trident/5.0)"
23.245.54.218 - - [06/Sep/2018:02:42:45 +0800] "GET /co/py/776985.html HTTP/1.0" 200 78048 "http://www.114huoche.com/copy/776985.html" "Mozilla/5.0 (Windows NT 6.1; WOW64) AppleWebKit/537.36 (KHTML, like Gecko) Chrome/50.0.2661.102 Safari/537.36"
23.245.54.218 - - [06/Sep/2018:02:42:46 +0800] "GET /co/GGBIB/748352.html HTTP/1.0" 200 129178 "-" "Mozilla/5.0 (compatible; DotBot/1.1; http://www.opensiteexplorer.org/dotbot, help@moz.com)"
23.245.54.218 - - [06/Sep/2018:02:42:50 +0800] "GET /co/py247 HTTP/1.0" 200 78484 "-" "Mozilla/5.0 (Macintosh; Intel Mac OS X 10_13_6) AppleWebKit/537.36 (KHTML, like Gecko) Chrome/68.0.3440.106 Safari/537.36"
23.245.54.218 - - [06/Sep/2018:02:42:51 +0800] "GET /co/GGksD/ HTTP/1.0" 200 122821 "-" "Mozilla/5.0 (compatible; DotBot/1.1; http://www.opensiteexplorer.org/dotbot, help@moz.com)"
23.245.54.218 - - [06/Sep/2018:02:42:59 +0800] "GET /co/th2015-07-28/5670991458.html HTTP/1.0" 200 77747 "-" "YisouSpider"
23.245.54.218 - - [06/Sep/2018:02:43:02 +0800] "GET /co/nn130 HTTP/1.0" 200 77858 "-" "Mozilla/5.0 (Windows NT 6.2; WOW64) AppleWebKit/537.36 (KHTML, like Gecko) Chrome/35.0.1916.153 Safari/537.36"
107.183.158.127 - - [06/Sep/2018:02:43:04 +0800] "GET /shanghai/YangPuDaQiao-ZhenBeiLu/ HTTP/1.0" 200 78131 "-" "Sogou web spider/4.0(+http://www.sogou.com/docs/help/webmasters.htm#07)"
107.183.158.127 - - [06/Sep/2018:02:43:12 +0800] "GET /shanghai/DaShiJie-XinQiao/ HTTP/1.0" 200 78180 "-" "Sogou web spider/4.0(+http://www.sogou.com/docs/help/webmasters.htm#07)"
23.245.54.218 - - [06/Sep/2018:02:44:15 +0800] "GET /co/nn130 HTTP/1.0" 200 77849 "-" "Mozilla/5.0 (compatible; Baiduspider/2.0; +http://www.baidu.com/search/spider.html)"
107.183.158.127 - - [06/Sep/2018:02:44:19 +0800] "GET /shanghai/ZhenNanLu-CaoXiLu/ HTTP/1.0" 200 77991 "-" "Sogou web spider/4.0(+http://www.sogou.com/docs/help/webmasters.htm#07)"
107.183.158.127 - - [06/Sep/2018:02:44:42 +0800] "GET /shanghai/MeiLanHu-YouYiXiLu/ HTTP/1.0" 200 78467 "-" "Mozilla/5.0 (compatible; SemrushBot/2~bl; +http://www.semrush.com/bot.html)"
23.245.54.218 - - [06/Sep/2018:02:44:46 +0800] "GET /co/ad149 HTTP/1.0" 200 78046 "-" "Mozilla/5.0 (compatible; Baiduspider/2.0; +http://www.baidu.com/search/spider.html)"
107.183.158.127 - - [06/Sep/2018:02:44:50 +0800] "GET /shenzhen/ShuiWan-LongChengXi/ HTTP/1.0" 200 78008 "-" "Sogou web spider/4.0(+http://www.sogou.com/docs/help/webmasters.htm#07)"
23.245.54.218 - - [06/Sep/2018:02:44:50 +0800] "GET /co/WSso8/223733 HTTP/1.0" 200 75915 "http://www.114huoche.com/coWSso8/223733" "Mozilla/5.0 (Windows NT 6.1; WOW64) AppleWebKit/537.36 (KHTML, like Gecko) Chrome/50.0.2661.102 Safari/537.36"
23.245.54.218 - - [06/Sep/2018:02:44:51 +0800] "GET /co/GGMp3/data/attachment/forum/day_080620/20080620_ab69523060f050a878f22QAKxOLdqa6X.jpg HTTP/1.0" 404 564 "http://www.114huoche.com/coGGMp3/850911.html" "Mozilla/5.0 (Windows NT 5.1) AppleWebKit/534.30 (KHTML, like Gecko) Chrome/12.0.742.122 Safari/534.30"
23.245.54.218 - - [06/Sep/2018:02:44:51 +0800] "GET /co/GGMp3/data/attachment/forum/day_080620/20080620_ab69523060f050a878f22QAKxOLdqa6X.jpg HTTP/1.0" 404 564 "http://www.114huoche.com/coGGMp3/850911.html" "Mozilla/5.0 (Windows NT 5.1) AppleWebKit/534.30 (KHTML, like Gecko) Chrome/12.0.742.122 Safari/534.30"
23.245.54.218 - - [06/Sep/2018:02:44:52 +0800] "GET /co/pyqfj/ HTTP/1.0" 200 77742 "http://www.114huoche.com/copyqfj/" "Mozilla/5.0 (Windows NT 6.1; WOW64) AppleWebKit/537.36 (KHTML, like Gecko) Chrome/45.0.2454.101 Safari/537.36"
23.245.54.218 - - [06/Sep/2018:02:44:52 +0800] "GET /co/GGsUE/191447.html HTTP/1.0" 200 118649 "http://www.114huoche.com/coGGsUE/191447.html" "Mozilla/5.0 (Windows NT 6.1; WOW64) AppleWebKit/537.36 (KHTML, like Gecko) Chrome/45.0.2454.101 Safari/537.36"
23.245.54.218 - - [06/Sep/2018:02:44:53 +0800] "GET /co/WSjsp/998685 HTTP/1.0" 200 76147 "http://www.114huoche.com/coWSjsp/998685" "Mozilla/5.0 (Windows NT 6.1; WOW64) AppleWebKit/537.36 (KHTML, like Gecko) Chrome/50.0.2661.102 Safari/537.36"
23.245.54.218 - - [06/Sep/2018:02:44:53 +0800] "GET /co/GGhk5/ HTTP/1.0" 200 119084 "http://www.114huoche.com/coGGhk5/" "Mozilla/5.0 (Windows NT 6.1; rv,2.0.1) Gecko/20100101 Firefox/4.0.1"
23.245.54.218 - - [06/Sep/2018:02:44:53 +0800] "GET /co/pylsf/494684.html HTTP/1.0" 500 45434 "http://www.114huoche.com/copylsf/494684.html" "Mozilla/5.0 (Windows NT 6.1; rv,2.0.1) Gecko/20100101 Firefox/4.0.1"
23.245.54.218 - - [06/Sep/2018:02:44:53 +0800] "GET /co/pyddi/189346.html HTTP/1.0" 500 45480 "http://www.114huoche.com/copyddi/189346.html" "Mozilla/5.0 (Windows NT 6.1; WOW64) AppleWebKit/537.36 (KHTML, like Gecko) Chrome/45.0.2454.101 Safari/537.36"
23.245.54.218 - - [06/Sep/2018:02:44:55 +0800] "GET /co/pyqao/ HTTP/1.0" 500 45108 "http://www.114huoche.com/copyqao/" "Mozilla/5.0 (Windows NT 6.1; WOW64) AppleWebKit/537.36 (KHTML, like Gecko) Chrome/52.0.2743.116 Safari/537.36"
23.245.54.218 - - [06/Sep/2018:02:44:55 +0800] "GET /co/py/967521.html HTTP/1.0" 500 45429 "http://www.114huoche.com/copy/967521.html" "Mozilla/5.0 (Windows NT 6.1; WOW64) AppleWebKit/537.36 (KHTML, like Gecko) Chrome/45.0.2454.101 Safari/537.36"
23.245.54.218 - - [06/Sep/2018:02:44:56 +0800] "GET /co/pyetm/348485.html HTTP/1.0" 500 45480 "http://www.114huoche.com/copyetm/348485.html" "Mozilla/5.0 (Windows NT 6.1; rv,2.0.1) Gecko/20100101 Firefox/4.0.1"
23.245.54.218 - - [06/Sep/2018:02:44:57 +0800] "GET /co/py/336396.html HTTP/1.0" 200 78487 "http://www.114huoche.com/copy/336396.html" "Mozilla/5.0 (Windows NT 6.1; WOW64) AppleWebKit/537.36 (KHTML, like Gecko) Chrome/50.0.2661.102 Safari/537.36"
23.245.54.218 - - [06/Sep/2018:02:44:58 +0800] "GET /co/GGXCz/data/attachment/forum/201305/08/180732jpuukumq7b97p9bc.jpg.thumb.jpg HTTP/1.0" 404 564 "http://www.114huoche.com/coGGXCz/" "Mozilla/5.0 (Windows NT 5.1) AppleWebKit/534.30 (KHTML, like Gecko) Chrome/12.0.742.122 Safari/534.30"
23.245.54.218 - - [06/Sep/2018:02:44:58 +0800] "GET /co/GGXCz/data/attachment/forum/201305/08/180732jpuukumq7b97p9bc.jpg.thumb.jpg HTTP/1.0" 404 564 "http://www.114huoche.com/coGGXCz/" "Mozilla/5.0 (Windows NT 5.1) AppleWebKit/534.30 (KHTML, like Gecko) Chrome/12.0.742.122 Safari/534.30"
23.245.54.218 - - [06/Sep/2018:02:45:02 +0800] "GET /co/nn130.alexareport.cn/%0A HTTP/1.0" 200 78014 "-" "Mozilla/5.0 (Macintosh; Intel Mac OS X 10_13_6) AppleWebKit/537.36 (KHTML, like Gecko) Chrome/68.0.3440.106 Safari/537.36"
107.183.158.127 - - [06/Sep/2018:02:45:17 +0800] "GET /shenzhen/HuangGangKouAn-BiTou/ HTTP/1.0" 200 78377 "-" "Sogou web spider/4.0(+http://www.sogou.com/docs/help/webmasters.htm#07)"
107.183.158.127 - - [06/Sep/2018:02:45:19 +0800] "GET /shenzhen/TianBei-ShenDaDong/ HTTP/1.0" 200 78147 "-" "Sogou web spider/4.0(+http://www.sogou.com/docs/help/webmasters.htm#07)"
107.183.158.127 - - [06/Sep/2018:02:45:21 +0800] "GET /shanghai/DaBaiShu-QinZhouNanLu/ HTTP/1.0" 200 78510 "-" "Sogou web spider/4.0(+http://www.sogou.com/docs/help/webmasters.htm#07)"
23.245.54.218 - - [06/Sep/2018:02:45:31 +0800] "GET /co/ad149 HTTP/1.0" 200 78046 "-" "Mozilla/5.0 (Macintosh; Intel Mac OS X 10_13_6) AppleWebKit/537.36 (KHTML, like Gecko) Chrome/68.0.3440.106 Safari/537.36"
107.183.158.127 - - [06/Sep/2018:02:45:47 +0800] "GET /shenzhen/GuiWan-BuXin/ HTTP/1.0" 200 77733 "-" "Sogou web spider/4.0(+http://www.sogou.com/docs/help/webmasters.htm#07)"
107.183.158.127 - - [06/Sep/2018:02:45:50 +0800] "GET /shenzhen/BiHai-XinQiaoGongYeQu/ HTTP/1.0" 200 78199 "-" "Sogou web spider/4.0(+http://www.sogou.com/docs/help/webmasters.htm#07)"
107.183.158.127 - - [06/Sep/2018:02:45:52 +0800] "GET /shijiazhuang/ShengBoWuGuan-HuoCheZhan/ HTTP/1.0" 200 77743 "-" "Sogou web spider/4.0(+http://www.sogou.com/docs/help/webmasters.htm#07)"
23.245.54.218 - - [06/Sep/2018:02:46:02 +0800] "GET /co/ad148.alexareport.cn/%0A HTTP/1.0" 200 78471 "-" "Mozilla/5.0 (Macintosh; Intel Mac OS X 10_13_6) AppleWebKit/537.36 (KHTML, like Gecko) Chrome/68.0.3440.106 Safari/537.36"
107.183.158.127 - - [06/Sep/2018:02:46:10 +0800] "GET /shanghai/XinQiao-NingGuoLu/ HTTP/1.0" 200 78016 "-" "Mozilla/5.0 (compatible; SemrushBot/2~bl; +http://www.semrush.com/bot.html)"
23.245.54.218 - - [06/Sep/2018:02:46:18 +0800] "GET /co/py248.alexareport.cn/%0A HTTP/1.0" 200 78765 "-" "Mozilla/5.0 (Macintosh; Intel Mac OS X 10_13_6) AppleWebKit/537.36 (KHTML, like Gecko) Chrome/68.0.3440.106 Safari/537.36"
23.245.54.218 - - [06/Sep/2018:02:46:28 +0800] "GET /co/py246 HTTP/1.0" 200 78284 "-" "Mozilla/5.0 (compatible; Baiduspider/2.0; +http://www.baidu.com/search/spider.html)"
23.245.54.218 - - [06/Sep/2018:02:46:40 +0800] "GET /co/nn130 HTTP/1.0" 200 77849 "-" "Mozilla/5.0 (compatible; Baiduspider/2.0; +http://www.baidu.com/search/spider.html)"
107.183.158.127 - - [06/Sep/2018:02:46:49 +0800] "GET /shenzhen/ShanMen-LongSheng/ HTTP/1.0" 200 77797 "-" "Sogou web spider/4.0(+http://www.sogou.com/docs/help/webmasters.htm#07)"
107.183.158.127 - - [06/Sep/2018:02:46:51 +0800] "GET /shenzhen/XiXiang-ShaTouJiao/ HTTP/1.0" 200 78289 "-" "Sogou web spider/4.0(+http://www.sogou.com/docs/help/webmasters.htm#07)"
23.245.54.218 - - [06/Sep/2018:02:46:52 +0800] "GET /co/pycmu/492744.html HTTP/1.0" 200 78013 "http://www.114huoche.com/copycmu/492744.html" "Mozilla/5.0 (Windows NT 6.1; WOW64) AppleWebKit/537.36 (KHTML, like Gecko) Chrome/50.0.2661.102 Safari/537.36"
23.245.54.218 - - [06/Sep/2018:02:46:54 +0800] "GET /co/pygjw/946237.html HTTP/1.0" 200 78100 "http://www.114huoche.com/copygjw/946237.html" "Mozilla/5.0 (Windows NT 6.1; WOW64) AppleWebKit/537.36 (KHTML, like Gecko) Chrome/52.0.2743.116 Safari/537.36"
23.245.54.218 - - [06/Sep/2018:02:46:54 +0800] "GET /co/py/852123.html HTTP/1.0" 500 45383 "http://www.114huoche.com/copy/852123.html" "Mozilla/5.0 (compatible; MSIE 9.0; Windows NT 6.1; Trident/5.0)"
23.245.54.218 - - [06/Sep/2018:02:46:54 +0800] "GET /co/WSxuk/969170.html HTTP/1.0" 200 76225 "http://www.114huoche.com/coWSxuk/969170.html" "Mozilla/5.0 (Windows NT 6.1; WOW64) AppleWebKit/537.36 (KHTML, like Gecko) Chrome/50.0.2661.102 Safari/537.36"
23.245.54.218 - - [06/Sep/2018:02:46:54 +0800] "GET /co/qw2014-07-28/3216012728.html HTTP/1.0" 500 45667 "http://www.114huoche.com/coqw2014-07-28/3216012728.html" "Mozilla/5.0 (Windows NT 6.1; WOW64) AppleWebKit/537.36 (KHTML, like Gecko) Chrome/50.0.2661.102 Safari/537.36"
23.245.54.218 - - [06/Sep/2018:02:46:54 +0800] "GET /co/WSwy7/528829 HTTP/1.0" 200 75921 "http://www.114huoche.com/coWSwy7/528829" "Mozilla/5.0 (Windows NT 6.1; WOW64) AppleWebKit/537.36 (KHTML, like Gecko) Chrome/50.0.2661.102 Safari/537.36"
23.245.54.218 - - [06/Sep/2018:02:46:55 +0800] "GET /co/py/251991.html HTTP/1.0" 500 45429 "http://www.114huoche.com/copy/251991.html" "Mozilla/5.0 (Windows NT 6.1; WOW64) AppleWebKit/537.36 (KHTML, like Gecko) Chrome/50.0.2661.102 Safari/537.36"
23.245.54.218 - - [06/Sep/2018:02:46:55 +0800] "GET /co/py/127418.html HTTP/1.0" 200 78173 "http://www.114huoche.com/copy/127418.html" "Mozilla/5.0 (compatible; MSIE 9.0; Windows NT 6.1; Trident/5.0)"
23.245.54.218 - - [06/Sep/2018:02:46:56 +0800] "GET /co/pyjuq/ HTTP/1.0" 200 78145 "http://www.114huoche.com/copyjuq/" "Mozilla/5.0 (compatible; MSIE 9.0; Windows NT 6.1; Trident/5.0)"
23.245.54.218 - - [06/Sep/2018:02:47:09 +0800] "GET /co/py246 HTTP/1.0" 200 78284 "-" "Mozilla/5.0 (Macintosh; Intel Mac OS X 10_13_6) AppleWebKit/537.36 (KHTML, like Gecko) Chrome/68.0.3440.106 Safari/537.36"
107.183.158.127 - - [06/Sep/2018:02:47:16 +0800] "GET /shenzhen/TangLang-ShuTianPu/ HTTP/1.0" 200 77868 "-" "Sogou web spider/4.0(+http://www.sogou.com/docs/help/webmasters.htm#07)"
107.183.158.127 - - [06/Sep/2018:02:47:21 +0800] "GET /shenzhen/YiJing-BaiShiTang/ HTTP/1.0" 200 78717 "-" "Mozilla/5.0 (compatible; SemrushBot/2~bl; +http://www.semrush.com/bot.html)"
23.245.54.218 - - [06/Sep/2018:02:47:23 +0800] "GET /co/nn130 HTTP/1.0" 200 77849 "-" "Mozilla/5.0 (Macintosh; Intel Mac OS X 10_13_6) AppleWebKit/537.36 (KHTML, like Gecko) Chrome/68.0.3440.106 Safari/537.36"
23.245.54.218 - - [06/Sep/2018:02:47:27 +0800] "POST /co/nfig/AspCms_Config.asp HTTP/1.0" 405 24993 "http://www.114huoche.com//config/AspCms_Config.asp" "Mozilla/4.0 (compatible; MSIE 9.0; Windows NT 6.1)"
23.245.54.218 - - [06/Sep/2018:02:47:28 +0800] "POST /co/nfig/AspCms_Config.asp HTTP/1.0" 405 24993 "http://www.114huoche.com//config/AspCms_Config.asp" "Mozilla/4.0 (compatible; MSIE 9.0; Windows NT 6.1)"
23.245.54.218 - - [06/Sep/2018:02:47:29 +0800] "POST /co/nn1.asp HTTP/1.0" 405 24993 "http://www.114huoche.com//conn1.asp" "Mozilla/4.0 (compatible; MSIE 9.0; Windows NT 6.1)"
23.245.54.218 - - [06/Sep/2018:02:47:32 +0800] "POST /co/ncon.asp HTTP/1.0" 405 24993 "http://www.114huoche.com//concon.asp" "Mozilla/4.0 (compatible; MSIE 9.0; Windows NT 6.1)"
23.245.54.218 - - [06/Sep/2018:02:47:40 +0800] "GET /co/py248 HTTP/1.0" 200 78164 "-" "Mozilla/5.0 (Windows NT 6.2; WOW64) AppleWebKit/537.36 (KHTML, like Gecko) Chrome/35.0.1916.153 Safari/537.36"
107.183.158.127 - - [06/Sep/2018:02:47:57 +0800] "GET /shenzhen/ZhuGuang-ZhouShiLu/ HTTP/1.0" 200 77847 "-" "Mozilla/5.0 (compatible; SemrushBot/2~bl; +http://www.semrush.com/bot.html)"
107.183.158.127 - - [06/Sep/2018:02:48:07 +0800] "GET /shanghai/XiangYinLu-ShangDaLu/ HTTP/1.0" 200 78551 "-" "Mozilla/5.0 (compatible; SemrushBot/2~bl; +http://www.semrush.com/bot.html)"
107.183.158.127 - - [06/Sep/2018:02:48:11 +0800] "GET /shijiazhuang/HuoJuGuangChang-ErShiLiPu/ HTTP/1.0" 500 45572 "http://ditie.114huoche.com/shijiazhuang/HuoJuGuangChang-ErShiLiPu/" "Mozilla/5.0(compatible;MSIE9.0;WindowsNT6.1;Trident/5.0)"
107.183.158.127 - - [06/Sep/2018:02:48:12 +0800] "GET /shenzhen/LianHuaCun-BaoAnGongYuan/ HTTP/1.0" 500 45487 "http://ditie.114huoche.com/shenzhen/LianHuaCun-BaoAnGongYuan/" "Mozilla/5.0(compatible;MSIE9.0;WindowsNT6.1;Trident/5.0)"
107.183.158.127 - - [06/Sep/2018:02:48:13 +0800] "GET /shanghai/GongQingSenLinGongYuan-BiYunLu/ HTTP/1.0" 500 45635 "http://ditie.114huoche.com/shanghai/GongQingSenLinGongYuan-BiYunLu/" "Mozilla/5.0(compatible;MSIE9.0;WindowsNT6.1;Trident/5.0)"
107.183.158.127 - - [06/Sep/2018:02:48:14 +0800] "GET /shanghai/BaoDeLu-GuDaiLu/ HTTP/1.0" 200 78114 "http://ditie.114huoche.com/shanghai/BaoDeLu-GuDaiLu/" "Mozilla/5.0(compatible;MSIE9.0;WindowsNT6.1;Trident/5.0)"
23.245.54.218 - - [06/Sep/2018:02:48:53 +0800] "GET /co/pyvhe/ HTTP/1.0" 200 77738 "http://www.114huoche.com/copyvhe/" "Mozilla/5.0 (Windows NT 6.1; WOW64) AppleWebKit/537.36 (KHTML, like Gecko) Chrome/50.0.2661.102 Safari/537.36"
23.245.54.218 - - [06/Sep/2018:02:48:54 +0800] "GET /co/pyxrw/ HTTP/1.0" 200 78242 "http://www.114huoche.com/copyxrw/" "Mozilla/5.0 (compatible; MSIE 9.0; Windows NT 6.1; Trident/5.0)"
23.245.54.218 - - [06/Sep/2018:02:48:58 +0800] "GET /co/py248 HTTP/1.0" 200 78155 "-" "Mozilla/5.0 (compatible; Baiduspider/2.0; +http://www.baidu.com/search/spider.html)"
23.245.54.218 - - [06/Sep/2018:02:49:07 +0800] "GET /co/ad150.alexareport.cn/%0A HTTP/1.0" 200 78043 "-" "Mozilla/5.0 (Macintosh; Intel Mac OS X 10_13_6) AppleWebKit/537.36 (KHTML, like Gecko) Chrome/68.0.3440.106 Safari/537.36"
23.245.54.218 - - [06/Sep/2018:02:49:09 +0800] "POST /co/nfig/AspCms_Config.asp HTTP/1.0" 405 24993 "http://www.114huoche.com/config/AspCms_Config.asp" "Mozilla/4.0 (compatible; MSIE 9.0; Windows NT 6.1)"
107.183.158.127 - - [06/Sep/2018:02:49:09 +0800] "GET /shenzhen/LuoHu-GongMingXi/ HTTP/1.0" 200 77823 "-" "Sogou web spider/4.0(+http://www.sogou.com/docs/help/webmasters.htm#07)"
106.11.156.122 - - [06/Sep/2018:02:49:25 +0800] "GET /AD/CKXX/css/index0728.css HTTP/1.1" 200 3323 "http://www.114huoche.com/coADd6z6/7531/" "YisouSpider"
107.183.158.127 - - [06/Sep/2018:02:49:33 +0800] "GET /shenzhen/DongAn-NiuHu/ HTTP/1.0" 200 77914 "-" "Mozilla/5.0 (compatible; SemrushBot/2~bl; +http://www.semrush.com/bot.html)"
23.245.54.218 - - [06/Sep/2018:02:50:08 +0800] "GET /co/nn130 HTTP/1.0" 200 77849 "-" "Mozilla/5.0 (compatible; Baiduspider/2.0; +http://www.baidu.com/search/spider.html)"
107.183.158.127 - - [06/Sep/2018:02:50:20 +0800] "GET /shanghai/QinZhouNanLu-DePingLu/ HTTP/1.0" 200 78320 "-" "Sogou web spider/4.0(+http://www.sogou.com/docs/help/webmasters.htm#07)"
107.183.158.127 - - [06/Sep/2018:02:50:27 +0800] "GET /shenzhen/ChuangXinYuan-LiLin/ HTTP/1.0" 500 45393 "http://ditie.114huoche.com/shenzhen/ChuangXinYuan-LiLin/" "Mozilla/5.0(compatible;MSIE9.0;WindowsNT6.1;Trident/5.0)"
107.183.158.127 - - [06/Sep/2018:02:50:27 +0800] "GET /shanghai/YingChunLu-JinXiuLu/ HTTP/1.0" 500 45402 "http://ditie.114huoche.com/shanghai/YingChunLu-JinXiuLu/" "Mozilla/5.0(compatible;MSIE9.0;WindowsNT6.1;Trident/5.0)"
107.183.158.127 - - [06/Sep/2018:02:50:30 +0800] "GET /shenyang/XiuHu-BaKeShu/ HTTP/1.0" 500 45346 "http://ditie.114huoche.com/shenyang/XiuHu-BaKeShu/" "Mozilla/5.0(compatible;MSIE9.0;WindowsNT6.1;Trident/5.0)"
23.245.54.218 - - [06/Sep/2018:02:50:31 +0800] "GET /co/ad150 HTTP/1.0" 200 78645 "-" "Mozilla/5.0 (Windows NT 6.2; WOW64) AppleWebKit/537.36 (KHTML, like Gecko) Chrome/35.0.1916.153 Safari/537.36"
23.245.54.218 - - [06/Sep/2018:02:50:59 +0800] "GET /co/nn131.alexareport.cn/%0A HTTP/1.0" 200 78282 "-" "Mozilla/5.0 (Macintosh; Intel Mac OS X 10_13_6) AppleWebKit/537.36 (KHTML, like Gecko) Chrome/68.0.3440.106 Safari/537.36"
23.245.54.218 - - [06/Sep/2018:02:51:02 +0800] "GET /co/nn130 HTTP/1.0" 200 77849 "-" "Mozilla/5.0 (Macintosh; Intel Mac OS X 10_13_6) AppleWebKit/537.36 (KHTML, like Gecko) Chrome/68.0.3440.106 Safari/537.36"
23.245.54.218 - - [06/Sep/2018:02:51:05 +0800] "GET /co/py/732197.html HTTP/1.0" 500 45383 "http://www.114huoche.com/copy/732197.html" "Mozilla/5.0 (Windows NT 6.1; WOW64) AppleWebKit/537.36 (KHTML, like Gecko) Chrome/52.0.2743.116 Safari/537.36"
23.245.54.218 - - [06/Sep/2018:02:51:06 +0800] "GET /co/HDwm8v9/596346/ HTTP/1.0" 200 75662 "http://www.114huoche.com/coHDwm8v9/596346/" "Mozilla/5.0 (compatible; MSIE 9.0; Windows NT 6.1; Trident/5.0)"
23.245.54.218 - - [06/Sep/2018:02:51:06 +0800] "GET /co/pyojh/263595.html HTTP/1.0" 500 45434 "http://www.114huoche.com/copyojh/263595.html" "Mozilla/5.0 (Windows NT 6.1; WOW64) AppleWebKit/537.36 (KHTML, like Gecko) Chrome/45.0.2454.101 Safari/537.36"
23.245.54.218 - - [06/Sep/2018:02:51:06 +0800] "GET /co/pyjmw/ HTTP/1.0" 500 45062 "http://www.114huoche.com/copyjmw/" "Mozilla/5.0 (Windows NT 6.1; WOW64) AppleWebKit/537.36 (KHTML, like Gecko) Chrome/50.0.2661.102 Safari/537.36"
23.245.54.218 - - [06/Sep/2018:02:51:06 +0800] "GET /co/pynyt/151616.html HTTP/1.0" 500 45434 "http://www.114huoche.com/copynyt/151616.html" "Mozilla/5.0 (compatible; MSIE 9.0; Windows NT 6.1; Trident/5.0)"
23.245.54.218 - - [06/Sep/2018:02:51:08 +0800] "GET /co/pyctu/744125.html HTTP/1.0" 500 45480 "http://www.114huoche.com/copyctu/744125.html" "Mozilla/5.0 (Windows NT 6.1; WOW64) AppleWebKit/537.36 (KHTML, like Gecko) Chrome/50.0.2661.102 Safari/537.36"
23.245.54.218 - - [06/Sep/2018:02:51:08 +0800] "GET /co/ggOCl/808858.html HTTP/1.0" 200 78274 "http://www.114huoche.com/coggOCl/808858.html" "Mozilla/5.0 (Windows NT 6.1; WOW64) AppleWebKit/537.36 (KHTML, like Gecko) Chrome/50.0.2661.102 Safari/537.36"
23.245.54.218 - - [06/Sep/2018:02:51:09 +0800] "GET /co/WS5td/095738.html HTTP/1.0" 200 75598 "http://www.114huoche.com/coWS5td/095738.html" "Mozilla/5.0 (Windows NT 6.1; WOW64) AppleWebKit/537.36 (KHTML, like Gecko) Chrome/52.0.2743.116 Safari/537.36"
23.245.54.218 - - [06/Sep/2018:02:51:10 +0800] "GET /co/py/343485.html HTTP/1.0" 500 45429 "http://www.114huoche.com/copy/343485.html" "Mozilla/5.0 (Windows NT 6.1; WOW64) AppleWebKit/537.36 (KHTML, like Gecko) Chrome/50.0.2661.102 Safari/537.36"
23.245.54.218 - - [06/Sep/2018:02:51:10 +0800] "GET /co/pyrtr/ HTTP/1.0" 200 78581 "http://www.114huoche.com/copyrtr/" "Mozilla/5.0 (Windows NT 6.1; WOW64) AppleWebKit/537.36 (KHTML, like Gecko) Chrome/50.0.2661.102 Safari/537.36"
23.245.54.218 - - [06/Sep/2018:02:51:20 +0800] "GET /co/py247.alexareport.cn/%0A HTTP/1.0" 200 78105 "-" "Mozilla/5.0 (Macintosh; Intel Mac OS X 10_13_6) AppleWebKit/537.36 (KHTML, like Gecko) Chrome/68.0.3440.106 Safari/537.36"
23.245.54.218 - - [06/Sep/2018:02:51:38 +0800] "GET /co/ad148 HTTP/1.0" 200 77717 "-" "Mozilla/5.0 (compatible; Baiduspider/2.0; +http://www.baidu.com/search/spider.html)"
23.245.54.218 - - [06/Sep/2018:02:51:47 +0800] "GET /co/py248 HTTP/1.0" 200 78155 "-" "Mozilla/5.0 (compatible; Baiduspider/2.0; +http://www.baidu.com/search/spider.html)"
107.183.158.127 - - [06/Sep/2018:02:51:55 +0800] "GET /shenzhen/SongGangYiYuan-YangMei/ HTTP/1.0" 200 78148 "-" "Sogou web spider/4.0(+http://www.sogou.com/docs/help/webmasters.htm#07)"
23.245.54.218 - - [06/Sep/2018:02:51:56 +0800] "GET /co/ad150 HTTP/1.0" 200 78636 "-" "Mozilla/5.0 (compatible; Baiduspider/2.0; +http://www.baidu.com/search/spider.html)"
107.183.158.127 - - [06/Sep/2018:02:52:03 +0800] "GET /shenzhen/YongHu-ShiYanXi/ HTTP/1.0" 200 78492 "-" "Sogou web spider/4.0(+http://www.sogou.com/docs/help/webmasters.htm#07)"
23.245.54.218 - - [06/Sep/2018:02:52:12 +0800] "GET /co/ad148 HTTP/1.0" 200 77717 "-" "Mozilla/5.0 (Macintosh; Intel Mac OS X 10_13_6) AppleWebKit/537.36 (KHTML, like Gecko) Chrome/68.0.3440.106 Safari/537.36"
23.245.54.218 - - [06/Sep/2018:02:52:18 +0800] "GET /co/nn131 HTTP/1.0" 200 78137 "-" "Mozilla/5.0 (Windows NT 6.2; WOW64) AppleWebKit/537.36 (KHTML, like Gecko) Chrome/35.0.1916.153 Safari/537.36"
107.183.158.127 - - [06/Sep/2018:02:52:20 +0800] "GET /shenzhen/KeYuan-DongZong/ HTTP/1.0" 200 78519 "-" "Sogou web spider/4.0(+http://www.sogou.com/docs/help/webmasters.htm#07)"
23.245.54.218 - - [06/Sep/2018:02:52:32 +0800] "GET /co/py248 HTTP/1.0" 200 78155 "-" "Mozilla/5.0 (Macintosh; Intel Mac OS X 10_13_6) AppleWebKit/537.36 (KHTML, like Gecko) Chrome/68.0.3440.106 Safari/537.36"
107.183.158.127 - - [06/Sep/2018:02:52:37 +0800] "GET /shanghai/ZiRanBoWuGuan-HouTan/ HTTP/1.0" 200 78747 "-" "Sogou web spider/4.0(+http://www.sogou.com/docs/help/webmasters.htm#07)"
107.183.158.127 - - [06/Sep/2018:02:52:49 +0800] "GET /shenzhen/ChunFengLu-XiLi/ HTTP/1.0" 200 78277 "-" "Sogou web spider/4.0(+http://www.sogou.com/docs/help/webmasters.htm#07)"
107.183.158.127 - - [06/Sep/2018:02:52:50 +0800] "GET /shenzhen/YouXianDianShiTai-AoTiNan/ HTTP/1.0" 500 45550 "http://ditie.114huoche.com/shenzhen/YouXianDianShiTai-AoTiNan/" "Mozilla/5.0(compatible;MSIE9.0;WindowsNT6.1;Trident/5.0)"
107.183.158.127 - - [06/Sep/2018:02:52:52 +0800] "GET /shenzhen/JinHuDao-XiangMi/ HTTP/1.0" 200 78100 "http://ditie.114huoche.com/shenzhen/JinHuDao-XiangMi/" "Mozilla/5.0(compatible;MSIE9.0;WindowsNT6.1;Trident/5.0)"
107.183.158.127 - - [06/Sep/2018:02:53:10 +0800] "GET /shanghai/ZhuMeiLu-ShenBinNanLu/ HTTP/1.0" 200 77833 "-" "Mozilla/5.0 (compatible; SemrushBot/2~bl; +http://www.semrush.com/bot.html)"
107.183.158.127 - - [06/Sep/2018:02:53:13 +0800] "GET /shijiazhuang/ShiZhaoDaiSuo-JunXieXueYuan/ HTTP/1.0" 200 77769 "-" "Sogou web spider/4.0(+http://www.sogou.com/docs/help/webmasters.htm#07)"
107.183.158.127 - - [06/Sep/2018:02:53:17 +0800] "GET /shanghai/ShiBoDaDao-GaoQiaoXi/ HTTP/1.0" 200 77777 "-" "Sogou web spider/4.0(+http://www.sogou.com/docs/help/webmasters.htm#07)"
23.245.54.218 - - [06/Sep/2018:02:53:36 +0800] "GET /co/nn131 HTTP/1.0" 200 78128 "-" "Mozilla/5.0 (compatible; Baiduspider/2.0; +http://www.baidu.com/search/spider.html)"
107.183.158.127 - - [06/Sep/2018:02:54:06 +0800] "GET /shanghai/YunShanLu-JinQiaoChuKouJiaGongQu/ HTTP/1.0" 200 77931 "-" "Sogou web spider/4.0(+http://www.sogou.com/docs/help/webmasters.htm#07)"
107.183.158.127 - - [06/Sep/2018:02:54:18 +0800] "GET /shijiazhuang/HuoJuGuangChang-BeiBaiPi/ HTTP/1.0" 200 78768 "-" "Sogou web spider/4.0(+http://www.sogou.com/docs/help/webmasters.htm#07)"
23.245.54.218 - - [06/Sep/2018:02:54:24 +0800] "GET /co/nn131.alexareport.cn/%0A HTTP/1.0" 200 78273 "-" "Mozilla/5.0 (Macintosh; Intel Mac OS X 10_13_6) AppleWebKit/537.36 (KHTML, like Gecko) Chrome/68.0.3440.106 Safari/537.36"
23.245.54.218 - - [06/Sep/2018:02:54:25 +0800] "GET /co/ad150 HTTP/1.0" 200 78636 "-" "Mozilla/5.0 (compatible; Baiduspider/2.0; +http://www.baidu.com/search/spider.html)"
107.183.158.127 - - [06/Sep/2018:02:54:32 +0800] "GET /shenzhen/BuJi-XiaShiWei/ HTTP/1.0" 200 78243 "-" "Sogou web spider/4.0(+http://www.sogou.com/docs/help/webmasters.htm#07)"
107.183.158.127 - - [06/Sep/2018:02:54:35 +0800] "GET /shanghai/JinHaiLu-FangXinLu/ HTTP/1.0" 500 45374 "http://ditie.114huoche.com/shanghai/JinHaiLu-FangXinLu/" "Mozilla/5.0(compatible;MSIE9.0;WindowsNT6.1;Trident/5.0)"
107.183.158.127 - - [06/Sep/2018:02:54:36 +0800] "GET /shenzhen/QianWan-FuTian/ HTTP/1.0" 500 45363 "http://ditie.114huoche.com/shenzhen/QianWan-FuTian/" "Mozilla/5.0(compatible;MSIE9.0;WindowsNT6.1;Trident/5.0)"
107.183.158.127 - - [06/Sep/2018:02:54:38 +0800] "GET /shanghai/LiangChengLu-GaoQiao/ HTTP/1.0" 200 77299 "http://ditie.114huoche.com/shanghai/LiangChengLu-GaoQiao/" "Mozilla/5.0(compatible;MSIE9.0;WindowsNT6.1;Trident/5.0)"
23.245.54.218 - - [06/Sep/2018:02:54:41 +0800] "GET /co/GGz8N/data/attachment/forum/201304/19/232126ifcc7izckkc87kc8.jpg.thumb.jpg HTTP/1.0" 404 564 "http://www.114huoche.com/coGGz8N/144778.html" "Mozilla/5.0 (Windows NT 5.1) AppleWebKit/534.30 (KHTML, like Gecko) Chrome/12.0.742.122 Safari/534.30"
23.245.54.218 - - [06/Sep/2018:02:54:41 +0800] "GET /co/GGz8N/data/attachment/forum/201304/19/232126ifcc7izckkc87kc8.jpg.thumb.jpg HTTP/1.0" 404 564 "http://www.114huoche.com/coGGz8N/144778.html" "Mozilla/5.0 (Windows NT 5.1) AppleWebKit/534.30 (KHTML, like Gecko) Chrome/12.0.742.122 Safari/534.30"
107.183.158.127 - - [06/Sep/2018:02:54:46 +0800] "GET /shanghai/XinQiao-FanRongLu/ HTTP/1.0" 200 78166 "-" "Mozilla/5.0 (compatible; SemrushBot/2~bl; +http://www.semrush.com/bot.html)"
107.183.158.127 - - [06/Sep/2018:02:54:55 +0800] "GET /shenzhen/NanTou-AiLian/ HTTP/1.0" 200 77727 "-" "Sogou web spider/4.0(+http://www.sogou.com/docs/help/webmasters.htm#07)"
23.245.54.218 - - [06/Sep/2018:02:55:04 +0800] "GET /co/ad150 HTTP/1.0" 200 78636 "-" "Mozilla/5.0 (Macintosh; Intel Mac OS X 10_13_6) AppleWebKit/537.36 (KHTML, like Gecko) Chrome/68.0.3440.106 Safari/537.36"
107.183.158.127 - - [06/Sep/2018:02:55:17 +0800] "GET /shanghai/ZhaoJiaBangLu-FanRongLu/ HTTP/1.0" 200 78036 "-" "Mozilla/5.0 (compatible; SemrushBot/2~bl; +http://www.semrush.com/bot.html)"
107.183.158.127 - - [06/Sep/2018:02:55:22 +0800] "GET /shanghai/XianXiaXiLu-DianShanHuDaDao/ HTTP/1.0" 200 77830 "-" "Sogou web spider/4.0(+http://www.sogou.com/docs/help/webmasters.htm#07)"
23.245.54.218 - - [06/Sep/2018:02:55:26 +0800] "GET /co/pyjxi/ HTTP/1.0" 500 45062 "http://www.114huoche.com/copyjxi/" "Mozilla/5.0 (Windows NT 6.1; WOW64) AppleWebKit/537.36 (KHTML, like Gecko) Chrome/52.0.2743.116 Safari/537.36"
23.245.54.218 - - [06/Sep/2018:02:55:26 +0800] "GET /co/wsyql/685792.html HTTP/1.0" 500 45434 "http://www.114huoche.com/cowsyql/685792.html" "Mozilla/5.0 (Windows NT 6.1; WOW64) AppleWebKit/537.36 (KHTML, like Gecko) Chrome/50.0.2661.102 Safari/537.36"
23.245.54.218 - - [06/Sep/2018:02:55:27 +0800] "GET /co/py/244556.html HTTP/1.0" 200 77420 "http://www.114huoche.com/copy/244556.html" "Mozilla/5.0 (Windows NT 6.1; rv,2.0.1) Gecko/20100101 Firefox/4.0.1"
23.245.54.218 - - [06/Sep/2018:02:55:27 +0800] "GET /co/GGvgi/293337.html HTTP/1.0" 200 121571 "http://www.114huoche.com/coGGvgi/293337.html" "Mozilla/5.0 (compatible; MSIE 9.0; Windows NT 6.1; Trident/5.0)"
107.183.158.127 - - [06/Sep/2018:02:55:28 +0800] "GET /shijiazhuang/DongSanJiao-PingAnDaJie/ HTTP/1.0" 200 77845 "-" "Sogou web spider/4.0(+http://www.sogou.com/docs/help/webmasters.htm#07)"
23.245.54.218 - - [06/Sep/2018:02:55:28 +0800] "GET /co/pyexn/655735.html HTTP/1.0" 500 45434 "http://www.114huoche.com/copyexn/655735.html" "Mozilla/5.0 (Windows NT 6.1; WOW64) AppleWebKit/537.36 (KHTML, like Gecko) Chrome/45.0.2454.101 Safari/537.36"
23.245.54.218 - - [06/Sep/2018:02:55:31 +0800] "GET /co/py/137883.html HTTP/1.0" 500 45429 "http://www.114huoche.com/copy/137883.html" "Mozilla/5.0 (Windows NT 6.1; WOW64) AppleWebKit/537.36 (KHTML, like Gecko) Chrome/50.0.2661.102 Safari/537.36"
23.245.54.218 - - [06/Sep/2018:02:55:31 +0800] "GET /co/py/167262.html HTTP/1.0" 200 78101 "http://www.114huoche.com/copy/167262.html" "Mozilla/5.0 (Windows NT 6.1; WOW64) AppleWebKit/537.36 (KHTML, like Gecko) Chrome/50.0.2661.102 Safari/537.36"
107.183.158.127 - - [06/Sep/2018:02:55:48 +0800] "GET /shenzhen/DongLian-TaoYuanJu/ HTTP/1.0" 200 78247 "-" "Sogou web spider/4.0(+http://www.sogou.com/docs/help/webmasters.htm#07)"
107.183.158.127 - - [06/Sep/2018:02:55:51 +0800] "GET /shanghai/XuJingBeiCheng-HuaiHaiZhongLu/ HTTP/1.0" 500 45618 "-" "Sogou web spider/4.0(+http://www.sogou.com/docs/help/webmasters.htm#07)"
107.183.158.127 - - [06/Sep/2018:02:55:52 +0800] "GET /shenzhen/SongGangXi-ChangLong/ HTTP/1.0" 200 77497 "-" "Sogou web spider/4.0(+http://www.sogou.com/docs/help/webmasters.htm#07)"
107.183.158.127 - - [06/Sep/2018:02:55:57 +0800] "GET /shanghai/NenJiangLu-XiaoNanMen/ HTTP/1.0" 200 78430 "-" "Mozilla/5.0 (compatible; SemrushBot/2~bl; +http://www.semrush.com/bot.html)"
23.245.54.218 - - [06/Sep/2018:02:55:58 +0800] "GET /co/nn131 HTTP/1.0" 200 78128 "-" "Mozilla/5.0 (compatible; Baiduspider/2.0; +http://www.baidu.com/search/spider.html)"
107.183.158.127 - - [06/Sep/2018:02:56:07 +0800] "GET /shanghai/YinDuLu-ZhenNanLu/ HTTP/1.0" 200 77650 "-" "Sogou web spider/4.0(+http://www.sogou.com/docs/help/webmasters.htm#07)"
23.245.54.218 - - [06/Sep/2018:02:56:12 +0800] "GET /co/py249.alexareport.cn/%0A HTTP/1.0" 500 45553 "-" "Mozilla/5.0 (Macintosh; Intel Mac OS X 10_13_6) AppleWebKit/537.36 (KHTML, like Gecko) Chrome/68.0.3440.106 Safari/537.36"
107.183.158.127 - - [06/Sep/2018:02:56:14 +0800] "GET /shanghai/ChuanQiaoLu-DaLianLu/ HTTP/1.0" 200 77801 "-" "Sogou web spider/4.0(+http://www.sogou.com/docs/help/webmasters.htm#07)"
23.245.54.218 - - [06/Sep/2018:02:56:21 +0800] "GET /co/ad149.alexareport.cn/%0A HTTP/1.0" 200 78065 "-" "Mozilla/5.0 (Macintosh; Intel Mac OS X 10_13_6) AppleWebKit/537.36 (KHTML, like Gecko) Chrome/68.0.3440.106 Safari/537.36"
107.183.158.127 - - [06/Sep/2018:02:56:23 +0800] "GET /shanghai/FangDianLu-BeiXinJing/ HTTP/1.0" 200 77985 "http://ditie.114huoche.com/shanghai/FangDianLu-BeiXinJing/" "Mozilla/5.0(compatible;MSIE9.0;WindowsNT6.1;Trident/5.0)"
107.183.158.127 - - [06/Sep/2018:02:56:27 +0800] "GET /shenzhen/MeiLinDong-YangMei/ HTTP/1.0" 200 78452 "-" "Sogou web spider/4.0(+http://www.sogou.com/docs/help/webmasters.htm#07)"
107.183.158.127 - - [06/Sep/2018:02:56:38 +0800] "GET /shanghai/BeiXinJing-BiYunLu/ HTTP/1.0" 200 77747 "-" "Sogou web spider/4.0(+http://www.sogou.com/docs/help/webmasters.htm#07)"
23.245.54.218 - - [06/Sep/2018:02:56:42 +0800] "GET /co/nn131 HTTP/1.0" 200 78128 "-" "Mozilla/5.0 (Macintosh; Intel Mac OS X 10_13_6) AppleWebKit/537.36 (KHTML, like Gecko) Chrome/68.0.3440.106 Safari/537.36"
107.183.158.127 - - [06/Sep/2018:02:56:56 +0800] "GET /shenzhen/ShaJingSanCun-TangKeng/ HTTP/1.0" 500 45499 "-" "Sogou web spider/4.0(+http://www.sogou.com/docs/help/webmasters.htm#07)"
107.183.158.127 - - [06/Sep/2018:02:56:58 +0800] "GET /shenzhen/MeiLinDong-GangXia/ HTTP/1.0" 200 77953 "-" "Sogou web spider/4.0(+http://www.sogou.com/docs/help/webmasters.htm#07)"
107.183.158.127 - - [06/Sep/2018:02:57:01 +0800] "GET /shenzhen/ShanCheng-ChuangYe/ HTTP/1.0" 200 78555 "-" "Sogou web spider/4.0(+http://www.sogou.com/docs/help/webmasters.htm#07)"
107.183.158.127 - - [06/Sep/2018:02:57:11 +0800] "GET /shenzhen/ShiLongGongLu-HeAo/ HTTP/1.0" 200 78173 "-" "Sogou web spider/4.0(+http://www.sogou.com/docs/help/webmasters.htm#07)"
107.183.158.127 - - [06/Sep/2018:02:57:15 +0800] "GET /shenzhen/LongJing-LongXiangDaDao/ HTTP/1.0" 200 77492 "-" "Sogou web spider/4.0(+http://www.sogou.com/docs/help/webmasters.htm#07)"
107.183.158.127 - - [06/Sep/2018:02:57:19 +0800] "GET /shanghai/BeiXinJing-BaiSeLu/ HTTP/1.0" 200 78925 "-" "Sogou web spider/4.0(+http://www.sogou.com/docs/help/webmasters.htm#07)"
23.245.54.218 - - [06/Sep/2018:02:57:23 +0800] "GET /co/py247 HTTP/1.0" 200 78484 "-" "Mozilla/5.0 (compatible; Baiduspider/2.0; +http://www.baidu.com/search/spider.html)"
107.183.158.127 - - [06/Sep/2018:02:57:24 +0800] "GET /shijiazhuang/JunYiYiYuan-LuQuanYiZhong/ HTTP/1.0" 200 78115 "-" "Sogou web spider/4.0(+http://www.sogou.com/docs/help/webmasters.htm#07)"
107.183.158.127 - - [06/Sep/2018:02:57:27 +0800] "GET /shenzhen/JiHeGaoSu-ZhuGuang/ HTTP/1.0" 200 77800 "-" "Sogou web spider/4.0(+http://www.sogou.com/docs/help/webmasters.htm#07)"
107.183.158.127 - - [06/Sep/2018:02:57:31 +0800] "GET /shanghai/ZhenNanLu-SanMenLu/ HTTP/1.0" 200 77894 "-" "Sogou web spider/4.0(+http://www.sogou.com/docs/help/webmasters.htm#07)"
23.245.54.218 - - [06/Sep/2018:02:57:37 +0800] "GET /co/py249 HTTP/1.0" 200 77780 "-" "Mozilla/5.0 (Windows NT 6.2; WOW64) AppleWebKit/537.36 (KHTML, like Gecko) Chrome/35.0.1916.153 Safari/537.36"
107.183.158.127 - - [06/Sep/2018:02:57:42 +0800] "GET /shanghai/BaiYinLu-LingYanNanLu/ HTTP/1.0" 200 77928 "-" "Sogou web spider/4.0(+http://www.sogou.com/docs/help/webmasters.htm#07)"
107.183.158.127 - - [06/Sep/2018:02:57:52 +0800] "GET /shanghai/CaoHeJingKaiFaQu-XiangYinLu/ HTTP/1.0" 200 77682 "-" "Mozilla/5.0 (compatible; SemrushBot/2~bl; +http://www.semrush.com/bot.html)"
23.245.54.218 - - [06/Sep/2018:02:58:01 +0800] "GET /co/py247 HTTP/1.0" 200 78484 "-" "Mozilla/5.0 (Macintosh; Intel Mac OS X 10_13_6) AppleWebKit/537.36 (KHTML, like Gecko) Chrome/68.0.3440.106 Safari/537.36"
107.183.158.127 - - [06/Sep/2018:02:58:02 +0800] "GET /shanghai/NanDaLu-ShangHaiMaXiCheng/ HTTP/1.0" 200 78406 "-" "Sogou web spider/4.0(+http://www.sogou.com/docs/help/webmasters.htm#07)"
107.183.158.127 - - [06/Sep/2018:02:58:07 +0800] "GET /shanghai/BaoAnGongLu-LongYangLu/ HTTP/1.0" 200 78013 "-" "Sogou web spider/4.0(+http://www.sogou.com/docs/help/webmasters.htm#07)"
107.183.158.127 - - [06/Sep/2018:02:58:18 +0800] "GET /shanghai/DaMuQiaoLu-HongQiao2HaoHangZhanLou/ HTTP/1.0" 200 78245 "-" "Sogou web spider/4.0(+http://www.sogou.com/docs/help/webmasters.htm#07)"
107.183.158.127 - - [06/Sep/2018:02:58:21 +0800] "GET /shanghai/GuDaiLu-SongJiangDaXueCheng/ HTTP/1.0" 200 78013 "-" "Sogou web spider/4.0(+http://www.sogou.com/docs/help/webmasters.htm#07)"
107.183.158.127 - - [06/Sep/2018:02:58:27 +0800] "GET /shanghai/LongJuLu-BeiZhaiLu/ HTTP/1.0" 200 77503 "-" "Mozilla/5.0 (compatible; SemrushBot/2~bl; +http://www.semrush.com/bot.html)"
107.183.158.127 - - [06/Sep/2018:02:58:32 +0800] "GET /shanghai/HuaNingLu-ZhuanXingDongLu/ HTTP/1.0" 200 77781 "-" "Sogou web spider/4.0(+http://www.sogou.com/docs/help/webmasters.htm#07)"
107.183.158.127 - - [06/Sep/2018:02:58:35 +0800] "GET /shanghai/ZhouPuDong-ShangDaLu/ HTTP/1.0" 200 78159 "-" "Sogou web spider/4.0(+http://www.sogou.com/docs/help/webmasters.htm#07)"
23.245.54.218 - - [06/Sep/2018:02:58:38 +0800] "GET /co/ad151.alexareport.cn/%0A HTTP/1.0" 200 78405 "-" "Mozilla/5.0 (Macintosh; Intel Mac OS X 10_13_6) AppleWebKit/537.36 (KHTML, like Gecko) Chrome/68.0.3440.106 Safari/537.36"
107.183.158.127 - - [06/Sep/2018:02:58:48 +0800] "GET /shanghai/ZhongXingLu-PuDianLu6HaoXian/ HTTP/1.0" 500 45601 "http://ditie.114huoche.com/shanghai/ZhongXingLu-PuDianLu6HaoXian/" "Mozilla/5.0(compatible;MSIE9.0;WindowsNT6.1;Trident/5.0)"
107.183.158.127 - - [06/Sep/2018:02:58:49 +0800] "GET /shanghai/JiangQiao-MinHangKaiFaQu/ HTTP/1.0" 500 45533 "http://ditie.114huoche.com/shanghai/JiangQiao-MinHangKaiFaQu/" "Mozilla/5.0(compatible;MSIE9.0;WindowsNT6.1;Trident/5.0)"
107.183.158.127 - - [06/Sep/2018:02:58:49 +0800] "GET /shanghai/MinHangDaXueCheng-ShangHaiTuShuGuan/ HTTP/1.0" 500 45720 "-" "Sogou web spider/4.0(+http://www.sogou.com/docs/help/webmasters.htm#07)"
107.183.158.127 - - [06/Sep/2018:02:58:50 +0800] "GET /shenzhen/TongLe-LouCun/ HTTP/1.0" 200 77692 "http://ditie.114huoche.com/shenzhen/TongLe-LouCun/" "Mozilla/5.0(compatible;MSIE9.0;WindowsNT6.1;Trident/5.0)"
23.245.54.218 - - [06/Sep/2018:02:59:05 +0800] "GET /co/py249 HTTP/1.0" 200 77771 "-" "Mozilla/5.0 (compatible; Baiduspider/2.0; +http://www.baidu.com/search/spider.html)"
23.245.54.218 - - [06/Sep/2018:02:59:20 +0800] "GET /co/pyldo/ HTTP/1.0" 500 45108 "http://www.114huoche.com/copyldo/" "Mozilla/5.0 (Windows NT 6.1; WOW64) AppleWebKit/537.36 (KHTML, like Gecko) Chrome/45.0.2454.101 Safari/537.36"
23.245.54.218 - - [06/Sep/2018:02:59:21 +0800] "GET /co/pypip/ HTTP/1.0" 200 77484 "http://www.114huoche.com/copypip/" "Mozilla/5.0 (Windows NT 6.1; rv,2.0.1) Gecko/20100101 Firefox/4.0.1"
23.245.54.218 - - [06/Sep/2018:02:59:21 +0800] "GET /co/WStit/990499 HTTP/1.0" 200 76303 "http://www.114huoche.com/coWStit/990499" "Mozilla/5.0 (Windows NT 6.1; WOW64) AppleWebKit/537.36 (KHTML, like Gecko) Chrome/45.0.2454.101 Safari/537.36"
23.245.54.218 - - [06/Sep/2018:02:59:22 +0800] "GET /co/GGSFz/797228.html HTTP/1.0" 200 123189 "http://www.114huoche.com/coGGSFz/797228.html" "Mozilla/5.0 (Windows NT 6.1; WOW64) AppleWebKit/537.36 (KHTML, like Gecko) Chrome/45.0.2454.101 Safari/537.36"
23.245.54.218 - - [06/Sep/2018:02:59:22 +0800] "GET /co/GGhxW/392043.html HTTP/1.0" 200 119847 "http://www.114huoche.com/coGGhxW/392043.html" "Mozilla/5.0 (Windows NT 6.1; WOW64) AppleWebKit/537.36 (KHTML, like Gecko) Chrome/52.0.2743.116 Safari/537.36"
23.245.54.218 - - [06/Sep/2018:02:59:25 +0800] "GET /co/pyxgs/ HTTP/1.0" 500 45108 "http://www.114huoche.com/copyxgs/" "Mozilla/5.0 (Windows NT 6.1; rv,2.0.1) Gecko/20100101 Firefox/4.0.1"
23.245.54.218 - - [06/Sep/2018:02:59:26 +0800] "GET /co/pyfvq/991449.html HTTP/1.0" 500 45480 "http://www.114huoche.com/copyfvq/991449.html" "Mozilla/5.0 (Windows NT 6.1; WOW64) AppleWebKit/537.36 (KHTML, like Gecko) Chrome/52.0.2743.116 Safari/537.36"
23.245.54.218 - - [06/Sep/2018:02:59:26 +0800] "GET /co/pysgx/ HTTP/1.0" 500 45108 "http://www.114huoche.com/copysgx/" "Mozilla/5.0 (Windows NT 6.1; rv,2.0.1) Gecko/20100101 Firefox/4.0.1"
23.245.54.218 - - [06/Sep/2018:02:59:26 +0800] "GET /co/wslmw/452962.html HTTP/1.0" 200 78303 "http://www.114huoche.com/cowslmw/452962.html" "Mozilla/5.0 (compatible; MSIE 9.0; Windows NT 6.1; Trident/5.0)"
107.183.158.127 - - [06/Sep/2018:02:59:34 +0800] "GET /shenzhen/JinRongCheng-XueXiang/ HTTP/1.0" 200 78223 "-" "Mozilla/5.0 (compatible; SemrushBot/2~bl; +http://www.semrush.com/bot.html)"
23.245.54.218 - - [06/Sep/2018:02:59:35 +0800] "GET /co/nn131 HTTP/1.0" 200 78128 "-" "Mozilla/5.0 (compatible; Baiduspider/2.0; +http://www.baidu.com/search/spider.html)"
107.183.158.127 - - [06/Sep/2018:02:59:43 +0800] "GET /shanghai/HeChuanLu-LiuHang/ HTTP/1.0" 200 77755 "-" "Sogou web spider/4.0(+http://www.sogou.com/docs/help/webmasters.htm#07)"
23.245.54.218 - - [06/Sep/2018:02:59:59 +0800] "GET /co/ad151 HTTP/1.0" 200 77640 "-" "Mozilla/5.0 (Windows NT 6.2; WOW64) AppleWebKit/537.36 (KHTML, like Gecko) Chrome/35.0.1916.153 Safari/537.36"
107.183.158.127 - - [06/Sep/2018:03:00:03 +0800] "GET /shanghai/HuaiHaiZhongLu-SiPingLu/ HTTP/1.0" 200 77414 "-" "Sogou web spider/4.0(+http://www.sogou.com/docs/help/webmasters.htm#07)"
107.183.158.127 - - [06/Sep/2018:03:00:12 +0800] "GET /shenzhen/LongDongCunWei-HuiZhanZhongXin/ HTTP/1.0" 200 78309 "-" "Sogou web spider/4.0(+http://www.sogou.com/docs/help/webmasters.htm#07)"
23.245.54.218 - - [06/Sep/2018:03:00:23 +0800] "GET /co/nn132.alexareport.cn/%0A HTTP/1.0" 200 78192 "-" "Mozilla/5.0 (Macintosh; Intel Mac OS X 10_13_6) AppleWebKit/537.36 (KHTML, like Gecko) Chrome/68.0.3440.106 Safari/537.36"
23.245.54.218 - - [06/Sep/2018:03:00:33 +0800] "GET /co/nn131 HTTP/1.0" 200 78128 "-" "Mozilla/5.0 (Macintosh; Intel Mac OS X 10_13_6) AppleWebKit/537.36 (KHTML, like Gecko) Chrome/68.0.3440.106 Safari/537.36"
107.183.158.127 - - [06/Sep/2018:03:01:15 +0800] "GET /shenzhen/FuYongBei-XiaShuiJing/ HTTP/1.0" 200 77835 "-" "Sogou web spider/4.0(+http://www.sogou.com/docs/help/webmasters.htm#07)"
107.183.158.127 - - [06/Sep/2018:03:01:34 +0800] "GET /shenzhen/JiHeGaoSu-HuBei/ HTTP/1.0" 200 78110 "-" "Sogou web spider/4.0(+http://www.sogou.com/docs/help/webmasters.htm#07)"
107.183.158.127 - - [06/Sep/2018:03:01:35 +0800] "GET /shenzhen/DiSanYiYuan-HeXi/ HTTP/1.0" 200 78229 "-" "Sogou web spider/4.0(+http://www.sogou.com/docs/help/webmasters.htm#07)"
23.245.54.218 - - [06/Sep/2018:03:01:35 +0800] "GET /co/ad151 HTTP/1.0" 200 77631 "-" "Mozilla/5.0 (compatible; Baiduspider/2.0; +http://www.baidu.com/search/spider.html)"
23.245.54.218 - - [06/Sep/2018:03:01:39 +0800] "GET /co/ad149 HTTP/1.0" 200 78046 "-" "Mozilla/5.0 (compatible; Baiduspider/2.0; +http://www.baidu.com/search/spider.html)"
107.183.158.127 - - [06/Sep/2018:03:01:41 +0800] "GET /shenzhen/JiangLing-QianBao/ HTTP/1.0" 500 45414 "http://ditie.114huoche.com/shenzhen/JiangLing-QianBao/" "Mozilla/5.0(compatible;MSIE9.0;WindowsNT6.1;Trident/5.0)"
107.183.158.127 - - [06/Sep/2018:03:01:43 +0800] "GET /shenzhen/GaoXinQu-ShuangLong/ HTTP/1.0" 200 78112 "http://ditie.114huoche.com/shenzhen/GaoXinQu-ShuangLong/" "Mozilla/5.0(compatible;MSIE9.0;WindowsNT6.1;Trident/5.0)"
23.245.54.218 - - [06/Sep/2018:03:01:45 +0800] "GET /co/GGz8N/data/attachment/forum/201304/19/232126ifcc7izckkc87kc8.jpg.thumb.jpg HTTP/1.0" 404 564 "http://www.114huoche.com/coGGz8N/144778.html" "Mozilla/5.0 (Windows NT 5.1) AppleWebKit/534.30 (KHTML, like Gecko) Chrome/12.0.742.122 Safari/534.30"
23.245.54.218 - - [06/Sep/2018:03:01:45 +0800] "GET /co/GGz8N/data/attachment/forum/201304/19/232126ifcc7izckkc87kc8.jpg.thumb.jpg HTTP/1.0" 404 564 "http://www.114huoche.com/coGGz8N/144778.html" "Mozilla/5.0 (Windows NT 5.1) AppleWebKit/534.30 (KHTML, like Gecko) Chrome/12.0.742.122 Safari/534.30"
23.245.54.218 - - [06/Sep/2018:03:01:48 +0800] "GET /co/nn132 HTTP/1.0" 200 77599 "-" "Mozilla/5.0 (Windows NT 6.2; WOW64) AppleWebKit/537.36 (KHTML, like Gecko) Chrome/35.0.1916.153 Safari/537.36"
107.183.158.127 - - [06/Sep/2018:03:01:55 +0800] "GET /shenzhen/CuiZhu-XiaShiWei/ HTTP/1.0" 200 77478 "-" "Sogou web spider/4.0(+http://www.sogou.com/docs/help/webmasters.htm#07)"
23.245.54.218 - - [06/Sep/2018:03:02:00 +0800] "GET /co/py248.alexareport.cn/%0A HTTP/1.0" 200 78756 "-" "Mozilla/5.0 (Macintosh; Intel Mac OS X 10_13_6) AppleWebKit/537.36 (KHTML, like Gecko) Chrome/68.0.3440.106 Safari/537.36"
23.245.54.218 - - [06/Sep/2018:03:02:05 +0800] "GET /co/py249 HTTP/1.0" 200 77771 "-" "Mozilla/5.0 (compatible; Baiduspider/2.0; +http://www.baidu.com/search/spider.html)"
107.183.158.127 - - [06/Sep/2018:03:02:06 +0800] "GET /shanghai/list_time HTTP/1.0" 200 77939 "http://www.baidu.com/s?wd=with83w" "Mozilla/5.0 (Windows NT 6.1; WOW64; rv:43.0) Gecko/20100101 Firefox/43.0"
111.206.36.144 - - [06/Sep/2018:03:02:06 +0800] "GET /data/AD/css/index.css HTTP/1.1" 200 5536 "http://ditie.114huoche.com/shanghai/list_time" "Mozilla/5.0 (Windows NT 6.1; WOW64; rv:43.0) Gecko/20100101 Firefox/43.0"
111.206.36.132 - - [06/Sep/2018:03:02:06 +0800] "GET /data/AD/js/push.js HTTP/1.1" 200 653 "http://ditie.114huoche.com/shanghai/list_time" "Mozilla/5.0 (Windows NT 6.1; WOW64; rv:43.0) Gecko/20100101 Firefox/43.0"
111.206.36.136 - - [06/Sep/2018:03:02:06 +0800] "GET /data/AD/js/jQuery.js HTTP/1.1" 200 39002 "http://ditie.114huoche.com/shanghai/list_time" "Mozilla/5.0 (Windows NT 6.1; WOW64; rv:43.0) Gecko/20100101 Firefox/43.0"
111.206.36.10 - - [06/Sep/2018:03:02:06 +0800] "GET /data/AD/js/index.js HTTP/1.1" 200 671 "http://ditie.114huoche.com/shanghai/list_time" "Mozilla/5.0 (Windows NT 6.1; WOW64; rv:43.0) Gecko/20100101 Firefox/43.0"
111.206.36.18 - - [06/Sep/2018:03:02:06 +0800] "GET /data/AD/js/tiaozhuanjs.js HTTP/1.1" 200 58 "http://ditie.114huoche.com/shanghai/list_time" "Mozilla/5.0 (Windows NT 6.1; WOW64; rv:43.0) Gecko/20100101 Firefox/43.0"
23.245.54.218 - - [06/Sep/2018:03:02:11 +0800] "GET /co/ad149 HTTP/1.0" 200 78046 "-" "Mozilla/5.0 (Macintosh; Intel Mac OS X 10_13_6) AppleWebKit/537.36 (KHTML, like Gecko) Chrome/68.0.3440.106 Safari/537.36"
107.183.158.127 - - [06/Sep/2018:03:02:16 +0800] "GET /shenzhen/LongXiangDaDao-JiChangDong/ HTTP/1.0" 200 78308 "-" "Sogou web spider/4.0(+http://www.sogou.com/docs/help/webmasters.htm#07)"
107.183.158.127 - - [06/Sep/2018:03:02:38 +0800] "GET /shanghai/BiYunLu-LuJiaZui/ HTTP/1.0" 200 77727 "-" "Sogou web spider/4.0(+http://www.sogou.com/docs/help/webmasters.htm#07)"
23.245.54.218 - - [06/Sep/2018:03:02:45 +0800] "GET /co/py249 HTTP/1.0" 200 77771 "-" "Mozilla/5.0 (Macintosh; Intel Mac OS X 10_13_6) AppleWebKit/537.36 (KHTML, like Gecko) Chrome/68.0.3440.106 Safari/537.36"
107.183.158.127 - - [06/Sep/2018:03:03:05 +0800] "GET /shanghai/AnShanXinCun-ChangJiangNanLu/ HTTP/1.0" 200 78369 "-" "Mozilla/5.0 (compatible; SemrushBot/2~bl; +http://www.semrush.com/bot.html)"
107.183.158.127 - - [06/Sep/2018:03:03:26 +0800] "GET /shanghai/HengShanLu-HongQiao2HaoHangZhanLou/ HTTP/1.0" 200 78015 "-" "Sogou web spider/4.0(+http://www.sogou.com/docs/help/webmasters.htm#07)"
23.245.54.218 - - [06/Sep/2018:03:03:30 +0800] "GET /co/nn132 HTTP/1.0" 200 77590 "-" "Mozilla/5.0 (compatible; Baiduspider/2.0; +http://www.baidu.com/search/spider.html)"
23.245.54.218 - - [06/Sep/2018:03:03:45 +0800] "GET /co/ad151 HTTP/1.0" 200 77631 "-" "Mozilla/5.0 (compatible; Baiduspider/2.0; +http://www.baidu.com/search/spider.html)"
107.183.158.127 - - [06/Sep/2018:03:03:47 +0800] "GET /shenzhen/ShanMen-GongHeCun/ HTTP/1.0" 500 45414 "-" "Sogou web spider/4.0(+http://www.sogou.com/docs/help/webmasters.htm#07)"
107.183.158.127 - - [06/Sep/2018:03:03:48 +0800] "GET /shenzhen/ShangMeiLin-QiaoChengNan/ HTTP/1.0" 200 77857 "-" "Sogou web spider/4.0(+http://www.sogou.com/docs/help/webmasters.htm#07)"
23.245.54.218 - - [06/Sep/2018:03:03:48 +0800] "GET /co/pyhnk/342229.html HTTP/1.0" 200 79014 "http://www.114huoche.com/copyhnk/342229.html" "Mozilla/5.0 (Windows NT 6.1; rv,2.0.1) Gecko/20100101 Firefox/4.0.1"
23.245.54.218 - - [06/Sep/2018:03:03:49 +0800] "GET /co/pyztt/ HTTP/1.0" 500 45062 "http://www.114huoche.com/copyztt/" "Mozilla/5.0 (compatible; MSIE 9.0; Windows NT 6.1; Trident/5.0)"
23.245.54.218 - - [06/Sep/2018:03:03:49 +0800] "GET /co/pylos/336498.html HTTP/1.0" 500 45434 "http://www.114huoche.com/copylos/336498.html" "Mozilla/5.0 (Windows NT 6.1; WOW64) AppleWebKit/537.36 (KHTML, like Gecko) Chrome/45.0.2454.101 Safari/537.36"
23.245.54.218 - - [06/Sep/2018:03:03:49 +0800] "GET /co/pyvpv/194261.html HTTP/1.0" 500 45480 "http://www.114huoche.com/copyvpv/194261.html" "Mozilla/5.0 (Windows NT 6.1; rv,2.0.1) Gecko/20100101 Firefox/4.0.1"
23.245.54.218 - - [06/Sep/2018:03:03:50 +0800] "GET /co/ggMEN/ HTTP/1.0" 200 77683 "http://www.114huoche.com/coggMEN/" "Mozilla/5.0 (Windows NT 6.1; rv,2.0.1) Gecko/20100101 Firefox/4.0.1"
23.245.54.218 - - [06/Sep/2018:03:03:50 +0800] "GET /co/WSoy8/704059.html HTTP/1.0" 200 75964 "http://www.114huoche.com/coWSoy8/704059.html" "Mozilla/5.0 (Windows NT 6.1; WOW64) AppleWebKit/537.36 (KHTML, like Gecko) Chrome/50.0.2661.102 Safari/537.36"
23.245.54.218 - - [06/Sep/2018:03:03:50 +0800] "GET /co/WSe8d/240640.html HTTP/1.0" 200 76041 "http://www.114huoche.com/coWSe8d/240640.html" "Mozilla/5.0 (Windows NT 6.1; WOW64) AppleWebKit/537.36 (KHTML, like Gecko) Chrome/50.0.2661.102 Safari/537.36"
23.245.54.218 - - [06/Sep/2018:03:03:51 +0800] "GET /co/py/377182.html HTTP/1.0" 200 78288 "http://www.114huoche.com/copy/377182.html" "Mozilla/5.0 (Windows NT 6.1; WOW64) AppleWebKit/537.36 (KHTML, like Gecko) Chrome/45.0.2454.101 Safari/537.36"
23.245.54.218 - - [06/Sep/2018:03:03:51 +0800] "GET /co/HDqq9ge/663225/ HTTP/1.0" 200 75932 "http://www.114huoche.com/coHDqq9ge/663225/" "Mozilla/5.0 (Windows NT 6.1; WOW64) AppleWebKit/537.36 (KHTML, like Gecko) Chrome/45.0.2454.101 Safari/537.36"
23.245.54.218 - - [06/Sep/2018:03:03:52 +0800] "GET /co/pyjjf/ HTTP/1.0" 200 78549 "http://www.114huoche.com/copyjjf/" "Mozilla/5.0 (Windows NT 6.1; WOW64) AppleWebKit/537.36 (KHTML, like Gecko) Chrome/50.0.2661.102 Safari/537.36"
23.245.54.218 - - [06/Sep/2018:03:03:52 +0800] "GET /co/LUoml0v/62xk6.html HTTP/1.0" 500 45444 "http://www.114huoche.com/coLUoml0v/62xk6.html" "Mozilla/5.0 (Windows NT 6.1; WOW64) AppleWebKit/537.36 (KHTML, like Gecko) Chrome/45.0.2454.101 Safari/537.36"
23.245.54.218 - - [06/Sep/2018:03:03:52 +0800] "GET /co/GGXwT/654634.html HTTP/1.0" 200 164053 "http://www.114huoche.com/coGGXwT/654634.html" "Mozilla/5.0 (Windows NT 6.1; WOW64) AppleWebKit/537.36 (KHTML, like Gecko) Chrome/50.0.2661.102 Safari/537.36"
23.245.54.218 - - [06/Sep/2018:03:03:56 +0800] "GET /co/pyiuj/799276.html HTTP/1.0" 500 45480 "http://www.114huoche.com/copyiuj/799276.html" "Mozilla/5.0 (compatible; MSIE 9.0; Windows NT 6.1; Trident/5.0)"
23.245.54.218 - - [06/Sep/2018:03:03:56 +0800] "GET /co/pyzla/ HTTP/1.0" 200 78491 "http://www.114huoche.com/copyzla/" "Mozilla/5.0 (Windows NT 6.1; WOW64) AppleWebKit/537.36 (KHTML, like Gecko) Chrome/52.0.2743.116 Safari/537.36"
23.245.54.218 - - [06/Sep/2018:03:03:56 +0800] "GET /co/LU6jh6s/jan31.html HTTP/1.0" 200 136597 "http://www.114huoche.com/coLU6jh6s/jan31.html" "Mozilla/5.0 (compatible; MSIE 9.0; Windows NT 6.1; Trident/5.0)"
107.183.158.127 - - [06/Sep/2018:03:03:59 +0800] "GET /shenzhen/HengGang-XingHua/ HTTP/1.0" 200 78498 "-" "Sogou web spider/4.0(+http://www.sogou.com/docs/help/webmasters.htm#07)"
107.183.158.127 - - [06/Sep/2018:03:04:04 +0800] "GET /shenzhen/TianBei-ZhuYangKeng/ HTTP/1.0" 500 45402 "http://ditie.114huoche.com/shenzhen/TianBei-ZhuYangKeng/" "Mozilla/5.0(compatible;MSIE9.0;WindowsNT6.1;Trident/5.0)"
107.183.158.127 - - [06/Sep/2018:03:04:04 +0800] "GET /shenzhen/JiXiang-ShiJiaoTou/ HTTP/1.0" 500 45376 "http://ditie.114huoche.com/shenzhen/JiXiang-ShiJiaoTou/" "Mozilla/5.0(compatible;MSIE9.0;WindowsNT6.1;Trident/5.0)"
