107.183.158.127 - - [06/Sep/2018:01:21:35 +0800] "GET /shanghai/HongQiao1HaoHangZhanLou-ShenBinNanLu/ HTTP/1.0" 500 45737 "http://ditie.114huoche.com/shanghai/HongQiao1HaoHangZhanLou-ShenBinNanLu/" "Mozilla/5.0 (Windows NT 6.1; WOW64) AppleWebKit/537.36 (KHTML, like Gecko) Chrome/50.0.2661.102 Safari/537.36; 360Spider"
107.183.158.127 - - [06/Sep/2018:01:21:38 +0800] "GET /shanghai/FangHuaLu-YuanShenLu/ HTTP/1.0" 200 78493 "http://ditie.114huoche.com/shanghai/FangHuaLu-YuanShenLu/" "Mozilla/5.0 (Windows NT 6.1; WOW64) AppleWebKit/537.36 (KHTML, like Gecko) Chrome/50.4.2661.102 Safari/537.36; 360Spider"
107.183.158.127 - - [06/Sep/2018:01:22:11 +0800] "GET /shenzhen/HengTang-DongZongLu/ HTTP/1.0" 200 78451 "-" "Mozilla/5.0 (compatible; SemrushBot/2~bl; +http://www.semrush.com/bot.html)"
23.245.54.218 - - [06/Sep/2018:01:22:26 +0800] "GET /co/nn121 HTTP/1.0" 200 78152 "-" "Mozilla/5.0 (compatible; Baiduspider/2.0; +http://www.baidu.com/search/spider.html)"
107.183.158.127 - - [06/Sep/2018:01:22:38 +0800] "GET /shanghai/LongMaLu-JiangXueLu/ HTTP/1.0" 200 78500 "-" "Sogou web spider/4.0(+http://www.sogou.com/docs/help/webmasters.htm#07)"
23.245.54.218 - - [06/Sep/2018:01:22:46 +0800] "GET /co/ad141 HTTP/1.0" 200 78088 "-" "Mozilla/5.0 (Windows NT 6.2; WOW64) AppleWebKit/537.36 (KHTML, like Gecko) Chrome/35.0.1916.153 Safari/537.36"
107.183.158.127 - - [06/Sep/2018:01:23:20 +0800] "GET /shanghai/XinJiangWanCheng-HuangYangLu/ HTTP/1.0" 200 78409 "-" "Sogou web spider/4.0(+http://www.sogou.com/docs/help/webmasters.htm#07)"
23.245.54.218 - - [06/Sep/2018:01:23:25 +0800] "GET /co/nn121 HTTP/1.0" 200 78152 "-" "Mozilla/5.0 (Macintosh; Intel Mac OS X 10_13_6) AppleWebKit/537.36 (KHTML, like Gecko) Chrome/68.0.3440.106 Safari/537.36"
23.245.54.218 - - [06/Sep/2018:01:23:29 +0800] "GET /co/py238 HTTP/1.0" 200 78576 "-" "Mozilla/5.0 (compatible; Baiduspider/2.0; +http://www.baidu.com/search/spider.html)"
107.183.158.127 - - [06/Sep/2018:01:23:32 +0800] "GET /shanghai/CaoYangLu-XuJingDong/ HTTP/1.0" 200 78340 "-" "Sogou web spider/4.0(+http://www.sogou.com/docs/help/webmasters.htm#07)"
23.245.54.218 - - [06/Sep/2018:01:23:37 +0800] "GET /co/LU097xj/b657n HTTP/1.0" 200 133550 "-" "Sogou web spider/4.0(+http://www.sogou.com/docs/help/webmasters.htm#07)"
107.183.158.127 - - [06/Sep/2018:01:23:48 +0800] "GET /shenzhen/JiHeGaoSu-LiuYue/ HTTP/1.0" 200 77726 "-" "Sogou web spider/4.0(+http://www.sogou.com/docs/help/webmasters.htm#07)"
23.245.54.218 - - [06/Sep/2018:01:23:51 +0800] "POST /co/depage.asp;.jpg HTTP/1.0" 404 564 "http://www.114huoche.com/config/AspCms_Config.asp" "Mozilla/4.0 (compatible; MSIE 9.0; Windows NT 6.1)"
23.245.54.218 - - [06/Sep/2018:01:23:52 +0800] "POST /co/m3.indexlx.asp HTTP/1.0" 405 24993 "http://www.114huoche.com/config/AspCms_Config.asp" "Mozilla/4.0 (compatible; MSIE 9.0; Windows NT 6.1)"
23.245.54.218 - - [06/Sep/2018:01:23:52 +0800] "POST /co/mad/coon.asp HTTP/1.0" 405 24993 "http://www.114huoche.com/config/AspCms_Config.asp" "Mozilla/4.0 (compatible; MSIE 9.0; Windows NT 6.1)"
23.245.54.218 - - [06/Sep/2018:01:23:53 +0800] "POST /co/mdiy.asp HTTP/1.0" 405 24993 "http://www.114huoche.com/config/AspCms_Config.asp" "Mozilla/4.0 (compatible; MSIE 9.0; Windows NT 6.1)"
23.245.54.218 - - [06/Sep/2018:01:23:54 +0800] "POST /co/ncnn.asp HTTP/1.0" 405 24993 "http://www.114huoche.com/config/AspCms_Config.asp" "Mozilla/4.0 (compatible; MSIE 9.0; Windows NT 6.1)"
23.245.54.218 - - [06/Sep/2018:01:23:54 +0800] "POST /co/ncon.asp HTTP/1.0" 405 24993 "http://www.114huoche.com/config/AspCms_Config.asp" "Mozilla/4.0 (compatible; MSIE 9.0; Windows NT 6.1)"
23.245.54.218 - - [06/Sep/2018:01:23:56 +0800] "POST /co/ndiy.asp HTTP/1.0" 405 24993 "http://www.114huoche.com/config/AspCms_Config.asp" "Mozilla/4.0 (compatible; MSIE 9.0; Windows NT 6.1)"
23.245.54.218 - - [06/Sep/2018:01:23:57 +0800] "POST /co/ndiy.asp HTTP/1.0" 405 24993 "http://www.114huoche.com/config/AspCms_Config.asp" "Mozilla/4.0 (compatible; MSIE 9.0; Windows NT 6.1)"
23.245.54.218 - - [06/Sep/2018:01:23:57 +0800] "POST /co/nf1g.asp;.jpg HTTP/1.0" 404 564 "http://www.114huoche.com/config/AspCms_Config.asp" "Mozilla/4.0 (compatible; MSIE 9.0; Windows NT 6.1)"
23.245.54.218 - - [06/Sep/2018:01:23:57 +0800] "POST /co/nfig.asp HTTP/1.0" 405 24993 "http://www.114huoche.com/config/AspCms_Config.asp" "Mozilla/4.0 (compatible; MSIE 9.0; Windows NT 6.1)"
23.245.54.218 - - [06/Sep/2018:01:23:59 +0800] "POST /co/nfig/AspCms_Config.asp,ysh HTTP/1.0" 405 24993 "http://www.114huoche.com/config/AspCms_Config.asp" "Mozilla/4.0 (compatible; MSIE 9.0; Windows NT 6.1)"
23.245.54.218 - - [06/Sep/2018:01:24:00 +0800] "POST /co/nfig/AspCms_Config.asp HTTP/1.0" 405 24993 "http://www.114huoche.com/config/AspCms_Config.asp" "Mozilla/4.0 (compatible; MSIE 9.0; Windows NT 6.1)"
23.245.54.218 - - [06/Sep/2018:01:24:01 +0800] "POST /co/nfig/AspCms_Config.asp HTTP/1.0" 405 24993 "http://www.114huoche.com/config/AspCms_Config.asp" "Mozilla/4.0 (compatible; MSIE 9.0; Windows NT 6.1)"
23.245.54.218 - - [06/Sep/2018:01:24:01 +0800] "POST /co/nfig/AspCms_Config.asp HTTP/1.0" 405 24993 "http://www.114huoche.com/config/AspCms_Config.asp" "Mozilla/4.0 (compatible; MSIE 9.0; Windows NT 6.1)"
23.245.54.218 - - [06/Sep/2018:01:24:01 +0800] "POST /co/nfiga.asp HTTP/1.0" 405 24993 "http://www.114huoche.com/config/AspCms_Config.asp" "Mozilla/4.0 (compatible; MSIE 9.0; Windows NT 6.1)"
23.245.54.218 - - [06/Sep/2018:01:24:02 +0800] "POST /co/nn.asp?id=520 HTTP/1.0" 405 24993 "http://www.114huoche.com/config/AspCms_Config.asp" "Mozilla/4.0 (compatible; MSIE 9.0; Windows NT 6.1)"
23.245.54.218 - - [06/Sep/2018:01:24:03 +0800] "POST /co/on.asp HTTP/1.0" 405 24993 "http://www.114huoche.com/config/AspCms_Config.asp" "Mozilla/4.0 (compatible; MSIE 9.0; Windows NT 6.1)"
23.245.54.218 - - [06/Sep/2018:01:24:04 +0800] "GET /co/py238 HTTP/1.0" 200 78576 "-" "Mozilla/5.0 (Macintosh; Intel Mac OS X 10_13_6) AppleWebKit/537.36 (KHTML, like Gecko) Chrome/68.0.3440.106 Safari/537.36"
23.245.54.218 - - [06/Sep/2018:01:24:04 +0800] "POST /co/rt/cc/wo.asp HTTP/1.0" 404 24969 "http://www.114huoche.com/config/AspCms_Config.asp" "Mozilla/4.0 (compatible; MSIE 9.0; Windows NT 6.1)"
23.245.54.218 - - [06/Sep/2018:01:24:07 +0800] "GET /co/ad141 HTTP/1.0" 200 78079 "-" "Mozilla/5.0 (compatible; Baiduspider/2.0; +http://www.baidu.com/search/spider.html)"
107.183.158.127 - - [06/Sep/2018:01:24:36 +0800] "GET /shenzhen/ChiWei-ShaJingSanCun/ HTTP/1.0" 200 77533 "-" "Sogou web spider/4.0(+http://www.sogou.com/docs/help/webmasters.htm#07)"
23.245.54.218 - - [06/Sep/2018:01:24:39 +0800] "GET /co/sf2017-07-27/6485117480.html HTTP/1.0" 200 78299 "-" "YisouSpider"
107.183.158.127 - - [06/Sep/2018:01:24:44 +0800] "GET /shijiazhuang/XiGuCheng-TianShanDaJie/ HTTP/1.0" 200 78454 "-" "Sogou web spider/4.0(+http://www.sogou.com/docs/help/webmasters.htm#07)"
107.183.158.127 - - [06/Sep/2018:01:24:49 +0800] "GET /shenzhen/KuiYongWenHuaGuangChang-LangShanLu/ HTTP/1.0" 200 77844 "-" "Mozilla/5.0 (compatible; SemrushBot/2~bl; +http://www.semrush.com/bot.html)"
107.183.158.127 - - [06/Sep/2018:01:25:08 +0800] "GET /shenzhen/HuaQiangNan-GaoXinQuDong/ HTTP/1.0" 500 45533 "http://ditie.114huoche.com/shenzhen/HuaQiangNan-GaoXinQuDong/" "Mozilla/5.0 (Windows NT 6.1; WOW64) AppleWebKit/537.36 (KHTML, like Gecko) Chrome/50.0.2661.102 Safari/537.36; 360Spider"
107.183.158.127 - - [06/Sep/2018:01:25:08 +0800] "GET /shenzhen/FengGang-BaiShiLong/ HTTP/1.0" 200 77802 "http://ditie.114huoche.com/shenzhen/FengGang-BaiShiLong/" "Mozilla/5.0 (Windows NT 6.1; WOW64) AppleWebKit/537.36 (KHTML, like Gecko) Chrome/50.4.2661.102 Safari/537.36; 360Spider"
23.245.54.218 - - [06/Sep/2018:01:25:15 +0800] "GET /co/py/356765.html HTTP/1.0" 200 77748 "-" "Sogou web spider/4.0(+http://www.sogou.com/docs/help/webmasters.htm#07)"
23.245.54.218 - - [06/Sep/2018:01:25:21 +0800] "GET /co/py240.alexareport.cn/%0A HTTP/1.0" 200 78590 "-" "Mozilla/5.0 (Macintosh; Intel Mac OS X 10_13_6) AppleWebKit/537.36 (KHTML, like Gecko) Chrome/68.0.3440.106 Safari/537.36"
23.245.54.218 - - [06/Sep/2018:01:25:22 +0800] "GET /co/nn122.alexareport.cn/%0A HTTP/1.0" 200 78511 "-" "Mozilla/5.0 (Macintosh; Intel Mac OS X 10_13_6) AppleWebKit/537.36 (KHTML, like Gecko) Chrome/68.0.3440.106 Safari/537.36"
107.183.158.127 - - [06/Sep/2018:01:25:34 +0800] "GET /shanghai/CaoHeJingKaiFaQu-WuJing/ HTTP/1.0" 200 77652 "-" "Sogou web spider/4.0(+http://www.sogou.com/docs/help/webmasters.htm#07)"
107.183.158.127 - - [06/Sep/2018:01:25:34 +0800] "GET /shenzhen/ShaiBu-XinZhou/ HTTP/1.0" 200 78311 "-" "Sogou web spider/4.0(+http://www.sogou.com/docs/help/webmasters.htm#07)"
107.183.158.127 - - [06/Sep/2018:01:25:38 +0800] "GET /shanghai/FangHuaLu-GuDaiLu/ HTTP/1.0" 200 78123 "-" "Sogou web spider/4.0(+http://www.sogou.com/docs/help/webmasters.htm#07)"
107.183.158.127 - - [06/Sep/2018:01:25:48 +0800] "GET /shanghai/DanYangLu-ChangPingLu/ HTTP/1.0" 200 78159 "-" "Sogou web spider/4.0(+http://www.sogou.com/docs/help/webmasters.htm#07)"
23.245.54.218 - - [06/Sep/2018:01:25:49 +0800] "GET /co/ad140.alexareport.cn/%0A HTTP/1.0" 200 78177 "-" "Mozilla/5.0 (Macintosh; Intel Mac OS X 10_13_6) AppleWebKit/537.36 (KHTML, like Gecko) Chrome/68.0.3440.106 Safari/537.36"
107.183.158.127 - - [06/Sep/2018:01:26:07 +0800] "GET /shanghai/MeiLongZhen-LaoXiMen/ HTTP/1.0" 200 78070 "-" "Sogou web spider/4.0(+http://www.sogou.com/docs/help/webmasters.htm#07)"
107.183.158.127 - - [06/Sep/2018:01:26:17 +0800] "GET /shanghai/ZhuJiaJiao-HangZhongLu/ HTTP/1.0" 200 77736 "-" "Mozilla/5.0 (compatible; SemrushBot/2~bl; +http://www.semrush.com/bot.html)"
107.183.158.127 - - [06/Sep/2018:01:26:24 +0800] "GET /shenzhen/FengZeHu-LiuXianDong/ HTTP/1.0" 500 45419 "-" "Sogou web spider/4.0(+http://www.sogou.com/docs/help/webmasters.htm#07)"
107.183.158.127 - - [06/Sep/2018:01:26:24 +0800] "GET /shenzhen/HongLangBei-GongMingZhongYingWenXueXiao/ HTTP/1.0" 200 77837 "-" "Sogou web spider/4.0(+http://www.sogou.com/docs/help/webmasters.htm#07)"
107.183.158.127 - - [06/Sep/2018:01:26:33 +0800] "GET /shenzhen/QiaoChengNan-HuaQiangBei/ HTTP/1.0" 200 77816 "-" "Sogou web spider/4.0(+http://www.sogou.com/docs/help/webmasters.htm#07)"
23.245.54.218 - - [06/Sep/2018:01:26:39 +0800] "GET /co/nn122 HTTP/1.0" 200 77553 "-" "Mozilla/5.0 (Windows NT 6.2; WOW64) AppleWebKit/537.36 (KHTML, like Gecko) Chrome/35.0.1916.153 Safari/537.36"
23.245.54.218 - - [06/Sep/2018:01:26:46 +0800] "GET /co/py240 HTTP/1.0" 200 77734 "-" "Mozilla/5.0 (Windows NT 6.2; WOW64) AppleWebKit/537.36 (KHTML, like Gecko) Chrome/35.0.1916.153 Safari/537.36"
23.245.54.218 - - [06/Sep/2018:01:26:56 +0800] "GET /co/nn122.alexareport.cn/%0A HTTP/1.0" 200 78511 "-" "Mozilla/5.0 (Macintosh; Intel Mac OS X 10_13_6) AppleWebKit/537.36 (KHTML, like Gecko) Chrome/68.0.3440.106 Safari/537.36"
107.183.158.127 - - [06/Sep/2018:01:27:04 +0800] "GET /shenzhen/TiYuGuanXi-XiaShuiJing/ HTTP/1.0" 200 78151 "-" "Sogou web spider/4.0(+http://www.sogou.com/docs/help/webmasters.htm#07)"
23.245.54.218 - - [06/Sep/2018:01:27:04 +0800] "GET /co/ad141 HTTP/1.0" 200 78079 "-" "Mozilla/5.0 (compatible; Baiduspider/2.0; +http://www.baidu.com/search/spider.html)"
23.245.54.218 - - [06/Sep/2018:01:27:20 +0800] "GET /co/WSs8k/774871.html HTTP/1.0" 200 75857 "-" "Sogou web spider/4.0(+http://www.sogou.com/docs/help/webmasters.htm#07)"
107.183.158.127 - - [06/Sep/2018:01:27:30 +0800] "GET /shanghai/QiShenLu-HuaMuLu/ HTTP/1.0" 200 78025 "-" "Sogou web spider/4.0(+http://www.sogou.com/docs/help/webmasters.htm#07)"
23.245.54.218 - - [06/Sep/2018:01:27:45 +0800] "GET /co/ad141 HTTP/1.0" 200 78079 "-" "Mozilla/5.0 (Macintosh; Intel Mac OS X 10_13_6) AppleWebKit/537.36 (KHTML, like Gecko) Chrome/68.0.3440.106 Safari/537.36"
107.183.158.127 - - [06/Sep/2018:01:27:54 +0800] "GET /shanghai/ZhongTanLu-XiaoNanMen/ HTTP/1.0" 200 77733 "-" "Sogou web spider/4.0(+http://www.sogou.com/docs/help/webmasters.htm#07)"
23.245.54.218 - - [06/Sep/2018:01:28:00 +0800] "POST /co/nfig/AspCms_Config.asp HTTP/1.0" 405 24993 "http://www.114huoche.com/config/AspCms_Config.asp" "Mozilla/4.0 (compatible; MSIE 9.0; Windows NT 6.1)"
23.245.54.218 - - [06/Sep/2018:01:28:06 +0800] "POST /co/nfig/AspCms_Config.asp HTTP/1.0" 405 24993 "http://www.114huoche.com/config/AspCms_Config.asp" "Mozilla/4.0 (compatible; MSIE 9.0; Windows NT 6.1)"
23.245.54.218 - - [06/Sep/2018:01:28:08 +0800] "POST /co/nn1.asp HTTP/1.0" 405 24993 "http://www.114huoche.com/config/AspCms_Config.asp" "Mozilla/4.0 (compatible; MSIE 9.0; Windows NT 6.1)"
23.245.54.218 - - [06/Sep/2018:01:28:09 +0800] "POST /co/ncon.asp HTTP/1.0" 405 24993 "http://www.114huoche.com/config/AspCms_Config.asp" "Mozilla/4.0 (compatible; MSIE 9.0; Windows NT 6.1)"
107.183.158.127 - - [06/Sep/2018:01:28:22 +0800] "GET /shanghai/BeiZhaiLu-TongHeXinCun/ HTTP/1.0" 200 77675 "-" "Mozilla/5.0 (compatible; SemrushBot/2~bl; +http://www.semrush.com/bot.html)"
107.183.158.127 - - [06/Sep/2018:01:28:28 +0800] "GET /shanghai/PuDongDaDao-XianXiaXiLu/ HTTP/1.0" 200 78858 "-" "Sogou web spider/4.0(+http://www.sogou.com/docs/help/webmasters.htm#07)"
107.183.158.127 - - [06/Sep/2018:01:28:36 +0800] "GET /shanghai/WaiHuanLu-ShangHaiDongWuYuan/ HTTP/1.0" 200 78373 "-" "Sogou web spider/4.0(+http://www.sogou.com/docs/help/webmasters.htm#07)"
23.245.54.218 - - [06/Sep/2018:01:28:38 +0800] "GET /co/py240 HTTP/1.0" 200 77725 "-" "Mozilla/5.0 (compatible; Baiduspider/2.0; +http://www.baidu.com/search/spider.html)"
23.245.54.218 - - [06/Sep/2018:01:28:39 +0800] "GET /co/py239.alexareport.cn/%0A HTTP/1.0" 200 77343 "-" "Mozilla/5.0 (Macintosh; Intel Mac OS X 10_13_6) AppleWebKit/537.36 (KHTML, like Gecko) Chrome/68.0.3440.106 Safari/537.36"
23.245.54.218 - - [06/Sep/2018:01:29:09 +0800] "HEAD /co/ggzAc/930454.html HTTP/1.0" 200 0 "-" "Mozilla/5.0"
23.245.54.218 - - [06/Sep/2018:01:29:10 +0800] "GET /co/ggzAc/930454.html HTTP/1.0" 200 78199 "-" "Mozilla/5.0"
23.245.54.218 - - [06/Sep/2018:01:29:10 +0800] "HEAD /co/kv5v/ HTTP/1.0" 500 0 "-" "Mozilla/5.0"
107.183.158.127 - - [06/Sep/2018:01:29:10 +0800] "GET /shanghai/LuoNanXinCun-ChangShuLu/ HTTP/1.0" 200 78330 "-" "Mozilla/5.0 (compatible; SemrushBot/2~bl; +http://www.semrush.com/bot.html)"
23.245.54.218 - - [06/Sep/2018:01:29:13 +0800] "GET /co/kv5v/ HTTP/1.0" 200 78747 "-" "Mozilla/5.0"
23.245.54.218 - - [06/Sep/2018:01:29:13 +0800] "GET /co/2287/ HTTP/1.0" 200 77372 "-" "Mozilla/5.0"
23.245.54.218 - - [06/Sep/2018:01:29:20 +0800] "GET /co/GG7kR/ HTTP/1.0" 200 135093 "-" "Mozilla/5.0"
107.183.158.127 - - [06/Sep/2018:01:29:20 +0800] "GET /shanghai/YanYuLu-CaoXiLu/ HTTP/1.0" 500 45334 "http://ditie.114huoche.com/shanghai/YanYuLu-CaoXiLu/" "Mozilla/5.0 (Windows NT 6.1; WOW64) AppleWebKit/537.36 (KHTML, like Gecko) Chrome/50.0.2661.102 Safari/537.36; 360Spider"
23.245.54.218 - - [06/Sep/2018:01:29:20 +0800] "GET /co/ggdT7/742900.html HTTP/1.0" 200 78088 "-" "Mozilla/5.0"
107.183.158.127 - - [06/Sep/2018:01:29:20 +0800] "GET /shenzhen/HuaXin-ShangShuiJing/ HTTP/1.0" 500 45465 "-" "Mozilla/5.0 (compatible; SemrushBot/2~bl; +http://www.semrush.com/bot.html)"
23.245.54.218 - - [06/Sep/2018:01:29:21 +0800] "GET /co/4m2c6/04482.html HTTP/1.0" 500 45463 "-" "Mozilla/5.0"
23.245.54.218 - - [06/Sep/2018:01:29:21 +0800] "GET /co/GGePI/ HTTP/1.0" 200 130445 "-" "Mozilla/5.0"
23.245.54.218 - - [06/Sep/2018:01:29:21 +0800] "GET /co/kpc/ HTTP/1.0" 200 77716 "-" "Mozilla/5.0"
107.183.158.127 - - [06/Sep/2018:01:29:22 +0800] "GET /shanghai/DongChuanLu-TaoPuXinCun/ HTTP/1.0" 200 78256 "http://ditie.114huoche.com/shanghai/DongChuanLu-TaoPuXinCun/" "Mozilla/5.0 (Windows NT 6.1; WOW64) AppleWebKit/537.36 (KHTML, like Gecko) Chrome/50.0.2661.102 Safari/537.36; 360Spider"
23.245.54.218 - - [06/Sep/2018:01:29:25 +0800] "GET /co/GGL9G/ HTTP/1.0" 200 120010 "-" "Mozilla/5.0"
23.245.54.218 - - [06/Sep/2018:01:29:25 +0800] "GET /co/qgakw/12259.html HTTP/1.0" 500 45463 "-" "Mozilla/5.0"
23.245.54.218 - - [06/Sep/2018:01:29:27 +0800] "GET /co/kv3r2/96962.html HTTP/1.0" 200 78229 "-" "Mozilla/5.0"
23.245.54.218 - - [06/Sep/2018:01:29:28 +0800] "GET /co/z6zh1/ HTTP/1.0" 200 78192 "-" "Mozilla/5.0"
23.245.54.218 - - [06/Sep/2018:01:29:31 +0800] "POST /co/depage.asp;.jpg HTTP/1.0" 404 564 "http://www.114huoche.com/config/AspCms_Config.asp" "Mozilla/4.0 (compatible; MSIE 9.0; Windows NT 6.1)"
23.245.54.218 - - [06/Sep/2018:01:29:32 +0800] "POST /co/m3.indexlx.asp HTTP/1.0" 405 24993 "http://www.114huoche.com/config/AspCms_Config.asp" "Mozilla/4.0 (compatible; MSIE 9.0; Windows NT 6.1)"
23.245.54.218 - - [06/Sep/2018:01:29:32 +0800] "POST /co/mad/coon.asp HTTP/1.0" 405 24993 "http://www.114huoche.com/config/AspCms_Config.asp" "Mozilla/4.0 (compatible; MSIE 9.0; Windows NT 6.1)"
23.245.54.218 - - [06/Sep/2018:01:29:33 +0800] "POST /co/mdiy.asp HTTP/1.0" 405 24993 "http://www.114huoche.com/config/AspCms_Config.asp" "Mozilla/4.0 (compatible; MSIE 9.0; Windows NT 6.1)"
23.245.54.218 - - [06/Sep/2018:01:29:33 +0800] "POST /co/ncnn.asp HTTP/1.0" 405 24993 "http://www.114huoche.com/config/AspCms_Config.asp" "Mozilla/4.0 (compatible; MSIE 9.0; Windows NT 6.1)"
107.183.158.127 - - [06/Sep/2018:01:29:35 +0800] "GET /shanghai/YanAnXiLu-XinCunLu/ HTTP/1.0" 200 77630 "-" "Mozilla/5.0 (compatible; SemrushBot/2~bl; +http://www.semrush.com/bot.html)"
23.245.54.218 - - [06/Sep/2018:01:29:35 +0800] "POST /co/ncon.asp HTTP/1.0" 405 24993 "http://www.114huoche.com/config/AspCms_Config.asp" "Mozilla/4.0 (compatible; MSIE 9.0; Windows NT 6.1)"
23.245.54.218 - - [06/Sep/2018:01:29:37 +0800] "GET /co/vjpmr/73377.html HTTP/1.0" 200 77823 "-" "Mozilla/5.0"
107.183.158.127 - - [06/Sep/2018:01:29:37 +0800] "GET /shanghai/HongFengLu-SongFaLu/ HTTP/1.0" 200 78329 "-" "Sogou web spider/4.0(+http://www.sogou.com/docs/help/webmasters.htm#07)"
23.245.54.218 - - [06/Sep/2018:01:29:38 +0800] "POST /co/ndiy.asp HTTP/1.0" 405 24993 "http://www.114huoche.com/config/AspCms_Config.asp" "Mozilla/4.0 (compatible; MSIE 9.0; Windows NT 6.1)"
23.245.54.218 - - [06/Sep/2018:01:29:38 +0800] "POST /co/ndiy.asp HTTP/1.0" 405 24993 "http://www.114huoche.com/config/AspCms_Config.asp" "Mozilla/4.0 (compatible; MSIE 9.0; Windows NT 6.1)"
23.245.54.218 - - [06/Sep/2018:01:29:39 +0800] "POST /co/nf1g.asp;.jpg HTTP/1.0" 404 564 "http://www.114huoche.com/config/AspCms_Config.asp" "Mozilla/4.0 (compatible; MSIE 9.0; Windows NT 6.1)"
23.245.54.218 - - [06/Sep/2018:01:29:39 +0800] "POST /co/nfig.asp HTTP/1.0" 405 24993 "http://www.114huoche.com/config/AspCms_Config.asp" "Mozilla/4.0 (compatible; MSIE 9.0; Windows NT 6.1)"
23.245.54.218 - - [06/Sep/2018:01:29:39 +0800] "POST /co/nfig/AspCms_Config.asp,ysh HTTP/1.0" 405 24993 "http://www.114huoche.com/config/AspCms_Config.asp" "Mozilla/4.0 (compatible; MSIE 9.0; Windows NT 6.1)"
23.245.54.218 - - [06/Sep/2018:01:29:42 +0800] "POST /co/nfig/AspCms_Config.asp HTTP/1.0" 405 24993 "http://www.114huoche.com/config/AspCms_Config.asp" "Mozilla/4.0 (compatible; MSIE 9.0; Windows NT 6.1)"
23.245.54.218 - - [06/Sep/2018:01:29:43 +0800] "POST /co/nfig/AspCms_Config.asp HTTP/1.0" 405 24993 "http://www.114huoche.com/config/AspCms_Config.asp" "Mozilla/4.0 (compatible; MSIE 9.0; Windows NT 6.1)"
23.245.54.218 - - [06/Sep/2018:01:29:45 +0800] "POST /co/nfig/AspCms_Config.asp HTTP/1.0" 405 24993 "http://www.114huoche.com/config/AspCms_Config.asp" "Mozilla/4.0 (compatible; MSIE 9.0; Windows NT 6.1)"
23.245.54.218 - - [06/Sep/2018:01:29:45 +0800] "POST /co/nfiga.asp HTTP/1.0" 405 24993 "http://www.114huoche.com/config/AspCms_Config.asp" "Mozilla/4.0 (compatible; MSIE 9.0; Windows NT 6.1)"
23.245.54.218 - - [06/Sep/2018:01:29:46 +0800] "POST /co/nn.asp?id=520 HTTP/1.0" 405 24993 "http://www.114huoche.com/config/AspCms_Config.asp" "Mozilla/4.0 (compatible; MSIE 9.0; Windows NT 6.1)"
23.245.54.218 - - [06/Sep/2018:01:29:46 +0800] "POST /co/on.asp HTTP/1.0" 405 24993 "http://www.114huoche.com/config/AspCms_Config.asp" "Mozilla/4.0 (compatible; MSIE 9.0; Windows NT 6.1)"
23.245.54.218 - - [06/Sep/2018:01:29:46 +0800] "POST /co/rt/cc/wo.asp HTTP/1.0" 404 24969 "http://www.114huoche.com/config/AspCms_Config.asp" "Mozilla/4.0 (compatible; MSIE 9.0; Windows NT 6.1)"
107.183.158.127 - - [06/Sep/2018:01:29:49 +0800] "GET /shanghai/YiShanLu-TangQiao/ HTTP/1.0" 200 78582 "-" "Mozilla/5.0 (compatible; SemrushBot/2~bl; +http://www.semrush.com/bot.html)"
107.183.158.127 - - [06/Sep/2018:01:29:53 +0800] "GET /shanghai/LianXiLu-LongXiLu/ HTTP/1.0" 200 77808 "-" "Sogou web spider/4.0(+http://www.sogou.com/docs/help/webmasters.htm#07)"
107.183.158.127 - - [06/Sep/2018:01:30:31 +0800] "GET /shanghai/WanYuanLu-SongYuanLu/ HTTP/1.0" 200 78097 "-" "Sogou web spider/4.0(+http://www.sogou.com/docs/help/webmasters.htm#07)"
107.183.158.127 - - [06/Sep/2018:01:30:39 +0800] "GET /shenzhen/FuTian-YuanLingZi/ HTTP/1.0" 200 77830 "-" "Sogou web spider/4.0(+http://www.sogou.com/docs/help/webmasters.htm#07)"
23.245.54.218 - - [06/Sep/2018:01:30:44 +0800] "GET /co/pygsb/ HTTP/1.0" 200 78391 "-" "Sogou web spider/4.0(+http://www.sogou.com/docs/help/webmasters.htm#07)"
23.245.54.218 - - [06/Sep/2018:01:31:01 +0800] "GET /co/nn122 HTTP/1.0" 200 77553 "-" "Mozilla/5.0 (compatible; Baiduspider/2.0; +http://www.baidu.com/search/spider.html)"
107.183.158.127 - - [06/Sep/2018:01:31:09 +0800] "GET /shenzhen/DaTangLong-YunCheng/ HTTP/1.0" 500 45402 "-" "Mozilla/5.0 (compatible; SemrushBot/2~bl; +http://www.semrush.com/bot.html)"
23.245.54.218 - - [06/Sep/2018:01:31:10 +0800] "GET /co/ad140 HTTP/1.0" 200 78529 "-" "Mozilla/5.0 (compatible; Baiduspider/2.0; +http://www.baidu.com/search/spider.html)"
107.183.158.127 - - [06/Sep/2018:01:31:11 +0800] "GET /shijiazhuang/ShiErZhong-YouTongCun/ HTTP/1.0" 200 78168 "-" "Sogou web spider/4.0(+http://www.sogou.com/docs/help/webmasters.htm#07)"
107.183.158.127 - - [06/Sep/2018:01:31:29 +0800] "GET /shenzhen/TaoYuanCun-XinZhou/ HTTP/1.0" 200 78481 "-" "Sogou web spider/4.0(+http://www.sogou.com/docs/help/webmasters.htm#07)"
23.245.54.218 - - [06/Sep/2018:01:31:35 +0800] "GET /co/nn122 HTTP/1.0" 200 77553 "-" "Mozilla/5.0 (Macintosh; Intel Mac OS X 10_13_6) AppleWebKit/537.36 (KHTML, like Gecko) Chrome/68.0.3440.106 Safari/537.36"
107.183.158.127 - - [06/Sep/2018:01:31:41 +0800] "GET /shenyang/ HTTP/1.0" 200 77549 "-" "Mozilla/5.0 (Windows NT 6.1; WOW64; rv:55.0) Gecko/20100101 Firefox/55.0"
23.245.54.218 - - [06/Sep/2018:01:31:48 +0800] "GET /co/ad142.alexareport.cn/%0A HTTP/1.0" 200 77933 "-" "Mozilla/5.0 (Macintosh; Intel Mac OS X 10_13_6) AppleWebKit/537.36 (KHTML, like Gecko) Chrome/68.0.3440.106 Safari/537.36"
23.245.54.218 - - [06/Sep/2018:01:31:53 +0800] "GET /co/py240 HTTP/1.0" 200 77725 "-" "Mozilla/5.0 (compatible; Baiduspider/2.0; +http://www.baidu.com/search/spider.html)"
23.245.54.218 - - [06/Sep/2018:01:31:54 +0800] "GET /co/ad140 HTTP/1.0" 200 78529 "-" "Mozilla/5.0 (Macintosh; Intel Mac OS X 10_13_6) AppleWebKit/537.36 (KHTML, like Gecko) Chrome/68.0.3440.106 Safari/537.36"
107.183.158.127 - - [06/Sep/2018:01:32:16 +0800] "GET /shanghai/QuFuLu-HaMiLu/ HTTP/1.0" 200 77861 "-" "Sogou web spider/4.0(+http://www.sogou.com/docs/help/webmasters.htm#07)"
107.183.158.127 - - [06/Sep/2018:01:32:18 +0800] "GET /shijiazhuang/XiGuan-ShenXueYuan/ HTTP/1.0" 200 78070 "-" "Sogou web spider/4.0(+http://www.sogou.com/docs/help/webmasters.htm#07)"
23.245.54.218 - - [06/Sep/2018:01:32:24 +0800] "GET /co/py240 HTTP/1.0" 200 77725 "-" "Mozilla/5.0 (Macintosh; Intel Mac OS X 10_13_6) AppleWebKit/537.36 (KHTML, like Gecko) Chrome/68.0.3440.106 Safari/537.36"
23.245.54.218 - - [06/Sep/2018:01:32:26 +0800] "GET /co/nn122 HTTP/1.0" 200 77553 "-" "Mozilla/5.0 (compatible; Baiduspider/2.0; +http://www.baidu.com/search/spider.html)"
107.183.158.127 - - [06/Sep/2018:01:32:39 +0800] "GET /shanghai/YunShanLu-WanYuanLu/ HTTP/1.0" 200 77993 "-" "Sogou web spider/4.0(+http://www.sogou.com/docs/help/webmasters.htm#07)"
107.183.158.127 - - [06/Sep/2018:01:32:45 +0800] "GET /shanghai/ShangDaLu-TangZhen/ HTTP/1.0" 200 77806 "-" "Sogou web spider/4.0(+http://www.sogou.com/docs/help/webmasters.htm#07)"
107.183.158.127 - - [06/Sep/2018:01:32:48 +0800] "GET /shanghai/HuiNan-XiuYanLu/ HTTP/1.0" 200 78599 "-" "Mozilla/5.0 (compatible; SemrushBot/2~bl; +http://www.semrush.com/bot.html)"
107.183.158.127 - - [06/Sep/2018:01:32:52 +0800] "GET /shanghai/WuLianLu-BaiYinLu/ HTTP/1.0" 200 78261 "-" "Mozilla/5.0 (compatible; SemrushBot/2~bl; +http://www.semrush.com/bot.html)"
23.245.54.218 - - [06/Sep/2018:01:32:54 +0800] "GET /co/ad142 HTTP/1.0" 200 77749 "-" "Mozilla/5.0 (Windows NT 6.2; WOW64) AppleWebKit/537.36 (KHTML, like Gecko) Chrome/35.0.1916.153 Safari/537.36"
107.183.158.127 - - [06/Sep/2018:01:33:03 +0800] "GET /shenzhen/LiuYue-SongGangYiYuan/ HTTP/1.0" 200 79010 "-" "Sogou web spider/4.0(+http://www.sogou.com/docs/help/webmasters.htm#07)"
23.245.54.218 - - [06/Sep/2018:01:33:09 +0800] "GET /co/nn122 HTTP/1.0" 200 77553 "-" "Mozilla/5.0 (Macintosh; Intel Mac OS X 10_13_6) AppleWebKit/537.36 (KHTML, like Gecko) Chrome/68.0.3440.106 Safari/537.36"
107.183.158.127 - - [06/Sep/2018:01:33:09 +0800] "GET /shenzhen/MinZhi-LongDaGaoSu/ HTTP/1.0" 200 77864 "-" "Sogou web spider/4.0(+http://www.sogou.com/docs/help/webmasters.htm#07)"
107.183.158.127 - - [06/Sep/2018:01:33:40 +0800] "GET /shenzhen/WenLan-HuaQiangBei/ HTTP/1.0" 200 77847 "-" "Mozilla/5.0 (compatible; SemrushBot/2~bl; +http://www.semrush.com/bot.html)"
107.183.158.127 - - [06/Sep/2018:01:34:07 +0800] "GET /shanghai/GaoKeXiLu-HangTianBoWuGuan/ HTTP/1.0" 500 45567 "-" "Sogou web spider/4.0(+http://www.sogou.com/docs/help/webmasters.htm#07)"
107.183.158.127 - - [06/Sep/2018:01:34:09 +0800] "GET /shanghai/ShenMeiLu-QuYangLu/ HTTP/1.0" 200 78483 "-" "Sogou web spider/4.0(+http://www.sogou.com/docs/help/webmasters.htm#07)"
23.245.54.218 - - [06/Sep/2018:01:34:11 +0800] "GET /co/py239 HTTP/1.0" 200 77801 "-" "Mozilla/5.0 (compatible; Baiduspider/2.0; +http://www.baidu.com/search/spider.html)"
107.183.158.127 - - [06/Sep/2018:01:34:18 +0800] "GET /shenzhen/TaoYuan-LongDongCunWei/ HTTP/1.0" 200 78171 "-" "Sogou web spider/4.0(+http://www.sogou.com/docs/help/webmasters.htm#07)"
107.183.158.127 - - [06/Sep/2018:01:34:41 +0800] "GET /shenzhen/ShanMen-BiTou/ HTTP/1.0" 200 78319 "-" "Sogou web spider/4.0(+http://www.sogou.com/docs/help/webmasters.htm#07)"
107.183.158.127 - - [06/Sep/2018:01:34:45 +0800] "GET /shenzhen/LiXiang-GuangMing/ HTTP/1.0" 200 77878 "-" "Sogou web spider/4.0(+http://www.sogou.com/docs/help/webmasters.htm#07)"
23.245.54.218 - - [06/Sep/2018:01:34:47 +0800] "GET /co/ad142 HTTP/1.0" 200 77740 "-" "Mozilla/5.0 (compatible; Baiduspider/2.0; +http://www.baidu.com/search/spider.html)"
23.245.54.218 - - [06/Sep/2018:01:34:54 +0800] "GET /co/py239 HTTP/1.0" 200 77801 "-" "Mozilla/5.0 (Macintosh; Intel Mac OS X 10_13_6) AppleWebKit/537.36 (KHTML, like Gecko) Chrome/68.0.3440.106 Safari/537.36"
107.183.158.127 - - [06/Sep/2018:01:34:55 +0800] "GET /shanghai/LiuXiangGongLu-ChenChunDongLu/ HTTP/1.0" 200 78548 "http://ditie.114huoche.com/shanghai/LiuXiangGongLu-ChenChunDongLu/" "Mozilla/5.0 (Windows NT 6.1; WOW64) AppleWebKit/537.36 (KHTML, like Gecko) Chrome/50.0.2661.102 Safari/537.36; 360Spider"
23.245.54.218 - - [06/Sep/2018:01:35:06 +0800] "GET /co/nn123.alexareport.cn/%0A HTTP/1.0" 200 77957 "-" "Mozilla/5.0 (Macintosh; Intel Mac OS X 10_13_6) AppleWebKit/537.36 (KHTML, like Gecko) Chrome/68.0.3440.106 Safari/537.36"
107.183.158.127 - - [06/Sep/2018:01:35:11 +0800] "GET /shenzhen/ShangShuiJing-ShaJingXi/ HTTP/1.0" 200 77970 "-" "Sogou web spider/4.0(+http://www.sogou.com/docs/help/webmasters.htm#07)"
107.183.158.127 - - [06/Sep/2018:01:35:18 +0800] "GET /shanghai/QiLianShanNanZhan-ChengShanLu/ HTTP/1.0" 200 77854 "-" "Sogou web spider/4.0(+http://www.sogou.com/docs/help/webmasters.htm#07)"
23.245.54.218 - - [06/Sep/2018:01:35:51 +0800] "GET /co/ad141.alexareport.cn/%0A HTTP/1.0" 200 77744 "-" "Mozilla/5.0 (Macintosh; Intel Mac OS X 10_13_6) AppleWebKit/537.36 (KHTML, like Gecko) Chrome/68.0.3440.106 Safari/537.36"
23.245.54.218 - - [06/Sep/2018:01:36:02 +0800] "GET /co/HDRdzF/ HTTP/1.0" 200 75873 "-" "Mozilla/5.0 (compatible; DotBot/1.1; http://www.opensiteexplorer.org/dotbot, help@moz.com)"
23.245.54.218 - - [06/Sep/2018:01:36:05 +0800] "GET /co/HDXnUR/9113.html HTTP/1.0" 200 76316 "-" "Mozilla/5.0 (compatible; DotBot/1.1; http://www.opensiteexplorer.org/dotbot, help@moz.com)"
23.245.54.218 - - [06/Sep/2018:01:36:06 +0800] "GET /co/pyddg/ HTTP/1.0" 200 78211 "-" "Sogou web spider/4.0(+http://www.sogou.com/docs/help/webmasters.htm#07)"
23.245.54.218 - - [06/Sep/2018:01:36:08 +0800] "GET /co/py241.alexareport.cn/%0A HTTP/1.0" 200 77341 "-" "Mozilla/5.0 (Macintosh; Intel Mac OS X 10_13_6) AppleWebKit/537.36 (KHTML, like Gecko) Chrome/68.0.3440.106 Safari/537.36"
23.245.54.218 - - [06/Sep/2018:01:36:08 +0800] "GET /co/HDsBkD/ HTTP/1.0" 500 45126 "-" "Mozilla/5.0 (compatible; DotBot/1.1; http://www.opensiteexplorer.org/dotbot, help@moz.com)"
23.245.54.218 - - [06/Sep/2018:01:36:09 +0800] "GET /co/HDOfgq/ HTTP/1.0" 200 75738 "-" "Mozilla/5.0 (compatible; DotBot/1.1; http://www.opensiteexplorer.org/dotbot, help@moz.com)"
23.245.54.218 - - [06/Sep/2018:01:36:11 +0800] "GET /co/HDQV68/ HTTP/1.0" 200 75846 "-" "Mozilla/5.0 (compatible; DotBot/1.1; http://www.opensiteexplorer.org/dotbot, help@moz.com)"
23.245.54.218 - - [06/Sep/2018:01:36:13 +0800] "GET /co/HDfTUL/8084.html HTTP/1.0" 200 75741 "-" "Mozilla/5.0 (compatible; DotBot/1.1; http://www.opensiteexplorer.org/dotbot, help@moz.com)"
23.245.54.218 - - [06/Sep/2018:01:36:16 +0800] "GET /co/HDtNjz/2922.html HTTP/1.0" 200 76429 "-" "Mozilla/5.0 (compatible; DotBot/1.1; http://www.opensiteexplorer.org/dotbot, help@moz.com)"
23.245.54.218 - - [06/Sep/2018:01:36:25 +0800] "GET /co/nn123 HTTP/1.0" 200 77256 "-" "Mozilla/5.0 (Windows NT 6.2; WOW64) AppleWebKit/537.36 (KHTML, like Gecko) Chrome/35.0.1916.153 Safari/537.36"
107.183.158.127 - - [06/Sep/2018:01:36:29 +0800] "GET /shenzhen/LongNan-GongMingXi/ HTTP/1.0" 200 78482 "-" "Sogou web spider/4.0(+http://www.sogou.com/docs/help/webmasters.htm#07)"
23.245.54.218 - - [06/Sep/2018:01:36:41 +0800] "GET /co/nn123.alexareport.cn/%0A HTTP/1.0" 200 77957 "-" "Mozilla/5.0 (Macintosh; Intel Mac OS X 10_13_6) AppleWebKit/537.36 (KHTML, like Gecko) Chrome/68.0.3440.106 Safari/537.36"
107.183.158.127 - - [06/Sep/2018:01:36:47 +0800] "GET /shijiazhuang/TieDaoDaXue-HeBeiDaXiYuan/ HTTP/1.0" 200 78734 "-" "Sogou web spider/4.0(+http://www.sogou.com/docs/help/webmasters.htm#07)"
107.183.158.127 - - [06/Sep/2018:01:37:02 +0800] "GET /shenzhen/CheGongMiao-DaHe/ HTTP/1.0" 500 45397 "http://ditie.114huoche.com/shenzhen/CheGongMiao-DaHe/" "Mozilla/5.0 (Windows NT 6.1; WOW64) AppleWebKit/537.36 (KHTML, like Gecko) Chrome/50.0.2661.102 Safari/537.36; 360Spider"
23.245.54.218 - - [06/Sep/2018:01:37:02 +0800] "POST /co/nfig/AspCms_Config.asp HTTP/1.0" 405 24993 "http://www.114huoche.com/config/AspCms_Config.asp" "Mozilla/4.0 (compatible; MSIE 9.0; Windows NT 6.1)"
107.183.158.127 - - [06/Sep/2018:01:37:04 +0800] "GET /shanghai/ShuangJiangLu-WuLianLu/ HTTP/1.0" 200 78134 "http://ditie.114huoche.com/shanghai/ShuangJiangLu-WuLianLu/" "Mozilla/5.0 (Windows NT 6.1; WOW64) AppleWebKit/537.36 (KHTML, like Gecko) Chrome/50.0.2661.102 Safari/537.36; 360Spider"
23.245.54.218 - - [06/Sep/2018:01:37:06 +0800] "POST /co/nfig/AspCms_Config.asp HTTP/1.0" 405 24993 "http://www.114huoche.com/config/AspCms_Config.asp" "Mozilla/4.0 (compatible; MSIE 9.0; Windows NT 6.1)"
107.183.158.127 - - [06/Sep/2018:01:37:07 +0800] "GET /shenzhen/ShenZhenBeiZhan-TongYueCun/ HTTP/1.0" 500 45521 "http://ditie.114huoche.com/shenzhen/ShenZhenBeiZhan-TongYueCun/" "Mozilla/5.0 (Windows NT 6.1; WOW64) AppleWebKit/537.36 (KHTML, like Gecko) Chrome/50.4.2661.102 Safari/537.36; 360Spider"
23.245.54.218 - - [06/Sep/2018:01:37:07 +0800] "POST /co/nn1.asp HTTP/1.0" 405 24993 "http://www.114huoche.com/config/AspCms_Config.asp" "Mozilla/4.0 (compatible; MSIE 9.0; Windows NT 6.1)"
23.245.54.218 - - [06/Sep/2018:01:37:07 +0800] "POST /co/ncon.asp HTTP/1.0" 405 24993 "http://www.114huoche.com/config/AspCms_Config.asp" "Mozilla/4.0 (compatible; MSIE 9.0; Windows NT 6.1)"
107.183.158.127 - - [06/Sep/2018:01:37:09 +0800] "GET /shenzhen/DaTangLong-YanTianShiJie/ HTTP/1.0" 500 45533 "http://ditie.114huoche.com/shenzhen/DaTangLong-YanTianShiJie/" "Mozilla/5.0 (Windows NT 6.1; WOW64) AppleWebKit/537.36 (KHTML, like Gecko) Chrome/50.0.2661.102 Safari/537.36; 360Spider"
107.183.158.127 - - [06/Sep/2018:01:37:10 +0800] "GET /shenzhen/NanKeng-YangTaiShanDong/ HTTP/1.0" 200 78936 "http://ditie.114huoche.com/shenzhen/NanKeng-YangTaiShanDong/" "Mozilla/5.0 (Windows NT 6.1; WOW64) AppleWebKit/537.36 (KHTML, like Gecko) Chrome/50.0.2661.102 Safari/537.36; 360Spider"
23.245.54.218 - - [06/Sep/2018:01:37:16 +0800] "GET /co/ad142 HTTP/1.0" 200 77740 "-" "Mozilla/5.0 (compatible; Baiduspider/2.0; +http://www.baidu.com/search/spider.html)"
23.245.54.218 - - [06/Sep/2018:01:37:20 +0800] "GET /co/py241 HTTP/1.0" 200 77867 "-" "Mozilla/5.0 (Windows NT 6.2; WOW64) AppleWebKit/537.36 (KHTML, like Gecko) Chrome/35.0.1916.153 Safari/537.36"
107.183.158.127 - - [06/Sep/2018:01:37:39 +0800] "GET /shenzhen/ShenWan-QiaoChengDongCheLiangDuan/ HTTP/1.0" 200 78320 "-" "Sogou web spider/4.0(+http://www.sogou.com/docs/help/webmasters.htm#07)"
107.183.158.127 - - [06/Sep/2018:01:37:45 +0800] "GET /shanghai/LongHua-DongFangLvZhou/ HTTP/1.0" 200 77718 "-" "Sogou web spider/4.0(+http://www.sogou.com/docs/help/webmasters.htm#07)"
23.245.54.218 - - [06/Sep/2018:01:38:05 +0800] "GET /co/ad142 HTTP/1.0" 200 77740 "-" "Mozilla/5.0 (Macintosh; Intel Mac OS X 10_13_6) AppleWebKit/537.36 (KHTML, like Gecko) Chrome/68.0.3440.106 Safari/537.36"
107.183.158.127 - - [06/Sep/2018:01:38:16 +0800] "GET /shenzhen/LiYuMen-ShiJiGuangChang/ HTTP/1.0" 200 77785 "-" "Mozilla/5.0 (compatible; SemrushBot/2~bl; +http://www.semrush.com/bot.html)"
107.183.158.127 - - [06/Sep/2018:01:38:46 +0800] "GET /shanghai/XuJiaHui-ShiGuangLu/ HTTP/1.0" 200 77770 "-" "Sogou web spider/4.0(+http://www.sogou.com/docs/help/webmasters.htm#07)"
23.245.54.218 - - [06/Sep/2018:01:38:57 +0800] "GET /co/py240.alexareport.cn/%0A HTTP/1.0" 200 78581 "-" "Mozilla/5.0 (Macintosh; Intel Mac OS X 10_13_6) AppleWebKit/537.36 (KHTML, like Gecko) Chrome/68.0.3440.106 Safari/537.36"
23.245.54.218 - - [06/Sep/2018:01:38:58 +0800] "GET /co/py241 HTTP/1.0" 200 77858 "-" "Mozilla/5.0 (compatible; Baiduspider/2.0; +http://www.baidu.com/search/spider.html)"
107.183.158.127 - - [06/Sep/2018:01:39:09 +0800] "GET /shanghai/ShangHaiErTongYiXueZhongXin-FanRongLu/ HTTP/1.0" 200 78978 "-" "Sogou web spider/4.0(+http://www.sogou.com/docs/help/webmasters.htm#07)"
107.183.158.127 - - [06/Sep/2018:01:39:14 +0800] "GET /shanghai/ZhaoXiang-ZhongKeLu/ HTTP/1.0" 500 45448 "-" "Sogou web spider/4.0(+http://www.sogou.com/docs/help/webmasters.htm#07)"
107.183.158.127 - - [06/Sep/2018:01:39:16 +0800] "GET /shanghai/HengShanLu-SheShan/ HTTP/1.0" 200 78152 "-" "Mozilla/5.0 (compatible; SemrushBot/2~bl; +http://www.semrush.com/bot.html)"
107.183.158.127 - - [06/Sep/2018:01:39:42 +0800] "GET /shenzhen/GongMingXi-HongLing/ HTTP/1.0" 200 78867 "-" "Sogou web spider/4.0(+http://www.sogou.com/docs/help/webmasters.htm#07)"
23.245.54.218 - - [06/Sep/2018:01:39:46 +0800] "POST /co/depage.asp;.jpg HTTP/1.0" 404 564 "http://www.114huoche.com/config/AspCms_Config.asp" "Mozilla/4.0 (compatible; MSIE 9.0; Windows NT 6.1)"
23.245.54.218 - - [06/Sep/2018:01:39:47 +0800] "POST /co/m3.indexlx.asp HTTP/1.0" 405 24993 "http://www.114huoche.com/config/AspCms_Config.asp" "Mozilla/4.0 (compatible; MSIE 9.0; Windows NT 6.1)"
23.245.54.218 - - [06/Sep/2018:01:39:48 +0800] "POST /co/mad/coon.asp HTTP/1.0" 405 24993 "http://www.114huoche.com/config/AspCms_Config.asp" "Mozilla/4.0 (compatible; MSIE 9.0; Windows NT 6.1)"
23.245.54.218 - - [06/Sep/2018:01:39:50 +0800] "POST /co/mdiy.asp HTTP/1.0" 405 24993 "http://www.114huoche.com/config/AspCms_Config.asp" "Mozilla/4.0 (compatible; MSIE 9.0; Windows NT 6.1)"
23.245.54.218 - - [06/Sep/2018:01:39:50 +0800] "POST /co/ncnn.asp HTTP/1.0" 405 24993 "http://www.114huoche.com/config/AspCms_Config.asp" "Mozilla/4.0 (compatible; MSIE 9.0; Windows NT 6.1)"
23.245.54.218 - - [06/Sep/2018:01:39:51 +0800] "POST /co/ncon.asp HTTP/1.0" 405 24993 "http://www.114huoche.com/config/AspCms_Config.asp" "Mozilla/4.0 (compatible; MSIE 9.0; Windows NT 6.1)"
23.245.54.218 - - [06/Sep/2018:01:39:52 +0800] "POST /co/ndiy.asp HTTP/1.0" 405 24993 "http://www.114huoche.com/config/AspCms_Config.asp" "Mozilla/4.0 (compatible; MSIE 9.0; Windows NT 6.1)"
23.245.54.218 - - [06/Sep/2018:01:39:52 +0800] "POST /co/ndiy.asp HTTP/1.0" 405 24993 "http://www.114huoche.com/config/AspCms_Config.asp" "Mozilla/4.0 (compatible; MSIE 9.0; Windows NT 6.1)"
23.245.54.218 - - [06/Sep/2018:01:39:53 +0800] "POST /co/nf1g.asp;.jpg HTTP/1.0" 404 564 "http://www.114huoche.com/config/AspCms_Config.asp" "Mozilla/4.0 (compatible; MSIE 9.0; Windows NT 6.1)"
23.245.54.218 - - [06/Sep/2018:01:39:54 +0800] "POST /co/nfig.asp HTTP/1.0" 405 24993 "http://www.114huoche.com/config/AspCms_Config.asp" "Mozilla/4.0 (compatible; MSIE 9.0; Windows NT 6.1)"
23.245.54.218 - - [06/Sep/2018:01:39:54 +0800] "POST /co/nfig/AspCms_Config.asp,ysh HTTP/1.0" 405 24993 "http://www.114huoche.com/config/AspCms_Config.asp" "Mozilla/4.0 (compatible; MSIE 9.0; Windows NT 6.1)"
23.245.54.218 - - [06/Sep/2018:01:39:54 +0800] "POST /co/nfig/AspCms_Config.asp HTTP/1.0" 405 24993 "http://www.114huoche.com/config/AspCms_Config.asp" "Mozilla/4.0 (compatible; MSIE 9.0; Windows NT 6.1)"
23.245.54.218 - - [06/Sep/2018:01:39:55 +0800] "POST /co/nfig/AspCms_Config.asp HTTP/1.0" 405 24993 "http://www.114huoche.com/config/AspCms_Config.asp" "Mozilla/4.0 (compatible; MSIE 9.0; Windows NT 6.1)"
23.245.54.218 - - [06/Sep/2018:01:39:55 +0800] "POST /co/nfig/AspCms_Config.asp HTTP/1.0" 405 24993 "http://www.114huoche.com/config/AspCms_Config.asp" "Mozilla/4.0 (compatible; MSIE 9.0; Windows NT 6.1)"
23.245.54.218 - - [06/Sep/2018:01:39:56 +0800] "POST /co/nfiga.asp HTTP/1.0" 405 24993 "http://www.114huoche.com/config/AspCms_Config.asp" "Mozilla/4.0 (compatible; MSIE 9.0; Windows NT 6.1)"
107.183.158.127 - - [06/Sep/2018:01:39:56 +0800] "GET /shanghai/GuDaiLu-LuHengLu/ HTTP/1.0" 200 77978 "-" "Mozilla/5.0 (compatible; SemrushBot/2~bl; +http://www.semrush.com/bot.html)"
107.183.158.127 - - [06/Sep/2018:01:39:59 +0800] "GET /shijiazhuang/ErShiLiPu-NanXiDong/ HTTP/1.0" 200 78185 "-" "Sogou web spider/4.0(+http://www.sogou.com/docs/help/webmasters.htm#07)"
23.245.54.218 - - [06/Sep/2018:01:40:00 +0800] "POST /co/nn.asp?id=520 HTTP/1.0" 405 24993 "http://www.114huoche.com/config/AspCms_Config.asp" "Mozilla/4.0 (compatible; MSIE 9.0; Windows NT 6.1)"
23.245.54.218 - - [06/Sep/2018:01:40:01 +0800] "POST /co/on.asp HTTP/1.0" 405 24993 "http://www.114huoche.com/config/AspCms_Config.asp" "Mozilla/4.0 (compatible; MSIE 9.0; Windows NT 6.1)"
23.245.54.218 - - [06/Sep/2018:01:40:02 +0800] "POST /co/rt/cc/wo.asp HTTP/1.0" 404 24969 "http://www.114huoche.com/config/AspCms_Config.asp" "Mozilla/4.0 (compatible; MSIE 9.0; Windows NT 6.1)"
107.183.158.127 - - [06/Sep/2018:01:40:07 +0800] "GET /shenzhen/HaiCheng-WanXia/ HTTP/1.0" 500 45334 "http://ditie.114huoche.com/shenzhen/HaiCheng-WanXia/" "Mozilla/5.0 (Windows NT 6.1; WOW64) AppleWebKit/537.36 (KHTML, like Gecko) Chrome/50.0.2661.102 Safari/537.36; 360Spider"
107.183.158.127 - - [06/Sep/2018:01:40:07 +0800] "GET /shenzhen/GuanGuangLu-DaYun/ HTTP/1.0" 500 45368 "http://ditie.114huoche.com/shenzhen/GuanGuangLu-DaYun/" "Mozilla/5.0 (Windows NT 6.1; WOW64) AppleWebKit/537.36 (KHTML, like Gecko) Chrome/50.0.2661.102 Safari/537.36; 360Spider"
107.183.158.127 - - [06/Sep/2018:01:40:08 +0800] "GET /shanghai/MeiLongZhen-ChiFengLu/ HTTP/1.0" 200 78041 "http://ditie.114huoche.com/shanghai/MeiLongZhen-ChiFengLu/" "Mozilla/5.0 (Windows NT 6.1; WOW64) AppleWebKit/537.36 (KHTML, like Gecko) Chrome/50.0.2661.102 Safari/537.36; 360Spider"
107.183.158.127 - - [06/Sep/2018:01:40:11 +0800] "GET /shenzhen/ShenKang-CuiGangGongYeYuan/ HTTP/1.0" 500 45567 "http://ditie.114huoche.com/shenzhen/ShenKang-CuiGangGongYeYuan/" "Mozilla/5.0 (Windows NT 6.1; WOW64) AppleWebKit/537.36 (KHTML, like Gecko) Chrome/50.0.2661.102 Safari/537.36; 360Spider"
107.183.158.127 - - [06/Sep/2018:01:40:11 +0800] "GET /shenzhen/DongBinXi-NiuHu/ HTTP/1.0" 500 45380 "http://ditie.114huoche.com/shenzhen/DongBinXi-NiuHu/" "Mozilla/5.0 (Windows NT 6.1; WOW64) AppleWebKit/537.36 (KHTML, like Gecko) Chrome/50.4.2661.102 Safari/537.36; 360Spider"
107.183.158.127 - - [06/Sep/2018:01:40:11 +0800] "GET /shenzhen/MeiLinGuan-LuoHu/ HTTP/1.0" 200 78820 "-" "Mozilla/5.0 (compatible; SemrushBot/2~bl; +http://www.semrush.com/bot.html)"
23.245.54.218 - - [06/Sep/2018:01:40:16 +0800] "GET /co/nn123 HTTP/1.0" 200 77256 "-" "Mozilla/5.0 (compatible; Baiduspider/2.0; +http://www.baidu.com/search/spider.html)"
107.183.158.127 - - [06/Sep/2018:01:40:24 +0800] "GET /shanghai/HongKouZuQiuChang-ShangHaiDongWuYuan/ HTTP/1.0" 200 78167 "-" "Mozilla/5.0 (compatible; SemrushBot/2~bl; +http://www.semrush.com/bot.html)"
107.183.158.127 - - [06/Sep/2018:01:40:53 +0800] "GET /shanghai/GuiLinLu-HangJinLu/ HTTP/1.0" 200 77916 "-" "Sogou web spider/4.0(+http://www.sogou.com/docs/help/webmasters.htm#07)"
23.245.54.218 - - [06/Sep/2018:01:41:02 +0800] "GET /co/nn123 HTTP/1.0" 200 77256 "-" "Mozilla/5.0 (Macintosh; Intel Mac OS X 10_13_6) AppleWebKit/537.36 (KHTML, like Gecko) Chrome/68.0.3440.106 Safari/537.36"
107.183.158.127 - - [06/Sep/2018:01:41:21 +0800] "GET /shanghai/GangChengLu-JingHongLu/ HTTP/1.0" 200 77601 "-" "Sogou web spider/4.0(+http://www.sogou.com/docs/help/webmasters.htm#07)"
23.245.54.218 - - [06/Sep/2018:01:41:40 +0800] "GET /co/py241 HTTP/1.0" 200 77858 "-" "Mozilla/5.0 (compatible; Baiduspider/2.0; +http://www.baidu.com/search/spider.html)"
23.245.54.218 - - [06/Sep/2018:01:41:53 +0800] "GET /co/ad143.alexareport.cn/%0A HTTP/1.0" 200 77946 "-" "Mozilla/5.0 (Macintosh; Intel Mac OS X 10_13_6) AppleWebKit/537.36 (KHTML, like Gecko) Chrome/68.0.3440.106 Safari/537.36"
23.245.54.218 - - [06/Sep/2018:01:41:56 +0800] "GET /co/AD1pvo/6541/css/index.css HTTP/1.0" 404 162 "http://www.114huoche.com/coAD1pvo/6541/" "YisouSpider"
107.183.158.127 - - [06/Sep/2018:01:41:59 +0800] "GET /shanghai/FangHeLu-HuangBeiNanLu/ HTTP/1.0" 200 78270 "-" "Sogou web spider/4.0(+http://www.sogou.com/docs/help/webmasters.htm#07)"
23.245.54.218 - - [06/Sep/2018:01:42:02 +0800] "GET /co/yiw0x/22032.htmll HTTP/1.0" 200 77773 "-" "YisouSpider"
23.245.54.218 - - [06/Sep/2018:01:42:13 +0800] "GET /co/py241 HTTP/1.0" 200 77858 "-" "Mozilla/5.0 (Macintosh; Intel Mac OS X 10_13_6) AppleWebKit/537.36 (KHTML, like Gecko) Chrome/68.0.3440.106 Safari/537.36"
107.183.158.127 - - [06/Sep/2018:01:42:25 +0800] "GET /shenzhen/TianBanTou-BaoAnZhongXin/ HTTP/1.0" 200 77840 "-" "Sogou web spider/4.0(+http://www.sogou.com/docs/help/webmasters.htm#07)"
23.245.54.218 - - [06/Sep/2018:01:42:31 +0800] "GET /co/nn123 HTTP/1.0" 200 77256 "-" "Mozilla/5.0 (compatible; Baiduspider/2.0; +http://www.baidu.com/search/spider.html)"
23.245.54.218 - - [06/Sep/2018:01:42:36 +0800] "GET /co/ad141 HTTP/1.0" 200 78079 "-" "Mozilla/5.0 (Macintosh; Intel Mac OS X 10_13_6) AppleWebKit/537.36 (KHTML, like Gecko) Chrome/68.0.3440.106 Safari/537.36"
107.183.158.127 - - [06/Sep/2018:01:42:51 +0800] "GET /shijiazhuang/HanTong-GaoChengXi/ HTTP/1.0" 200 77690 "-" "Sogou web spider/4.0(+http://www.sogou.com/docs/help/webmasters.htm#07)"
107.183.158.127 - - [06/Sep/2018:01:42:52 +0800] "GET /shanghai/XiaoTang-ZhangJiangGaoKe/ HTTP/1.0" 200 78228 "http://ditie.114huoche.com/shanghai/XiaoTang-ZhangJiangGaoKe/" "Mozilla/5.0 (Windows NT 6.1; WOW64) AppleWebKit/537.36 (KHTML, like Gecko) Chrome/50.4.2661.102 Safari/537.36; 360Spider"
107.183.158.127 - - [06/Sep/2018:01:42:54 +0800] "GET /shenzhen/SanChaKou-LongPing/ HTTP/1.0" 500 45431 "http://ditie.114huoche.com/shenzhen/SanChaKou-LongPing/" "Mozilla/5.0 (Windows NT 6.1; WOW64) AppleWebKit/537.36 (KHTML, like Gecko) Chrome/50.4.2661.102 Safari/537.36; 360Spider"
107.183.158.127 - - [06/Sep/2018:01:42:55 +0800] "GET /shenyang/z_DongTaJiChang/ HTTP/1.0" 500 45380 "http://ditie.114huoche.com/shenyang/z_DongTaJiChang/" "Mozilla/5.0 (Windows NT 6.1; WOW64) AppleWebKit/537.36 (KHTML, like Gecko) Chrome/50.4.2661.102 Safari/537.36; 360Spider"
23.245.54.218 - - [06/Sep/2018:01:42:57 +0800] "GET /co/ad143 HTTP/1.0" 200 78595 "-" "Mozilla/5.0 (Windows NT 6.2; WOW64) AppleWebKit/537.36 (KHTML, like Gecko) Chrome/35.0.1916.153 Safari/537.36"
23.245.54.218 - - [06/Sep/2018:01:43:00 +0800] "POST /co/ntroller.ashx?action=catchimage HTTP/1.0" 405 24993 "http://www.114huoche.com/controller.ashx?action=catchimage" "Mozilla/4.0 (compatible; MSIE 9.0; Windows NT 6.1)"
107.183.158.127 - - [06/Sep/2018:01:43:07 +0800] "GET /shanghai/PingLiangLu-DongFangTiYuZhongXin/ HTTP/1.0" 200 78198 "-" "Sogou web spider/4.0(+http://www.sogou.com/docs/help/webmasters.htm#07)"
23.245.54.218 - - [06/Sep/2018:01:43:08 +0800] "GET /co/nn123 HTTP/1.0" 200 77256 "-" "Mozilla/5.0 (Macintosh; Intel Mac OS X 10_13_6) AppleWebKit/537.36 (KHTML, like Gecko) Chrome/68.0.3440.106 Safari/537.36"
23.245.54.218 - - [06/Sep/2018:01:43:12 +0800] "GET /co/m28/ HTTP/1.0" 200 78216 "-" "Sogou web spider/4.0(+http://www.sogou.com/docs/help/webmasters.htm#07)"
23.245.54.218 - - [06/Sep/2018:01:43:23 +0800] "POST /co/nfig/AspCms_Config.asp HTTP/1.0" 405 24993 "http://www.114huoche.com//config/AspCms_Config.asp" "Mozilla/4.0 (compatible; MSIE 9.0; Windows NT 6.1)"
23.245.54.218 - - [06/Sep/2018:01:43:25 +0800] "POST /co/nfig/AspCms_Config.asp HTTP/1.0" 405 24993 "http://www.114huoche.com//config/AspCms_Config.asp" "Mozilla/4.0 (compatible; MSIE 9.0; Windows NT 6.1)"
107.183.158.127 - - [06/Sep/2018:01:44:19 +0800] "GET /shanghai/ZhouHaiLu-ChangQingLu/ HTTP/1.0" 200 78011 "-" "Mozilla/5.0 (compatible; SemrushBot/2~bl; +http://www.semrush.com/bot.html)"
23.245.54.218 - - [06/Sep/2018:01:44:37 +0800] "GET /co/nn124.alexareport.cn/%0A HTTP/1.0" 200 78937 "-" "Mozilla/5.0 (Macintosh; Intel Mac OS X 10_13_6) AppleWebKit/537.36 (KHTML, like Gecko) Chrome/68.0.3440.106 Safari/537.36"
23.245.54.218 - - [06/Sep/2018:01:44:40 +0800] "GET /co/py240 HTTP/1.0" 200 77725 "-" "Mozilla/5.0 (compatible; Baiduspider/2.0; +http://www.baidu.com/search/spider.html)"
23.245.54.218 - - [06/Sep/2018:01:44:40 +0800] "GET /co/ad143 HTTP/1.0" 200 78586 "-" "Mozilla/5.0 (compatible; Baiduspider/2.0; +http://www.baidu.com/search/spider.html)"
107.183.158.127 - - [06/Sep/2018:01:44:41 +0800] "GET /shijiazhuang/ZhongXingLu-GaoCheng/ HTTP/1.0" 200 77584 "-" "Sogou web spider/4.0(+http://www.sogou.com/docs/help/webmasters.htm#07)"
107.183.158.127 - - [06/Sep/2018:01:44:53 +0800] "GET /shanghai/JiaDingXinCheng-GongFuXinCun/ HTTP/1.0" 200 77915 "-" "Sogou web spider/4.0(+http://www.sogou.com/docs/help/webmasters.htm#07)"
23.245.54.218 - - [06/Sep/2018:01:45:17 +0800] "GET /co/py240 HTTP/1.0" 200 77725 "-" "Mozilla/5.0 (Macintosh; Intel Mac OS X 10_13_6) AppleWebKit/537.36 (KHTML, like Gecko) Chrome/68.0.3440.106 Safari/537.36"
23.245.54.218 - - [06/Sep/2018:01:45:20 +0800] "GET /co/kli/ HTTP/1.0" 200 78594 "-" "Mozilla/5.0 (compatible; DotBot/1.1; http://www.opensiteexplorer.org/dotbot, help@moz.com)"
23.245.54.218 - - [06/Sep/2018:01:45:28 +0800] "GET /co/vhk/ HTTP/1.0" 200 77905 "-" "Mozilla/5.0 (compatible; DotBot/1.1; http://www.opensiteexplorer.org/dotbot, help@moz.com)"
107.183.158.127 - - [06/Sep/2018:01:45:38 +0800] "GET /shenzhen/HaiShangShiJie-FuQiaoGongYeYuan/ HTTP/1.0" 200 78055 "-" "Sogou web spider/4.0(+http://www.sogou.com/docs/help/webmasters.htm#07)"
23.245.54.218 - - [06/Sep/2018:01:45:39 +0800] "GET /co/nn124 HTTP/1.0" 200 77667 "-" "Mozilla/5.0 (Windows NT 6.2; WOW64) AppleWebKit/537.36 (KHTML, like Gecko) Chrome/35.0.1916.153 Safari/537.36"
107.183.158.127 - - [06/Sep/2018:01:45:47 +0800] "GET /shanghai/YinGaoXiLu-JiangQiao/ HTTP/1.0" 200 78301 "-" "Sogou web spider/4.0(+http://www.sogou.com/docs/help/webmasters.htm#07)"
107.183.158.127 - - [06/Sep/2018:01:45:48 +0800] "GET /shanghai/QiShenLu-LuJiaBangLu/ HTTP/1.0" 500 45419 "http://ditie.114huoche.com/shanghai/QiShenLu-LuJiaBangLu/" "Mozilla/5.0 (Windows NT 6.1; WOW64) AppleWebKit/537.36 (KHTML, like Gecko) Chrome/50.0.2661.102 Safari/537.36; 360Spider"
107.183.158.127 - - [06/Sep/2018:01:45:50 +0800] "GET /shenzhen/SiLian-FuTian/ HTTP/1.0" 200 78568 "http://ditie.114huoche.com/shenzhen/SiLian-FuTian/" "Mozilla/5.0 (Windows NT 6.1; WOW64) AppleWebKit/537.36 (KHTML, like Gecko) Chrome/50.0.2661.102 Safari/537.36; 360Spider"
23.245.54.218 - - [06/Sep/2018:01:45:53 +0800] "GET /co/627/ HTTP/1.0" 200 78364 "-" "Mozilla/5.0 (compatible; DotBot/1.1; http://www.opensiteexplorer.org/dotbot, help@moz.com)"
23.245.54.218 - - [06/Sep/2018:01:45:57 +0800] "GET /co/hvea/ HTTP/1.0" 200 78322 "-" "Mozilla/5.0 (compatible; DotBot/1.1; http://www.opensiteexplorer.org/dotbot, help@moz.com)"
23.245.54.218 - - [06/Sep/2018:01:45:59 +0800] "GET /co/ADkn7f/69626/ HTTP/1.0" 200 85253 "-" "YisouSpider"
23.245.54.218 - - [06/Sep/2018:01:46:05 +0800] "GET /co/ad142.alexareport.cn/%0A HTTP/1.0" 200 77924 "-" "Mozilla/5.0 (Macintosh; Intel Mac OS X 10_13_6) AppleWebKit/537.36 (KHTML, like Gecko) Chrome/68.0.3440.106 Safari/537.36"
107.183.158.127 - - [06/Sep/2018:01:46:07 +0800] "GET /shanghai/TaiErZhuangLu-TongNanLu/ HTTP/1.0" 200 77359 "-" "Mozilla/5.0 (compatible; SemrushBot/2~bl; +http://www.semrush.com/bot.html)"
107.183.158.127 - - [06/Sep/2018:01:46:12 +0800] "GET /shanghai/DePingLu-HongQiaoLu/ HTTP/1.0" 200 77895 "-" "Mozilla/5.0 (compatible; SemrushBot/2~bl; +http://www.semrush.com/bot.html)"
23.245.54.218 - - [06/Sep/2018:01:46:14 +0800] "GET /co/py242.alexareport.cn/%0A HTTP/1.0" 200 78102 "-" "Mozilla/5.0 (Macintosh; Intel Mac OS X 10_13_6) AppleWebKit/537.36 (KHTML, like Gecko) Chrome/68.0.3440.106 Safari/537.36"
