23.245.54.218 - - [07/Sep/2018:02:54:26 +0800] "GET /co/py267 HTTP/1.0" 200 78438 "-" "Mozilla/5.0 (Windows NT 6.2; WOW64) AppleWebKit/537.36 (KHTML, like Gecko) Chrome/35.0.1916.153 Safari/537.36"
107.183.158.127 - - [07/Sep/2018:02:55:10 +0800] "GET /shanghai/LanTianLu-JiWang/ HTTP/1.0" 200 78073 "-" "Mozilla/5.0 (compatible; SemrushBot/2~bl; +http://www.semrush.com/bot.html)"
23.245.54.218 - - [07/Sep/2018:02:56:27 +0800] "GET /co/2sfqs/87018.html HTTP/1.0" 200 78114 "http://www.baidu.com" "Mozilla/4.0 (compatible; MSIE 9.0; Windows NT 6.1)"
107.183.158.127 - - [07/Sep/2018:02:56:50 +0800] "GET /shenzhen/KuiYongXi-ShangShuiJing/ HTTP/1.0" 200 78636 "-" "Mozilla/5.0 (compatible; SemrushBot/2~bl; +http://www.semrush.com/bot.html)"
107.183.158.127 - - [07/Sep/2018:02:57:06 +0800] "GET /shanghai/LianXiLu-JinShaJiangLu/ HTTP/1.0" 200 78336 "-" "Mozilla/5.0 (compatible; SemrushBot/2~bl; +http://www.semrush.com/bot.html)"
23.245.54.218 - - [07/Sep/2018:02:57:24 +0800] "GET /co/GGlxO/ HTTP/1.0" 200 119884 "-" "Mozilla/5.0 (compatible; DotBot/1.1; http://www.opensiteexplorer.org/dotbot, help@moz.com)"
107.183.158.127 - - [07/Sep/2018:02:57:27 +0800] "GET /shenzhen/ShenDaNan-GaoQiao/ HTTP/1.0" 200 78049 "-" "Mozilla/5.0 (compatible; SemrushBot/2~bl; +http://www.semrush.com/bot.html)"
23.245.54.218 - - [07/Sep/2018:02:57:28 +0800] "GET /co/GGrIV/655094.html HTTP/1.0" 200 119504 "-" "Mozilla/5.0 (compatible; DotBot/1.1; http://www.opensiteexplorer.org/dotbot, help@moz.com)"
23.245.54.218 - - [07/Sep/2018:02:59:00 +0800] "GET /co/tylzl/327252/ HTTP/1.0" 200 78634 "-" "YisouSpider"
23.245.54.218 - - [07/Sep/2018:02:59:01 +0800] "GET /co/725q5/461579/ HTTP/1.0" 200 78114 "-" "YisouSpider"
23.245.54.218 - - [07/Sep/2018:02:59:01 +0800] "GET /co/rbze1/089206/ HTTP/1.0" 200 77999 "-" "YisouSpider"
23.245.54.218 - - [07/Sep/2018:02:59:01 +0800] "GET /co/34xl6/570001/ HTTP/1.0" 200 77977 "-" "YisouSpider"
23.245.54.218 - - [07/Sep/2018:02:59:01 +0800] "GET /co/kv3r2/240956/ HTTP/1.0" 200 78123 "-" "YisouSpider"
23.245.54.218 - - [07/Sep/2018:02:59:01 +0800] "GET /co/5nm9w/887974/ HTTP/1.0" 200 78336 "-" "YisouSpider"
23.245.54.218 - - [07/Sep/2018:02:59:02 +0800] "GET /co/1i4h5/465032/ HTTP/1.0" 200 78313 "-" "YisouSpider"
23.245.54.218 - - [07/Sep/2018:02:59:02 +0800] "GET /co/1809/sitemap.xml HTTP/1.0" 200 77941 "-" "YisouSpider"
23.245.54.218 - - [07/Sep/2018:02:59:02 +0800] "GET /co/km1u2/345649/ HTTP/1.0" 200 78079 "-" "YisouSpider"
23.245.54.218 - - [07/Sep/2018:02:59:03 +0800] "GET /co/tkhd2/865445/ HTTP/1.0" 200 78001 "-" "YisouSpider"
23.245.54.218 - - [07/Sep/2018:02:59:03 +0800] "GET /co/cp1sx/997543/ HTTP/1.0" 200 79009 "-" "YisouSpider"
107.183.158.127 - - [07/Sep/2018:02:59:04 +0800] "GET /shanghai/PuDianLu6HaoXian-DiShiNi/ HTTP/1.0" 200 78073 "-" "Sogou web spider/4.0(+http://www.sogou.com/docs/help/webmasters.htm#07)"
23.245.54.218 - - [07/Sep/2018:02:59:04 +0800] "GET /co/oz3y7/335241/ HTTP/1.0" 200 78599 "-" "YisouSpider"
23.245.54.218 - - [07/Sep/2018:02:59:04 +0800] "GET /co/qtyaj/900295/ HTTP/1.0" 200 78206 "-" "YisouSpider"
23.245.54.218 - - [07/Sep/2018:02:59:04 +0800] "GET /co/4qc8h/565977/ HTTP/1.0" 200 78394 "-" "YisouSpider"
23.245.54.218 - - [07/Sep/2018:02:59:05 +0800] "GET /co/asjpd/565249/ HTTP/1.0" 200 78030 "-" "YisouSpider"
23.245.54.218 - - [07/Sep/2018:02:59:06 +0800] "GET /co/tpvao/065982/ HTTP/1.0" 200 78677 "-" "YisouSpider"
23.245.54.218 - - [07/Sep/2018:02:59:06 +0800] "GET /co/0rmlr/891280/ HTTP/1.0" 200 78118 "-" "YisouSpider"
23.245.54.218 - - [07/Sep/2018:02:59:07 +0800] "GET /co/oe9iw/668968/ HTTP/1.0" 200 78106 "-" "YisouSpider"
23.245.54.218 - - [07/Sep/2018:02:59:07 +0800] "GET /co/adzns/159014/ HTTP/1.0" 200 78522 "-" "YisouSpider"
23.245.54.218 - - [07/Sep/2018:02:59:07 +0800] "GET /co/m1l35/680790/ HTTP/1.0" 200 78283 "-" "YisouSpider"
23.245.54.218 - - [07/Sep/2018:02:59:08 +0800] "GET /co/3ek50/333445/ HTTP/1.0" 200 78807 "-" "YisouSpider"
23.245.54.218 - - [07/Sep/2018:02:59:08 +0800] "GET /co/ojl70/560622/ HTTP/1.0" 200 78530 "-" "YisouSpider"
23.245.54.218 - - [07/Sep/2018:02:59:08 +0800] "GET /co/cx7ik/768042/ HTTP/1.0" 200 77843 "-" "YisouSpider"
23.245.54.218 - - [07/Sep/2018:02:59:09 +0800] "GET /co/059qj/590415/ HTTP/1.0" 200 78119 "-" "YisouSpider"
23.245.54.218 - - [07/Sep/2018:02:59:09 +0800] "GET /co/ssffw/330250/ HTTP/1.0" 200 78326 "-" "YisouSpider"
23.245.54.218 - - [07/Sep/2018:02:59:10 +0800] "GET /co/mlved/938672/ HTTP/1.0" 200 77788 "-" "YisouSpider"
23.245.54.218 - - [07/Sep/2018:02:59:10 +0800] "GET /co/eguux/385322/ HTTP/1.0" 200 78213 "-" "YisouSpider"
23.245.54.218 - - [07/Sep/2018:02:59:10 +0800] "GET /co/088ly/915183/ HTTP/1.0" 200 78274 "-" "YisouSpider"
23.245.54.218 - - [07/Sep/2018:02:59:13 +0800] "GET /co/bjluh/092645/ HTTP/1.0" 200 78046 "-" "YisouSpider"
23.245.54.218 - - [07/Sep/2018:02:59:13 +0800] "GET /co/5aqft/373925/ HTTP/1.0" 200 78638 "-" "YisouSpider"
23.245.54.218 - - [07/Sep/2018:02:59:14 +0800] "GET /co/ciwam/854894/ HTTP/1.0" 200 77760 "-" "YisouSpider"
23.245.54.218 - - [07/Sep/2018:02:59:14 +0800] "GET /co/gfip0/185194/ HTTP/1.0" 200 78463 "-" "YisouSpider"
23.245.54.218 - - [07/Sep/2018:02:59:14 +0800] "GET /co/ake05/420732/ HTTP/1.0" 200 78729 "-" "YisouSpider"
23.245.54.218 - - [07/Sep/2018:02:59:15 +0800] "GET /co/167gi/899006/ HTTP/1.0" 200 77973 "-" "YisouSpider"
23.245.54.218 - - [07/Sep/2018:02:59:16 +0800] "GET /co/6l5pj/174266/ HTTP/1.0" 200 77799 "-" "YisouSpider"
23.245.54.218 - - [07/Sep/2018:02:59:34 +0800] "GET /co/py267 HTTP/1.0" 200 78438 "-" "Mozilla/5.0 (compatible; Baiduspider/2.0; +http://www.baidu.com/search/spider.html)"
23.245.54.218 - - [07/Sep/2018:02:59:39 +0800] "GET /co/a7twb/87718.htmll HTTP/1.0" 200 77890 "-" "YisouSpider"
107.183.158.127 - - [07/Sep/2018:02:59:39 +0800] "GET /shenzhen/SongPing-DongBuHuaQiaoCheng/ HTTP/1.0" 200 78162 "-" "Mozilla/5.0 (compatible; SemrushBot/2~bl; +http://www.semrush.com/bot.html)"
23.245.54.218 - - [07/Sep/2018:02:59:59 +0800] "GET /co/py267 HTTP/1.0" 200 78438 "-" "Mozilla/5.0 (Macintosh; Intel Mac OS X 10_13_6) AppleWebKit/537.36 (KHTML, like Gecko) Chrome/68.0.3440.106 Safari/537.36"
107.183.158.127 - - [07/Sep/2018:03:00:06 +0800] "GET /shanghai/XingZhanLu-GaoQiaoXi/ HTTP/1.0" 500 45465 "-" "Mozilla/5.0 (compatible; SemrushBot/2~bl; +http://www.semrush.com/bot.html)"
23.245.54.218 - - [07/Sep/2018:03:00:08 +0800] "GET /co/1foxv/12277.html HTTP/1.0" 500 45463 "http://www.baidu.com" "Mozilla/4.0 (compatible; MSIE 9.0; Windows NT 6.1)"
107.183.158.127 - - [07/Sep/2018:03:00:10 +0800] "GET /shanghai/JiangWanZhen-PanGuangLu/ HTTP/1.0" 200 78427 "-" "Mozilla/5.0 (compatible; SemrushBot/2~bl; +http://www.semrush.com/bot.html)"
23.245.54.218 - - [07/Sep/2018:03:00:32 +0800] "POST /co/nfig/AspCms_Config.asp HTTP/1.0" 405 24993 "http://www.114huoche.com/SqlIn.asp" "Mozilla/4.0 (compatible; MSIE 9.0; Windows NT 6.1)"
107.183.158.127 - - [07/Sep/2018:03:00:45 +0800] "GET /shanghai/WenShuiLu-ChuanChangLu/ HTTP/1.0" 200 77787 "-" "Mozilla/5.0 (compatible; SemrushBot/2~bl; +http://www.semrush.com/bot.html)"
23.245.54.218 - - [07/Sep/2018:03:00:57 +0800] "POST /co/nfig/AspCms_Config.asp HTTP/1.0" 405 24993 "http://www.114huoche.com/SqlIn.asp" "Mozilla/4.0 (compatible; MSIE 9.0; Windows NT 6.1)"
23.245.54.218 - - [07/Sep/2018:03:01:23 +0800] "POST /co/nn1.asp HTTP/1.0" 405 24993 "http://www.114huoche.com/SqlIn.asp" "Mozilla/4.0 (compatible; MSIE 9.0; Windows NT 6.1)"
23.245.54.218 - - [07/Sep/2018:03:01:33 +0800] "POST /co/ncon.asp HTTP/1.0" 405 24993 "http://www.114huoche.com/SqlIn.asp" "Mozilla/4.0 (compatible; MSIE 9.0; Windows NT 6.1)"
107.183.158.127 - - [07/Sep/2018:03:01:36 +0800] "GET /shenzhen/LiangMaoShan-YiHai/ HTTP/1.0" 200 77917 "-" "Mozilla/5.0 (compatible; SemrushBot/2~bl; +http://www.semrush.com/bot.html)"
107.183.158.127 - - [07/Sep/2018:03:01:45 +0800] "GET /shenzhen/TingHaiLu-DengLiangDong/ HTTP/1.0" 200 78858 "-" "Sogou web spider/4.0(+http://www.sogou.com/docs/help/webmasters.htm#07)"
107.183.158.127 - - [07/Sep/2018:03:02:05 +0800] "GET /shijiazhuang/TuLiaoChang-NanLi/ HTTP/1.0" 200 78308 "-" "Sogou web spider/4.0(+http://www.sogou.com/docs/help/webmasters.htm#07)"
107.183.158.127 - - [07/Sep/2018:03:02:13 +0800] "GET /shenzhen/DaXin-DaMeiSha/ HTTP/1.0" 200 77939 "-" "Mozilla/5.0 (compatible; SemrushBot/2~bl; +http://www.semrush.com/bot.html)"
23.245.54.218 - - [07/Sep/2018:03:02:26 +0800] "GET /co/GG5Wi/ HTTP/1.0" 200 126718 "-" "Mozilla/5.0 (compatible; DotBot/1.1; http://www.opensiteexplorer.org/dotbot, help@moz.com)"
23.245.54.218 - - [07/Sep/2018:03:02:58 +0800] "POST /co/ntroller.ashx?action=catchimage HTTP/1.0" 405 24993 "http://www.114huoche.com/controller.ashx?action=catchimage" "Mozilla/4.0 (compatible; MSIE 9.0; Windows NT 6.1)"
107.183.158.127 - - [07/Sep/2018:03:02:59 +0800] "GET /shenzhen/HeDong-NanLing/ HTTP/1.0" 200 78772 "-" "Sogou web spider/4.0(+http://www.sogou.com/docs/help/webmasters.htm#07)"
107.183.158.127 - - [07/Sep/2018:03:03:07 +0800] "GET /shanghai/ChangYiLu-SanMenLu/ HTTP/1.0" 200 77604 "-" "Mozilla/5.0 (compatible; SemrushBot/2~bl; +http://www.semrush.com/bot.html)"
23.245.54.218 - - [07/Sep/2018:03:03:46 +0800] "GET /co/77fky/58825.html HTTP/1.0" 200 77831 "http://www.baidu.com" "Mozilla/4.0 (compatible; MSIE 9.0; Windows NT 6.1)"
107.183.158.127 - - [07/Sep/2018:03:03:47 +0800] "GET /shanghai/SanMenLu-LaoXiMen/ HTTP/1.0" 200 77775 "-" "Sogou web spider/4.0(+http://www.sogou.com/docs/help/webmasters.htm#07)"
23.245.54.218 - - [07/Sep/2018:03:03:48 +0800] "GET /co/ADtpvm6/china/css/index.css HTTP/1.0" 404 162 "http://www.114huoche.com/coADtpvm6/china/" "YisouSpider"
107.183.158.127 - - [07/Sep/2018:03:03:49 +0800] "GET /shenzhen/XiaLiLang-GuangMingDaJie/ HTTP/1.0" 200 77421 "-" "Mozilla/5.0 (compatible; SemrushBot/2~bl; +http://www.semrush.com/bot.html)"
107.183.158.127 - - [07/Sep/2018:03:03:54 +0800] "GET /shanghai/z_XiLinBeiLuT1/ HTTP/1.0" 200 78250 "-" "Sogou web spider/4.0(+http://www.sogou.com/docs/help/webmasters.htm#07)"
107.183.158.127 - - [07/Sep/2018:03:04:57 +0800] "GET /shanghai/PuDianLu6HaoXian-AnShanXinCun/ HTTP/1.0" 200 78451 "-" "Sogou web spider/4.0(+http://www.sogou.com/docs/help/webmasters.htm#07)"
23.245.54.218 - - [07/Sep/2018:03:05:57 +0800] "GET /co/py268.alexareport.cn/%0A HTTP/1.0" 200 78205 "-" "Mozilla/5.0 (Macintosh; Intel Mac OS X 10_13_6) AppleWebKit/537.36 (KHTML, like Gecko) Chrome/68.0.3440.106 Safari/537.36"
107.183.158.127 - - [07/Sep/2018:03:06:19 +0800] "GET /shanghai/NanChenLu-YouYiXiLu/ HTTP/1.0" 200 78469 "-" "Mozilla/5.0 (compatible; SemrushBot/2~bl; +http://www.semrush.com/bot.html)"
107.183.158.127 - - [07/Sep/2018:03:06:34 +0800] "GET /shenzhen/ShaTouJiao-BaiShiLong/ HTTP/1.0" 200 77832 "-" "Mozilla/5.0 (compatible; SemrushBot/2~bl; +http://www.semrush.com/bot.html)"
23.245.54.218 - - [07/Sep/2018:03:06:58 +0800] "GET /co/py268 HTTP/1.0" 200 77899 "-" "Mozilla/5.0 (Windows NT 6.2; WOW64) AppleWebKit/537.36 (KHTML, like Gecko) Chrome/35.0.1916.153 Safari/537.36"
107.183.158.127 - - [07/Sep/2018:03:07:13 +0800] "GET /shenzhen/PingShan-ShangShuiJing/ HTTP/1.0" 200 78569 "-" "Sogou web spider/4.0(+http://www.sogou.com/docs/help/webmasters.htm#07)"
23.245.54.218 - - [07/Sep/2018:03:07:28 +0800] "GET /co/4g9z9/78836.html HTTP/1.0" 200 77815 "http://www.baidu.com" "Mozilla/4.0 (compatible; MSIE 9.0; Windows NT 6.1)"
23.245.54.218 - - [07/Sep/2018:03:07:47 +0800] "POST /co/depage.asp;.jpg HTTP/1.0" 404 564 "http://www.114huoche.com/.asp;.jpg" "Mozilla/4.0 (compatible; MSIE 9.0; Windows NT 6.1)"
23.245.54.218 - - [07/Sep/2018:03:07:48 +0800] "POST /co/m3.indexlx.asp HTTP/1.0" 405 24993 "http://www.114huoche.com/.asp;.jpg" "Mozilla/4.0 (compatible; MSIE 9.0; Windows NT 6.1)"
23.245.54.218 - - [07/Sep/2018:03:08:05 +0800] "POST /co/mad/coon.asp HTTP/1.0" 405 24993 "http://www.114huoche.com/.asp;.jpg" "Mozilla/4.0 (compatible; MSIE 9.0; Windows NT 6.1)"
23.245.54.218 - - [07/Sep/2018:03:08:25 +0800] "GET /co/6sjl6/55781.html HTTP/1.0" 200 78697 "-" "Mozilla/5.0 (compatible; DotBot/1.1; http://www.opensiteexplorer.org/dotbot, help@moz.com)"
23.245.54.218 - - [07/Sep/2018:03:08:27 +0800] "POST /co/ncnn.asp HTTP/1.0" 405 24993 "http://www.114huoche.com/.asp;.jpg" "Mozilla/4.0 (compatible; MSIE 9.0; Windows NT 6.1)"
23.245.54.218 - - [07/Sep/2018:03:08:28 +0800] "POST /co/ncon.asp HTTP/1.0" 405 24993 "http://www.114huoche.com/.asp;.jpg" "Mozilla/4.0 (compatible; MSIE 9.0; Windows NT 6.1)"
23.245.54.218 - - [07/Sep/2018:03:08:29 +0800] "POST /co/ncon.asp HTTP/1.0" 405 24993 "http://www.114huoche.com/.asp;.jpg" "Mozilla/4.0 (compatible; MSIE 9.0; Windows NT 6.1)"
23.245.54.218 - - [07/Sep/2018:03:08:29 +0800] "POST /co/ndiy.asp HTTP/1.0" 405 24993 "http://www.114huoche.com/.asp;.jpg" "Mozilla/4.0 (compatible; MSIE 9.0; Windows NT 6.1)"
23.245.54.218 - - [07/Sep/2018:03:08:31 +0800] "POST /co/ndiy.asp HTTP/1.0" 405 24993 "http://www.114huoche.com/.asp;.jpg" "Mozilla/4.0 (compatible; MSIE 9.0; Windows NT 6.1)"
23.245.54.218 - - [07/Sep/2018:03:08:31 +0800] "GET /co/5o370/71567.html HTTP/1.0" 200 78204 "-" "Sogou web spider/4.0(+http://www.sogou.com/docs/help/webmasters.htm#07)"
23.245.54.218 - - [07/Sep/2018:03:08:32 +0800] "GET /co/9xfz9/57709.html HTTP/1.0" 200 78387 "-" "Mozilla/5.0 (compatible; DotBot/1.1; http://www.opensiteexplorer.org/dotbot, help@moz.com)"
23.245.54.218 - - [07/Sep/2018:03:08:35 +0800] "POST /co/nf1g.asp;.jpg HTTP/1.0" 404 564 "http://www.114huoche.com/.asp;.jpg" "Mozilla/4.0 (compatible; MSIE 9.0; Windows NT 6.1)"
107.183.158.127 - - [07/Sep/2018:03:08:37 +0800] "GET /shanghai/DongMingLu-ZhenBeiLu/ HTTP/1.0" 200 78662 "-" "Mozilla/5.0 (compatible; SemrushBot/2~bl; +http://www.semrush.com/bot.html)"
23.245.54.218 - - [07/Sep/2018:03:08:54 +0800] "POST /co/nfig/AspCms_Config.asp,ysh HTTP/1.0" 405 24993 "http://www.114huoche.com/.asp;.jpg" "Mozilla/4.0 (compatible; MSIE 9.0; Windows NT 6.1)"
23.245.54.218 - - [07/Sep/2018:03:08:56 +0800] "POST /co/nfig/AspCms_Config.asp HTTP/1.0" 405 24993 "http://www.114huoche.com/.asp;.jpg" "Mozilla/4.0 (compatible; MSIE 9.0; Windows NT 6.1)"
23.245.54.218 - - [07/Sep/2018:03:08:56 +0800] "POST /co/nfig/AspCms_Config.asp HTTP/1.0" 405 24993 "http://www.114huoche.com/.asp;.jpg" "Mozilla/4.0 (compatible; MSIE 9.0; Windows NT 6.1)"
23.245.54.218 - - [07/Sep/2018:03:08:57 +0800] "POST /co/nfig/AspCms_Config.asp HTTP/1.0" 405 24993 "http://www.114huoche.com/.asp;.jpg" "Mozilla/4.0 (compatible; MSIE 9.0; Windows NT 6.1)"
23.245.54.218 - - [07/Sep/2018:03:08:58 +0800] "POST /co/nfig/AspCms_Config.asp HTTP/1.0" 405 24993 "http://www.114huoche.com/.asp;.jpg" "Mozilla/4.0 (compatible; MSIE 9.0; Windows NT 6.1)"
23.245.54.218 - - [07/Sep/2018:03:08:59 +0800] "POST /co/nfig/AspCms_Config.asp HTTP/1.0" 405 24993 "http://www.114huoche.com/.asp;.jpg" "Mozilla/4.0 (compatible; MSIE 9.0; Windows NT 6.1)"
23.245.54.218 - - [07/Sep/2018:03:09:01 +0800] "POST /co/nfig/AspCms_config.asp HTTP/1.0" 405 24993 "http://www.114huoche.com/.asp;.jpg" "Mozilla/4.0 (compatible; MSIE 9.0; Windows NT 6.1)"
23.245.54.218 - - [07/Sep/2018:03:09:02 +0800] "POST /co/nfig/aspcms_config.asp HTTP/1.0" 405 24993 "http://www.114huoche.com/.asp;.jpg" "Mozilla/4.0 (compatible; MSIE 9.0; Windows NT 6.1)"
23.245.54.218 - - [07/Sep/2018:03:09:03 +0800] "POST /co/nfiga.asp HTTP/1.0" 405 24993 "http://www.114huoche.com/.asp;.jpg" "Mozilla/4.0 (compatible; MSIE 9.0; Windows NT 6.1)"
23.245.54.218 - - [07/Sep/2018:03:09:03 +0800] "POST /co/nn.asp?id=520 HTTP/1.0" 405 24993 "http://www.114huoche.com/.asp;.jpg" "Mozilla/4.0 (compatible; MSIE 9.0; Windows NT 6.1)"
23.245.54.218 - - [07/Sep/2018:03:09:06 +0800] "POST /co/nn1.asp HTTP/1.0" 405 24993 "http://www.114huoche.com/.asp;.jpg" "Mozilla/4.0 (compatible; MSIE 9.0; Windows NT 6.1)"
23.245.54.218 - - [07/Sep/2018:03:09:13 +0800] "POST /co/on.asp HTTP/1.0" 405 24993 "http://www.114huoche.com/.asp;.jpg" "Mozilla/4.0 (compatible; MSIE 9.0; Windows NT 6.1)"
107.183.158.127 - - [07/Sep/2018:03:09:37 +0800] "GET /shanghai/ZhaoFengLu-JingYuanLu/ HTTP/1.0" 200 76942 "-" "Mozilla/5.0 (compatible; SemrushBot/2~bl; +http://www.semrush.com/bot.html)"
23.245.54.218 - - [07/Sep/2018:03:10:21 +0800] "GET /co/qzg14/83363.html HTTP/1.0" 200 77915 "-" "Mozilla/5.0 (compatible; DotBot/1.1; http://www.opensiteexplorer.org/dotbot, help@moz.com)"
107.183.158.127 - - [07/Sep/2018:03:10:23 +0800] "GET /shenzhen/ShiJiaoTou-QianHaiWan/ HTTP/1.0" 200 78209 "-" "Mozilla/5.0 (compatible; SemrushBot/2~bl; +http://www.semrush.com/bot.html)"
23.245.54.218 - - [07/Sep/2018:03:10:29 +0800] "GET /co/wyflf/33481.html HTTP/1.0" 200 78329 "-" "Mozilla/5.0 (compatible; DotBot/1.1; http://www.opensiteexplorer.org/dotbot, help@moz.com)"
23.245.54.218 - - [07/Sep/2018:03:10:43 +0800] "GET /co/ggYwi/ HTTP/1.0" 200 77474 "-" "Sogou web spider/4.0(+http://www.sogou.com/docs/help/webmasters.htm#07)"
23.245.54.218 - - [07/Sep/2018:03:10:45 +0800] "GET /co/GGSjz/ HTTP/1.0" 200 118989 "-" "Sogou web spider/4.0(+http://www.sogou.com/docs/help/webmasters.htm#07)"
107.183.158.127 - - [07/Sep/2018:03:10:54 +0800] "GET /shanghai/FangHuaLu-XinChang/ HTTP/1.0" 200 77981 "-" "Mozilla/5.0 (compatible; SemrushBot/2~bl; +http://www.semrush.com/bot.html)"
23.245.54.218 - - [07/Sep/2018:03:10:56 +0800] "GET /co/GGpnQ/935710.html HTTP/1.0" 200 122651 "-" "Sogou web spider/4.0(+http://www.sogou.com/docs/help/webmasters.htm#07)"
107.183.158.127 - - [07/Sep/2018:03:11:01 +0800] "GET /shijiazhuang/CaiJiaGang-BeiBaiPi/ HTTP/1.0" 200 77568 "-" "Sogou web spider/4.0(+http://www.sogou.com/docs/help/webmasters.htm#07)"
23.245.54.218 - - [07/Sep/2018:03:11:04 +0800] "GET /co/ggC4t/ HTTP/1.0" 200 77752 "-" "Sogou web spider/4.0(+http://www.sogou.com/docs/help/webmasters.htm#07)"
23.245.54.218 - - [07/Sep/2018:03:11:08 +0800] "GET /co/x1o7k/32958.html HTTP/1.0" 200 77642 "http://www.baidu.com" "Mozilla/4.0 (compatible; MSIE 9.0; Windows NT 6.1)"
23.245.54.218 - - [07/Sep/2018:03:11:13 +0800] "GET /co/py/527948.html HTTP/1.0" 200 78058 "-" "Sogou web spider/4.0(+http://www.sogou.com/docs/help/webmasters.htm#07)"
107.183.158.127 - - [07/Sep/2018:03:11:14 +0800] "GET /shanghai/FengBangHuoCheZhan-PuDianLu6HaoXian/ HTTP/1.0" 200 78037 "-" "Mozilla/5.0 (compatible; SemrushBot/2~bl; +http://www.semrush.com/bot.html)"
107.183.158.127 - - [07/Sep/2018:03:11:15 +0800] "GET /shenzhen/GanKeng-RongHuaLu/ HTTP/1.0" 200 78127 "-" "Mozilla/5.0 (compatible; SemrushBot/2~bl; +http://www.semrush.com/bot.html)"
23.245.54.218 - - [07/Sep/2018:03:11:27 +0800] "GET /co/GGuYW/ HTTP/1.0" 200 129545 "-" "Sogou web spider/4.0(+http://www.sogou.com/docs/help/webmasters.htm#07)"
23.245.54.218 - - [07/Sep/2018:03:11:45 +0800] "GET /co/ggHnA/ HTTP/1.0" 200 77969 "-" "Sogou web spider/4.0(+http://www.sogou.com/docs/help/webmasters.htm#07)"
23.245.54.218 - - [07/Sep/2018:03:12:08 +0800] "GET /co/py268 HTTP/1.0" 200 77899 "-" "Mozilla/5.0 (compatible; Baiduspider/2.0; +http://www.baidu.com/search/spider.html)"
23.245.54.218 - - [07/Sep/2018:03:12:37 +0800] "GET /co/GGzV7/ HTTP/1.0" 200 123254 "-" "Sogou web spider/4.0(+http://www.sogou.com/docs/help/webmasters.htm#07)"
23.245.54.218 - - [07/Sep/2018:03:12:37 +0800] "GET /co/AD4v56/37551/css/index.css HTTP/1.0" 404 162 "http://www.114huoche.com/coAD4v56/37551/" "YisouSpider"
23.245.54.218 - - [07/Sep/2018:03:12:44 +0800] "GET /co/py268 HTTP/1.0" 200 77899 "-" "Mozilla/5.0 (Macintosh; Intel Mac OS X 10_13_6) AppleWebKit/537.36 (KHTML, like Gecko) Chrome/68.0.3440.106 Safari/537.36"
107.183.158.127 - - [07/Sep/2018:03:13:17 +0800] "GET /shanghai/HangJinLu-DianShanHuDaDao/ HTTP/1.0" 500 45550 "-" "Mozilla/5.0 (Linux;u;Android 4.2.2;zh-cn;) AppleWebKit/534.46 (KHTML,like Gecko) Version/5.1 Mobile Safari/10600.6.3 (compatible; Baiduspider/2.0; +http://www.baidu.com/search/spider.html)"
107.183.158.127 - - [07/Sep/2018:03:13:18 +0800] "GET /shijiazhuang/XiSanZhuang-TieDaoDaXue/ HTTP/1.0" 500 45584 "-" "Sogou web spider/4.0(+http://www.sogou.com/docs/help/webmasters.htm#07)"
107.183.158.127 - - [07/Sep/2018:03:13:18 +0800] "GET /shanghai/YouYiLu-GuLangLu/ HTTP/1.0" 200 77474 "-" "Mozilla/5.0 (Linux;u;Android 4.2.2;zh-cn;) AppleWebKit/534.46 (KHTML,like Gecko) Version/5.1 Mobile Safari/10600.6.3 (compatible; Baiduspider/2.0; +http://www.baidu.com/search/spider.html)"
107.183.158.127 - - [07/Sep/2018:03:13:19 +0800] "GET /shanghai/JinJingLu-GaoQingLu/ HTTP/1.0" 200 78341 "-" "Mozilla/5.0 (Linux;u;Android 4.2.2;zh-cn;) AppleWebKit/534.46 (KHTML,like Gecko) Version/5.1 Mobile Safari/10600.6.3 (compatible; Baiduspider/2.0; +http://www.baidu.com/search/spider.html)"
107.183.158.127 - - [07/Sep/2018:03:13:22 +0800] "GET /shanghai/HongQiaoHuoCheZhan-TaoPuXinCun/ HTTP/1.0" 200 78294 "-" "Mozilla/5.0 (Linux;u;Android 4.2.2;zh-cn;) AppleWebKit/534.46 (KHTML,like Gecko) Version/5.1 Mobile Safari/10600.6.3 (compatible; Baiduspider/2.0; +http://www.baidu.com/search/spider.html)"
107.183.158.127 - - [07/Sep/2018:03:13:28 +0800] "GET /shanghai/GuDaiLu-YouYiXiLu/ HTTP/1.0" 200 77972 "-" "Mozilla/5.0 (Linux;u;Android 4.2.2;zh-cn;) AppleWebKit/534.46 (KHTML,like Gecko) Version/5.1 Mobile Safari/10600.6.3 (compatible; Baiduspider/2.0; +http://www.baidu.com/search/spider.html)"
107.183.158.127 - - [07/Sep/2018:03:13:42 +0800] "GET /shanghai/SiJing-PuDongGuoJiJiChang/ HTTP/1.0" 200 78023 "-" "Mozilla/5.0 (Linux;u;Android 4.2.2;zh-cn;) AppleWebKit/534.46 (KHTML,like Gecko) Version/5.1 Mobile Safari/10600.6.3 (compatible; Baiduspider/2.0; +http://www.baidu.com/search/spider.html)"
107.183.158.127 - - [07/Sep/2018:03:13:45 +0800] "GET /shanghai/MinLeiLu-FengZhuang/ HTTP/1.0" 200 78067 "-" "Mozilla/5.0 (Linux;u;Android 4.2.2;zh-cn;) AppleWebKit/534.46 (KHTML,like Gecko) Version/5.1 Mobile Safari/10600.6.3 (compatible; Baiduspider/2.0; +http://www.baidu.com/search/spider.html)"
107.183.158.127 - - [07/Sep/2018:03:13:48 +0800] "GET /shanghai/ShangHaiNanZhan-DiShiNi/ HTTP/1.0" 200 77997 "-" "Mozilla/5.0 (Linux;u;Android 4.2.2;zh-cn;) AppleWebKit/534.46 (KHTML,like Gecko) Version/5.1 Mobile Safari/10600.6.3 (compatible; Baiduspider/2.0; +http://www.baidu.com/search/spider.html)"
107.183.158.127 - - [07/Sep/2018:03:13:51 +0800] "GET /shanghai/DongMingLu-TaiErZhuangLu/ HTTP/1.0" 500 45533 "-" "Mozilla/5.0 (Linux;u;Android 4.2.2;zh-cn;) AppleWebKit/534.46 (KHTML,like Gecko) Version/5.1 Mobile Safari/10600.6.3 (compatible; Baiduspider/2.0; +http://www.baidu.com/search/spider.html)"
107.183.158.127 - - [07/Sep/2018:03:13:52 +0800] "GET /shanghai/YiShanLu-HongQiaoHuoCheZhan/ HTTP/1.0" 500 45584 "-" "Mozilla/5.0 (Linux;u;Android 4.2.2;zh-cn;) AppleWebKit/534.46 (KHTML,like Gecko) Version/5.1 Mobile Safari/10600.6.3 (compatible; Baiduspider/2.0; +http://www.baidu.com/search/spider.html)"
107.183.158.127 - - [07/Sep/2018:03:13:53 +0800] "GET /shanghai/YuanShenTiYuZhongXin-YiLiLu/ HTTP/1.0" 200 77422 "-" "Mozilla/5.0 (Linux;u;Android 4.2.2;zh-cn;) AppleWebKit/534.46 (KHTML,like Gecko) Version/5.1 Mobile Safari/10600.6.3 (compatible; Baiduspider/2.0; +http://www.baidu.com/search/spider.html)"
107.183.158.127 - - [07/Sep/2018:03:13:54 +0800] "GET /shanghai/HaiLunLu-ShangHaiNanZhan/ HTTP/1.0" 200 78387 "-" "Mozilla/5.0 (Linux;u;Android 4.2.2;zh-cn;) AppleWebKit/534.46 (KHTML,like Gecko) Version/5.1 Mobile Safari/10600.6.3 (compatible; Baiduspider/2.0; +http://www.baidu.com/search/spider.html)"
107.183.158.127 - - [07/Sep/2018:03:13:59 +0800] "GET /shanghai/LuoXiuLu-HongMeiNanLu/ HTTP/1.0" 500 45482 "-" "Sogou web spider/4.0(+http://www.sogou.com/docs/help/webmasters.htm#07)"
107.183.158.127 - - [07/Sep/2018:03:14:01 +0800] "GET /shanghai/JinJingLu-MaDangLu/ HTTP/1.0" 200 78078 "-" "Mozilla/5.0 (Linux;u;Android 4.2.2;zh-cn;) AppleWebKit/534.46 (KHTML,like Gecko) Version/5.1 Mobile Safari/10600.6.3 (compatible; Baiduspider/2.0; +http://www.baidu.com/search/spider.html)"
23.245.54.218 - - [07/Sep/2018:03:14:29 +0800] "GET /co/ggv9c/484806.html HTTP/1.0" 200 78639 "-" "Sogou web spider/4.0(+http://www.sogou.com/docs/help/webmasters.htm#07)"
107.183.158.127 - - [07/Sep/2018:03:14:29 +0800] "GET /shanghai/PuDianLu6HaoXian-HuangXingLu/ HTTP/1.0" 200 77947 "-" "Sogou web spider/4.0(+http://www.sogou.com/docs/help/webmasters.htm#07)"
107.183.158.127 - - [07/Sep/2018:03:14:29 +0800] "GET /shanghai/SheShan-SanLin/ HTTP/1.0" 200 77960 "-" "Mozilla/5.0 (compatible; SemrushBot/2~bl; +http://www.semrush.com/bot.html)"
23.245.54.218 - - [07/Sep/2018:03:14:41 +0800] "GET /co/ggo9U/503117.html HTTP/1.0" 200 78422 "-" "Sogou web spider/4.0(+http://www.sogou.com/docs/help/webmasters.htm#07)"
23.245.54.218 - - [07/Sep/2018:03:14:45 +0800] "GET /co/xvbks/82215.html HTTP/1.0" 200 78183 "http://www.baidu.com" "Mozilla/4.0 (compatible; MSIE 9.0; Windows NT 6.1)"
23.245.54.218 - - [07/Sep/2018:03:14:46 +0800] "GET /co/ggC3F/ HTTP/1.0" 200 77856 "-" "Sogou web spider/4.0(+http://www.sogou.com/docs/help/webmasters.htm#07)"
107.183.158.127 - - [07/Sep/2018:03:15:26 +0800] "GET /shenzhen/TangKeng-TaoYuan/ HTTP/1.0" 200 77786 "-" "Mozilla/5.0 (compatible; SemrushBot/2~bl; +http://www.semrush.com/bot.html)"
107.183.158.127 - - [07/Sep/2018:03:15:46 +0800] "GET /shanghai/DaMuQiaoLu-CaoAnLu/ HTTP/1.0" 200 78091 "-" "Mozilla/5.0 (compatible; SemrushBot/2~bl; +http://www.semrush.com/bot.html)"
107.183.158.127 - - [07/Sep/2018:03:15:55 +0800] "GET /shenzhen/QiuShuiShan-ChaGuang/ HTTP/1.0" 200 78352 "-" "Mozilla/5.0 (compatible; SemrushBot/2~bl; +http://www.semrush.com/bot.html)"
107.183.158.127 - - [07/Sep/2018:03:16:43 +0800] "GET /shanghai/LouShanGuanLu-PanLongLu/ HTTP/1.0" 200 77547 "-" "Sogou web spider/4.0(+http://www.sogou.com/docs/help/webmasters.htm#07)"
107.183.158.127 - - [07/Sep/2018:03:16:47 +0800] "GET /shanghai/JuYeLu-TongNanLu/ HTTP/1.0" 200 78354 "-" "Mozilla/5.0 (compatible; SemrushBot/2~bl; +http://www.semrush.com/bot.html)"
107.183.158.127 - - [07/Sep/2018:03:17:01 +0800] "GET /shanghai/ShanXiNanLu-GuoQuanLu/ HTTP/1.0" 200 78090 "-" "Sogou web spider/4.0(+http://www.sogou.com/docs/help/webmasters.htm#07)"
23.245.54.218 - - [07/Sep/2018:03:18:13 +0800] "POST /co/nn.asp HTTP/1.0" 405 24993 "http://www.114huoche.com/admin/cofng.asp" "Mozilla/4.0 (compatible; MSIE 9.0; Windows NT 6.1)"
23.245.54.218 - - [07/Sep/2018:03:18:18 +0800] "POST /co/nn1.asp HTTP/1.0" 405 24993 "http://www.114huoche.com/admin/cofng.asp" "Mozilla/4.0 (compatible; MSIE 9.0; Windows NT 6.1)"
23.245.54.218 - - [07/Sep/2018:03:18:22 +0800] "POST /co/ncon.asp HTTP/1.0" 405 24993 "http://www.114huoche.com/admin/cofng.asp" "Mozilla/4.0 (compatible; MSIE 9.0; Windows NT 6.1)"
23.245.54.218 - - [07/Sep/2018:03:18:22 +0800] "POST /co/ncon.asp HTTP/1.0" 405 24993 "http://www.114huoche.com/admin/cofng.asp" "Mozilla/4.0 (compatible; MSIE 9.0; Windows NT 6.1)"
23.245.54.218 - - [07/Sep/2018:03:18:27 +0800] "GET /co/c1ske/32892.html HTTP/1.0" 200 78202 "http://www.baidu.com" "Mozilla/4.0 (compatible; MSIE 9.0; Windows NT 6.1)"
23.245.54.218 - - [07/Sep/2018:03:18:29 +0800] "GET /co/py269.alexareport.cn/%0A HTTP/1.0" 200 77821 "-" "Mozilla/5.0 (Macintosh; Intel Mac OS X 10_13_6) AppleWebKit/537.36 (KHTML, like Gecko) Chrome/68.0.3440.106 Safari/537.36"
23.245.54.218 - - [07/Sep/2018:03:18:30 +0800] "POST /co/nfig/AspCms_Config.asp HTTP/1.0" 405 24993 "http://www.114huoche.com/admin/cofng.asp" "Mozilla/4.0 (compatible; MSIE 9.0; Windows NT 6.1)"
23.245.54.218 - - [07/Sep/2018:03:18:32 +0800] "POST /co/nfig/AspCms_Config.asp HTTP/1.0" 405 24993 "http://www.114huoche.com/admin/cofng.asp" "Mozilla/4.0 (compatible; MSIE 9.0; Windows NT 6.1)"
23.245.54.218 - - [07/Sep/2018:03:18:34 +0800] "GET /co/gg4rm/313124.html HTTP/1.0" 200 77897 "-" "Sogou web spider/4.0(+http://www.sogou.com/docs/help/webmasters.htm#07)"
23.245.54.218 - - [07/Sep/2018:03:18:38 +0800] "POST /co/nfig/AspCms_Config.asp HTTP/1.0" 405 24993 "http://www.114huoche.com/admin/cofng.asp" "Mozilla/4.0 (compatible; MSIE 9.0; Windows NT 6.1)"
23.245.54.218 - - [07/Sep/2018:03:18:43 +0800] "POST /co/nfig/AspCms_Config.asp HTTP/1.0" 405 24993 "http://www.114huoche.com/admin/cofng.asp" "Mozilla/4.0 (compatible; MSIE 9.0; Windows NT 6.1)"
23.245.54.218 - - [07/Sep/2018:03:18:46 +0800] "POST /co/nfig/AspCms_Config.asp HTTP/1.0" 405 24993 "http://www.114huoche.com/admin/cofng.asp" "Mozilla/4.0 (compatible; MSIE 9.0; Windows NT 6.1)"
23.245.54.218 - - [07/Sep/2018:03:18:47 +0800] "POST /co/nfig/AspCms_Config.asp HTTP/1.0" 405 24993 "http://www.114huoche.com/admin/cofng.asp" "Mozilla/4.0 (compatible; MSIE 9.0; Windows NT 6.1)"
23.245.54.218 - - [07/Sep/2018:03:18:48 +0800] "POST /co/nfig/AspCms_Config.asp HTTP/1.0" 405 24993 "http://www.114huoche.com/admin/cofng.asp" "Mozilla/4.0 (compatible; MSIE 9.0; Windows NT 6.1)"
23.245.54.218 - - [07/Sep/2018:03:18:50 +0800] "POST /co/nfig/AspCms_Config.asp HTTP/1.0" 405 24993 "http://www.114huoche.com/admin/cofng.asp" "Mozilla/4.0 (compatible; MSIE 9.0; Windows NT 6.1)"
23.245.54.218 - - [07/Sep/2018:03:18:50 +0800] "POST /co/nfig/AspCms_Config.asp HTTP/1.0" 405 24993 "http://www.114huoche.com/admin/cofng.asp" "Mozilla/4.0 (compatible; MSIE 9.0; Windows NT 6.1)"
23.245.54.218 - - [07/Sep/2018:03:18:51 +0800] "POST /co/nfig/AspCms_Config.asp HTTP/1.0" 405 24993 "http://www.114huoche.com/admin/cofng.asp" "Mozilla/4.0 (compatible; MSIE 9.0; Windows NT 6.1)"
23.245.54.218 - - [07/Sep/2018:03:18:51 +0800] "POST /co/nfig/AspCms_Config.asp HTTP/1.0" 405 24993 "http://www.114huoche.com/admin/cofng.asp" "Mozilla/4.0 (compatible; MSIE 9.0; Windows NT 6.1)"
23.245.54.218 - - [07/Sep/2018:03:18:51 +0800] "POST /co/nfig/AspCms_Config.asp HTTP/1.0" 405 24993 "http://www.114huoche.com/admin/cofng.asp" "Mozilla/4.0 (compatible; MSIE 9.0; Windows NT 6.1)"
23.245.54.218 - - [07/Sep/2018:03:18:52 +0800] "POST /co/nfig/AspCms_Config.asp HTTP/1.0" 405 24993 "http://www.114huoche.com/admin/cofng.asp" "Mozilla/4.0 (compatible; MSIE 9.0; Windows NT 6.1)"
23.245.54.218 - - [07/Sep/2018:03:18:52 +0800] "POST /co/nfig/AspCms_Config.asp HTTP/1.0" 405 24993 "http://www.114huoche.com/admin/cofng.asp" "Mozilla/4.0 (compatible; MSIE 9.0; Windows NT 6.1)"
23.245.54.218 - - [07/Sep/2018:03:18:52 +0800] "POST /co/nfig/AspCms_Config.asp HTTP/1.0" 405 24993 "http://www.114huoche.com/admin/cofng.asp" "Mozilla/4.0 (compatible; MSIE 9.0; Windows NT 6.1)"
23.245.54.218 - - [07/Sep/2018:03:18:53 +0800] "POST /co/nfig/AspCms_Config.asp HTTP/1.0" 405 24993 "http://www.114huoche.com/admin/cofng.asp" "Mozilla/4.0 (compatible; MSIE 9.0; Windows NT 6.1)"
23.245.54.218 - - [07/Sep/2018:03:18:53 +0800] "POST /co/nfig/AspCms_Config.asp HTTP/1.0" 405 24993 "http://www.114huoche.com/admin/cofng.asp" "Mozilla/4.0 (compatible; MSIE 9.0; Windows NT 6.1)"
23.245.54.218 - - [07/Sep/2018:03:18:53 +0800] "POST /co/nfig/AspCms_Config.asp HTTP/1.0" 405 24993 "http://www.114huoche.com/admin/cofng.asp" "Mozilla/4.0 (compatible; MSIE 9.0; Windows NT 6.1)"
23.245.54.218 - - [07/Sep/2018:03:18:53 +0800] "POST /co/nfig/AspCms_Config.asp HTTP/1.0" 405 24993 "http://www.114huoche.com/admin/cofng.asp" "Mozilla/4.0 (compatible; MSIE 9.0; Windows NT 6.1)"
23.245.54.218 - - [07/Sep/2018:03:18:54 +0800] "POST /co/nfig/AspCms_Config.asp HTTP/1.0" 405 24993 "http://www.114huoche.com/admin/cofng.asp" "Mozilla/4.0 (compatible; MSIE 9.0; Windows NT 6.1)"
23.245.54.218 - - [07/Sep/2018:03:18:54 +0800] "POST /co/nfig/aspcms_config.asp HTTP/1.0" 405 24993 "http://www.114huoche.com/admin/cofng.asp" "Mozilla/4.0 (compatible; MSIE 9.0; Windows NT 6.1)"
23.245.54.218 - - [07/Sep/2018:03:19:11 +0800] "GET /co/ad2018-07-27/7487232564.html HTTP/1.0" 200 78777 "-" "YisouSpider"
23.245.54.218 - - [07/Sep/2018:03:19:37 +0800] "GET /co/td5oc/561994/ HTTP/1.0" 200 77515 "-" "Sogou web spider/4.0(+http://www.sogou.com/docs/help/webmasters.htm#07)"
23.245.54.218 - - [07/Sep/2018:03:19:37 +0800] "GET /co/py269 HTTP/1.0" 200 77872 "-" "Mozilla/5.0 (Windows NT 6.2; WOW64) AppleWebKit/537.36 (KHTML, like Gecko) Chrome/35.0.1916.153 Safari/537.36"
107.183.158.127 - - [07/Sep/2018:03:20:29 +0800] "GET /shenzhen/HuaXin-FuQiaoGongYeYuan/ HTTP/1.0" 200 78403 "-" "Sogou web spider/4.0(+http://www.sogou.com/docs/help/webmasters.htm#07)"
23.245.54.218 - - [07/Sep/2018:03:20:54 +0800] "GET /co/gg3KS/355217.html HTTP/1.0" 200 78774 "-" "Sogou web spider/4.0(+http://www.sogou.com/docs/help/webmasters.htm#07)"
107.183.158.127 - - [07/Sep/2018:03:20:59 +0800] "GET /shanghai/JiaSongZhongLu-ShuiChengLu/ HTTP/1.0" 200 78161 "-" "Mozilla/5.0 (compatible; SemrushBot/2~bl; +http://www.semrush.com/bot.html)"
23.245.54.218 - - [07/Sep/2018:03:21:10 +0800] "GET /co/n6420/35963.html HTTP/1.0" 200 78645 "-" "Sogou web spider/4.0(+http://www.sogou.com/docs/help/webmasters.htm#07)"
23.245.54.218 - - [07/Sep/2018:03:21:26 +0800] "GET /co/ggiUE/ HTTP/1.0" 200 77711 "-" "Mozilla/5.0 (compatible; Baiduspider/2.0; +http://www.baidu.com/search/spider.html)"
23.245.54.218 - - [07/Sep/2018:03:21:44 +0800] "GET /co/l1cwn/21596.html HTTP/1.0" 200 78080 "-" "Sogou web spider/4.0(+http://www.sogou.com/docs/help/webmasters.htm#07)"
107.183.158.127 - - [07/Sep/2018:03:21:52 +0800] "GET /shenzhen/QiuShuiShan-ChangLong/ HTTP/1.0" 200 78414 "-" "Mozilla/5.0 (compatible; SemrushBot/2~bl; +http://www.semrush.com/bot.html)"
107.183.158.127 - - [07/Sep/2018:03:22:07 +0800] "GET /shanghai/ZhaoXiang-DanYangLu/ HTTP/1.0" 500 45448 "-" "Mozilla/5.0 (compatible; SemrushBot/2~bl; +http://www.semrush.com/bot.html)"
23.245.54.218 - - [07/Sep/2018:03:22:08 +0800] "GET /co/34f38/29297.html HTTP/1.0" 200 79150 "http://www.baidu.com" "Mozilla/4.0 (compatible; MSIE 9.0; Windows NT 6.1)"
107.183.158.127 - - [07/Sep/2018:03:22:17 +0800] "GET /shanghai/XiCangNanLu-ZuiBaiChi/ HTTP/1.0" 200 77983 "-" "Mozilla/5.0 (compatible; SemrushBot/2~bl; +http://www.semrush.com/bot.html)"
107.183.158.127 - - [07/Sep/2018:03:22:48 +0800] "GET /shanghai/DongFangTiYuZhongXin-TaiErZhuangLu/ HTTP/1.0" 200 78291 "-" "Mozilla/5.0 (compatible; SemrushBot/2~bl; +http://www.semrush.com/bot.html)"
107.183.158.127 - - [07/Sep/2018:03:22:52 +0800] "GET /shanghai/ChangFengGongYuan-MaLu/ HTTP/1.0" 200 78515 "-" "Mozilla/5.0 (compatible; SemrushBot/2~bl; +http://www.semrush.com/bot.html)"
23.245.54.218 - - [07/Sep/2018:03:22:58 +0800] "POST /co/nfig/AspCms_Config.asp HTTP/1.0" 405 24993 "http://www.114huoche.com/SqlIn.asp" "Mozilla/4.0 (compatible; MSIE 9.0; Windows NT 6.1)"
23.245.54.218 - - [07/Sep/2018:03:23:01 +0800] "POST /co/nfig/AspCms_Config.asp HTTP/1.0" 405 24993 "http://www.114huoche.com/SqlIn.asp" "Mozilla/4.0 (compatible; MSIE 9.0; Windows NT 6.1)"
23.245.54.218 - - [07/Sep/2018:03:23:10 +0800] "POST /co/nn1.asp HTTP/1.0" 405 24993 "http://www.114huoche.com/SqlIn.asp" "Mozilla/4.0 (compatible; MSIE 9.0; Windows NT 6.1)"
23.245.54.218 - - [07/Sep/2018:03:23:12 +0800] "POST /co/ncon.asp HTTP/1.0" 405 24993 "http://www.114huoche.com/SqlIn.asp" "Mozilla/4.0 (compatible; MSIE 9.0; Windows NT 6.1)"
107.183.158.127 - - [07/Sep/2018:03:23:20 +0800] "GET /shijiazhuang/HePingYiYuan-ZhongYangLing/ HTTP/1.0" 200 79036 "-" "Sogou web spider/4.0(+http://www.sogou.com/docs/help/webmasters.htm#07)"
107.183.158.127 - - [07/Sep/2018:03:23:25 +0800] "GET /shenzhen/BiTou-HeXi/ HTTP/1.0" 200 77749 "-" "Sogou web spider/4.0(+http://www.sogou.com/docs/help/webmasters.htm#07)"
107.183.158.127 - - [07/Sep/2018:03:23:50 +0800] "GET /shanghai/BeiQiao-ZhouPuDong/ HTTP/1.0" 200 77947 "-" "Sogou web spider/4.0(+http://www.sogou.com/docs/help/webmasters.htm#07)"
23.245.54.218 - - [07/Sep/2018:03:23:53 +0800] "POST /co/nfig/AspCms_Config.asp HTTP/1.0" 405 24993 "http://www.114huoche.com/SqlIn.asp" "Mozilla/4.0 (compatible; MSIE 9.0; Windows NT 6.1)"
23.245.54.218 - - [07/Sep/2018:03:24:00 +0800] "POST /co/nn.asp HTTP/1.0" 405 24993 "http://www.114huoche.com/admin/cofng.asp" "Mozilla/4.0 (compatible; MSIE 9.0; Windows NT 6.1)"
23.245.54.218 - - [07/Sep/2018:03:24:00 +0800] "POST /co/nfig/AspCms_Config.asp HTTP/1.0" 405 24993 "http://www.114huoche.com/SqlIn.asp" "Mozilla/4.0 (compatible; MSIE 9.0; Windows NT 6.1)"
23.245.54.218 - - [07/Sep/2018:03:24:04 +0800] "POST /co/nn1.asp HTTP/1.0" 405 24993 "http://www.114huoche.com/admin/cofng.asp" "Mozilla/4.0 (compatible; MSIE 9.0; Windows NT 6.1)"
23.245.54.218 - - [07/Sep/2018:03:24:09 +0800] "POST /co/ncon.asp HTTP/1.0" 405 24993 "http://www.114huoche.com/admin/cofng.asp" "Mozilla/4.0 (compatible; MSIE 9.0; Windows NT 6.1)"
23.245.54.218 - - [07/Sep/2018:03:24:09 +0800] "POST /co/ncon.asp HTTP/1.0" 405 24993 "http://www.114huoche.com/admin/cofng.asp" "Mozilla/4.0 (compatible; MSIE 9.0; Windows NT 6.1)"
23.245.54.218 - - [07/Sep/2018:03:24:16 +0800] "POST /co/nfig/AspCms_Config.asp HTTP/1.0" 405 24993 "http://www.114huoche.com/admin/cofng.asp" "Mozilla/4.0 (compatible; MSIE 9.0; Windows NT 6.1)"
23.245.54.218 - - [07/Sep/2018:03:24:17 +0800] "POST /co/nfig/AspCms_Config.asp HTTP/1.0" 405 24993 "http://www.114huoche.com/admin/cofng.asp" "Mozilla/4.0 (compatible; MSIE 9.0; Windows NT 6.1)"
23.245.54.218 - - [07/Sep/2018:03:24:18 +0800] "POST /co/nfig/AspCms_Config.asp HTTP/1.0" 405 24993 "http://www.114huoche.com/admin/cofng.asp" "Mozilla/4.0 (compatible; MSIE 9.0; Windows NT 6.1)"
23.245.54.218 - - [07/Sep/2018:03:24:18 +0800] "POST /co/nfig/AspCms_Config.asp HTTP/1.0" 405 24993 "http://www.114huoche.com/admin/cofng.asp" "Mozilla/4.0 (compatible; MSIE 9.0; Windows NT 6.1)"
107.183.158.127 - - [07/Sep/2018:03:24:19 +0800] "GET /shanghai/HuiNan-ChunShen/ HTTP/1.0" 200 77691 "-" "Mozilla/5.0 (compatible; SemrushBot/2~bl; +http://www.semrush.com/bot.html)"
23.245.54.218 - - [07/Sep/2018:03:24:22 +0800] "POST /co/nfig/AspCms_Config.asp HTTP/1.0" 405 24993 "http://www.114huoche.com/admin/cofng.asp" "Mozilla/4.0 (compatible; MSIE 9.0; Windows NT 6.1)"
23.245.54.218 - - [07/Sep/2018:03:24:24 +0800] "POST /co/nn1.asp HTTP/1.0" 405 24993 "http://www.114huoche.com/SqlIn.asp" "Mozilla/4.0 (compatible; MSIE 9.0; Windows NT 6.1)"
23.245.54.218 - - [07/Sep/2018:03:24:25 +0800] "POST /co/nfig/AspCms_Config.asp HTTP/1.0" 405 24993 "http://www.114huoche.com/admin/cofng.asp" "Mozilla/4.0 (compatible; MSIE 9.0; Windows NT 6.1)"
23.245.54.218 - - [07/Sep/2018:03:24:30 +0800] "GET /co/py269 HTTP/1.0" 200 77872 "-" "Mozilla/5.0 (compatible; Baiduspider/2.0; +http://www.baidu.com/search/spider.html)"
23.245.54.218 - - [07/Sep/2018:03:24:40 +0800] "POST /co/ncon.asp HTTP/1.0" 405 24993 "http://www.114huoche.com/SqlIn.asp" "Mozilla/4.0 (compatible; MSIE 9.0; Windows NT 6.1)"
23.245.54.218 - - [07/Sep/2018:03:24:41 +0800] "POST /co/nfig/AspCms_Config.asp HTTP/1.0" 405 24993 "http://www.114huoche.com/admin/cofng.asp" "Mozilla/4.0 (compatible; MSIE 9.0; Windows NT 6.1)"
23.245.54.218 - - [07/Sep/2018:03:24:42 +0800] "POST /co/nfig/AspCms_Config.asp HTTP/1.0" 405 24993 "http://www.114huoche.com/admin/cofng.asp" "Mozilla/4.0 (compatible; MSIE 9.0; Windows NT 6.1)"
23.245.54.218 - - [07/Sep/2018:03:24:43 +0800] "POST /co/nfig/AspCms_Config.asp HTTP/1.0" 405 24993 "http://www.114huoche.com/admin/cofng.asp" "Mozilla/4.0 (compatible; MSIE 9.0; Windows NT 6.1)"
23.245.54.218 - - [07/Sep/2018:03:24:44 +0800] "POST /co/nfig/AspCms_Config.asp HTTP/1.0" 405 24993 "http://www.114huoche.com/admin/cofng.asp" "Mozilla/4.0 (compatible; MSIE 9.0; Windows NT 6.1)"
23.245.54.218 - - [07/Sep/2018:03:24:45 +0800] "POST /co/nfig/AspCms_Config.asp HTTP/1.0" 405 24993 "http://www.114huoche.com/admin/cofng.asp" "Mozilla/4.0 (compatible; MSIE 9.0; Windows NT 6.1)"
23.245.54.218 - - [07/Sep/2018:03:24:45 +0800] "POST /co/nfig/AspCms_Config.asp HTTP/1.0" 405 24993 "http://www.114huoche.com/admin/cofng.asp" "Mozilla/4.0 (compatible; MSIE 9.0; Windows NT 6.1)"
23.245.54.218 - - [07/Sep/2018:03:24:46 +0800] "POST /co/nfig/AspCms_Config.asp HTTP/1.0" 405 24993 "http://www.114huoche.com/admin/cofng.asp" "Mozilla/4.0 (compatible; MSIE 9.0; Windows NT 6.1)"
23.245.54.218 - - [07/Sep/2018:03:24:46 +0800] "POST /co/nfig/AspCms_Config.asp HTTP/1.0" 405 24993 "http://www.114huoche.com/admin/cofng.asp" "Mozilla/4.0 (compatible; MSIE 9.0; Windows NT 6.1)"
23.245.54.218 - - [07/Sep/2018:03:24:46 +0800] "POST /co/nfig/AspCms_Config.asp HTTP/1.0" 405 24993 "http://www.114huoche.com/admin/cofng.asp" "Mozilla/4.0 (compatible; MSIE 9.0; Windows NT 6.1)"
23.245.54.218 - - [07/Sep/2018:03:24:47 +0800] "POST /co/nfig/AspCms_Config.asp HTTP/1.0" 405 24993 "http://www.114huoche.com/admin/cofng.asp" "Mozilla/4.0 (compatible; MSIE 9.0; Windows NT 6.1)"
23.245.54.218 - - [07/Sep/2018:03:24:48 +0800] "POST /co/nfig/AspCms_Config.asp HTTP/1.0" 405 24993 "http://www.114huoche.com/admin/cofng.asp" "Mozilla/4.0 (compatible; MSIE 9.0; Windows NT 6.1)"
23.245.54.218 - - [07/Sep/2018:03:24:48 +0800] "POST /co/nfig/AspCms_Config.asp HTTP/1.0" 405 24993 "http://www.114huoche.com/admin/cofng.asp" "Mozilla/4.0 (compatible; MSIE 9.0; Windows NT 6.1)"
23.245.54.218 - - [07/Sep/2018:03:24:48 +0800] "POST /co/nfig/AspCms_Config.asp HTTP/1.0" 405 24993 "http://www.114huoche.com/admin/cofng.asp" "Mozilla/4.0 (compatible; MSIE 9.0; Windows NT 6.1)"
23.245.54.218 - - [07/Sep/2018:03:24:49 +0800] "POST /co/nfig/AspCms_Config.asp HTTP/1.0" 405 24993 "http://www.114huoche.com/admin/cofng.asp" "Mozilla/4.0 (compatible; MSIE 9.0; Windows NT 6.1)"
23.245.54.218 - - [07/Sep/2018:03:24:49 +0800] "POST /co/nfig/aspcms_config.asp HTTP/1.0" 405 24993 "http://www.114huoche.com/admin/cofng.asp" "Mozilla/4.0 (compatible; MSIE 9.0; Windows NT 6.1)"
23.245.54.218 - - [07/Sep/2018:03:25:10 +0800] "GET /co/py269 HTTP/1.0" 200 77872 "-" "Mozilla/5.0 (Macintosh; Intel Mac OS X 10_13_6) AppleWebKit/537.36 (KHTML, like Gecko) Chrome/68.0.3440.106 Safari/537.36"
107.183.158.127 - - [07/Sep/2018:03:25:19 +0800] "GET /shanghai/LongHua-ShenJiangLu/ HTTP/1.0" 200 77901 "-" "Mozilla/5.0 (compatible; SemrushBot/2~bl; +http://www.semrush.com/bot.html)"
23.245.54.218 - - [07/Sep/2018:03:25:47 +0800] "GET /co/w8wmg/96318.html HTTP/1.0" 200 78302 "http://www.baidu.com" "Mozilla/4.0 (compatible; MSIE 9.0; Windows NT 6.1)"
107.183.158.127 - - [07/Sep/2018:03:26:35 +0800] "GET /shanghai/ChenJiaZhen-NanChenLu/ HTTP/1.0" 200 78557 "-" "Mozilla/5.0 (compatible; SemrushBot/2~bl; +http://www.semrush.com/bot.html)"
107.183.158.127 - - [07/Sep/2018:03:27:04 +0800] "GET /shanghai/JiaoTongDaXue-QiBao/ HTTP/1.0" 200 78011 "-" "Mozilla/5.0 (compatible; SemrushBot/2~bl; +http://www.semrush.com/bot.html)"
107.183.158.127 - - [07/Sep/2018:03:27:24 +0800] "GET /shanghai/DaPuQiao-BeiCai/ HTTP/1.0" 200 78696 "-" "Mozilla/5.0 (compatible; SemrushBot/2~bl; +http://www.semrush.com/bot.html)"
23.245.54.218 - - [07/Sep/2018:03:28:06 +0800] "GET /co/ADxqgq/681281/css/index.css HTTP/1.0" 404 162 "http://www.114huoche.com/coADxqgq/681281/" "YisouSpider"
107.183.158.127 - - [07/Sep/2018:03:28:47 +0800] "GET /shanghai/GuoHeLu-JinPingLu/ HTTP/1.0" 200 78197 "-" "Mozilla/5.0 (compatible; SemrushBot/2~bl; +http://www.semrush.com/bot.html)"
23.245.54.218 - - [07/Sep/2018:03:29:01 +0800] "GET /co/th2015-07-28/5636835252.html HTTP/1.0" 200 77962 "-" "YisouSpider"
23.245.54.218 - - [07/Sep/2018:03:29:25 +0800] "GET /co/qmri8/56107.html HTTP/1.0" 200 78086 "http://www.baidu.com" "Mozilla/4.0 (compatible; MSIE 9.0; Windows NT 6.1)"
23.245.54.218 - - [07/Sep/2018:03:29:28 +0800] "GET /co/kifpn/ HTTP/1.0" 200 77662 "-" "Mozilla/5.0 (compatible; DotBot/1.1; http://www.opensiteexplorer.org/dotbot, help@moz.com)"
23.245.54.218 - - [07/Sep/2018:03:29:51 +0800] "GET /co/gf53q/98304.html HTTP/1.0" 200 78555 "-" "Sogou web spider/4.0(+http://www.sogou.com/docs/help/webmasters.htm#07)"
107.183.158.127 - - [07/Sep/2018:03:29:53 +0800] "GET /shanghai/FengBangHuoCheZhan-GangChengLu/ HTTP/1.0" 200 78308 "-" "Mozilla/5.0 (compatible; SemrushBot/2~bl; +http://www.semrush.com/bot.html)"
107.183.158.127 - - [07/Sep/2018:03:30:03 +0800] "GET /shanghai/NanXiangHuoCheZhan-ShangNanLu/ HTTP/1.0" 200 78543 "-" "Mozilla/5.0 (compatible; SemrushBot/2~bl; +http://www.semrush.com/bot.html)"
23.245.54.218 - - [07/Sep/2018:03:30:18 +0800] "GET /co/gtzc/ HTTP/1.0" 200 77808 "-" "Mozilla/5.0 (compatible; DotBot/1.1; http://www.opensiteexplorer.org/dotbot, help@moz.com)"
23.245.54.218 - - [07/Sep/2018:03:30:23 +0800] "GET /co/ne4z/ HTTP/1.0" 200 77804 "-" "Mozilla/5.0 (compatible; DotBot/1.1; http://www.opensiteexplorer.org/dotbot, help@moz.com)"
107.183.158.127 - - [07/Sep/2018:03:30:24 +0800] "GET /shanghai/ZhongHuaYiShuGong-FengZhuang/ HTTP/1.0" 200 78231 "-" "Mozilla/5.0 (compatible; SemrushBot/2~bl; +http://www.semrush.com/bot.html)"
23.245.54.218 - - [07/Sep/2018:03:30:28 +0800] "GET /co/whrbm/ HTTP/1.0" 200 78645 "-" "Mozilla/5.0 (compatible; DotBot/1.1; http://www.opensiteexplorer.org/dotbot, help@moz.com)"
23.245.54.218 - - [07/Sep/2018:03:30:57 +0800] "GET /co/yu8qt/35663.html HTTP/1.0" 200 78345 "-" "Sogou web spider/4.0(+http://www.sogou.com/docs/help/webmasters.htm#07)"
107.183.158.127 - - [07/Sep/2018:03:31:01 +0800] "GET /shenzhen/GanKeng-AiLian/ HTTP/1.0" 200 77861 "-" "Sogou web spider/4.0(+http://www.sogou.com/docs/help/webmasters.htm#07)"
107.183.158.127 - - [07/Sep/2018:03:31:19 +0800] "GET /shanghai/JiWang-YongDeLu/ HTTP/1.0" 200 78240 "-" "Mozilla/5.0 (compatible; SemrushBot/2~bl; +http://www.semrush.com/bot.html)"
23.245.54.218 - - [07/Sep/2018:03:31:23 +0800] "GET /co/py270.alexareport.cn/%0A HTTP/1.0" 200 77476 "-" "Mozilla/5.0 (Macintosh; Intel Mac OS X 10_13_6) AppleWebKit/537.36 (KHTML, like Gecko) Chrome/68.0.3440.106 Safari/537.36"
107.183.158.127 - - [07/Sep/2018:03:31:58 +0800] "HEAD /shop.mdb HTTP/1.0" 200 0 "-" "Mozilla/4.0 (compatible; Win32; WinHttp.WinHttpRequest.5)"
107.183.158.127 - - [07/Sep/2018:03:32:00 +0800] "HEAD /shopzsb.mdb HTTP/1.0" 499 0 "-" "Mozilla/4.0 (compatible; Win32; WinHttp.WinHttpRequest.5)"
107.183.158.127 - - [07/Sep/2018:03:32:02 +0800] "GET /shanghai/YuQiao-MeiLingBeiLu/ HTTP/1.0" 200 78112 "-" "Sogou web spider/4.0(+http://www.sogou.com/docs/help/webmasters.htm#07)"
23.245.54.218 - - [07/Sep/2018:03:32:08 +0800] "GET /co/py270 HTTP/1.0" 200 78282 "-" "Mozilla/5.0 (Windows NT 6.2; WOW64) AppleWebKit/537.36 (KHTML, like Gecko) Chrome/35.0.1916.153 Safari/537.36"
23.245.54.218 - - [07/Sep/2018:03:32:11 +0800] "GET /co/GGz1X/ HTTP/1.0" 200 119071 "-" "Sogou web spider/4.0(+http://www.sogou.com/docs/help/webmasters.htm#07)"
23.245.54.218 - - [07/Sep/2018:03:32:27 +0800] "GET /co/GG0vS/345478.html HTTP/1.0" 200 128237 "-" "Sogou web spider/4.0(+http://www.sogou.com/docs/help/webmasters.htm#07)"
23.245.54.218 - - [07/Sep/2018:03:33:07 +0800] "GET /co/s00lc/97807.html HTTP/1.0" 200 78034 "http://www.baidu.com" "Mozilla/4.0 (compatible; MSIE 9.0; Windows NT 6.1)"
23.245.54.218 - - [07/Sep/2018:03:33:29 +0800] "POST /co/nfig/AspCms_Config.asp HTTP/1.0" 405 24993 "http://www.114huoche.com/SqlIn.asp" "Mozilla/4.0 (compatible; MSIE 9.0; Windows NT 6.1)"
23.245.54.218 - - [07/Sep/2018:03:33:43 +0800] "POST /co/nfig/AspCms_Config.asp HTTP/1.0" 405 24993 "http://www.114huoche.com/SqlIn.asp" "Mozilla/4.0 (compatible; MSIE 9.0; Windows NT 6.1)"
23.245.54.218 - - [07/Sep/2018:03:34:01 +0800] "POST /co/nn1.asp HTTP/1.0" 405 24993 "http://www.114huoche.com/SqlIn.asp" "Mozilla/4.0 (compatible; MSIE 9.0; Windows NT 6.1)"
23.245.54.218 - - [07/Sep/2018:03:34:04 +0800] "GET /co/WSfsi/ HTTP/1.0" 200 76031 "-" "Mozilla/5.0 (compatible; DotBot/1.1; http://www.opensiteexplorer.org/dotbot, help@moz.com)"
23.245.54.218 - - [07/Sep/2018:03:34:05 +0800] "POST /co/ncon.asp HTTP/1.0" 405 24993 "http://www.114huoche.com/SqlIn.asp" "Mozilla/4.0 (compatible; MSIE 9.0; Windows NT 6.1)"
23.245.54.218 - - [07/Sep/2018:03:34:14 +0800] "GET /co/9c52y/69631.html HTTP/1.0" 200 78333 "-" "Sogou web spider/4.0(+http://www.sogou.com/docs/help/webmasters.htm#07)"
107.183.158.127 - - [07/Sep/2018:03:34:31 +0800] "GET /shanghai/LuHengLu-HeShaHangCheng/ HTTP/1.0" 200 77886 "-" "Mozilla/5.0 (compatible; SemrushBot/2~bl; +http://www.semrush.com/bot.html)"
23.245.54.218 - - [07/Sep/2018:03:34:54 +0800] "GET /co/WSakvsc/ HTTP/1.0" 200 75800 "-" "Mozilla/5.0 (compatible; DotBot/1.1; http://www.opensiteexplorer.org/dotbot, help@moz.com)"
23.245.54.218 - - [07/Sep/2018:03:34:56 +0800] "GET /co/WSiw750/ HTTP/1.0" 200 75786 "-" "Mozilla/5.0 (compatible; DotBot/1.1; http://www.opensiteexplorer.org/dotbot, help@moz.com)"
27.147.158.210 - - [07/Sep/2018:03:35:36 +0800] "GET / HTTP/1.1" 200 78794 "-" "Mozilla/5.0 (Macintosh; Intel Mac OS X 10_11_6) AppleWebKit/601.7.7 (KHTML, like Gecko) Version/9.1.2 Safari/601.7.7"
107.183.158.127 - - [07/Sep/2018:03:35:52 +0800] "GET /shanghai/LongHua-PuJiangZhen/ HTTP/1.0" 200 77742 "-" "Mozilla/5.0 (compatible; SemrushBot/2~bl; +http://www.semrush.com/bot.html)"
23.245.54.218 - - [07/Sep/2018:03:36:13 +0800] "GET /co/qw2014-07-28/2321518401.html HTTP/1.0" 200 78257 "-" "YisouSpider"
107.183.158.127 - - [07/Sep/2018:03:36:26 +0800] "GET /shenzhen/DengLiang-ChuangYeLu/ HTTP/1.0" 200 77986 "-" "Mozilla/5.0 (compatible; SemrushBot/2~bl; +http://www.semrush.com/bot.html)"
107.183.158.127 - - [07/Sep/2018:03:36:33 +0800] "GET /shanghai/DaMuQiaoLu-ZhouHaiLu/ HTTP/1.0" 200 78428 "-" "Mozilla/5.0 (compatible; SemrushBot/2~bl; +http://www.semrush.com/bot.html)"
23.245.54.218 - - [07/Sep/2018:03:36:47 +0800] "GET /co/0pr88/53007.html HTTP/1.0" 200 78035 "http://www.baidu.com" "Mozilla/4.0 (compatible; MSIE 9.0; Windows NT 6.1)"
107.183.158.127 - - [07/Sep/2018:03:36:54 +0800] "GET /shenzhen/PingHu-SheKouGang/ HTTP/1.0" 200 78465 "-" "Mozilla/5.0 (compatible; SemrushBot/2~bl; +http://www.semrush.com/bot.html)"
23.245.54.218 - - [07/Sep/2018:03:36:57 +0800] "GET /co/WS26sbe/ HTTP/1.0" 200 75657 "-" "Mozilla/5.0 (compatible; DotBot/1.1; http://www.opensiteexplorer.org/dotbot, help@moz.com)"
23.245.54.218 - - [07/Sep/2018:03:37:17 +0800] "GET /co/py270 HTTP/1.0" 200 78282 "-" "Mozilla/5.0 (compatible; Baiduspider/2.0; +http://www.baidu.com/search/spider.html)"
107.183.158.127 - - [07/Sep/2018:03:37:30 +0800] "GET /shenzhen/LiLin-TaoYuanCun/ HTTP/1.0" 500 45397 "-" "Mozilla/5.0 (compatible; SemrushBot/2~bl; +http://www.semrush.com/bot.html)"
