107.183.158.127 - - [07/Sep/2018:03:37:31 +0800] "GET /shanghai/PuDianLu6HaoXian-JinXiuLu/ HTTP/1.0" 200 77790 "-" "Sogou web spider/4.0(+http://www.sogou.com/docs/help/webmasters.htm#07)"
23.245.54.218 - - [07/Sep/2018:03:37:48 +0800] "GET /co/py270 HTTP/1.0" 200 78282 "-" "Mozilla/5.0 (Macintosh; Intel Mac OS X 10_13_6) AppleWebKit/537.36 (KHTML, like Gecko) Chrome/68.0.3440.106 Safari/537.36"
23.245.54.218 - - [07/Sep/2018:03:38:16 +0800] "GET /co/gg6Rp/ HTTP/1.0" 200 77752 "-" "Sogou web spider/4.0(+http://www.sogou.com/docs/help/webmasters.htm#07)"
66.249.79.116 - - [07/Sep/2018:03:38:16 +0800] "GET /co5940/old.html HTTP/1.1" 200 21990 "-" "Mozilla/5.0 (compatible; Googlebot/2.1; +http://www.google.com/bot.html)"
23.245.54.218 - - [07/Sep/2018:03:38:37 +0800] "GET /co/AD8t0x/677351/css/index.css HTTP/1.0" 404 162 "http://www.114huoche.com/coAD8t0x/677351/" "YisouSpider"
23.245.54.218 - - [07/Sep/2018:03:40:18 +0800] "GET /co/py/473314.html HTTP/1.0" 200 78233 "-" "Mozilla/5.0 (compatible; tracemyfile/1.0)"
23.245.54.218 - - [07/Sep/2018:03:40:28 +0800] "GET /co/fpm46/70225.html HTTP/1.0" 200 78315 "http://www.baidu.com" "Mozilla/4.0 (compatible; MSIE 9.0; Windows NT 6.1)"
107.183.158.127 - - [07/Sep/2018:03:40:52 +0800] "GET /shanghai/JiangWanZhen-NanXiangHuoCheZhan/ HTTP/1.0" 200 78579 "-" "Mozilla/5.0 (compatible; SemrushBot/2~bl; +http://www.semrush.com/bot.html)"
23.245.54.218 - - [07/Sep/2018:03:41:32 +0800] "POST /co/ntroller.ashx?action=catchimage HTTP/1.0" 405 24993 "http://www.114huoche.com/controller.ashx?action=catchimage" "Mozilla/4.0 (compatible; MSIE 9.0; Windows NT 6.1)"
107.183.158.127 - - [07/Sep/2018:03:41:48 +0800] "GET /shenzhen/DongJiaoTou-LongPing/ HTTP/1.0" 200 77738 "-" "Mozilla/5.0 (compatible; SemrushBot/2~bl; +http://www.semrush.com/bot.html)"
107.183.158.127 - - [07/Sep/2018:03:41:53 +0800] "GET /shenzhen/NiuHu-LiangMaoShan/ HTTP/1.0" 200 78173 "-" "Mozilla/5.0 (compatible; SemrushBot/2~bl; +http://www.semrush.com/bot.html)"
107.183.158.127 - - [07/Sep/2018:03:43:17 +0800] "GET /shenzhen/LongGangQiCheZhan-ChaGuang/ HTTP/1.0" 200 78290 "-" "Mozilla/5.0 (compatible; SemrushBot/2~bl; +http://www.semrush.com/bot.html)"
23.245.54.218 - - [07/Sep/2018:03:43:30 +0800] "GET /co/py271.alexareport.cn/%0A HTTP/1.0" 200 77955 "-" "Mozilla/5.0 (Macintosh; Intel Mac OS X 10_13_6) AppleWebKit/537.36 (KHTML, like Gecko) Chrome/68.0.3440.106 Safari/537.36"
107.183.158.127 - - [07/Sep/2018:03:43:36 +0800] "GET /shanghai/SongYuanLu-YunShanLu/ HTTP/1.0" 200 78243 "-" "Sogou web spider/4.0(+http://www.sogou.com/docs/help/webmasters.htm#07)"
23.245.54.218 - - [07/Sep/2018:03:43:38 +0800] "GET /co/gscuh/97705.html HTTP/1.0" 200 77721 "-" "YisouSpider"
23.245.54.218 - - [07/Sep/2018:03:44:05 +0800] "GET /co/mdlga/16446.html HTTP/1.0" 200 78050 "http://www.baidu.com" "Mozilla/4.0 (compatible; MSIE 9.0; Windows NT 6.1)"
23.245.54.218 - - [07/Sep/2018:03:44:17 +0800] "GET /co/GGDJ4/ HTTP/1.0" 200 128373 "-" "Mozilla/5.0 (compatible; DotBot/1.1; http://www.opensiteexplorer.org/dotbot, help@moz.com)"
23.245.54.218 - - [07/Sep/2018:03:44:34 +0800] "GET /co/GGQN5/862604.html HTTP/1.0" 200 119646 "-" "Sogou web spider/4.0(+http://www.sogou.com/docs/help/webmasters.htm#07)"
23.245.54.218 - - [07/Sep/2018:03:44:42 +0800] "GET /co/py271 HTTP/1.0" 200 78264 "-" "Mozilla/5.0 (Windows NT 6.2; WOW64) AppleWebKit/537.36 (KHTML, like Gecko) Chrome/35.0.1916.153 Safari/537.36"
107.183.158.127 - - [07/Sep/2018:03:45:23 +0800] "GET /shanghai/JiLongLu-DongLuLu/ HTTP/1.0" 200 78378 "-" "Mozilla/5.0 (compatible; SemrushBot/2~bl; +http://www.semrush.com/bot.html)"
107.183.158.127 - - [07/Sep/2018:03:45:46 +0800] "GET /shenzhen/BiTou-ShenDaDong/ HTTP/1.0" 200 78308 "-" "Mozilla/5.0 (compatible; SemrushBot/2~bl; +http://www.semrush.com/bot.html)"
23.245.54.218 - - [07/Sep/2018:03:46:14 +0800] "GET /co/GG9ei/686651.html HTTP/1.0" 200 120693 "-" "Mozilla/5.0 (compatible; DotBot/1.1; http://www.opensiteexplorer.org/dotbot, help@moz.com)"
107.183.158.127 - - [07/Sep/2018:03:46:20 +0800] "GET /shenzhen/ShuiBei-GongYeLiuLu/ HTTP/1.0" 200 78178 "-" "Mozilla/5.0 (compatible; SemrushBot/2~bl; +http://www.semrush.com/bot.html)"
107.183.158.127 - - [07/Sep/2018:03:46:50 +0800] "GET /shanghai/ZhouPuDong-MeiLingBeiLu/ HTTP/1.0" 200 78151 "-" "Mozilla/5.0 (compatible; SemrushBot/2~bl; +http://www.semrush.com/bot.html)"
107.183.158.127 - - [07/Sep/2018:03:47:20 +0800] "GET /shanghai/XinJiangWanCheng-JinGangLu/ HTTP/1.0" 200 77929 "-" "Mozilla/5.0 (compatible; SemrushBot/2~bl; +http://www.semrush.com/bot.html)"
23.245.54.218 - - [07/Sep/2018:03:47:22 +0800] "POST /co/nfig/AspCms_Config.asp HTTP/1.0" 405 24993 "http://www.114huoche.com//config/AspCms_Config.asp" "Mozilla/4.0 (compatible; MSIE 9.0; Windows NT 6.1)"
23.245.54.218 - - [07/Sep/2018:03:47:27 +0800] "GET /co/ggxG8/ HTTP/1.0" 200 78430 "-" "Sogou web spider/4.0(+http://www.sogou.com/docs/help/webmasters.htm#07)"
107.183.158.127 - - [07/Sep/2018:03:47:41 +0800] "GET /shanghai/YunTaiLu-TongHeXinCun/ HTTP/1.0" 200 78230 "-" "Sogou web spider/4.0(+http://www.sogou.com/docs/help/webmasters.htm#07)"
23.245.54.218 - - [07/Sep/2018:03:47:47 +0800] "GET /co/x1o7k/14589.html HTTP/1.0" 200 78224 "http://www.baidu.com" "Mozilla/4.0 (compatible; MSIE 9.0; Windows NT 6.1)"
23.245.54.218 - - [07/Sep/2018:03:47:55 +0800] "POST /co/nfig/AspCms_Config.asp HTTP/1.0" 405 24993 "http://www.114huoche.com/config/AspCms_Config.asp" "Mozilla/4.0 (compatible; MSIE 9.0; Windows NT 6.1)"
107.183.158.127 - - [07/Sep/2018:03:47:59 +0800] "GET /shenzhen/ChangLingBei-TuYang/ HTTP/1.0" 200 78115 "-" "Mozilla/5.0 (compatible; SemrushBot/2~bl; +http://www.semrush.com/bot.html)"
23.245.54.218 - - [07/Sep/2018:03:48:06 +0800] "POST /co/nfig/AspCms_Config.asp HTTP/1.0" 405 24993 "http://www.114huoche.com/config/AspCms_Config.asp" "Mozilla/4.0 (compatible; MSIE 9.0; Windows NT 6.1)"
23.245.54.218 - - [07/Sep/2018:03:48:07 +0800] "GET /co/GGOuF/ HTTP/1.0" 200 119081 "-" "Mozilla/5.0 (compatible; DotBot/1.1; http://www.opensiteexplorer.org/dotbot, help@moz.com)"
23.245.54.218 - - [07/Sep/2018:03:48:17 +0800] "POST /co/nter/slt/jiangfuque.asp HTTP/1.0" 404 24969 "http://www.114huoche.com/conter/slt/jiangfuque.asp" "Mozilla/4.0 (compatible; MSIE 9.0; Windows NT 6.1)"
23.245.54.218 - - [07/Sep/2018:03:48:23 +0800] "POST /co/ncon.asp HTTP/1.0" 405 24993 "http://www.114huoche.com/concon.asp" "Mozilla/4.0 (compatible; MSIE 9.0; Windows NT 6.1)"
23.245.54.218 - - [07/Sep/2018:03:48:35 +0800] "POST /co/m3.indexlx.asp HTTP/1.0" 405 24993 "http://www.114huoche.com/com3.indexlx.asp" "Mozilla/4.0 (compatible; MSIE 9.0; Windows NT 6.1)"
23.245.54.218 - - [07/Sep/2018:03:48:38 +0800] "POST /co/rt/cc/wo.php HTTP/1.0" 404 564 "http://www.114huoche.com/cort/cc/wo.php" "Mozilla/4.0 (compatible; MSIE 9.0; Windows NT 6.1)"
23.245.54.218 - - [07/Sep/2018:03:48:47 +0800] "GET /co/GGb4T/ HTTP/1.0" 200 120710 "-" "Sogou web spider/4.0(+http://www.sogou.com/docs/help/webmasters.htm#07)"
23.245.54.218 - - [07/Sep/2018:03:48:50 +0800] "POST /co/nf1g.asp;.jpg HTTP/1.0" 404 564 "http://www.114huoche.com/conf1g.asp;.jpg" "Mozilla/4.0 (compatible; MSIE 9.0; Windows NT 6.1)"
23.245.54.218 - - [07/Sep/2018:03:48:50 +0800] "POST /co/nf1g.asp;.jpg HTTP/1.0" 404 564 "http://www.114huoche.com/conf1g.asp;.jpg" "Mozilla/4.0 (compatible; MSIE 9.0; Windows NT 6.1)"
23.245.54.218 - - [07/Sep/2018:03:48:50 +0800] "POST /co/nf1g.asp;.jpg HTTP/1.0" 404 564 "http://www.114huoche.com/conf1g.asp;.jpg" "Mozilla/4.0 (compatible; MSIE 9.0; Windows NT 6.1)"
23.245.54.218 - - [07/Sep/2018:03:49:09 +0800] "POST /co/ncon.asp HTTP/1.0" 405 24993 "http://www.114huoche.com//concon.asp" "Mozilla/4.0 (compatible; MSIE 9.0; Windows NT 6.1)"
23.245.54.218 - - [07/Sep/2018:03:49:23 +0800] "POST /co/nfig/AspCms_Config.asp HTTP/1.0" 405 24993 "http://www.114huoche.com//config/AspCms_Config.asp" "Mozilla/4.0 (compatible; MSIE 9.0; Windows NT 6.1)"
23.245.54.218 - - [07/Sep/2018:03:49:24 +0800] "POST /co/nfig/me.php HTTP/1.0" 404 564 "http://www.114huoche.com/config/me.php" "Mozilla/4.0 (compatible; MSIE 9.0; Windows NT 6.1)"
107.183.158.127 - - [07/Sep/2018:03:49:32 +0800] "GET /shanghai/QianHongLu-ShuYuan/ HTTP/1.0" 200 78455 "-" "Mozilla/5.0 (compatible; SemrushBot/2~bl; +http://www.semrush.com/bot.html)"
23.245.54.218 - - [07/Sep/2018:03:49:39 +0800] "POST /co/llege/images/dushazhi.asp HTTP/1.0" 404 24969 "http://www.114huoche.com/college/images/dushazhi.asp" "Mozilla/4.0 (compatible; MSIE 9.0; Windows NT 6.1)"
23.245.54.218 - - [07/Sep/2018:03:49:44 +0800] "POST /co/nfig/config_global.php HTTP/1.0" 404 564 "http://www.114huoche.com/config/config_global.php" "Mozilla/4.0 (compatible; MSIE 9.0; Windows NT 6.1)"
23.245.54.218 - - [07/Sep/2018:03:49:50 +0800] "POST /co/nfig/AspCms_Config.asp HTTP/1.0" 405 24993 "http://www.114huoche.com/config/AspCms_Config.asp" "Mozilla/4.0 (compatible; MSIE 9.0; Windows NT 6.1)"
23.245.54.218 - - [07/Sep/2018:03:49:51 +0800] "GET /co/GGjoo/ HTTP/1.0" 200 120430 "-" "Mozilla/5.0 (compatible; DotBot/1.1; http://www.opensiteexplorer.org/dotbot, help@moz.com)"
23.245.54.218 - - [07/Sep/2018:03:49:58 +0800] "POST /co/nn.php HTTP/1.0" 404 564 "http://www.114huoche.com/conn.php" "Mozilla/4.0 (compatible; MSIE 9.0; Windows NT 6.1)"
23.245.54.218 - - [07/Sep/2018:03:49:59 +0800] "GET /co/GGbpk/ HTTP/1.0" 200 118963 "-" "Mozilla/5.0 (compatible; Baiduspider/2.0; +http://www.baidu.com/search/spider.html)"
23.245.54.218 - - [07/Sep/2018:03:50:00 +0800] "POST /co/nf1g.asp;.jpg HTTP/1.0" 404 564 "http://www.114huoche.com/conf1g.asp;.jpg" "Mozilla/4.0 (compatible; MSIE 9.0; Windows NT 6.1)"
23.245.54.218 - - [07/Sep/2018:03:50:00 +0800] "POST /co/nf1g.asp;.jpg HTTP/1.0" 404 564 "http://www.114huoche.com/conf1g.asp;.jpg" "Mozilla/4.0 (compatible; MSIE 9.0; Windows NT 6.1)"
23.245.54.218 - - [07/Sep/2018:03:50:00 +0800] "POST /co/nf1g.asp;.jpg HTTP/1.0" 404 564 "http://www.114huoche.com/conf1g.asp;.jpg" "Mozilla/4.0 (compatible; MSIE 9.0; Windows NT 6.1)"
23.245.54.218 - - [07/Sep/2018:03:50:03 +0800] "POST /co/m.asp;.jpg HTTP/1.0" 404 564 "http://www.114huoche.com/com.asp;.jpg" "Mozilla/4.0 (compatible; MSIE 9.0; Windows NT 6.1)"
23.245.54.218 - - [07/Sep/2018:03:50:03 +0800] "POST /co/m.asp;.jpg HTTP/1.0" 404 564 "http://www.114huoche.com/com.asp;.jpg" "Mozilla/4.0 (compatible; MSIE 9.0; Windows NT 6.1)"
23.245.54.218 - - [07/Sep/2018:03:50:03 +0800] "POST /co/m.asp;.jpg HTTP/1.0" 404 564 "http://www.114huoche.com/com.asp;.jpg" "Mozilla/4.0 (compatible; MSIE 9.0; Windows NT 6.1)"
23.245.54.218 - - [07/Sep/2018:03:50:06 +0800] "POST /co/nfig/config.tg.php HTTP/1.0" 404 564 "http://www.114huoche.com/config/config.tg.php" "Mozilla/4.0 (compatible; MSIE 9.0; Windows NT 6.1)"
23.245.54.218 - - [07/Sep/2018:03:50:15 +0800] "GET /co/py271 HTTP/1.0" 200 78264 "-" "Mozilla/5.0 (Macintosh; Intel Mac OS X 10_13_6) AppleWebKit/537.36 (KHTML, like Gecko) Chrome/68.0.3440.106 Safari/537.36"
107.183.158.127 - - [07/Sep/2018:03:50:16 +0800] "GET /shenzhen/XinNan-ChenTian/ HTTP/1.0" 200 77891 "-" "Mozilla/5.0 (compatible; SemrushBot/2~bl; +http://www.semrush.com/bot.html)"
23.245.54.218 - - [07/Sep/2018:03:50:20 +0800] "GET /co/GG9nw/ HTTP/1.0" 200 119114 "-" "Sogou web spider/4.0(+http://www.sogou.com/docs/help/webmasters.htm#07)"
23.245.54.218 - - [07/Sep/2018:03:50:39 +0800] "GET /co/mcp/old.html HTTP/1.0" 200 78135 "-" "YisouSpider"
23.245.54.218 - - [07/Sep/2018:03:50:51 +0800] "POST /co/nn1.asp HTTP/1.0" 405 24993 "http://www.114huoche.com/conn1.asp" "Mozilla/4.0 (compatible; MSIE 9.0; Windows NT 6.1)"
107.183.158.127 - - [07/Sep/2018:03:50:58 +0800] "GET /shanghai/TongChuanLu-LongJuLu/ HTTP/1.0" 200 78056 "-" "Mozilla/5.0 (compatible; SemrushBot/2~bl; +http://www.semrush.com/bot.html)"
23.245.54.218 - - [07/Sep/2018:03:51:05 +0800] "POST /co/nfig/AspCms_config.asp HTTP/1.0" 405 24993 "http://www.114huoche.com/config/AspCms_config.asp" "Mozilla/4.0 (compatible; MSIE 9.0; Windows NT 6.1)"
23.245.54.218 - - [07/Sep/2018:03:51:27 +0800] "GET /co/600k5/31930.html HTTP/1.0" 200 77968 "http://www.baidu.com" "Mozilla/4.0 (compatible; MSIE 9.0; Windows NT 6.1)"
107.183.158.127 - - [07/Sep/2018:03:51:37 +0800] "GET /shanghai/z_LinPuLu/ HTTP/1.0" 200 78152 "-" "Mozilla/5.0 (compatible; SemrushBot/2~bl; +http://www.semrush.com/bot.html)"
107.183.158.127 - - [07/Sep/2018:03:51:53 +0800] "GET /shanghai/WaiGaoQiaoBaoShuiQuNan-YanJiZhongLu/ HTTP/1.0" 200 79094 "-" "Mozilla/5.0 (compatible; SemrushBot/2~bl; +http://www.semrush.com/bot.html)"
107.183.158.127 - - [07/Sep/2018:03:52:00 +0800] "GET /shenzhen/HuangMuGang-QianHaiGongYuan/ HTTP/1.0" 200 78596 "-" "Mozilla/5.0 (compatible; SemrushBot/2~bl; +http://www.semrush.com/bot.html)"
107.183.158.127 - - [07/Sep/2018:03:52:18 +0800] "GET /shenzhen/GouWuGongYuan-ShuiBei/ HTTP/1.0" 200 78361 "-" "Sogou web spider/4.0(+http://www.sogou.com/docs/help/webmasters.htm#07)"
23.245.54.218 - - [07/Sep/2018:03:52:54 +0800] "GET /co/GGhj8/615923.html HTTP/1.0" 200 127282 "-" "Sogou web spider/4.0(+http://www.sogou.com/docs/help/webmasters.htm#07)"
107.183.158.127 - - [07/Sep/2018:03:52:56 +0800] "GET /shenzhen/HePing-YuQuanLu/ HTTP/1.0" 200 78321 "-" "Mozilla/5.0 (compatible; SemrushBot/2~bl; +http://www.semrush.com/bot.html)"
23.245.54.218 - - [07/Sep/2018:03:53:00 +0800] "POST /co/ndiy.asp HTTP/1.0" 405 24993 "http://www.114huoche.com/condiy.asp" "Mozilla/4.0 (compatible; MSIE 9.0; Windows NT 6.1)"
107.183.158.127 - - [07/Sep/2018:03:53:07 +0800] "GET /shenzhen/ShaTouJiao-HaiCheng/ HTTP/1.0" 200 77795 "-" "Mozilla/5.0 (compatible; SemrushBot/2~bl; +http://www.semrush.com/bot.html)"
23.245.54.218 - - [07/Sep/2018:03:53:25 +0800] "POST /co/nfig.aspx HTTP/1.0" 405 24993 "http://www.114huoche.com/config.aspx" "Mozilla/4.0 (compatible; MSIE 9.0; Windows NT 6.1)"
23.245.54.218 - - [07/Sep/2018:03:53:26 +0800] "POST /co/nfig.aspx HTTP/1.0" 405 24993 "http://www.114huoche.com/config.aspx" "Mozilla/4.0 (compatible; MSIE 9.0; Windows NT 6.1)"
23.245.54.218 - - [07/Sep/2018:03:53:26 +0800] "POST /co/nfig.aspx HTTP/1.0" 405 24993 "http://www.114huoche.com/config.aspx" "Mozilla/4.0 (compatible; MSIE 9.0; Windows NT 6.1)"
23.245.54.218 - - [07/Sep/2018:03:53:28 +0800] "POST /co/nfig/AspCms_Config.asp HTTP/1.0" 405 24993 "http://www.114huoche.com/SqlIn.asp" "Mozilla/4.0 (compatible; MSIE 9.0; Windows NT 6.1)"
23.245.54.218 - - [07/Sep/2018:03:53:40 +0800] "POST /co/nfig/AspCms_Config.asp HTTP/1.0" 405 24993 "http://www.114huoche.com/SqlIn.asp" "Mozilla/4.0 (compatible; MSIE 9.0; Windows NT 6.1)"
107.183.158.127 - - [07/Sep/2018:03:53:47 +0800] "GET /shanghai/JiangYangBeiLu-BeiXinJing/ HTTP/1.0" 200 78185 "-" "Mozilla/5.0 (compatible; SemrushBot/2~bl; +http://www.semrush.com/bot.html)"
107.183.158.127 - - [07/Sep/2018:03:53:53 +0800] "GET /shenzhen/ZhongShanGongYuan-ShangDong/ HTTP/1.0" 200 78754 "-" "Mozilla/5.0 (compatible; SemrushBot/2~bl; +http://www.semrush.com/bot.html)"
23.245.54.218 - - [07/Sep/2018:03:53:56 +0800] "POST /co/ncnn.asp HTTP/1.0" 405 24993 "http://www.114huoche.com/concnn.asp" "Mozilla/4.0 (compatible; MSIE 9.0; Windows NT 6.1)"
23.245.54.218 - - [07/Sep/2018:03:53:58 +0800] "POST /co/nn1.asp HTTP/1.0" 405 24993 "http://www.114huoche.com/SqlIn.asp" "Mozilla/4.0 (compatible; MSIE 9.0; Windows NT 6.1)"
23.245.54.218 - - [07/Sep/2018:03:54:05 +0800] "POST /co/ncon.asp HTTP/1.0" 405 24993 "http://www.114huoche.com/SqlIn.asp" "Mozilla/4.0 (compatible; MSIE 9.0; Windows NT 6.1)"
107.183.158.127 - - [07/Sep/2018:03:54:06 +0800] "GET /shanghai/PuDianLu6HaoXian-XinCunLu/ HTTP/1.0" 200 78515 "-" "Sogou web spider/4.0(+http://www.sogou.com/docs/help/webmasters.htm#07)"
107.183.158.127 - - [07/Sep/2018:03:54:17 +0800] "GET /shanghai/ChangQingLu-HuiJinLu/ HTTP/1.0" 200 78101 "-" "Mozilla/5.0 (compatible; SemrushBot/2~bl; +http://www.semrush.com/bot.html)"
107.183.158.127 - - [07/Sep/2018:03:54:21 +0800] "GET /shanghai/PuDianLu6HaoXian-YanJiZhongLu/ HTTP/1.0" 200 78767 "-" "Sogou web spider/4.0(+http://www.sogou.com/docs/help/webmasters.htm#07)"
23.245.54.218 - - [07/Sep/2018:03:54:24 +0800] "POST /co/nfig/AspCms_Config.asp HTTP/1.0" 405 24993 "http://www.114huoche.com/config/AspCms_Config.asp" "Mozilla/4.0 (compatible; MSIE 9.0; Windows NT 6.1)"
23.245.54.218 - - [07/Sep/2018:03:54:34 +0800] "POST /co/nfig/AspCms_Config.asp HTTP/1.0" 405 24993 "http://www.114huoche.com/config/AspCms_Config.asp" "Mozilla/4.0 (compatible; MSIE 9.0; Windows NT 6.1)"
23.245.54.218 - - [07/Sep/2018:03:54:35 +0800] "POST /co/nn1.asp HTTP/1.0" 405 24993 "http://www.114huoche.com/config/AspCms_Config.asp" "Mozilla/4.0 (compatible; MSIE 9.0; Windows NT 6.1)"
23.245.54.218 - - [07/Sep/2018:03:54:37 +0800] "POST /co/ncon.asp HTTP/1.0" 405 24993 "http://www.114huoche.com/config/AspCms_Config.asp" "Mozilla/4.0 (compatible; MSIE 9.0; Windows NT 6.1)"
23.245.54.218 - - [07/Sep/2018:03:54:55 +0800] "POST /co/mmon/check.asp HTTP/1.0" 405 24993 "http://www.114huoche.com/common/check.asp" "Mozilla/4.0 (compatible; MSIE 9.0; Windows NT 6.1)"
107.183.158.127 - - [07/Sep/2018:03:55:01 +0800] "GET /shanghai/LongYaoLu-GaoQingLu/ HTTP/1.0" 200 78446 "-" "Mozilla/5.0 (compatible; SemrushBot/2~bl; +http://www.semrush.com/bot.html)"
23.245.54.218 - - [07/Sep/2018:03:55:02 +0800] "POST /co/nfig.php HTTP/1.0" 404 564 "http://www.114huoche.com/config.php" "Mozilla/4.0 (compatible; MSIE 9.0; Windows NT 6.1)"
23.245.54.218 - - [07/Sep/2018:03:55:05 +0800] "GET /co/1i4h5/09345.html HTTP/1.0" 200 77537 "http://www.baidu.com" "Mozilla/4.0 (compatible; MSIE 9.0; Windows NT 6.1)"
23.245.54.218 - - [07/Sep/2018:03:55:14 +0800] "POST /co/nn.asp HTTP/1.0" 405 24993 "http://www.114huoche.com/conn.asp" "Mozilla/4.0 (compatible; MSIE 9.0; Windows NT 6.1)"
23.245.54.218 - - [07/Sep/2018:03:55:17 +0800] "POST /co/mponents/com_banners/helpers/md5.php HTTP/1.0" 404 564 "http://www.114huoche.com/components/com_banners/helpers/md5.php" "Mozilla/4.0 (compatible; MSIE 9.0; Windows NT 6.1)"
107.183.158.127 - - [07/Sep/2018:03:55:28 +0800] "GET /shenzhen/LiYuMen-DaHe/ HTTP/1.0" 200 77820 "-" "Mozilla/5.0 (compatible; SemrushBot/2~bl; +http://www.semrush.com/bot.html)"
23.245.54.218 - - [07/Sep/2018:03:55:56 +0800] "GET /co/py272.alexareport.cn/%0A HTTP/1.0" 200 77767 "-" "Mozilla/5.0 (Macintosh; Intel Mac OS X 10_13_6) AppleWebKit/537.36 (KHTML, like Gecko) Chrome/68.0.3440.106 Safari/537.36"
23.245.54.218 - - [07/Sep/2018:03:56:00 +0800] "POST /co/nse/class.php HTTP/1.0" 404 564 "http://www.114huoche.com/conse/class.php" "Mozilla/4.0 (compatible; MSIE 9.0; Windows NT 6.1)"
23.245.54.218 - - [07/Sep/2018:03:56:00 +0800] "POST /co/mmon/lib/classes/db/exception/index.php HTTP/1.0" 404 564 "http://www.114huoche.com/common/lib/classes/db/exception/index.php" "Mozilla/4.0 (compatible; MSIE 9.0; Windows NT 6.1)"
23.245.54.218 - - [07/Sep/2018:03:56:18 +0800] "GET /co/x1o7k/44485.html HTTP/1.0" 200 77704 "-" "Mozilla/5.0 (compatible; DotBot/1.1; http://www.opensiteexplorer.org/dotbot, help@moz.com)"
107.183.158.127 - - [07/Sep/2018:03:56:22 +0800] "GET /shenzhen/ZiLing-HuangMuGang/ HTTP/1.0" 200 78065 "-" "Mozilla/5.0 (compatible; SemrushBot/2~bl; +http://www.semrush.com/bot.html)"
23.245.54.218 - - [07/Sep/2018:03:56:37 +0800] "GET /co/ADwd98/97712/css/index.css HTTP/1.0" 404 162 "http://www.114huoche.com/coADwd98/97712/" "YisouSpider"
107.183.158.127 - - [07/Sep/2018:03:56:58 +0800] "GET /shanghai/DePingLu-BaoAnGongLu/ HTTP/1.0" 200 77765 "-" "Mozilla/5.0 (compatible; SemrushBot/2~bl; +http://www.semrush.com/bot.html)"
107.183.158.127 - - [07/Sep/2018:03:57:03 +0800] "GET /shanghai/HongQiaoLu-ShangHaiDongWuYuan/ HTTP/1.0" 200 77791 "-" "Mozilla/5.0 (compatible; SemrushBot/2~bl; +http://www.semrush.com/bot.html)"
23.245.54.218 - - [07/Sep/2018:03:57:06 +0800] "GET /co/py272 HTTP/1.0" 200 78290 "-" "Mozilla/5.0 (Windows NT 6.2; WOW64) AppleWebKit/537.36 (KHTML, like Gecko) Chrome/35.0.1916.153 Safari/537.36"
23.245.54.218 - - [07/Sep/2018:03:57:25 +0800] "POST /co/depage.asp;.jpg HTTP/1.0" 404 564 "http://www.114huoche.com/config/AspCms_Config.asp" "Mozilla/4.0 (compatible; MSIE 9.0; Windows NT 6.1)"
23.245.54.218 - - [07/Sep/2018:03:57:25 +0800] "POST /co/m3.indexlx.asp HTTP/1.0" 405 24993 "http://www.114huoche.com/config/AspCms_Config.asp" "Mozilla/4.0 (compatible; MSIE 9.0; Windows NT 6.1)"
23.245.54.218 - - [07/Sep/2018:03:57:27 +0800] "POST /co/mad/coon.asp HTTP/1.0" 405 24993 "http://www.114huoche.com/config/AspCms_Config.asp" "Mozilla/4.0 (compatible; MSIE 9.0; Windows NT 6.1)"
23.245.54.218 - - [07/Sep/2018:03:57:27 +0800] "POST /co/nfig/swq2l.asp HTTP/1.0" 405 24993 "http://www.114huoche.com/config/swq2l.asp" "Mozilla/4.0 (compatible; MSIE 9.0; Windows NT 6.1)"
23.245.54.218 - - [07/Sep/2018:03:57:30 +0800] "POST /co/mdiy.asp HTTP/1.0" 405 24993 "http://www.114huoche.com/config/AspCms_Config.asp" "Mozilla/4.0 (compatible; MSIE 9.0; Windows NT 6.1)"
23.245.54.218 - - [07/Sep/2018:03:57:31 +0800] "POST /co/ncnn.asp HTTP/1.0" 405 24993 "http://www.114huoche.com/config/AspCms_Config.asp" "Mozilla/4.0 (compatible; MSIE 9.0; Windows NT 6.1)"
23.245.54.218 - - [07/Sep/2018:03:57:31 +0800] "POST /co/ncon.asp HTTP/1.0" 405 24993 "http://www.114huoche.com/config/AspCms_Config.asp" "Mozilla/4.0 (compatible; MSIE 9.0; Windows NT 6.1)"
23.245.54.218 - - [07/Sep/2018:03:57:32 +0800] "POST /co/ndiy.asp HTTP/1.0" 405 24993 "http://www.114huoche.com/config/AspCms_Config.asp" "Mozilla/4.0 (compatible; MSIE 9.0; Windows NT 6.1)"
23.245.54.218 - - [07/Sep/2018:03:57:32 +0800] "POST /co/ndiy.asp HTTP/1.0" 405 24993 "http://www.114huoche.com/config/AspCms_Config.asp" "Mozilla/4.0 (compatible; MSIE 9.0; Windows NT 6.1)"
23.245.54.218 - - [07/Sep/2018:03:57:33 +0800] "POST /co/nf1g.asp;.jpg HTTP/1.0" 404 564 "http://www.114huoche.com/config/AspCms_Config.asp" "Mozilla/4.0 (compatible; MSIE 9.0; Windows NT 6.1)"
23.245.54.218 - - [07/Sep/2018:03:57:34 +0800] "POST /co/nfig.asp HTTP/1.0" 405 24993 "http://www.114huoche.com/config/AspCms_Config.asp" "Mozilla/4.0 (compatible; MSIE 9.0; Windows NT 6.1)"
23.245.54.218 - - [07/Sep/2018:03:57:34 +0800] "POST /co/nfig/AspCms_Config.asp,ysh HTTP/1.0" 405 24993 "http://www.114huoche.com/config/AspCms_Config.asp" "Mozilla/4.0 (compatible; MSIE 9.0; Windows NT 6.1)"
23.245.54.218 - - [07/Sep/2018:03:57:35 +0800] "POST /co/nfig/AspCms_Config.asp HTTP/1.0" 405 24993 "http://www.114huoche.com/config/AspCms_Config.asp" "Mozilla/4.0 (compatible; MSIE 9.0; Windows NT 6.1)"
23.245.54.218 - - [07/Sep/2018:03:57:36 +0800] "POST /co/nfig/AspCms_Config.asp HTTP/1.0" 405 24993 "http://www.114huoche.com/config/AspCms_Config.asp" "Mozilla/4.0 (compatible; MSIE 9.0; Windows NT 6.1)"
23.245.54.218 - - [07/Sep/2018:03:57:36 +0800] "POST /co/nfig/AspCms_Config.asp HTTP/1.0" 405 24993 "http://www.114huoche.com/config/AspCms_Config.asp" "Mozilla/4.0 (compatible; MSIE 9.0; Windows NT 6.1)"
23.245.54.218 - - [07/Sep/2018:03:57:37 +0800] "POST /co/nfiga.asp HTTP/1.0" 405 24993 "http://www.114huoche.com/config/AspCms_Config.asp" "Mozilla/4.0 (compatible; MSIE 9.0; Windows NT 6.1)"
23.245.54.218 - - [07/Sep/2018:03:57:37 +0800] "POST /co/nn.asp?id=520 HTTP/1.0" 405 24993 "http://www.114huoche.com/config/AspCms_Config.asp" "Mozilla/4.0 (compatible; MSIE 9.0; Windows NT 6.1)"
23.245.54.218 - - [07/Sep/2018:03:57:40 +0800] "POST /co/on.asp HTTP/1.0" 405 24993 "http://www.114huoche.com/config/AspCms_Config.asp" "Mozilla/4.0 (compatible; MSIE 9.0; Windows NT 6.1)"
23.245.54.218 - - [07/Sep/2018:03:57:43 +0800] "POST /co/rt/cc/wo.asp HTTP/1.0" 404 24969 "http://www.114huoche.com/config/AspCms_Config.asp" "Mozilla/4.0 (compatible; MSIE 9.0; Windows NT 6.1)"
23.245.54.218 - - [07/Sep/2018:03:57:52 +0800] "POST /co/mponents/com_mailto/views/sent/view.php HTTP/1.0" 404 564 "http://www.114huoche.com/components/com_mailto/views/sent/view.php" "Mozilla/4.0 (compatible; MSIE 9.0; Windows NT 6.1)"
23.245.54.218 - - [07/Sep/2018:03:58:14 +0800] "POST /co/o1.asp HTTP/1.0" 405 24993 "http://www.114huoche.com/coo1.asp" "Mozilla/4.0 (compatible; MSIE 9.0; Windows NT 6.1)"
23.245.54.218 - - [07/Sep/2018:03:58:29 +0800] "POST /co/nn.asp HTTP/1.0" 405 24993 "http://www.114huoche.com/conn.asp" "Mozilla/4.0 (compatible; MSIE 9.0; Windows NT 6.1)"
23.245.54.218 - - [07/Sep/2018:03:58:31 +0800] "POST /co/m3.st.asp HTTP/1.0" 405 24993 "http://www.114huoche.com/com3.st.asp" "Mozilla/4.0 (compatible; MSIE 9.0; Windows NT 6.1)"
23.245.54.218 - - [07/Sep/2018:03:58:39 +0800] "POST /co/nfig/aspcms_config.asp HTTP/1.0" 405 24993 "http://www.114huoche.com/config/aspcms_config.asp" "Mozilla/4.0 (compatible; MSIE 9.0; Windows NT 6.1)"
23.245.54.218 - - [07/Sep/2018:03:58:47 +0800] "GET /co/e03rl/86906.html HTTP/1.0" 200 77907 "http://www.baidu.com" "Mozilla/4.0 (compatible; MSIE 9.0; Windows NT 6.1)"
23.245.54.218 - - [07/Sep/2018:03:58:49 +0800] "POST /co/nfig.inc.php HTTP/1.0" 404 564 "http://www.114huoche.com/config.inc.php" "Mozilla/4.0 (compatible; MSIE 9.0; Windows NT 6.1)"
23.245.54.218 - - [07/Sep/2018:03:58:52 +0800] "POST /co/m3.stb.asp HTTP/1.0" 405 24993 "http://www.114huoche.com/com3.stb.asp" "Mozilla/4.0 (compatible; MSIE 9.0; Windows NT 6.1)"
23.245.54.218 - - [07/Sep/2018:03:58:54 +0800] "POST /co/mmon/new.php HTTP/1.0" 404 564 "http://www.114huoche.com/common/new.php" "Mozilla/4.0 (compatible; MSIE 9.0; Windows NT 6.1)"
107.183.158.127 - - [07/Sep/2018:03:58:55 +0800] "GET /shenzhen/YanTianShiJie-JiChang/ HTTP/1.0" 200 77662 "-" "Mozilla/5.0 (compatible; SemrushBot/2~bl; +http://www.semrush.com/bot.html)"
23.245.54.218 - - [07/Sep/2018:03:59:13 +0800] "POST /co/llege/images/zhuangsongqin.asp HTTP/1.0" 404 24969 "http://www.114huoche.com/college/images/zhuangsongqin.asp" "Mozilla/4.0 (compatible; MSIE 9.0; Windows NT 6.1)"
23.245.54.218 - - [07/Sep/2018:03:59:23 +0800] "POST /co/unt/5/lei.asp HTTP/1.0" 404 24969 "http://www.114huoche.com/count/5/lei.asp" "Mozilla/4.0 (compatible; MSIE 9.0; Windows NT 6.1)"
107.183.158.127 - - [07/Sep/2018:03:59:27 +0800] "GET /shenzhen/PingShanWei-GuanCheng/ HTTP/1.0" 200 78504 "-" "Mozilla/5.0 (compatible; SemrushBot/2~bl; +http://www.semrush.com/bot.html)"
23.245.54.218 - - [07/Sep/2018:03:59:35 +0800] "POST /co/nfig/aspcms_config.asp HTTP/1.0" 405 24993 "http://www.114huoche.com/config/aspcms_config.asp" "Mozilla/4.0 (compatible; MSIE 9.0; Windows NT 6.1)"
23.245.54.218 - - [07/Sep/2018:03:59:36 +0800] "POST /co/nn.php HTTP/1.0" 404 564 "http://www.114huoche.com/conn.php" "Mozilla/4.0 (compatible; MSIE 9.0; Windows NT 6.1)"
23.245.54.218 - - [07/Sep/2018:03:59:51 +0800] "POST /co/ntents/111/beizhihao.aspx HTTP/1.0" 404 24969 "http://www.114huoche.com/contents/111/beizhihao.aspx" "Mozilla/4.0 (compatible; MSIE 9.0; Windows NT 6.1)"
23.245.54.218 - - [07/Sep/2018:03:59:51 +0800] "POST /co/ntents/111/beizhihao.aspx HTTP/1.0" 404 24969 "http://www.114huoche.com/contents/111/beizhihao.aspx" "Mozilla/4.0 (compatible; MSIE 9.0; Windows NT 6.1)"
23.245.54.218 - - [07/Sep/2018:03:59:52 +0800] "POST /co/ntents/111/beizhihao.aspx HTTP/1.0" 404 24969 "http://www.114huoche.com/contents/111/beizhihao.aspx" "Mozilla/4.0 (compatible; MSIE 9.0; Windows NT 6.1)"
23.245.54.218 - - [07/Sep/2018:04:00:20 +0800] "POST /co/cukortopedisi.com/upload/image/diaosi.asp/rjrzk86964.jpg HTTP/1.0" 404 564 "http://www.114huoche.com/cocukortopedisi.com/upload/image/diaosi.asp/rjrzk86964.jpg" "Mozilla/4.0 (compatible; MSIE 9.0; Windows NT 6.1)"
23.245.54.218 - - [07/Sep/2018:04:00:20 +0800] "POST /co/cukortopedisi.com/upload/image/diaosi.asp/rjrzk86964.jpg HTTP/1.0" 404 564 "http://www.114huoche.com/cocukortopedisi.com/upload/image/diaosi.asp/rjrzk86964.jpg" "Mozilla/4.0 (compatible; MSIE 9.0; Windows NT 6.1)"
23.245.54.218 - - [07/Sep/2018:04:00:21 +0800] "POST /co/cukortopedisi.com/upload/image/diaosi.asp/rjrzk86964.jpg HTTP/1.0" 404 564 "http://www.114huoche.com/cocukortopedisi.com/upload/image/diaosi.asp/rjrzk86964.jpg" "Mozilla/4.0 (compatible; MSIE 9.0; Windows NT 6.1)"
23.245.54.218 - - [07/Sep/2018:04:00:36 +0800] "POST /co/nn1.asp HTTP/1.0" 405 24993 "http://www.114huoche.com/conn1.asp" "Mozilla/4.0 (compatible; MSIE 9.0; Windows NT 6.1)"
23.245.54.218 - - [07/Sep/2018:04:01:07 +0800] "POST /co/mpany/qycf/tuo.asp HTTP/1.0" 404 24969 "http://www.114huoche.com/company/qycf/tuo.asp" "Mozilla/4.0 (compatible; MSIE 9.0; Windows NT 6.1)"
23.245.54.218 - - [07/Sep/2018:04:01:31 +0800] "POST /co/nn.asp HTTP/1.0" 405 24993 "http://www.114huoche.com/conn.asp" "Mozilla/4.0 (compatible; MSIE 9.0; Windows NT 6.1)"
23.245.54.218 - - [07/Sep/2018:04:01:37 +0800] "GET /co/ADqq4t/8563/css/index.css HTTP/1.0" 404 162 "http://www.114huoche.com/coADqq4t/8563/" "YisouSpider"
23.245.54.218 - - [07/Sep/2018:04:01:39 +0800] "GET /co/ggC4t/ HTTP/1.0" 200 77752 "-" "Sogou web spider/4.0(+http://www.sogou.com/docs/help/webmasters.htm#07)"
23.245.54.218 - - [07/Sep/2018:04:01:59 +0800] "GET /co/ggD7w/ HTTP/1.0" 200 77350 "-" "Sogou web spider/4.0(+http://www.sogou.com/docs/help/webmasters.htm#07)"
23.245.54.218 - - [07/Sep/2018:04:02:08 +0800] "GET /co/py272 HTTP/1.0" 200 78290 "-" "Mozilla/5.0 (compatible; Baiduspider/2.0; +http://www.baidu.com/search/spider.html)"
107.183.158.127 - - [07/Sep/2018:04:02:17 +0800] "GET /shanghai/LongXiLu-DongLanLu/ HTTP/1.0" 200 77417 "-" "Mozilla/5.0 (compatible; SemrushBot/2~bl; +http://www.semrush.com/bot.html)"
23.245.54.218 - - [07/Sep/2018:04:02:19 +0800] "GET /co/gg97Q/725200.html HTTP/1.0" 200 78108 "-" "Sogou web spider/4.0(+http://www.sogou.com/docs/help/webmasters.htm#07)"
23.245.54.218 - - [07/Sep/2018:04:02:27 +0800] "GET /co/34f38/78768.html HTTP/1.0" 500 45463 "http://www.baidu.com" "Mozilla/4.0 (compatible; MSIE 9.0; Windows NT 6.1)"
107.183.158.127 - - [07/Sep/2018:04:02:29 +0800] "GET /shenzhen/JiangWei-ShenDa/ HTTP/1.0" 200 77831 "-" "Mozilla/5.0 (compatible; SemrushBot/2~bl; +http://www.semrush.com/bot.html)"
23.245.54.218 - - [07/Sep/2018:04:02:38 +0800] "POST /co/nfig/yongtuo.asp HTTP/1.0" 405 24993 "http://www.114huoche.com/config/yongtuo.asp" "Mozilla/4.0 (compatible; MSIE 9.0; Windows NT 6.1)"
23.245.54.218 - - [07/Sep/2018:04:02:39 +0800] "GET /co/py272 HTTP/1.0" 200 78290 "-" "Mozilla/5.0 (Macintosh; Intel Mac OS X 10_13_6) AppleWebKit/537.36 (KHTML, like Gecko) Chrome/68.0.3440.106 Safari/537.36"
107.183.158.127 - - [07/Sep/2018:04:02:50 +0800] "GET /shanghai/ShangHaiSaiCheChang-HuiZhenLu/ HTTP/1.0" 200 77867 "-" "Mozilla/5.0 (compatible; SemrushBot/2~bl; +http://www.semrush.com/bot.html)"
107.183.158.127 - - [07/Sep/2018:04:02:58 +0800] "GET /shenzhen/FuTian-TaiAn/ HTTP/1.0" 200 77914 "-" "Mozilla/5.0 (compatible; SemrushBot/2~bl; +http://www.semrush.com/bot.html)"
23.245.54.218 - - [07/Sep/2018:04:03:09 +0800] "GET /co/ADxx46/8351/css/index.css HTTP/1.0" 404 162 "http://www.114huoche.com/coADxx46/8351/" "YisouSpider"
107.183.158.127 - - [07/Sep/2018:04:03:32 +0800] "GET /shanghai/ HTTP/1.0" 200 78274 "-" "Mozilla/5.0 (Windows NT 6.1; WOW64; rv:55.0) Gecko/20100101 Firefox/55.0"
23.245.54.218 - - [07/Sep/2018:04:03:52 +0800] "POST /co/mponents/com_banners/css.php HTTP/1.0" 404 564 "http://www.114huoche.com/components/com_banners/css.php" "Mozilla/4.0 (compatible; MSIE 9.0; Windows NT 6.1)"
107.183.158.127 - - [07/Sep/2018:04:04:14 +0800] "GET /shenzhen/ShangChuan-ShiYaLing/ HTTP/1.0" 200 78114 "-" "Mozilla/5.0 (compatible; SemrushBot/2~bl; +http://www.semrush.com/bot.html)"
23.245.54.218 - - [07/Sep/2018:04:04:32 +0800] "POST /co/ntact/2016-05-16/cheng.asp HTTP/1.0" 404 24969 "http://www.114huoche.com/contact/2016-05-16/cheng.asp" "Mozilla/4.0 (compatible; MSIE 9.0; Windows NT 6.1)"
23.245.54.218 - - [07/Sep/2018:04:04:34 +0800] "POST /co/unt/huiang.asp HTTP/1.0" 405 24993 "http://www.114huoche.com/count/huiang.asp" "Mozilla/4.0 (compatible; MSIE 9.0; Windows NT 6.1)"
23.245.54.218 - - [07/Sep/2018:04:04:41 +0800] "POST /co/urse/qiaoshaonai.asp HTTP/1.0" 405 24993 "http://www.114huoche.com/course/qiaoshaonai.asp" "Mozilla/4.0 (compatible; MSIE 9.0; Windows NT 6.1)"
23.245.54.218 - - [07/Sep/2018:04:04:49 +0800] "POST /co/nfig/AspCms_Config.asp HTTP/1.0" 405 24993 "http://www.114huoche.com/SqlIn.asp" "Mozilla/4.0 (compatible; MSIE 9.0; Windows NT 6.1)"
23.245.54.218 - - [07/Sep/2018:04:05:10 +0800] "POST /co/nfig/AspCms_Config.asp HTTP/1.0" 405 24993 "http://www.114huoche.com/SqlIn.asp" "Mozilla/4.0 (compatible; MSIE 9.0; Windows NT 6.1)"
23.245.54.218 - - [07/Sep/2018:04:05:14 +0800] "POST /co/mmonmodules/video.asp HTTP/1.0" 405 24993 "http://www.114huoche.com/commonmodules/video.asp" "Mozilla/4.0 (compatible; MSIE 9.0; Windows NT 6.1)"
23.245.54.218 - - [07/Sep/2018:04:05:37 +0800] "GET /co/ggNp1/ HTTP/1.0" 200 77863 "-" "Sogou web spider/4.0(+http://www.sogou.com/docs/help/webmasters.htm#07)"
23.245.54.218 - - [07/Sep/2018:04:05:44 +0800] "POST /co/nn1.asp HTTP/1.0" 405 24993 "http://www.114huoche.com/SqlIn.asp" "Mozilla/4.0 (compatible; MSIE 9.0; Windows NT 6.1)"
23.245.54.218 - - [07/Sep/2018:04:05:53 +0800] "GET /co/GGh0S/ HTTP/1.0" 200 118869 "-" "Sogou web spider/4.0(+http://www.sogou.com/docs/help/webmasters.htm#07)"
23.245.54.218 - - [07/Sep/2018:04:06:08 +0800] "GET /co/cq94c/50485.html HTTP/1.0" 200 77723 "http://www.baidu.com" "Mozilla/4.0 (compatible; MSIE 9.0; Windows NT 6.1)"
107.183.158.127 - - [07/Sep/2018:04:06:32 +0800] "GET /shanghai/XuJiaHui-RenMinGuangChang/ HTTP/1.0" 200 78294 "-" "Mozilla/5.0 (compatible; SemrushBot/2~bl; +http://www.semrush.com/bot.html)"
23.245.54.218 - - [07/Sep/2018:04:06:32 +0800] "POST /co/ncon.asp HTTP/1.0" 405 24993 "http://www.114huoche.com/SqlIn.asp" "Mozilla/4.0 (compatible; MSIE 9.0; Windows NT 6.1)"
23.245.54.218 - - [07/Sep/2018:04:06:38 +0800] "POST /co/nn.asp HTTP/1.0" 405 24993 "http://www.114huoche.com/admin/cofng.asp" "Mozilla/4.0 (compatible; MSIE 9.0; Windows NT 6.1)"
23.245.54.218 - - [07/Sep/2018:04:06:41 +0800] "POST /co/nn1.asp HTTP/1.0" 405 24993 "http://www.114huoche.com/admin/cofng.asp" "Mozilla/4.0 (compatible; MSIE 9.0; Windows NT 6.1)"
23.245.54.218 - - [07/Sep/2018:04:06:51 +0800] "POST /co/ncon.asp HTTP/1.0" 405 24993 "http://www.114huoche.com/admin/cofng.asp" "Mozilla/4.0 (compatible; MSIE 9.0; Windows NT 6.1)"
23.245.54.218 - - [07/Sep/2018:04:06:51 +0800] "POST /co/ncon.asp HTTP/1.0" 405 24993 "http://www.114huoche.com/admin/cofng.asp" "Mozilla/4.0 (compatible; MSIE 9.0; Windows NT 6.1)"
107.183.158.127 - - [07/Sep/2018:04:06:57 +0800] "GET /shanghai/ChangHeLu-DongLanLu/ HTTP/1.0" 200 77878 "-" "Mozilla/5.0 (compatible; SemrushBot/2~bl; +http://www.semrush.com/bot.html)"
23.245.54.218 - - [07/Sep/2018:04:07:01 +0800] "POST /co/nfig/AspCms_Config.asp HTTP/1.0" 405 24993 "http://www.114huoche.com/admin/cofng.asp" "Mozilla/4.0 (compatible; MSIE 9.0; Windows NT 6.1)"
23.245.54.218 - - [07/Sep/2018:04:07:02 +0800] "POST /co/nfig/AspCms_Config.asp HTTP/1.0" 405 24993 "http://www.114huoche.com/admin/cofng.asp" "Mozilla/4.0 (compatible; MSIE 9.0; Windows NT 6.1)"
23.245.54.218 - - [07/Sep/2018:04:07:02 +0800] "POST /co/nfig/AspCms_Config.asp HTTP/1.0" 405 24993 "http://www.114huoche.com/admin/cofng.asp" "Mozilla/4.0 (compatible; MSIE 9.0; Windows NT 6.1)"
23.245.54.218 - - [07/Sep/2018:04:07:02 +0800] "POST /co/nfig/AspCms_Config.asp HTTP/1.0" 405 24993 "http://www.114huoche.com/admin/cofng.asp" "Mozilla/4.0 (compatible; MSIE 9.0; Windows NT 6.1)"
23.245.54.218 - - [07/Sep/2018:04:07:02 +0800] "POST /co/nfig/AspCms_Config.asp HTTP/1.0" 405 24993 "http://www.114huoche.com/admin/cofng.asp" "Mozilla/4.0 (compatible; MSIE 9.0; Windows NT 6.1)"
23.245.54.218 - - [07/Sep/2018:04:07:02 +0800] "POST /co/nfig/AspCms_Config.asp HTTP/1.0" 405 24993 "http://www.114huoche.com/admin/cofng.asp" "Mozilla/4.0 (compatible; MSIE 9.0; Windows NT 6.1)"
23.245.54.218 - - [07/Sep/2018:04:07:03 +0800] "POST /co/nfig/AspCms_Config.asp HTTP/1.0" 405 24993 "http://www.114huoche.com/admin/cofng.asp" "Mozilla/4.0 (compatible; MSIE 9.0; Windows NT 6.1)"
23.245.54.218 - - [07/Sep/2018:04:07:03 +0800] "POST /co/nfig/AspCms_Config.asp HTTP/1.0" 405 24993 "http://www.114huoche.com/admin/cofng.asp" "Mozilla/4.0 (compatible; MSIE 9.0; Windows NT 6.1)"
23.245.54.218 - - [07/Sep/2018:04:07:03 +0800] "POST /co/nfig/AspCms_Config.asp HTTP/1.0" 405 24993 "http://www.114huoche.com/admin/cofng.asp" "Mozilla/4.0 (compatible; MSIE 9.0; Windows NT 6.1)"
23.245.54.218 - - [07/Sep/2018:04:07:03 +0800] "POST /co/nfig/AspCms_Config.asp HTTP/1.0" 405 24993 "http://www.114huoche.com/admin/cofng.asp" "Mozilla/4.0 (compatible; MSIE 9.0; Windows NT 6.1)"
23.245.54.218 - - [07/Sep/2018:04:07:03 +0800] "POST /co/nfig/AspCms_Config.asp HTTP/1.0" 405 24993 "http://www.114huoche.com/admin/cofng.asp" "Mozilla/4.0 (compatible; MSIE 9.0; Windows NT 6.1)"
23.245.54.218 - - [07/Sep/2018:04:07:04 +0800] "POST /co/nfig/AspCms_Config.asp HTTP/1.0" 405 24993 "http://www.114huoche.com/admin/cofng.asp" "Mozilla/4.0 (compatible; MSIE 9.0; Windows NT 6.1)"
23.245.54.218 - - [07/Sep/2018:04:07:04 +0800] "POST /co/nfig/AspCms_Config.asp HTTP/1.0" 405 24993 "http://www.114huoche.com/admin/cofng.asp" "Mozilla/4.0 (compatible; MSIE 9.0; Windows NT 6.1)"
23.245.54.218 - - [07/Sep/2018:04:07:04 +0800] "POST /co/nfig/AspCms_Config.asp HTTP/1.0" 405 24993 "http://www.114huoche.com/admin/cofng.asp" "Mozilla/4.0 (compatible; MSIE 9.0; Windows NT 6.1)"
23.245.54.218 - - [07/Sep/2018:04:07:04 +0800] "POST /co/nfig/AspCms_Config.asp HTTP/1.0" 405 24993 "http://www.114huoche.com/admin/cofng.asp" "Mozilla/4.0 (compatible; MSIE 9.0; Windows NT 6.1)"
23.245.54.218 - - [07/Sep/2018:04:07:04 +0800] "POST /co/nfig/AspCms_Config.asp HTTP/1.0" 405 24993 "http://www.114huoche.com/admin/cofng.asp" "Mozilla/4.0 (compatible; MSIE 9.0; Windows NT 6.1)"
23.245.54.218 - - [07/Sep/2018:04:07:05 +0800] "POST /co/nfig/AspCms_Config.asp HTTP/1.0" 405 24993 "http://www.114huoche.com/admin/cofng.asp" "Mozilla/4.0 (compatible; MSIE 9.0; Windows NT 6.1)"
23.245.54.218 - - [07/Sep/2018:04:07:05 +0800] "POST /co/nfig/AspCms_Config.asp HTTP/1.0" 405 24993 "http://www.114huoche.com/admin/cofng.asp" "Mozilla/4.0 (compatible; MSIE 9.0; Windows NT 6.1)"
23.245.54.218 - - [07/Sep/2018:04:07:05 +0800] "POST /co/nfig/AspCms_Config.asp HTTP/1.0" 405 24993 "http://www.114huoche.com/admin/cofng.asp" "Mozilla/4.0 (compatible; MSIE 9.0; Windows NT 6.1)"
23.245.54.218 - - [07/Sep/2018:04:07:05 +0800] "POST /co/nfig/AspCms_Config.asp HTTP/1.0" 405 24993 "http://www.114huoche.com/admin/cofng.asp" "Mozilla/4.0 (compatible; MSIE 9.0; Windows NT 6.1)"
23.245.54.218 - - [07/Sep/2018:04:07:05 +0800] "POST /co/nfig/AspCms_Config.asp HTTP/1.0" 405 24993 "http://www.114huoche.com/admin/cofng.asp" "Mozilla/4.0 (compatible; MSIE 9.0; Windows NT 6.1)"
23.245.54.218 - - [07/Sep/2018:04:07:06 +0800] "POST /co/nfig/AspCms_Config.asp HTTP/1.0" 405 24993 "http://www.114huoche.com/admin/cofng.asp" "Mozilla/4.0 (compatible; MSIE 9.0; Windows NT 6.1)"
23.245.54.218 - - [07/Sep/2018:04:07:06 +0800] "POST /co/nfig/AspCms_Config.asp HTTP/1.0" 405 24993 "http://www.114huoche.com/admin/cofng.asp" "Mozilla/4.0 (compatible; MSIE 9.0; Windows NT 6.1)"
23.245.54.218 - - [07/Sep/2018:04:07:06 +0800] "POST /co/nfig/AspCms_Config.asp HTTP/1.0" 405 24993 "http://www.114huoche.com/admin/cofng.asp" "Mozilla/4.0 (compatible; MSIE 9.0; Windows NT 6.1)"
23.245.54.218 - - [07/Sep/2018:04:07:06 +0800] "POST /co/nfig/AspCms_Config.asp HTTP/1.0" 405 24993 "http://www.114huoche.com/admin/cofng.asp" "Mozilla/4.0 (compatible; MSIE 9.0; Windows NT 6.1)"
23.245.54.218 - - [07/Sep/2018:04:07:06 +0800] "POST /co/nfig/AspCms_Config.asp HTTP/1.0" 405 24993 "http://www.114huoche.com/admin/cofng.asp" "Mozilla/4.0 (compatible; MSIE 9.0; Windows NT 6.1)"
23.245.54.218 - - [07/Sep/2018:04:07:07 +0800] "POST /co/nfig/AspCms_Config.asp HTTP/1.0" 405 24993 "http://www.114huoche.com/admin/cofng.asp" "Mozilla/4.0 (compatible; MSIE 9.0; Windows NT 6.1)"
23.245.54.218 - - [07/Sep/2018:04:07:07 +0800] "POST /co/nfig/aspcms_config.asp HTTP/1.0" 405 24993 "http://www.114huoche.com/admin/cofng.asp" "Mozilla/4.0 (compatible; MSIE 9.0; Windows NT 6.1)"
107.183.158.127 - - [07/Sep/2018:04:07:25 +0800] "GET /shanghai/JiangPuGongYuan-LinPingLu/ HTTP/1.0" 200 78401 "-" "Mozilla/5.0 (compatible; SemrushBot/2~bl; +http://www.semrush.com/bot.html)"
107.183.158.127 - - [07/Sep/2018:04:07:56 +0800] "GET /shenzhen/MuGu-DaYunBei/ HTTP/1.0" 200 77260 "-" "Mozilla/5.0 (compatible; SemrushBot/2~bl; +http://www.semrush.com/bot.html)"
23.245.54.218 - - [07/Sep/2018:04:08:17 +0800] "GET /co/py273.alexareport.cn/%0A HTTP/1.0" 200 78405 "-" "Mozilla/5.0 (Macintosh; Intel Mac OS X 10_13_6) AppleWebKit/537.36 (KHTML, like Gecko) Chrome/68.0.3440.106 Safari/537.36"
23.245.54.218 - - [07/Sep/2018:04:08:20 +0800] "GET /co/pyiqo/444734.html HTTP/1.0" 500 45480 "-" "Mozilla/5.0 (compatible; tracemyfile/1.0)"
107.183.158.127 - - [07/Sep/2018:04:08:22 +0800] "GET /shanghai/SongBinLu-LongYaoLu/ HTTP/1.0" 200 77534 "-" "Mozilla/5.0 (compatible; SemrushBot/2~bl; +http://www.semrush.com/bot.html)"
107.183.158.127 - - [07/Sep/2018:04:09:04 +0800] "GET /shenzhen/DaXueCheng-ShangMeiLin/ HTTP/1.0" 200 78179 "-" "Sogou web spider/4.0(+http://www.sogou.com/docs/help/webmasters.htm#07)"
107.183.158.127 - - [07/Sep/2018:04:09:24 +0800] "GET /shenzhen/YingRenShi-YouXianDianShiTai/ HTTP/1.0" 200 77665 "-" "Sogou web spider/4.0(+http://www.sogou.com/docs/help/webmasters.htm#07)"
23.245.54.218 - - [07/Sep/2018:04:09:25 +0800] "GET /co/py273 HTTP/1.0" 200 79073 "-" "Mozilla/5.0 (Windows NT 6.2; WOW64) AppleWebKit/537.36 (KHTML, like Gecko) Chrome/35.0.1916.153 Safari/537.36"
23.245.54.218 - - [07/Sep/2018:04:09:44 +0800] "GET /co/ggjc0/814397.html HTTP/1.0" 200 78094 "-" "Sogou web spider/4.0(+http://www.sogou.com/docs/help/webmasters.htm#07)"
23.245.54.218 - - [07/Sep/2018:04:09:47 +0800] "GET /co/gg2Qg/248750.html HTTP/1.0" 200 78506 "-" "Sogou web spider/4.0(+http://www.sogou.com/docs/help/webmasters.htm#07)"
23.245.54.218 - - [07/Sep/2018:04:09:47 +0800] "GET /co/ky5u3/67404.html HTTP/1.0" 200 78056 "http://www.baidu.com" "Mozilla/4.0 (compatible; MSIE 9.0; Windows NT 6.1)"
23.245.54.218 - - [07/Sep/2018:04:09:55 +0800] "GET /co/ggtq2/122591.html HTTP/1.0" 200 78190 "-" "Sogou web spider/4.0(+http://www.sogou.com/docs/help/webmasters.htm#07)"
23.245.54.218 - - [07/Sep/2018:04:10:00 +0800] "GET /co/gg3Tl/725653.html HTTP/1.0" 200 78131 "-" "Sogou web spider/4.0(+http://www.sogou.com/docs/help/webmasters.htm#07)"
23.245.54.218 - - [07/Sep/2018:04:10:24 +0800] "GET /co/GGz8N/144778.html HTTP/1.0" 200 120425 "-" "Sogou web spider/4.0(+http://www.sogou.com/docs/help/webmasters.htm#07)"
23.245.54.218 - - [07/Sep/2018:04:10:49 +0800] "GET /co/ggGGQ/524853.html HTTP/1.0" 200 120967 "-" "Sogou web spider/4.0(+http://www.sogou.com/docs/help/webmasters.htm#07)"
107.183.158.127 - - [07/Sep/2018:04:10:56 +0800] "GET /shanghai/-ZhangJiangLu/ HTTP/1.0" 200 78155 "-" "Sogou web spider/4.0(+http://www.sogou.com/docs/help/webmasters.htm#07)"
23.245.54.218 - - [07/Sep/2018:04:11:15 +0800] "GET /co/GGBm5/894521.html HTTP/1.0" 200 122188 "-" "Sogou web spider/4.0(+http://www.sogou.com/docs/help/webmasters.htm#07)"
23.245.54.218 - - [07/Sep/2018:04:11:36 +0800] "GET /co/gg4OE/ HTTP/1.0" 200 78052 "-" "Sogou web spider/4.0(+http://www.sogou.com/docs/help/webmasters.htm#07)"
23.245.54.218 - - [07/Sep/2018:04:11:53 +0800] "GET /co/ggl95/801907.html HTTP/1.0" 200 78154 "-" "Sogou web spider/4.0(+http://www.sogou.com/docs/help/webmasters.htm#07)"
107.183.158.127 - - [07/Sep/2018:04:13:10 +0800] "GET /shenzhen/ZhouShiLu-NanKeng/ HTTP/1.0" 200 78650 "-" "Mozilla/5.0 (compatible; SemrushBot/2~bl; +http://www.semrush.com/bot.html)"
23.245.54.218 - - [07/Sep/2018:04:13:28 +0800] "GET /co/k3adj/43785.html HTTP/1.0" 200 78144 "http://www.baidu.com" "Mozilla/4.0 (compatible; MSIE 9.0; Windows NT 6.1)"
107.183.158.127 - - [07/Sep/2018:04:13:49 +0800] "GET /shanghai/WuWeiLu-HongMeiLu/ HTTP/1.0" 200 78143 "-" "Mozilla/5.0 (compatible; SemrushBot/2~bl; +http://www.semrush.com/bot.html)"
107.183.158.127 - - [07/Sep/2018:04:13:51 +0800] "GET /shanghai/HangJinLu-DianShanHuDaDao/ HTTP/1.0" 200 77561 "-" "Mozilla/5.0 (Linux;u;Android 4.2.2;zh-cn;) AppleWebKit/534.46 (KHTML,like Gecko) Version/5.1 Mobile Safari/10600.6.3 (compatible; Baiduspider/2.0; +http://www.baidu.com/search/spider.html)"
107.183.158.127 - - [07/Sep/2018:04:13:56 +0800] "GET /shanghai/SiJing-PuDongGuoJiJiChang/ HTTP/1.0" 200 78014 "-" "Mozilla/5.0 (Linux;u;Android 4.2.2;zh-cn;) AppleWebKit/534.46 (KHTML,like Gecko) Version/5.1 Mobile Safari/10600.6.3 (compatible; Baiduspider/2.0; +http://www.baidu.com/search/spider.html)"
23.245.54.218 - - [07/Sep/2018:04:14:07 +0800] "GET /co/HD8t3lj/ HTTP/1.0" 200 76092 "-" "Mozilla/5.0 (compatible; tracemyfile/1.0)"
107.183.158.127 - - [07/Sep/2018:04:14:11 +0800] "GET /shanghai/YiShanLu-HongQiaoHuoCheZhan/ HTTP/1.0" 200 78339 "-" "Mozilla/5.0 (Linux;u;Android 4.2.2;zh-cn;) AppleWebKit/534.46 (KHTML,like Gecko) Version/5.1 Mobile Safari/10600.6.3 (compatible; Baiduspider/2.0; +http://www.baidu.com/search/spider.html)"
107.183.158.127 - - [07/Sep/2018:04:14:19 +0800] "GET /shanghai/YuanShenTiYuZhongXin-YiLiLu/ HTTP/1.0" 200 77413 "-" "Mozilla/5.0 (Linux;u;Android 4.2.2;zh-cn;) AppleWebKit/534.46 (KHTML,like Gecko) Version/5.1 Mobile Safari/10600.6.3 (compatible; Baiduspider/2.0; +http://www.baidu.com/search/spider.html)"
107.183.158.127 - - [07/Sep/2018:04:14:38 +0800] "GET /shanghai/DongMingLu-TaiErZhuangLu/ HTTP/1.0" 200 77998 "-" "Mozilla/5.0 (Linux;u;Android 4.2.2;zh-cn;) AppleWebKit/534.46 (KHTML,like Gecko) Version/5.1 Mobile Safari/10600.6.3 (compatible; Baiduspider/2.0; +http://www.baidu.com/search/spider.html)"
23.245.54.218 - - [07/Sep/2018:04:14:41 +0800] "GET /co/py273 HTTP/1.0" 200 79073 "-" "Mozilla/5.0 (Macintosh; Intel Mac OS X 10_13_6) AppleWebKit/537.36 (KHTML, like Gecko) Chrome/68.0.3440.106 Safari/537.36"
23.245.54.218 - - [07/Sep/2018:04:14:57 +0800] "GET /co/GGRw1/ HTTP/1.0" 200 126199 "-" "Sogou web spider/4.0(+http://www.sogou.com/docs/help/webmasters.htm#07)"
107.183.158.127 - - [07/Sep/2018:04:15:26 +0800] "GET /shanghai/ZhouPuDong-ChangZhongLu/ HTTP/1.0" 200 77711 "-" "Mozilla/5.0 (compatible; SemrushBot/2~bl; +http://www.semrush.com/bot.html)"
107.183.158.127 - - [07/Sep/2018:04:15:40 +0800] "GET /shanghai/PuDongDaDao-TongJiDaXue/ HTTP/1.0" 200 78112 "-" "Mozilla/5.0 (compatible; SemrushBot/2~bl; +http://www.semrush.com/bot.html)"
107.183.158.127 - - [07/Sep/2018:04:16:13 +0800] "GET /shenzhen/DaFen-SongGang/ HTTP/1.0" 200 77935 "-" "Mozilla/5.0 (compatible; SemrushBot/2~bl; +http://www.semrush.com/bot.html)"
107.183.158.127 - - [07/Sep/2018:04:16:52 +0800] "GET /shenzhen/DongBuHuaQiaoCheng-GangTou/ HTTP/1.0" 200 78269 "-" "Mozilla/5.0 (compatible; SemrushBot/2~bl; +http://www.semrush.com/bot.html)"
107.183.158.127 - - [07/Sep/2018:04:17:03 +0800] "GET /shanghai/ShangHaiTiYuChang-XuJingBeiCheng/ HTTP/1.0" 200 78660 "-" "Mozilla/5.0 (compatible; SemrushBot/2~bl; +http://www.semrush.com/bot.html)"
23.245.54.218 - - [07/Sep/2018:04:17:05 +0800] "GET /co/dmyws/92247.html HTTP/1.0" 200 78566 "http://www.baidu.com" "Mozilla/4.0 (compatible; MSIE 9.0; Windows NT 6.1)"
107.183.158.127 - - [07/Sep/2018:04:17:53 +0800] "GET /shanghai/ShangHaiSaiCheChang-LianXiLu/ HTTP/1.0" 200 77555 "-" "Mozilla/5.0 (compatible; SemrushBot/2~bl; +http://www.semrush.com/bot.html)"
107.183.158.127 - - [07/Sep/2018:04:17:56 +0800] "GET /shanghai/ChuanChangLu-WaiGaoQiaoBaoShuiQuBei/ HTTP/1.0" 200 78582 "-" "Mozilla/5.0 (compatible; SemrushBot/2~bl; +http://www.semrush.com/bot.html)"
107.183.158.127 - - [07/Sep/2018:04:18:18 +0800] "GET /shanghai/JiaDingXinCheng-JiangYangBeiLu/ HTTP/1.0" 200 78466 "-" "Mozilla/5.0 (compatible; SemrushBot/2~bl; +http://www.semrush.com/bot.html)"
23.245.54.218 - - [07/Sep/2018:04:18:41 +0800] "GET /co/rb0m8/80915.htmll HTTP/1.0" 200 77678 "-" "YisouSpider"
107.183.158.127 - - [07/Sep/2018:04:19:13 +0800] "GET /shenzhen/QiuShuiShan-TaoYuanCun/ HTTP/1.0" 200 78584 "-" "Sogou web spider/4.0(+http://www.sogou.com/docs/help/webmasters.htm#07)"
23.245.54.218 - - [07/Sep/2018:04:19:15 +0800] "GET /co/GGzV7/ HTTP/1.0" 200 123254 "-" "Sogou web spider/4.0(+http://www.sogou.com/docs/help/webmasters.htm#07)"
107.183.158.127 - - [07/Sep/2018:04:19:42 +0800] "GET /shanghai/HuangXingGongYuan-ZhuJiaJiao/ HTTP/1.0" 200 78235 "-" "Mozilla/5.0 (compatible; SemrushBot/2~bl; +http://www.semrush.com/bot.html)"
107.183.158.127 - - [07/Sep/2018:04:20:00 +0800] "GET /shanghai/JiangYangBeiLu-CaoBaoLu/ HTTP/1.0" 200 78703 "-" "Mozilla/5.0 (compatible; SemrushBot/2~bl; +http://www.semrush.com/bot.html)"
23.245.54.218 - - [07/Sep/2018:04:20:14 +0800] "POST /co/nfig/AspCms_Config.asp HTTP/1.0" 405 24993 "http://www.114huoche.com/SqlIn.asp" "Mozilla/4.0 (compatible; MSIE 9.0; Windows NT 6.1)"
107.183.158.127 - - [07/Sep/2018:04:20:22 +0800] "GET /shanghai/ChangYiLu-MaLu/ HTTP/1.0" 200 77738 "-" "Mozilla/5.0 (compatible; SemrushBot/2~bl; +http://www.semrush.com/bot.html)"
23.245.54.218 - - [07/Sep/2018:04:20:34 +0800] "POST /co/nfig/AspCms_Config.asp HTTP/1.0" 405 24993 "http://www.114huoche.com/SqlIn.asp" "Mozilla/4.0 (compatible; MSIE 9.0; Windows NT 6.1)"
23.245.54.218 - - [07/Sep/2018:04:20:42 +0800] "GET /co/py274.alexareport.cn/%0A HTTP/1.0" 200 78151 "-" "Mozilla/5.0 (Macintosh; Intel Mac OS X 10_13_6) AppleWebKit/537.36 (KHTML, like Gecko) Chrome/68.0.3440.106 Safari/537.36"
23.245.54.218 - - [07/Sep/2018:04:20:44 +0800] "POST /co/nn1.asp HTTP/1.0" 405 24993 "http://www.114huoche.com/SqlIn.asp" "Mozilla/4.0 (compatible; MSIE 9.0; Windows NT 6.1)"
23.245.54.218 - - [07/Sep/2018:04:20:47 +0800] "GET /co/0ilpv/13004.html HTTP/1.0" 200 78467 "http://www.baidu.com" "Mozilla/4.0 (compatible; MSIE 9.0; Windows NT 6.1)"
23.245.54.218 - - [07/Sep/2018:04:20:57 +0800] "POST /co/ncon.asp HTTP/1.0" 405 24993 "http://www.114huoche.com/SqlIn.asp" "Mozilla/4.0 (compatible; MSIE 9.0; Windows NT 6.1)"
107.183.158.127 - - [07/Sep/2018:04:21:12 +0800] "GET /shanghai/YunJinLu-HuaPengLu/ HTTP/1.0" 200 77913 "-" "Mozilla/5.0 (compatible; SemrushBot/2~bl; +http://www.semrush.com/bot.html)"
