107.183.158.127 - - [06/Sep/2018:00:00:10 +0800] "GET /shenzhen/TianLongPu-LiuTang/ HTTP/1.0" 200 77955 "-" "Sogou web spider/4.0(+http://www.sogou.com/docs/help/webmasters.htm#07)"
23.245.54.218 - - [06/Sep/2018:00:00:15 +0800] "GET /co/ad132.alexareport.cn/%0A HTTP/1.0" 200 77878 "-" "Mozilla/5.0 (Macintosh; Intel Mac OS X 10_13_6) AppleWebKit/537.36 (KHTML, like Gecko) Chrome/68.0.3440.106 Safari/537.36"
107.183.158.127 - - [06/Sep/2018:00:00:15 +0800] "GET /shanghai/FuJinLu-ChuanQiaoLu/ HTTP/1.0" 200 78379 "-" "Sogou web spider/4.0(+http://www.sogou.com/docs/help/webmasters.htm#07)"
23.245.54.218 - - [06/Sep/2018:00:00:37 +0800] "GET /co/py232 HTTP/1.0" 200 77239 "-" "Mozilla/5.0 (Windows NT 6.2; WOW64) AppleWebKit/537.36 (KHTML, like Gecko) Chrome/35.0.1916.153 Safari/537.36"
107.183.158.127 - - [06/Sep/2018:00:00:38 +0800] "GET /shenzhen/XiangMiHu-ShiLongGongLu/ HTTP/1.0" 200 78676 "-" "Sogou web spider/4.0(+http://www.sogou.com/docs/help/webmasters.htm#07)"
23.245.54.218 - - [06/Sep/2018:00:00:55 +0800] "GET /co/nn113 HTTP/1.0" 200 78698 "-" "Mozilla/5.0 (compatible; Baiduspider/2.0; +http://www.baidu.com/search/spider.html)"
107.183.158.127 - - [06/Sep/2018:00:00:58 +0800] "GET /shenzhen/YanTianLu-MeiJing/ HTTP/1.0" 500 45359 "http://ditie.114huoche.com/shenzhen/YanTianLu-MeiJing/" "Mozilla/5.0 (Windows NT 6.1; WOW64) AppleWebKit/537.36 (KHTML, like Gecko) Chrome/50.4.2661.102 Safari/537.36; 360Spider"
107.183.158.127 - - [06/Sep/2018:00:00:58 +0800] "GET /shanghai/JiuTing-FangXinLu/ HTTP/1.0" 500 45357 "http://ditie.114huoche.com/shanghai/JiuTing-FangXinLu/" "Mozilla/5.0 (Windows NT 6.1; WOW64) AppleWebKit/537.36 (KHTML, like Gecko) Chrome/50.4.2661.102 Safari/537.36; 360Spider"
23.245.54.218 - - [06/Sep/2018:00:00:59 +0800] "GET /co/ad133 HTTP/1.0" 500 45108 "-" "Mozilla/5.0 (Windows NT 6.2; WOW64) AppleWebKit/537.36 (KHTML, like Gecko) Chrome/35.0.1916.153 Safari/537.36"
107.183.158.127 - - [06/Sep/2018:00:01:01 +0800] "GET /shenzhen/NiuHu-KuiYongZhongXin/ HTTP/1.0" 500 45482 "http://ditie.114huoche.com/shenzhen/NiuHu-KuiYongZhongXin/" "Mozilla/5.0 (Windows NT 6.1; WOW64) AppleWebKit/537.36 (KHTML, like Gecko) Chrome/50.4.2661.102 Safari/537.36; 360Spider"
107.183.158.127 - - [06/Sep/2018:00:01:01 +0800] "GET /shenzhen/ShiJieZhiChuang-KuiYongWenHuaGuangChang/ HTTP/1.0" 500 45788 "http://ditie.114huoche.com/shenzhen/ShiJieZhiChuang-KuiYongWenHuaGuangChang/" "Mozilla/5.0 (Windows NT 6.1; WOW64) AppleWebKit/537.36 (KHTML, like Gecko) Chrome/50.4.2661.102 Safari/537.36; 360Spider"
23.245.54.218 - - [06/Sep/2018:00:01:01 +0800] "GET /co/py231.alexareport.cn/%0A HTTP/1.0" 200 78090 "-" "Mozilla/5.0 (Macintosh; Intel Mac OS X 10_13_6) AppleWebKit/537.36 (KHTML, like Gecko) Chrome/68.0.3440.106 Safari/537.36"
107.183.158.127 - - [06/Sep/2018:00:01:03 +0800] "GET /shanghai/HuiNan-TongNanLu/ HTTP/1.0" 200 78361 "-" "Mozilla/5.0 (compatible; SemrushBot/2~bl; +http://www.semrush.com/bot.html)"
107.183.158.127 - - [06/Sep/2018:00:01:07 +0800] "GET /shanghai/GaoQingLu-BeiQiao/ HTTP/1.0" 200 77759 "-" "Mozilla/5.0 (compatible; SemrushBot/2~bl; +http://www.semrush.com/bot.html)"
107.183.158.127 - - [06/Sep/2018:00:01:11 +0800] "GET /shenzhen/LiXiang-TangKeng/ HTTP/1.0" 500 45397 "-" "Sogou web spider/4.0(+http://www.sogou.com/docs/help/webmasters.htm#07)"
107.183.158.127 - - [06/Sep/2018:00:01:12 +0800] "GET /shanghai/LuoXiuLu-LanGaoLu/ HTTP/1.0" 200 78084 "-" "Mozilla/5.0 (compatible; SemrushBot/2~bl; +http://www.semrush.com/bot.html)"
107.183.158.127 - - [06/Sep/2018:00:01:23 +0800] "GET /shenzhen/LongNan-NiGang/ HTTP/1.0" 200 77990 "-" "Sogou web spider/4.0(+http://www.sogou.com/docs/help/webmasters.htm#07)"
23.245.54.218 - - [06/Sep/2018:00:01:34 +0800] "POST /co/nfig/AspCms_Config.asp HTTP/1.0" 405 24993 "http://www.114huoche.com/SqlIn.asp" "Mozilla/4.0 (compatible; MSIE 9.0; Windows NT 6.1)"
23.245.54.218 - - [06/Sep/2018:00:01:38 +0800] "POST /co/nfig/AspCms_Config.asp HTTP/1.0" 405 24993 "http://www.114huoche.com/SqlIn.asp" "Mozilla/4.0 (compatible; MSIE 9.0; Windows NT 6.1)"
107.183.158.127 - - [06/Sep/2018:00:01:41 +0800] "GET /shanghai/ShenZhuanGongLu-FangXinLu/ HTTP/1.0" 200 77970 "http://ditie.114huoche.com/shanghai/ShenZhuanGongLu-FangXinLu/" "Mozilla/5.0 (Windows NT 6.1; WOW64) AppleWebKit/537.36 (KHTML, like Gecko) Chrome/50.0.2661.102 Safari/537.36; 360Spider"
23.245.54.218 - - [06/Sep/2018:00:01:42 +0800] "GET /co/nn113 HTTP/1.0" 200 78698 "-" "Mozilla/5.0 (Macintosh; Intel Mac OS X 10_13_6) AppleWebKit/537.36 (KHTML, like Gecko) Chrome/68.0.3440.106 Safari/537.36"
107.183.158.127 - - [06/Sep/2018:00:01:43 +0800] "GET /shanghai/LuJiaBangLu-QingPuXinCheng/ HTTP/1.0" 500 45567 "http://ditie.114huoche.com/shanghai/LuJiaBangLu-QingPuXinCheng/" "Mozilla/5.0 (Windows NT 6.1; WOW64) AppleWebKit/537.36 (KHTML, like Gecko) Chrome/50.0.2661.102 Safari/537.36; 360Spider"
23.245.54.218 - - [06/Sep/2018:00:01:44 +0800] "GET /co/ad133 HTTP/1.0" 500 45062 "-" "Mozilla/5.0 (Windows NT 6.2; WOW64) AppleWebKit/537.36 (KHTML, like Gecko) Chrome/35.0.1916.153 Safari/537.36"
107.183.158.127 - - [06/Sep/2018:00:01:45 +0800] "GET /shanghai/JingYuanLu-DongLuLu/ HTTP/1.0" 500 45448 "http://ditie.114huoche.com/shanghai/JingYuanLu-DongLuLu/" "Mozilla/5.0 (Windows NT 6.1; WOW64) AppleWebKit/537.36 (KHTML, like Gecko) Chrome/50.4.2661.102 Safari/537.36; 360Spider"
107.183.158.127 - - [06/Sep/2018:00:01:46 +0800] "GET /shenzhen/BaoAnZhongXue-WuHe/ HTTP/1.0" 200 78409 "-" "Sogou web spider/4.0(+http://www.sogou.com/docs/help/webmasters.htm#07)"
23.245.54.218 - - [06/Sep/2018:00:01:47 +0800] "POST /co/nn1.asp HTTP/1.0" 405 24993 "http://www.114huoche.com/SqlIn.asp" "Mozilla/4.0 (compatible; MSIE 9.0; Windows NT 6.1)"
23.245.54.218 - - [06/Sep/2018:00:01:48 +0800] "POST /co/ncon.asp HTTP/1.0" 405 24993 "http://www.114huoche.com/SqlIn.asp" "Mozilla/4.0 (compatible; MSIE 9.0; Windows NT 6.1)"
23.245.54.218 - - [06/Sep/2018:00:01:50 +0800] "GET /co/nn113 HTTP/1.0" 200 78698 "-" "Mozilla/5.0 (compatible; Baiduspider/2.0; +http://www.baidu.com/search/spider.html)"
23.245.54.218 - - [06/Sep/2018:00:02:02 +0800] "GET /co/HDTenC/2005.html HTTP/1.0" 200 75850 "-" "Mozilla/5.0 (compatible; DotBot/1.1; http://www.opensiteexplorer.org/dotbot, help@moz.com)"
107.183.158.127 - - [06/Sep/2018:00:02:05 +0800] "GET /shanghai/GuoQuanLu-JiangWanZhen/ HTTP/1.0" 200 78259 "-" "Sogou web spider/4.0(+http://www.sogou.com/docs/help/webmasters.htm#07)"
23.245.54.218 - - [06/Sep/2018:00:02:06 +0800] "GET /co/HDhhgb/ HTTP/1.0" 200 75912 "-" "Mozilla/5.0 (compatible; DotBot/1.1; http://www.opensiteexplorer.org/dotbot, help@moz.com)"
23.245.54.218 - - [06/Sep/2018:00:02:08 +0800] "GET /co/HDoQmu/3390.html HTTP/1.0" 200 75823 "-" "Mozilla/5.0 (compatible; DotBot/1.1; http://www.opensiteexplorer.org/dotbot, help@moz.com)"
23.245.54.218 - - [06/Sep/2018:00:02:11 +0800] "GET /co/HDBAX9/ HTTP/1.0" 200 76259 "-" "Mozilla/5.0 (compatible; DotBot/1.1; http://www.opensiteexplorer.org/dotbot, help@moz.com)"
23.245.54.218 - - [06/Sep/2018:00:02:14 +0800] "GET /co/HDHn1B/6521.html HTTP/1.0" 200 76269 "-" "Mozilla/5.0 (compatible; DotBot/1.1; http://www.opensiteexplorer.org/dotbot, help@moz.com)"
23.245.54.218 - - [06/Sep/2018:00:02:15 +0800] "GET /co/HDyIoC/ HTTP/1.0" 200 75514 "-" "Mozilla/5.0 (compatible; DotBot/1.1; http://www.opensiteexplorer.org/dotbot, help@moz.com)"
107.183.158.127 - - [06/Sep/2018:00:02:15 +0800] "GET /shenzhen/DongZhouLu-GaoXinQuDong/ HTTP/1.0" 200 77556 "-" "Sogou web spider/4.0(+http://www.sogou.com/docs/help/webmasters.htm#07)"
107.183.158.127 - - [06/Sep/2018:00:02:16 +0800] "GET /shanghai/SongJiangTiYuZhongXin-ZhenGuangXinCun/ HTTP/1.0" 200 78338 "-" "Sogou web spider/4.0(+http://www.sogou.com/docs/help/webmasters.htm#07)"
23.245.54.218 - - [06/Sep/2018:00:02:18 +0800] "GET /co/HDyvPJ/4460.html HTTP/1.0" 200 76127 "-" "Mozilla/5.0 (compatible; DotBot/1.1; http://www.opensiteexplorer.org/dotbot, help@moz.com)"
107.183.158.127 - - [06/Sep/2018:00:02:21 +0800] "GET /shenzhen/ShenZhenDong-LuDanCun/ HTTP/1.0" 200 78220 "-" "Sogou web spider/4.0(+http://www.sogou.com/docs/help/webmasters.htm#07)"
23.245.54.218 - - [06/Sep/2018:00:02:39 +0800] "GET /co/nn113 HTTP/1.0" 200 78698 "-" "Mozilla/5.0 (Macintosh; Intel Mac OS X 10_13_6) AppleWebKit/537.36 (KHTML, like Gecko) Chrome/68.0.3440.106 Safari/537.36"
107.183.158.127 - - [06/Sep/2018:00:02:42 +0800] "GET /shenzhen/TianBanTou-MeiCun/ HTTP/1.0" 200 78480 "-" "Sogou web spider/4.0(+http://www.sogou.com/docs/help/webmasters.htm#07)"
107.183.158.127 - - [06/Sep/2018:00:02:47 +0800] "GET /shenzhen/GuangMingXinCheng-BaoShiDongLu/ HTTP/1.0" 200 77894 "-" "Sogou web spider/4.0(+http://www.sogou.com/docs/help/webmasters.htm#07)"
107.183.158.127 - - [06/Sep/2018:00:02:53 +0800] "GET /shanghai/ShenDuGongLu-ZhongGuoBoLanHuiBei/ HTTP/1.0" 200 78427 "-" "Mozilla/5.0 (compatible; SemrushBot/2~bl; +http://www.semrush.com/bot.html)"
23.245.54.218 - - [06/Sep/2018:00:03:00 +0800] "POST /co/nfig/AspCms_Config.asp HTTP/1.0" 405 24993 "http://www.114huoche.com/config/AspCms_Config.asp" "Mozilla/4.0 (compatible; MSIE 9.0; Windows NT 6.1)"
23.245.54.218 - - [06/Sep/2018:00:03:26 +0800] "POST /co/nfig/AspCms_Config.asp HTTP/1.0" 405 24993 "http://www.114huoche.com/config/AspCms_Config.asp" "Mozilla/4.0 (compatible; MSIE 9.0; Windows NT 6.1)"
107.183.158.127 - - [06/Sep/2018:00:03:26 +0800] "GET /shanghai/LouShanGuanLu-BeiYangJingLu/ HTTP/1.0" 500 45527 "http://ditie.114huoche.com/shanghai/LouShanGuanLu-BeiYangJingLu/" "Mozilla/5.0 (Windows NT 6.1; WOW64) AppleWebKit/537.36 (KHTML, like Gecko) Chrome/50.0.2661.102 Safari/537.36; 360Spider"
107.183.158.127 - - [06/Sep/2018:00:03:26 +0800] "GET /shanghai/ZuiBaiChi-ChangShuLu/ HTTP/1.0" 500 45419 "http://ditie.114huoche.com/shanghai/ZuiBaiChi-ChangShuLu/" "Mozilla/5.0 (Windows NT 6.1; WOW64) AppleWebKit/537.36 (KHTML, like Gecko) Chrome/50.0.2661.102 Safari/537.36; 360Spider"
23.245.54.218 - - [06/Sep/2018:00:03:29 +0800] "POST /co/nn1.asp HTTP/1.0" 405 24993 "http://www.114huoche.com/config/AspCms_Config.asp" "Mozilla/4.0 (compatible; MSIE 9.0; Windows NT 6.1)"
107.183.158.127 - - [06/Sep/2018:00:03:29 +0800] "GET /shenzhen/LongNan-XiaShiWei/ HTTP/1.0" 500 45414 "http://ditie.114huoche.com/shenzhen/LongNan-XiaShiWei/" "Mozilla/5.0 (Windows NT 6.1; WOW64) AppleWebKit/537.36 (KHTML, like Gecko) Chrome/50.0.2661.102 Safari/537.36; 360Spider"
23.245.54.218 - - [06/Sep/2018:00:03:30 +0800] "POST /co/ncon.asp HTTP/1.0" 405 24993 "http://www.114huoche.com/config/AspCms_Config.asp" "Mozilla/4.0 (compatible; MSIE 9.0; Windows NT 6.1)"
107.183.158.127 - - [06/Sep/2018:00:03:30 +0800] "GET /shenzhen/HuangBeiLing-ShangDong/ HTTP/1.0" 200 78640 "http://ditie.114huoche.com/shenzhen/HuangBeiLing-ShangDong/" "Mozilla/5.0 (Windows NT 6.1; WOW64) AppleWebKit/537.36 (KHTML, like Gecko) Chrome/50.0.2661.102 Safari/537.36; 360Spider"
107.183.158.127 - - [06/Sep/2018:00:03:35 +0800] "GET /shanghai/FangXinLu-LianXiLu/ HTTP/1.0" 200 78116 "-" "Sogou web spider/4.0(+http://www.sogou.com/docs/help/webmasters.htm#07)"
107.183.158.127 - - [06/Sep/2018:00:03:49 +0800] "GET /shenzhen/XiBuGongYeCheng-YuanLing/ HTTP/1.0" 200 78577 "-" "Sogou web spider/4.0(+http://www.sogou.com/docs/help/webmasters.htm#07)"
107.183.158.127 - - [06/Sep/2018:00:04:18 +0800] "GET /shanghai/JiangQiao-NenJiangLu/ HTTP/1.0" 200 78445 "-" "Sogou web spider/4.0(+http://www.sogou.com/docs/help/webmasters.htm#07)"
23.245.54.218 - - [06/Sep/2018:00:04:32 +0800] "GET /co/ad133 HTTP/1.0" 200 78317 "-" "Mozilla/5.0 (Windows NT 6.2; WOW64) AppleWebKit/537.36 (KHTML, like Gecko) Chrome/35.0.1916.153 Safari/537.36"
107.183.158.127 - - [06/Sep/2018:00:05:03 +0800] "GET /shenzhen/x_82/ HTTP/1.0" 200 78429 "-" "Sogou web spider/4.0(+http://www.sogou.com/docs/help/webmasters.htm#07)"
107.183.158.127 - - [06/Sep/2018:00:05:05 +0800] "GET /shanghai/NenJiangLu-ZhongNingLu/ HTTP/1.0" 200 78173 "-" "Sogou web spider/4.0(+http://www.sogou.com/docs/help/webmasters.htm#07)"
23.245.54.218 - - [06/Sep/2018:00:05:13 +0800] "GET /co/GGXCz/data/attachment/forum/201305/08/180732jpuukumq7b97p9bc.jpg.thumb.jpg HTTP/1.0" 404 564 "http://www.114huoche.com/coGGXCz/" "Mozilla/5.0 (Windows NT 5.1) AppleWebKit/534.30 (KHTML, like Gecko) Chrome/12.0.742.122 Safari/534.30"
23.245.54.218 - - [06/Sep/2018:00:05:13 +0800] "GET /co/GGXCz/data/attachment/forum/201305/08/180732jpuukumq7b97p9bc.jpg.thumb.jpg HTTP/1.0" 404 564 "http://www.114huoche.com/coGGXCz/" "Mozilla/5.0 (Windows NT 5.1) AppleWebKit/534.30 (KHTML, like Gecko) Chrome/12.0.742.122 Safari/534.30"
23.245.54.218 - - [06/Sep/2018:00:05:25 +0800] "GET /co/nn114.alexareport.cn/%0A HTTP/1.0" 200 78872 "-" "Mozilla/5.0 (Macintosh; Intel Mac OS X 10_13_6) AppleWebKit/537.36 (KHTML, like Gecko) Chrome/68.0.3440.106 Safari/537.36"
23.245.54.218 - - [06/Sep/2018:00:05:27 +0800] "GET /co/py232 HTTP/1.0" 200 77230 "-" "Mozilla/5.0 (compatible; Baiduspider/2.0; +http://www.baidu.com/search/spider.html)"
107.183.158.127 - - [06/Sep/2018:00:05:29 +0800] "GET /shanghai/ChuanChangLu-LongCaoLu/ HTTP/1.0" 200 78477 "-" "Sogou web spider/4.0(+http://www.sogou.com/docs/help/webmasters.htm#07)"
23.245.54.218 - - [06/Sep/2018:00:05:35 +0800] "POST /co/nfig/AspCms_Config.asp HTTP/1.0" 405 24993 "http://www.114huoche.com//config/AspCms_Config.asp" "Mozilla/4.0 (compatible; MSIE 9.0; Windows NT 6.1)"
107.183.158.127 - - [06/Sep/2018:00:05:37 +0800] "GET /shenzhen/TaoYuan-BaoHua/ HTTP/1.0" 200 77778 "-" "Mozilla/5.0 (compatible; SemrushBot/2~bl; +http://www.semrush.com/bot.html)"
23.245.54.218 - - [06/Sep/2018:00:05:56 +0800] "GET /co/AD1wjk/57767/ HTTP/1.0" 200 86045 "-" "Mozilla/5.0 (compatible; Baiduspider/2.0; +http://www.baidu.com/search/spider.html)"
23.245.54.218 - - [06/Sep/2018:00:06:07 +0800] "GET /co/AD7kk3/62252/ HTTP/1.0" 200 85422 "-" "Mozilla/5.0 (compatible; Baiduspider/2.0; +http://www.baidu.com/search/spider.html)"
23.245.54.218 - - [06/Sep/2018:00:06:10 +0800] "GET /co/py232 HTTP/1.0" 200 77230 "-" "Mozilla/5.0 (Macintosh; Intel Mac OS X 10_13_6) AppleWebKit/537.36 (KHTML, like Gecko) Chrome/68.0.3440.106 Safari/537.36"
23.245.54.218 - - [06/Sep/2018:00:06:17 +0800] "GET /co/ad133 HTTP/1.0" 200 78308 "-" "Mozilla/5.0 (compatible; Baiduspider/2.0; +http://www.baidu.com/search/spider.html)"
23.245.54.218 - - [06/Sep/2018:00:06:18 +0800] "POST /co/nfig/AspCms_Config.asp HTTP/1.0" 405 24993 "http://www.114huoche.com/config/AspCms_Config.asp" "Mozilla/4.0 (compatible; MSIE 9.0; Windows NT 6.1)"
23.245.54.218 - - [06/Sep/2018:00:06:28 +0800] "POST /co/nfig/AspCms_Config.asp HTTP/1.0" 405 24993 "http://www.114huoche.com/config/AspCms_Config.asp" "Mozilla/4.0 (compatible; MSIE 9.0; Windows NT 6.1)"
23.245.54.218 - - [06/Sep/2018:00:06:31 +0800] "POST /co/nn1.asp HTTP/1.0" 405 24993 "http://www.114huoche.com/config/AspCms_Config.asp" "Mozilla/4.0 (compatible; MSIE 9.0; Windows NT 6.1)"
23.245.54.218 - - [06/Sep/2018:00:06:31 +0800] "POST /co/ncon.asp HTTP/1.0" 405 24993 "http://www.114huoche.com/config/AspCms_Config.asp" "Mozilla/4.0 (compatible; MSIE 9.0; Windows NT 6.1)"
107.183.158.127 - - [06/Sep/2018:00:06:37 +0800] "GET /shenzhen/XingHua-QianHaiWan/ HTTP/1.0" 200 77910 "-" "Sogou web spider/4.0(+http://www.sogou.com/docs/help/webmasters.htm#07)"
23.245.54.218 - - [06/Sep/2018:00:06:37 +0800] "GET /co/nn114.alexareport.cn/%0A HTTP/1.0" 200 78872 "-" "Mozilla/5.0 (Macintosh; Intel Mac OS X 10_13_6) AppleWebKit/537.36 (KHTML, like Gecko) Chrome/68.0.3440.106 Safari/537.36"
23.245.54.218 - - [06/Sep/2018:00:06:47 +0800] "GET /co/ad132 HTTP/1.0" 200 77657 "-" "Mozilla/5.0 (compatible; Baiduspider/2.0; +http://www.baidu.com/search/spider.html)"
23.245.54.218 - - [06/Sep/2018:00:06:49 +0800] "GET /co/ad133 HTTP/1.0" 200 78308 "-" "Mozilla/5.0 (Macintosh; Intel Mac OS X 10_13_6) AppleWebKit/537.36 (KHTML, like Gecko) Chrome/68.0.3440.106 Safari/537.36"
23.245.54.218 - - [06/Sep/2018:00:06:52 +0800] "GET /co/nn114 HTTP/1.0" 200 77997 "-" "Mozilla/5.0 (Windows NT 6.2; WOW64) AppleWebKit/537.36 (KHTML, like Gecko) Chrome/35.0.1916.153 Safari/537.36"
107.183.158.127 - - [06/Sep/2018:00:06:58 +0800] "GET /shenzhen/TangLang-TongYueCun/ HTTP/1.0" 200 78405 "-" "Sogou web spider/4.0(+http://www.sogou.com/docs/help/webmasters.htm#07)"
107.183.158.127 - - [06/Sep/2018:00:07:19 +0800] "GET /shenzhen/LongChengXi-ShaJingNan/ HTTP/1.0" 200 78286 "-" "Sogou web spider/4.0(+http://www.sogou.com/docs/help/webmasters.htm#07)"
107.183.158.127 - - [06/Sep/2018:00:07:27 +0800] "GET /shanghai/HuaDongLiGongDaXue-DaMuQiaoLu/ HTTP/1.0" 200 77937 "-" "Sogou web spider/4.0(+http://www.sogou.com/docs/help/webmasters.htm#07)"
107.183.158.127 - - [06/Sep/2018:00:07:30 +0800] "GET /shanghai/JiangQiao-SongYuanLu/ HTTP/1.0" 200 77606 "-" "Sogou web spider/4.0(+http://www.sogou.com/docs/help/webmasters.htm#07)"
23.245.54.218 - - [06/Sep/2018:00:07:31 +0800] "GET /co/py231 HTTP/1.0" 200 78453 "-" "Mozilla/5.0 (compatible; Baiduspider/2.0; +http://www.baidu.com/search/spider.html)"
23.245.54.218 - - [06/Sep/2018:00:07:33 +0800] "GET /co/ad132 HTTP/1.0" 200 77657 "-" "Mozilla/5.0 (Macintosh; Intel Mac OS X 10_13_6) AppleWebKit/537.36 (KHTML, like Gecko) Chrome/68.0.3440.106 Safari/537.36"
107.183.158.127 - - [06/Sep/2018:00:07:53 +0800] "GET /shenzhen/ShenKang-CheGongMiaoNan/ HTTP/1.0" 200 78846 "-" "Sogou web spider/4.0(+http://www.sogou.com/docs/help/webmasters.htm#07)"
107.183.158.127 - - [06/Sep/2018:00:07:56 +0800] "GET /shanghai/ShuJianLu-YeJiLu/ HTTP/1.0" 200 78171 "-" "Mozilla/5.0 (compatible; SemrushBot/2~bl; +http://www.semrush.com/bot.html)"
107.183.158.127 - - [06/Sep/2018:00:07:58 +0800] "GET /shenzhen/ShangSha-GuanGuangLu/ HTTP/1.0" 200 78169 "-" "Sogou web spider/4.0(+http://www.sogou.com/docs/help/webmasters.htm#07)"
23.245.54.218 - - [06/Sep/2018:00:07:59 +0800] "GET /co/py231 HTTP/1.0" 200 78453 "-" "Mozilla/5.0 (Macintosh; Intel Mac OS X 10_13_6) AppleWebKit/537.36 (KHTML, like Gecko) Chrome/68.0.3440.106 Safari/537.36"
107.183.158.127 - - [06/Sep/2018:00:08:06 +0800] "GET /shijiazhuang/BaiFoKou-LuoJiaZhuangNan/ HTTP/1.0" 200 78347 "-" "Sogou web spider/4.0(+http://www.sogou.com/docs/help/webmasters.htm#07)"
107.183.158.127 - - [06/Sep/2018:00:08:23 +0800] "GET /shanghai/YaoHuaLu-ZhenRu/ HTTP/1.0" 200 77587 "-" "Sogou web spider/4.0(+http://www.sogou.com/docs/help/webmasters.htm#07)"
107.183.158.127 - - [06/Sep/2018:00:08:36 +0800] "GET /shanghai/KangXinGongLu-WuZhongLu/ HTTP/1.0" 200 78485 "-" "Sogou web spider/4.0(+http://www.sogou.com/docs/help/webmasters.htm#07)"
107.183.158.127 - - [06/Sep/2018:00:08:38 +0800] "GET /shenzhen/MeiLinDong-BaoTian/ HTTP/1.0" 200 77819 "-" "Sogou web spider/4.0(+http://www.sogou.com/docs/help/webmasters.htm#07)"
23.245.54.218 - - [06/Sep/2018:00:08:39 +0800] "POST /co/depage.asp;.jpg HTTP/1.0" 404 564 "http://www.114huoche.com/config/AspCms_Config.asp" "Mozilla/4.0 (compatible; MSIE 9.0; Windows NT 6.1)"
23.245.54.218 - - [06/Sep/2018:00:08:39 +0800] "POST /co/m3.indexlx.asp HTTP/1.0" 405 24993 "http://www.114huoche.com/config/AspCms_Config.asp" "Mozilla/4.0 (compatible; MSIE 9.0; Windows NT 6.1)"
107.183.158.127 - - [06/Sep/2018:00:08:40 +0800] "GET /shanghai/WanYuanLu-QiShenLu/ HTTP/1.0" 200 77969 "-" "Sogou web spider/4.0(+http://www.sogou.com/docs/help/webmasters.htm#07)"
23.245.54.218 - - [06/Sep/2018:00:08:45 +0800] "POST /co/mad/coon.asp HTTP/1.0" 405 24993 "http://www.114huoche.com/config/AspCms_Config.asp" "Mozilla/4.0 (compatible; MSIE 9.0; Windows NT 6.1)"
23.245.54.218 - - [06/Sep/2018:00:08:47 +0800] "POST /co/mdiy.asp HTTP/1.0" 405 24993 "http://www.114huoche.com/config/AspCms_Config.asp" "Mozilla/4.0 (compatible; MSIE 9.0; Windows NT 6.1)"
23.245.54.218 - - [06/Sep/2018:00:08:55 +0800] "POST /co/ncnn.asp HTTP/1.0" 405 24993 "http://www.114huoche.com/config/AspCms_Config.asp" "Mozilla/4.0 (compatible; MSIE 9.0; Windows NT 6.1)"
23.245.54.218 - - [06/Sep/2018:00:08:59 +0800] "POST /co/ncon.asp HTTP/1.0" 405 24993 "http://www.114huoche.com/config/AspCms_Config.asp" "Mozilla/4.0 (compatible; MSIE 9.0; Windows NT 6.1)"
23.245.54.218 - - [06/Sep/2018:00:09:00 +0800] "POST /co/nfig/AspCms_Config.asp HTTP/1.0" 405 24993 "http://www.yuzhuwood.com/plugins/weathermap/configs/test404.php" "Mozilla/5.0 (compatible; Baiduspider/2.0; +http://www.baidu.com/search/spider.html\xA3\xA9"
23.245.54.218 - - [06/Sep/2018:00:09:00 +0800] "POST /co/nfig/AspCms_Config.asp HTTP/1.0" 405 24993 "http://www.yuzhuwood.com/plugins/weathermap/configs/test404.php" "Mozilla/5.0 (compatible; Baiduspider/2.0; +http://www.baidu.com/search/spider.html\xA3\xA9"
23.245.54.218 - - [06/Sep/2018:00:09:03 +0800] "POST /co/ndiy.asp HTTP/1.0" 405 24993 "http://www.114huoche.com/config/AspCms_Config.asp" "Mozilla/4.0 (compatible; MSIE 9.0; Windows NT 6.1)"
107.183.158.127 - - [06/Sep/2018:00:09:05 +0800] "GET /shanghai/JiWang-LouShanGuanLu/ HTTP/1.0" 200 77580 "-" "Mozilla/5.0 (compatible; SemrushBot/2~bl; +http://www.semrush.com/bot.html)"
107.183.158.127 - - [06/Sep/2018:00:09:08 +0800] "GET /shanghai/PuDongGuoJiJiChang-LanGaoLu/ HTTP/1.0" 200 77874 "-" "Sogou web spider/4.0(+http://www.sogou.com/docs/help/webmasters.htm#07)"
23.245.54.218 - - [06/Sep/2018:00:09:10 +0800] "POST /co/ndiy.asp HTTP/1.0" 405 24993 "http://www.114huoche.com/config/AspCms_Config.asp" "Mozilla/4.0 (compatible; MSIE 9.0; Windows NT 6.1)"
107.183.158.127 - - [06/Sep/2018:00:09:10 +0800] "GET /shanghai/ShangHaiTuShuGuan-SiJing/ HTTP/1.0" 200 77848 "-" "Sogou web spider/4.0(+http://www.sogou.com/docs/help/webmasters.htm#07)"
23.245.54.218 - - [06/Sep/2018:00:09:14 +0800] "POST /co/nf1g.asp;.jpg HTTP/1.0" 404 564 "http://www.114huoche.com/config/AspCms_Config.asp" "Mozilla/4.0 (compatible; MSIE 9.0; Windows NT 6.1)"
23.245.54.218 - - [06/Sep/2018:00:09:15 +0800] "POST /co/nfig.asp HTTP/1.0" 405 24993 "http://www.114huoche.com/config/AspCms_Config.asp" "Mozilla/4.0 (compatible; MSIE 9.0; Windows NT 6.1)"
23.245.54.218 - - [06/Sep/2018:00:09:21 +0800] "POST /co/nfig/AspCms_Config.asp,ysh HTTP/1.0" 405 24993 "http://www.114huoche.com/config/AspCms_Config.asp" "Mozilla/4.0 (compatible; MSIE 9.0; Windows NT 6.1)"
23.245.54.218 - - [06/Sep/2018:00:09:24 +0800] "POST /co/nfig/AspCms_Config.asp HTTP/1.0" 405 24993 "http://www.114huoche.com/config/AspCms_Config.asp" "Mozilla/4.0 (compatible; MSIE 9.0; Windows NT 6.1)"
23.245.54.218 - - [06/Sep/2018:00:09:27 +0800] "POST /co/nfig/AspCms_Config.asp HTTP/1.0" 405 24993 "http://www.114huoche.com/config/AspCms_Config.asp" "Mozilla/4.0 (compatible; MSIE 9.0; Windows NT 6.1)"
23.245.54.218 - - [06/Sep/2018:00:09:31 +0800] "POST /co/nfig/AspCms_Config.asp HTTP/1.0" 405 24993 "http://www.114huoche.com/config/AspCms_Config.asp" "Mozilla/4.0 (compatible; MSIE 9.0; Windows NT 6.1)"
23.245.54.218 - - [06/Sep/2018:00:09:34 +0800] "POST /co/nfiga.asp HTTP/1.0" 405 24993 "http://www.114huoche.com/config/AspCms_Config.asp" "Mozilla/4.0 (compatible; MSIE 9.0; Windows NT 6.1)"
23.245.54.218 - - [06/Sep/2018:00:09:41 +0800] "POST /co/nn.asp?id=520 HTTP/1.0" 405 24993 "http://www.114huoche.com/config/AspCms_Config.asp" "Mozilla/4.0 (compatible; MSIE 9.0; Windows NT 6.1)"
107.183.158.127 - - [06/Sep/2018:00:09:47 +0800] "GET /shijiazhuang/YiYouBaiHuo-WuXingHuaYuan/ HTTP/1.0" 200 78773 "-" "Sogou web spider/4.0(+http://www.sogou.com/docs/help/webmasters.htm#07)"
107.183.158.127 - - [06/Sep/2018:00:09:50 +0800] "GET /shenzhen/XiXiangGongYuan-MeiJing/ HTTP/1.0" 200 77987 "-" "Mozilla/5.0 (compatible; SemrushBot/2~bl; +http://www.semrush.com/bot.html)"
23.245.54.218 - - [06/Sep/2018:00:09:52 +0800] "POST /co/on.asp HTTP/1.0" 405 24993 "http://www.114huoche.com/config/AspCms_Config.asp" "Mozilla/4.0 (compatible; MSIE 9.0; Windows NT 6.1)"
23.245.54.218 - - [06/Sep/2018:00:10:03 +0800] "POST /co/rt/cc/wo.asp HTTP/1.0" 404 24969 "http://www.114huoche.com/config/AspCms_Config.asp" "Mozilla/4.0 (compatible; MSIE 9.0; Windows NT 6.1)"
107.183.158.127 - - [06/Sep/2018:00:10:10 +0800] "GET /shanghai/XiangYinLu-HuangYangLu/ HTTP/1.0" 200 78194 "-" "Sogou web spider/4.0(+http://www.sogou.com/docs/help/webmasters.htm#07)"
107.183.158.127 - - [06/Sep/2018:00:10:16 +0800] "GET /shanghai/z_GuangMingLu/ HTTP/1.0" 500 45346 "-" "Sogou web spider/4.0(+http://www.sogou.com/docs/help/webmasters.htm#07)"
107.183.158.127 - - [06/Sep/2018:00:10:17 +0800] "GET /shenzhen/LongYuanLu-CheGongMiao/ HTTP/1.0" 200 77840 "-" "Sogou web spider/4.0(+http://www.sogou.com/docs/help/webmasters.htm#07)"
23.245.54.218 - - [06/Sep/2018:00:10:27 +0800] "GET /co/py233.alexareport.cn/%0A HTTP/1.0" 200 78064 "-" "Mozilla/5.0 (Macintosh; Intel Mac OS X 10_13_6) AppleWebKit/537.36 (KHTML, like Gecko) Chrome/68.0.3440.106 Safari/537.36"
23.245.54.218 - - [06/Sep/2018:00:10:29 +0800] "GET /co/ad134.alexareport.cn/%0A HTTP/1.0" 200 78350 "-" "Mozilla/5.0 (Macintosh; Intel Mac OS X 10_13_6) AppleWebKit/537.36 (KHTML, like Gecko) Chrome/68.0.3440.106 Safari/537.36"
107.183.158.127 - - [06/Sep/2018:00:10:47 +0800] "GET /shenzhen/QiaoChengBei-BaoTian/ HTTP/1.0" 200 78399 "-" "Sogou web spider/4.0(+http://www.sogou.com/docs/help/webmasters.htm#07)"
23.245.54.218 - - [06/Sep/2018:00:10:51 +0800] "GET /co/py/975195.html HTTP/1.0" 200 78266 "-" "Mozilla/5.0 (Linux; Android 6.0; Nexus 5 Build/MRA58N) AppleWebKit/537.36 (KHTML, like Gecko) Chrome/65.0.3325.181 Mobile Safari/537.36"
23.245.54.218 - - [06/Sep/2018:00:11:02 +0800] "GET /co/nn114 HTTP/1.0" 200 77997 "-" "Mozilla/5.0 (compatible; Baiduspider/2.0; +http://www.baidu.com/search/spider.html)"
107.183.158.127 - - [06/Sep/2018:00:11:05 +0800] "GET /shenzhen/ShenZhenDong-DaFen/ HTTP/1.0" 200 78182 "-" "Sogou web spider/4.0(+http://www.sogou.com/docs/help/webmasters.htm#07)"
107.183.158.127 - - [06/Sep/2018:00:11:14 +0800] "GET /shenzhen/LiYuMen-HuBei/ HTTP/1.0" 200 78111 "-" "Mozilla/5.0 (compatible; SemrushBot/2~bl; +http://www.semrush.com/bot.html)"
107.183.158.127 - - [06/Sep/2018:00:11:21 +0800] "GET /shenzhen/GuangMing-RenMinNan/ HTTP/1.0" 200 78637 "-" "Sogou web spider/4.0(+http://www.sogou.com/docs/help/webmasters.htm#07)"
23.245.54.218 - - [06/Sep/2018:00:11:30 +0800] "GET /co/py233 HTTP/1.0" 200 78901 "-" "Mozilla/5.0 (Windows NT 6.2; WOW64) AppleWebKit/537.36 (KHTML, like Gecko) Chrome/35.0.1916.153 Safari/537.36"
23.245.54.218 - - [06/Sep/2018:00:11:35 +0800] "GET /co/scaxu/ HTTP/1.0" 200 78073 "-" "Mozilla/5.0 (compatible; DotBot/1.1; http://www.opensiteexplorer.org/dotbot, help@moz.com)"
107.183.158.127 - - [06/Sep/2018:00:11:40 +0800] "GET /shanghai/FuJinLu-HuangBeiNanLu/ HTTP/1.0" 200 77873 "-" "Sogou web spider/4.0(+http://www.sogou.com/docs/help/webmasters.htm#07)"
107.183.158.127 - - [06/Sep/2018:00:11:43 +0800] "GET /shanghai/WuLianLu-HongQiao1HaoHangZhanLou/ HTTP/1.0" 200 78948 "-" "Sogou web spider/4.0(+http://www.sogou.com/docs/help/webmasters.htm#07)"
23.245.54.218 - - [06/Sep/2018:00:11:46 +0800] "GET /co/nn114 HTTP/1.0" 200 77997 "-" "Mozilla/5.0 (Macintosh; Intel Mac OS X 10_13_6) AppleWebKit/537.36 (KHTML, like Gecko) Chrome/68.0.3440.106 Safari/537.36"
23.245.54.218 - - [06/Sep/2018:00:11:49 +0800] "GET /co/ad133.alexareport.cn/%0A HTTP/1.0" 200 78138 "-" "Mozilla/5.0 (Macintosh; Intel Mac OS X 10_13_6) AppleWebKit/537.36 (KHTML, like Gecko) Chrome/68.0.3440.106 Safari/537.36"
23.245.54.218 - - [06/Sep/2018:00:11:54 +0800] "GET /co/ad134 HTTP/1.0" 200 78072 "-" "Mozilla/5.0 (Windows NT 6.2; WOW64) AppleWebKit/537.36 (KHTML, like Gecko) Chrome/35.0.1916.153 Safari/537.36"
107.183.158.127 - - [06/Sep/2018:00:12:03 +0800] "GET /shanghai/MingZhongLu-DongPingSenLinGongYuan/ HTTP/1.0" 200 78356 "-" "Sogou web spider/4.0(+http://www.sogou.com/docs/help/webmasters.htm#07)"
23.245.54.218 - - [06/Sep/2018:00:12:04 +0800] "GET /co/py232.alexareport.cn/%0A HTTP/1.0" 200 77942 "-" "Mozilla/5.0 (Macintosh; Intel Mac OS X 10_13_6) AppleWebKit/537.36 (KHTML, like Gecko) Chrome/68.0.3440.106 Safari/537.36"
107.183.158.127 - - [06/Sep/2018:00:12:09 +0800] "GET /shenzhen/QingHu-XiaShiWei/ HTTP/1.0" 200 77870 "-" "Sogou web spider/4.0(+http://www.sogou.com/docs/help/webmasters.htm#07)"
23.245.54.218 - - [06/Sep/2018:00:12:11 +0800] "GET /co/igeba/ HTTP/1.0" 200 77906 "-" "Mozilla/5.0 (compatible; DotBot/1.1; http://www.opensiteexplorer.org/dotbot, help@moz.com)"
23.245.54.218 - - [06/Sep/2018:00:12:32 +0800] "GET /co/nn114 HTTP/1.0" 200 77997 "-" "Mozilla/5.0 (compatible; Baiduspider/2.0; +http://www.baidu.com/search/spider.html)"
107.183.158.127 - - [06/Sep/2018:00:12:34 +0800] "GET /shanghai/QiHuaLu-GongKangLu/ HTTP/1.0" 200 78117 "-" "Sogou web spider/4.0(+http://www.sogou.com/docs/help/webmasters.htm#07)"
23.245.54.218 - - [06/Sep/2018:00:12:46 +0800] "GET /co/ao5n/ HTTP/1.0" 200 78379 "-" "Mozilla/5.0 (compatible; DotBot/1.1; http://www.opensiteexplorer.org/dotbot, help@moz.com)"
107.183.158.127 - - [06/Sep/2018:00:12:49 +0800] "GET /shenzhen/BaoAnZhongXue-FuTian/ HTTP/1.0" 200 77320 "-" "Sogou web spider/4.0(+http://www.sogou.com/docs/help/webmasters.htm#07)"
107.183.158.127 - - [06/Sep/2018:00:13:06 +0800] "GET /shanghai/HongFengLu-LingYanNanLu/ HTTP/1.0" 200 77672 "-" "Sogou web spider/4.0(+http://www.sogou.com/docs/help/webmasters.htm#07)"
107.183.158.127 - - [06/Sep/2018:00:13:17 +0800] "GET /shenzhen/MeiLinGuan-LongJing/ HTTP/1.0" 200 78461 "-" "Mozilla/5.0 (compatible; SemrushBot/2~bl; +http://www.semrush.com/bot.html)"
23.245.54.218 - - [06/Sep/2018:00:13:25 +0800] "GET /co/nn114 HTTP/1.0" 200 77997 "-" "Mozilla/5.0 (Macintosh; Intel Mac OS X 10_13_6) AppleWebKit/537.36 (KHTML, like Gecko) Chrome/68.0.3440.106 Safari/537.36"
107.183.158.127 - - [06/Sep/2018:00:13:25 +0800] "GET /shanghai/ChuanQiaoLu-DaShiJie/ HTTP/1.0" 200 77924 "-" "Sogou web spider/4.0(+http://www.sogou.com/docs/help/webmasters.htm#07)"
107.183.158.127 - - [06/Sep/2018:00:13:43 +0800] "GET /shanghai/JiuTing-YunTaiLu/ HTTP/1.0" 500 45397 "-" "Sogou web spider/4.0(+http://www.sogou.com/docs/help/webmasters.htm#07)"
107.183.158.127 - - [06/Sep/2018:00:13:43 +0800] "GET /shanghai/LanTianLu-DongFangLvZhou/ HTTP/1.0" 200 78565 "-" "Sogou web spider/4.0(+http://www.sogou.com/docs/help/webmasters.htm#07)"
107.183.158.127 - - [06/Sep/2018:00:13:50 +0800] "GET /shenzhen/LongXiangDaDao-ZhongWu/ HTTP/1.0" 200 78305 "-" "Sogou web spider/4.0(+http://www.sogou.com/docs/help/webmasters.htm#07)"
107.183.158.127 - - [06/Sep/2018:00:14:06 +0800] "GET /shanghai/DePingLu-ZhuanXingDongLu/ HTTP/1.0" 200 78761 "-" "Sogou web spider/4.0(+http://www.sogou.com/docs/help/webmasters.htm#07)"
107.183.158.127 - - [06/Sep/2018:00:14:09 +0800] "GET /shanghai/KangXinGongLu-LongYangLu/ HTTP/1.0" 200 78699 "-" "Sogou web spider/4.0(+http://www.sogou.com/docs/help/webmasters.htm#07)"
107.183.158.127 - - [06/Sep/2018:00:14:21 +0800] "GET /shanghai/ZiTengLu-CaoLu/ HTTP/1.0" 200 77710 "-" "Sogou web spider/4.0(+http://www.sogou.com/docs/help/webmasters.htm#07)"
107.183.158.127 - - [06/Sep/2018:00:14:39 +0800] "GET /shenzhen/ShiJiaoTou-ChuangYeLu/ HTTP/1.0" 200 78526 "-" "Mozilla/5.0 (compatible; SemrushBot/2~bl; +http://www.semrush.com/bot.html)"
23.245.54.218 - - [06/Sep/2018:00:14:55 +0800] "GET /co/LUn3xly/data/attachment/forum/201304/26/155512lyjzoyzzmfnnpyoo.jpg.thumb.jpg HTTP/1.0" 404 564 "http://www.114huoche.com/coLUn3xly/qdd4r.html" "Mozilla/5.0 (Windows NT 5.1) AppleWebKit/534.30 (KHTML, like Gecko) Chrome/12.0.742.122 Safari/534.30"
23.245.54.218 - - [06/Sep/2018:00:14:55 +0800] "GET /co/LUn3xly/data/attachment/forum/201304/26/155512lyjzoyzzmfnnpyoo.jpg.thumb.jpg HTTP/1.0" 404 564 "http://www.114huoche.com/coLUn3xly/qdd4r.html" "Mozilla/5.0 (Windows NT 5.1) AppleWebKit/534.30 (KHTML, like Gecko) Chrome/12.0.742.122 Safari/534.30"
23.245.54.218 - - [06/Sep/2018:00:14:55 +0800] "GET /co/LUn3xly/data/attachment/forum/201304/26/155512lyjzoyzzmfnnpyoo.jpg.thumb.jpg HTTP/1.0" 404 564 "http://www.114huoche.com/coLUn3xly/qdd4r.html" "Mozilla/5.0 (Windows NT 5.1) AppleWebKit/534.30 (KHTML, like Gecko) Chrome/12.0.742.122 Safari/534.30"
23.245.54.218 - - [06/Sep/2018:00:14:55 +0800] "GET /co/LUn3xly/data/attachment/forum/201304/26/155512lyjzoyzzmfnnpyoo.jpg.thumb.jpg HTTP/1.0" 404 564 "http://www.114huoche.com/coLUn3xly/qdd4r.html" "Mozilla/5.0 (Windows NT 5.1) AppleWebKit/534.30 (KHTML, like Gecko) Chrome/12.0.742.122 Safari/534.30"
23.245.54.218 - - [06/Sep/2018:00:14:55 +0800] "GET /co/LUn3xly/data/attachment/forum/201304/26/155512lyjzoyzzmfnnpyoo.jpg.thumb.jpg HTTP/1.0" 404 564 "http://www.114huoche.com/coLUn3xly/qdd4r.html" "Mozilla/5.0 (Windows NT 5.1) AppleWebKit/534.30 (KHTML, like Gecko) Chrome/12.0.742.122 Safari/534.30"
107.183.158.127 - - [06/Sep/2018:00:15:15 +0800] "GET /shanghai/ZhouHaiLu-SanMenLu/ HTTP/1.0" 200 77596 "-" "Sogou web spider/4.0(+http://www.sogou.com/docs/help/webmasters.htm#07)"
107.183.158.127 - - [06/Sep/2018:00:15:30 +0800] "GET /shanghai/LongXiLu-JiangQiao/ HTTP/1.0" 200 78262 "-" "Sogou web spider/4.0(+http://www.sogou.com/docs/help/webmasters.htm#07)"
23.245.54.218 - - [06/Sep/2018:00:15:36 +0800] "GET /co/nn115.alexareport.cn/%0A HTTP/1.0" 200 77619 "-" "Mozilla/5.0 (Macintosh; Intel Mac OS X 10_13_6) AppleWebKit/537.36 (KHTML, like Gecko) Chrome/68.0.3440.106 Safari/537.36"
107.183.158.127 - - [06/Sep/2018:00:15:44 +0800] "GET /shanghai/ShangNanLu-BoXingLu/ HTTP/1.0" 200 78089 "-" "Mozilla/5.0 (compatible; SemrushBot/2~bl; +http://www.semrush.com/bot.html)"
107.183.158.127 - - [06/Sep/2018:00:15:48 +0800] "GET /shanghai/GongQingSenLinGongYuan-GongFuXinCun/ HTTP/1.0" 200 78303 "-" "Mozilla/5.0 (compatible; SemrushBot/2~bl; +http://www.semrush.com/bot.html)"
107.183.158.127 - - [06/Sep/2018:00:15:52 +0800] "GET /shijiazhuang/LuQuanYiYuan-HouJiaZhuang/ HTTP/1.0" 200 78209 "-" "Sogou web spider/4.0(+http://www.sogou.com/docs/help/webmasters.htm#07)"
23.245.54.218 - - [06/Sep/2018:00:15:54 +0800] "GET /co/py233 HTTP/1.0" 200 78892 "-" "Mozilla/5.0 (compatible; Baiduspider/2.0; +http://www.baidu.com/search/spider.html)"
23.245.54.218 - - [06/Sep/2018:00:16:01 +0800] "GET /co/ad133 HTTP/1.0" 200 78308 "-" "Mozilla/5.0 (compatible; Baiduspider/2.0; +http://www.baidu.com/search/spider.html)"
23.245.54.218 - - [06/Sep/2018:00:16:02 +0800] "GET /co/py233 HTTP/1.0" 200 78892 "-" "Mozilla/5.0 (compatible; Baiduspider/2.0; +http://www.baidu.com/search/spider.html)"
23.245.54.218 - - [06/Sep/2018:00:16:03 +0800] "GET /co/py232 HTTP/1.0" 200 77230 "-" "Mozilla/5.0 (compatible; Baiduspider/2.0; +http://www.baidu.com/search/spider.html)"
23.245.54.218 - - [06/Sep/2018:00:16:04 +0800] "GET /co/ad134 HTTP/1.0" 200 78063 "-" "Mozilla/5.0 (compatible; Baiduspider/2.0; +http://www.baidu.com/search/spider.html)"
107.183.158.127 - - [06/Sep/2018:00:16:04 +0800] "GET /shanghai/MeiLanHu-ZhongNingLu/ HTTP/1.0" 200 77981 "-" "Mozilla/5.0 (compatible; SemrushBot/2~bl; +http://www.semrush.com/bot.html)"
23.245.54.218 - - [06/Sep/2018:00:16:10 +0800] "GET /co/ad134 HTTP/1.0" 200 78063 "-" "Mozilla/5.0 (compatible; Baiduspider/2.0; +http://www.baidu.com/search/spider.html)"
107.183.158.127 - - [06/Sep/2018:00:16:34 +0800] "GET /shanghai/XuYingLu-MaDangLu/ HTTP/1.0" 200 78173 "-" "Sogou web spider/4.0(+http://www.sogou.com/docs/help/webmasters.htm#07)"
23.245.54.218 - - [06/Sep/2018:00:16:36 +0800] "GET /co/py233 HTTP/1.0" 200 78892 "-" "Mozilla/5.0 (Macintosh; Intel Mac OS X 10_13_6) AppleWebKit/537.36 (KHTML, like Gecko) Chrome/68.0.3440.106 Safari/537.36"
23.245.54.218 - - [06/Sep/2018:00:16:53 +0800] "GET /co/ad134 HTTP/1.0" 200 78063 "-" "Mozilla/5.0 (Macintosh; Intel Mac OS X 10_13_6) AppleWebKit/537.36 (KHTML, like Gecko) Chrome/68.0.3440.106 Safari/537.36"
23.245.54.218 - - [06/Sep/2018:00:16:56 +0800] "GET /co/WStkm0r/ HTTP/1.0" 200 75637 "-" "Mozilla/5.0 (compatible; DotBot/1.1; http://www.opensiteexplorer.org/dotbot, help@moz.com)"
23.245.54.218 - - [06/Sep/2018:00:16:57 +0800] "GET /co/nn115 HTTP/1.0" 200 78734 "-" "Mozilla/5.0 (Windows NT 6.2; WOW64) AppleWebKit/537.36 (KHTML, like Gecko) Chrome/35.0.1916.153 Safari/537.36"
107.183.158.127 - - [06/Sep/2018:00:16:57 +0800] "GET /shanghai/RenMinGuangChang-HuaNingLu/ HTTP/1.0" 200 78465 "-" "Sogou web spider/4.0(+http://www.sogou.com/docs/help/webmasters.htm#07)"
23.245.54.218 - - [06/Sep/2018:00:17:00 +0800] "GET /co/WSuehd/ HTTP/1.0" 200 76243 "-" "Mozilla/5.0 (compatible; DotBot/1.1; http://www.opensiteexplorer.org/dotbot, help@moz.com)"
23.245.54.218 - - [06/Sep/2018:00:17:02 +0800] "GET /co/nn115.alexareport.cn/%0A HTTP/1.0" 200 77619 "-" "Mozilla/5.0 (Macintosh; Intel Mac OS X 10_13_6) AppleWebKit/537.36 (KHTML, like Gecko) Chrome/68.0.3440.106 Safari/537.36"
107.183.158.127 - - [06/Sep/2018:00:17:09 +0800] "GET /shenzhen/ShiMinZhongXin-DongGuaLing/ HTTP/1.0" 200 77890 "-" "Mozilla/5.0 (compatible; SemrushBot/2~bl; +http://www.semrush.com/bot.html)"
23.245.54.218 - - [06/Sep/2018:00:17:23 +0800] "GET /co/ad133 HTTP/1.0" 200 78308 "-" "Mozilla/5.0 (compatible; Baiduspider/2.0; +http://www.baidu.com/search/spider.html)"
107.183.158.127 - - [06/Sep/2018:00:17:29 +0800] "GET /shanghai/SiJing-HongQiaoLu/ HTTP/1.0" 200 77980 "-" "Mozilla/5.0 (compatible; SemrushBot/2~bl; +http://www.semrush.com/bot.html)"
107.183.158.127 - - [06/Sep/2018:00:17:31 +0800] "GET /shenzhen/LongDongCun-ChangLong/ HTTP/1.0" 200 77699 "-" "Mozilla/5.0 (compatible; SemrushBot/2~bl; +http://www.semrush.com/bot.html)"
23.245.54.218 - - [06/Sep/2018:00:17:33 +0800] "GET /co/GGz8N/data/attachment/forum/201304/19/232126ifcc7izckkc87kc8.jpg.thumb.jpg HTTP/1.0" 404 564 "http://www.114huoche.com/coGGz8N/144778.html" "Mozilla/5.0 (Windows NT 5.1) AppleWebKit/534.30 (KHTML, like Gecko) Chrome/12.0.742.122 Safari/534.30"
23.245.54.218 - - [06/Sep/2018:00:17:34 +0800] "GET /co/GGz8N/data/attachment/forum/201304/19/232126ifcc7izckkc87kc8.jpg.thumb.jpg HTTP/1.0" 404 564 "http://www.114huoche.com/coGGz8N/144778.html" "Mozilla/5.0 (Windows NT 5.1) AppleWebKit/534.30 (KHTML, like Gecko) Chrome/12.0.742.122 Safari/534.30"
107.183.158.127 - - [06/Sep/2018:00:17:35 +0800] "GET /shenzhen/NanShanShuCheng-HongShan/ HTTP/1.0" 200 77476 "-" "Mozilla/5.0 (compatible; SemrushBot/2~bl; +http://www.semrush.com/bot.html)"
23.245.54.218 - - [06/Sep/2018:00:17:54 +0800] "GET /co/WS9jgod/ HTTP/1.0" 200 75901 "-" "Mozilla/5.0 (compatible; DotBot/1.1; http://www.opensiteexplorer.org/dotbot, help@moz.com)"
23.245.54.218 - - [06/Sep/2018:00:17:55 +0800] "GET /co/WSo56/ HTTP/1.0" 200 75842 "-" "Mozilla/5.0 (compatible; DotBot/1.1; http://www.opensiteexplorer.org/dotbot, help@moz.com)"
107.183.158.127 - - [06/Sep/2018:00:17:59 +0800] "GET /shenzhen/XiaWei-XiaLiLang/ HTTP/1.0" 200 77916 "-" "Sogou web spider/4.0(+http://www.sogou.com/docs/help/webmasters.htm#07)"
107.183.158.127 - - [06/Sep/2018:00:18:15 +0800] "GET /shanghai/XinTianDi-ShenMeiLu/ HTTP/1.0" 200 77556 "-" "Mozilla/5.0 (compatible; SemrushBot/2~bl; +http://www.semrush.com/bot.html)"
23.245.54.218 - - [06/Sep/2018:00:18:18 +0800] "GET /co/py232 HTTP/1.0" 200 77230 "-" "Mozilla/5.0 (compatible; Baiduspider/2.0; +http://www.baidu.com/search/spider.html)"
107.183.158.127 - - [06/Sep/2018:00:18:19 +0800] "GET /shanghai/JiaShanLu-SiChuanBeiLu/ HTTP/1.0" 200 78171 "-" "Sogou web spider/4.0(+http://www.sogou.com/docs/help/webmasters.htm#07)"
23.245.54.218 - - [06/Sep/2018:00:18:20 +0800] "GET /co/ad133 HTTP/1.0" 200 78308 "-" "Mozilla/5.0 (Macintosh; Intel Mac OS X 10_13_6) AppleWebKit/537.36 (KHTML, like Gecko) Chrome/68.0.3440.106 Safari/537.36"
107.183.158.127 - - [06/Sep/2018:00:18:25 +0800] "GET /shenzhen/CheGongMiao-GongMingXi/ HTTP/1.0" 200 78375 "-" "Sogou web spider/4.0(+http://www.sogou.com/docs/help/webmasters.htm#07)"
23.245.54.218 - - [06/Sep/2018:00:18:48 +0800] "GET /co/LUn3xly/data/attachment/forum/201304/26/155512lyjzoyzzmfnnpyoo.jpg.thumb.jpg HTTP/1.0" 404 564 "http://www.114huoche.com/coLUn3xly/qdd4r.html" "Mozilla/5.0 (Windows NT 5.1) AppleWebKit/534.30 (KHTML, like Gecko) Chrome/12.0.742.122 Safari/534.30"
107.183.158.127 - - [06/Sep/2018:00:18:49 +0800] "GET /shenzhen/LongJing-XiaCun/ HTTP/1.0" 200 78401 "-" "Sogou web spider/4.0(+http://www.sogou.com/docs/help/webmasters.htm#07)"
23.245.54.218 - - [06/Sep/2018:00:18:50 +0800] "GET /co/WSe2vdd/ HTTP/1.0" 200 76272 "-" "Mozilla/5.0 (compatible; DotBot/1.1; http://www.opensiteexplorer.org/dotbot, help@moz.com)"
23.245.54.218 - - [06/Sep/2018:00:18:52 +0800] "GET /co/WSs45/ HTTP/1.0" 200 76228 "-" "Mozilla/5.0 (compatible; DotBot/1.1; http://www.opensiteexplorer.org/dotbot, help@moz.com)"
107.183.158.127 - - [06/Sep/2018:00:19:02 +0800] "GET /shenzhen/GaoXinNan-HuaXin/ HTTP/1.0" 200 77565 "-" "Sogou web spider/4.0(+http://www.sogou.com/docs/help/webmasters.htm#07)"
23.245.54.218 - - [06/Sep/2018:00:19:02 +0800] "GET /co/py232 HTTP/1.0" 200 77230 "-" "Mozilla/5.0 (Macintosh; Intel Mac OS X 10_13_6) AppleWebKit/537.36 (KHTML, like Gecko) Chrome/68.0.3440.106 Safari/537.36"
107.183.158.127 - - [06/Sep/2018:00:19:05 +0800] "GET /shenzhen/ShaiBu-DongZong/ HTTP/1.0" 200 78659 "-" "Sogou web spider/4.0(+http://www.sogou.com/docs/help/webmasters.htm#07)"
23.245.54.218 - - [06/Sep/2018:00:19:14 +0800] "POST /co/nfig/AspCms_Config.asp HTTP/1.0" 405 24993 "http://www.114huoche.com/Images\x5Cxiaoma.asp" "Mozilla/4.0 (compatible; MSIE 9.0; Windows NT 6.1)"
107.183.158.127 - - [06/Sep/2018:00:19:15 +0800] "GET /shanghai/HuXingLu-SongJiangNanZhan/ HTTP/1.0" 200 77838 "-" "Sogou web spider/4.0(+http://www.sogou.com/docs/help/webmasters.htm#07)"
23.245.54.218 - - [06/Sep/2018:00:19:17 +0800] "POST /co/nfig/AspCms_Config.asp HTTP/1.0" 405 24993 "http://www.114huoche.com/Images\x5Cxiaoma.asp" "Mozilla/4.0 (compatible; MSIE 9.0; Windows NT 6.1)"
107.183.158.127 - - [06/Sep/2018:00:19:19 +0800] "GET /shanghai/GangChengLu-WuNingLu/ HTTP/1.0" 200 77159 "-" "Sogou web spider/4.0(+http://www.sogou.com/docs/help/webmasters.htm#07)"
23.245.54.218 - - [06/Sep/2018:00:19:25 +0800] "POST /co/nn1.asp HTTP/1.0" 405 24993 "http://www.114huoche.com/Images\x5Cxiaoma.asp" "Mozilla/4.0 (compatible; MSIE 9.0; Windows NT 6.1)"
107.183.158.127 - - [06/Sep/2018:00:19:26 +0800] "GET /shanghai/ HTTP/1.0" 200 78274 "-" "Mozilla/5.0 (Windows NT 6.1; WOW64; rv:55.0) Gecko/20100101 Firefox/55.0"
23.245.54.218 - - [06/Sep/2018:00:19:30 +0800] "POST /co/ncon.asp HTTP/1.0" 405 24993 "http://www.114huoche.com/Images\x5Cxiaoma.asp" "Mozilla/4.0 (compatible; MSIE 9.0; Windows NT 6.1)"
107.183.158.127 - - [06/Sep/2018:00:19:37 +0800] "GET /shanghai/MiaoJingLu-TongJiDaXue/ HTTP/1.0" 200 79096 "-" "Sogou web spider/4.0(+http://www.sogou.com/docs/help/webmasters.htm#07)"
23.245.54.218 - - [06/Sep/2018:00:19:48 +0800] "POST /co/nfig/AspCms_Config.asp HTTP/1.0" 405 24993 "http://www.114huoche.com//config/AspCms_Config.asp" "Mozilla/4.0 (compatible; MSIE 9.0; Windows NT 6.1)"
23.245.54.218 - - [06/Sep/2018:00:19:53 +0800] "GET /co/WSzei/ HTTP/1.0" 200 75779 "-" "Mozilla/5.0 (compatible; DotBot/1.1; http://www.opensiteexplorer.org/dotbot, help@moz.com)"
107.183.158.127 - - [06/Sep/2018:00:19:55 +0800] "GET /shenzhen/XiBuGongYeCheng-GangXiaBei/ HTTP/1.0" 200 77535 "-" "Sogou web spider/4.0(+http://www.sogou.com/docs/help/webmasters.htm#07)"
107.183.158.127 - - [06/Sep/2018:00:20:00 +0800] "GET /shenzhen/JingTian-BiTou/ HTTP/1.0" 200 77642 "-" "Sogou web spider/4.0(+http://www.sogou.com/docs/help/webmasters.htm#07)"
23.245.54.218 - - [06/Sep/2018:00:20:39 +0800] "GET /co/py234.alexareport.cn/%0A HTTP/1.0" 200 78311 "-" "Mozilla/5.0 (Macintosh; Intel Mac OS X 10_13_6) AppleWebKit/537.36 (KHTML, like Gecko) Chrome/68.0.3440.106 Safari/537.36"
23.245.54.218 - - [06/Sep/2018:00:20:40 +0800] "GET /co/nn115 HTTP/1.0" 200 78734 "-" "Mozilla/5.0 (compatible; Baiduspider/2.0; +http://www.baidu.com/search/spider.html)"
23.245.54.218 - - [06/Sep/2018:00:20:47 +0800] "GET /co/ad135.alexareport.cn/%0A HTTP/1.0" 200 77329 "-" "Mozilla/5.0 (Macintosh; Intel Mac OS X 10_13_6) AppleWebKit/537.36 (KHTML, like Gecko) Chrome/68.0.3440.106 Safari/537.36"
107.183.158.127 - - [06/Sep/2018:00:20:59 +0800] "GET /shanghai/JuYeLu-HuMinLu/ HTTP/1.0" 500 45317 "-" "Sogou web spider/4.0(+http://www.sogou.com/docs/help/webmasters.htm#07)"
107.183.158.127 - - [06/Sep/2018:00:21:00 +0800] "GET /shenzhen/BaoAnBeiLu-DaYun/ HTTP/1.0" 500 45397 "-" "Sogou web spider/4.0(+http://www.sogou.com/docs/help/webmasters.htm#07)"
107.183.158.127 - - [06/Sep/2018:00:21:02 +0800] "GET /shanghai/QinZhouNanLu-DongMingLu/ HTTP/1.0" 200 78227 "-" "Sogou web spider/4.0(+http://www.sogou.com/docs/help/webmasters.htm#07)"
107.183.158.127 - - [06/Sep/2018:00:21:08 +0800] "GET /shanghai/ZhongChunLu-HuaXiaDongLu/ HTTP/1.0" 200 78437 "-" "Sogou web spider/4.0(+http://www.sogou.com/docs/help/webmasters.htm#07)"
107.183.158.127 - - [06/Sep/2018:00:21:41 +0800] "GET /shenzhen/XinQiaoGongYeQu-BanTian/ HTTP/1.0" 200 78853 "-" "Sogou web spider/4.0(+http://www.sogou.com/docs/help/webmasters.htm#07)"
23.245.54.218 - - [06/Sep/2018:00:21:43 +0800] "GET /co/nn115 HTTP/1.0" 200 78734 "-" "Mozilla/5.0 (Macintosh; Intel Mac OS X 10_13_6) AppleWebKit/537.36 (KHTML, like Gecko) Chrome/68.0.3440.106 Safari/537.36"
23.245.54.218 - - [06/Sep/2018:00:21:53 +0800] "GET /co/WSlifis/ HTTP/1.0" 200 76062 "-" "Mozilla/5.0 (compatible; DotBot/1.1; http://www.opensiteexplorer.org/dotbot, help@moz.com)"
23.245.54.218 - - [06/Sep/2018:00:21:57 +0800] "GET /co/py234 HTTP/1.0" 200 78191 "-" "Mozilla/5.0 (Windows NT 6.2; WOW64) AppleWebKit/537.36 (KHTML, like Gecko) Chrome/35.0.1916.153 Safari/537.36"
23.245.54.218 - - [06/Sep/2018:00:22:14 +0800] "GET /co/ad135 HTTP/1.0" 500 45062 "-" "Mozilla/5.0 (Windows NT 6.2; WOW64) AppleWebKit/537.36 (KHTML, like Gecko) Chrome/35.0.1916.153 Safari/537.36"
107.183.158.127 - - [06/Sep/2018:00:22:15 +0800] "GET /shanghai/PanGuangLu-GuiLinGongYuan/ HTTP/1.0" 500 45550 "-" "Sogou web spider/4.0(+http://www.sogou.com/docs/help/webmasters.htm#07)"
107.183.158.127 - - [06/Sep/2018:00:22:17 +0800] "GET /shanghai/HaMiLu-HongShanLu/ HTTP/1.0" 200 78406 "-" "Mozilla/5.0 (compatible; SemrushBot/2~bl; +http://www.semrush.com/bot.html)"
23.245.54.218 - - [06/Sep/2018:00:22:25 +0800] "GET /co/ad134.alexareport.cn/%0A HTTP/1.0" 200 78341 "-" "Mozilla/5.0 (Macintosh; Intel Mac OS X 10_13_6) AppleWebKit/537.36 (KHTML, like Gecko) Chrome/68.0.3440.106 Safari/537.36"
23.245.54.218 - - [06/Sep/2018:00:22:26 +0800] "GET /co/ad135 HTTP/1.0" 200 78164 "-" "Mozilla/5.0 (Windows NT 6.2; WOW64) AppleWebKit/537.36 (KHTML, like Gecko) Chrome/35.0.1916.153 Safari/537.36"
107.183.158.127 - - [06/Sep/2018:00:22:34 +0800] "GET /shijiazhuang/DongZhaoTong-BeiGuoShangCheng/ HTTP/1.0" 200 78330 "-" "Sogou web spider/4.0(+http://www.sogou.com/docs/help/webmasters.htm#07)"
23.245.54.218 - - [06/Sep/2018:00:22:40 +0800] "GET /co/nn115 HTTP/1.0" 200 78734 "-" "Mozilla/5.0 (compatible; Baiduspider/2.0; +http://www.baidu.com/search/spider.html)"
23.245.54.218 - - [06/Sep/2018:00:22:42 +0800] "GET /co/py233.alexareport.cn/%0A HTTP/1.0" 200 78055 "-" "Mozilla/5.0 (Macintosh; Intel Mac OS X 10_13_6) AppleWebKit/537.36 (KHTML, like Gecko) Chrome/68.0.3440.106 Safari/537.36"
107.183.158.127 - - [06/Sep/2018:00:22:57 +0800] "GET /shenzhen/LongXiangDaDao-PingShanZhongXue/ HTTP/1.0" 200 78074 "-" "Sogou web spider/4.0(+http://www.sogou.com/docs/help/webmasters.htm#07)"
107.183.158.127 - - [06/Sep/2018:00:23:05 +0800] "GET /shenzhen/MeiLinDong-HuaXin/ HTTP/1.0" 200 77440 "-" "Sogou web spider/4.0(+http://www.sogou.com/docs/help/webmasters.htm#07)"
23.245.54.218 - - [06/Sep/2018:00:23:25 +0800] "GET /co/nn115 HTTP/1.0" 200 78734 "-" "Mozilla/5.0 (Macintosh; Intel Mac OS X 10_13_6) AppleWebKit/537.36 (KHTML, like Gecko) Chrome/68.0.3440.106 Safari/537.36"
23.245.54.218 - - [06/Sep/2018:00:23:26 +0800] "GET /co/py234 HTTP/1.0" 200 78182 "-" "Mozilla/5.0 (compatible; Baiduspider/2.0; +http://www.baidu.com/search/spider.html)"
107.183.158.127 - - [06/Sep/2018:00:23:51 +0800] "GET /shanghai/LianYouLu-GuYiLu/ HTTP/1.0" 200 77922 "-" "Sogou web spider/4.0(+http://www.sogou.com/docs/help/webmasters.htm#07)"
107.183.158.127 - - [06/Sep/2018:00:23:53 +0800] "GET /shenzhen/TaoXia-LiXiang/ HTTP/1.0" 200 78180 "-" "Sogou web spider/4.0(+http://www.sogou.com/docs/help/webmasters.htm#07)"
23.245.54.218 - - [06/Sep/2018:00:23:56 +0800] "GET /co/ad135 HTTP/1.0" 200 78155 "-" "Mozilla/5.0 (compatible; Baiduspider/2.0; +http://www.baidu.com/search/spider.html)"
23.245.54.218 - - [06/Sep/2018:00:23:57 +0800] "GET /co/bevxr/421093/ HTTP/1.0" 200 77812 "-" "Sogou web spider/4.0(+http://www.sogou.com/docs/help/webmasters.htm#07)"
107.183.158.127 - - [06/Sep/2018:00:23:59 +0800] "GET /shanghai/JinQiaoChuKouJiaGongQu-FengXiangLu/ HTTP/1.0" 200 78537 "-" "Sogou web spider/4.0(+http://www.sogou.com/docs/help/webmasters.htm#07)"
23.245.54.218 - - [06/Sep/2018:00:24:05 +0800] "GET /co/GGXCz/data/attachment/forum/201305/08/180732jpuukumq7b97p9bc.jpg.thumb.jpg HTTP/1.0" 404 564 "http://www.114huoche.com/coGGXCz/" "Mozilla/5.0 (Windows NT 5.1) AppleWebKit/534.30 (KHTML, like Gecko) Chrome/12.0.742.122 Safari/534.30"
23.245.54.218 - - [06/Sep/2018:00:24:06 +0800] "GET /co/GGXCz/data/attachment/forum/201305/08/180732jpuukumq7b97p9bc.jpg.thumb.jpg HTTP/1.0" 404 564 "http://www.114huoche.com/coGGXCz/" "Mozilla/5.0 (Windows NT 5.1) AppleWebKit/534.30 (KHTML, like Gecko) Chrome/12.0.742.122 Safari/534.30"
107.183.158.127 - - [06/Sep/2018:00:24:12 +0800] "GET /shanghai/LongBaiXinCun-YeShengDongWuYuan/ HTTP/1.0" 200 78627 "-" "Mozilla/5.0 (compatible; SemrushBot/2~bl; +http://www.semrush.com/bot.html)"
107.183.158.127 - - [06/Sep/2018:00:24:18 +0800] "GET /shanghai/GaoQiao-AnTing/ HTTP/1.0" 200 78139 "-" "Sogou web spider/4.0(+http://www.sogou.com/docs/help/webmasters.htm#07)"
107.183.158.127 - - [06/Sep/2018:00:24:34 +0800] "GET /shenzhen/HuangBeiLing-YuanLingZi/ HTTP/1.0" 200 78258 "-" "Sogou web spider/4.0(+http://www.sogou.com/docs/help/webmasters.htm#07)"
107.183.158.127 - - [06/Sep/2018:00:25:16 +0800] "GET /shenzhen/YinHu-QiaoChengNan/ HTTP/1.0" 200 78542 "-" "Sogou web spider/4.0(+http://www.sogou.com/docs/help/webmasters.htm#07)"
