107.183.158.127 - - [06/Sep/2018:00:56:50 +0800] "GET /shanghai/JiangYangNanLu-JiangNingLu/ HTTP/1.0" 200 78274 "-" "Mozilla/5.0 (compatible; SemrushBot/2~bl; +http://www.semrush.com/bot.html)"
23.245.54.218 - - [06/Sep/2018:00:56:51 +0800] "GET /co/nn119 HTTP/1.0" 200 77997 "-" "Mozilla/5.0 (Windows NT 6.2; WOW64) AppleWebKit/537.36 (KHTML, like Gecko) Chrome/35.0.1916.153 Safari/537.36"
107.183.158.127 - - [06/Sep/2018:00:56:58 +0800] "GET /shenzhen/HongShuWanNan-GuanCheng/ HTTP/1.0" 200 78633 "-" "Sogou web spider/4.0(+http://www.sogou.com/docs/help/webmasters.htm#07)"
107.183.158.127 - - [06/Sep/2018:00:57:15 +0800] "GET /shenzhen/DongLian-BuXin/ HTTP/1.0" 200 78890 "-" "Sogou web spider/4.0(+http://www.sogou.com/docs/help/webmasters.htm#07)"
23.245.54.218 - - [06/Sep/2018:00:57:25 +0800] "GET /co/ad138 HTTP/1.0" 200 78249 "-" "Mozilla/5.0 (compatible; Baiduspider/2.0; +http://www.baidu.com/search/spider.html)"
23.245.54.218 - - [06/Sep/2018:00:57:31 +0800] "GET /co/nn119.alexareport.cn/%0A HTTP/1.0" 200 77843 "-" "Mozilla/5.0 (Macintosh; Intel Mac OS X 10_13_6) AppleWebKit/537.36 (KHTML, like Gecko) Chrome/68.0.3440.106 Safari/537.36"
23.245.54.218 - - [06/Sep/2018:00:58:06 +0800] "GET /co/ad138 HTTP/1.0" 200 78249 "-" "Mozilla/5.0 (Macintosh; Intel Mac OS X 10_13_6) AppleWebKit/537.36 (KHTML, like Gecko) Chrome/68.0.3440.106 Safari/537.36"
107.183.158.127 - - [06/Sep/2018:00:58:28 +0800] "GET /shanghai/ZhouHaiLu-DongLuLu/ HTTP/1.0" 200 78472 "-" "Mozilla/5.0 (compatible; SemrushBot/2~bl; +http://www.semrush.com/bot.html)"
23.245.54.218 - - [06/Sep/2018:00:58:45 +0800] "GET /co/py237 HTTP/1.0" 200 78401 "-" "Mozilla/5.0 (compatible; Baiduspider/2.0; +http://www.baidu.com/search/spider.html)"
107.183.158.127 - - [06/Sep/2018:00:59:14 +0800] "GET /shenzhen/LiXiang-GuiMiao/ HTTP/1.0" 200 77867 "-" "Sogou web spider/4.0(+http://www.sogou.com/docs/help/webmasters.htm#07)"
23.245.54.218 - - [06/Sep/2018:00:59:18 +0800] "GET /co/py237 HTTP/1.0" 200 78401 "-" "Mozilla/5.0 (Macintosh; Intel Mac OS X 10_13_6) AppleWebKit/537.36 (KHTML, like Gecko) Chrome/68.0.3440.106 Safari/537.36"
107.183.158.127 - - [06/Sep/2018:00:59:55 +0800] "GET /shenzhen/DengLiang-XingHua/ HTTP/1.0" 500 45414 "-" "Sogou web spider/4.0(+http://www.sogou.com/docs/help/webmasters.htm#07)"
107.183.158.127 - - [06/Sep/2018:00:59:55 +0800] "GET /shenzhen/SongGangYiYuan-LongYuanLu/ HTTP/1.0" 200 78571 "-" "Sogou web spider/4.0(+http://www.sogou.com/docs/help/webmasters.htm#07)"
23.245.54.218 - - [06/Sep/2018:00:59:59 +0800] "GET /co/qw2014-07-28/7654477401.html HTTP/1.0" 200 78111 "-" "YisouSpider"
23.245.54.218 - - [06/Sep/2018:00:59:59 +0800] "GET /co/895/ HTTP/1.0" 200 77822 "-" "Mozilla/5.0 (compatible; DotBot/1.1; http://www.opensiteexplorer.org/dotbot, help@moz.com)"
107.183.158.127 - - [06/Sep/2018:01:00:05 +0800] "GET /shanghai/QuYangLu-NanPuDaQiao/ HTTP/1.0" 200 78321 "-" "Mozilla/5.0 (compatible; SemrushBot/2~bl; +http://www.semrush.com/bot.html)"
107.183.158.127 - - [06/Sep/2018:01:00:10 +0800] "GET /shanghai/JinYuanWuLu-ZhongShanBeiLu/ HTTP/1.0" 200 78209 "-" "Mozilla/5.0 (compatible; SemrushBot/2~bl; +http://www.semrush.com/bot.html)"
107.183.158.127 - - [06/Sep/2018:01:00:13 +0800] "GET /shijiazhuang/ChangQingYuan-SunCun/ HTTP/1.0" 200 78344 "-" "Sogou web spider/4.0(+http://www.sogou.com/docs/help/webmasters.htm#07)"
23.245.54.218 - - [06/Sep/2018:01:00:28 +0800] "GET /co/GGXCz/data/attachment/forum/201305/08/180732jpuukumq7b97p9bc.jpg.thumb.jpg HTTP/1.0" 404 564 "http://www.114huoche.com/coGGXCz/" "Mozilla/5.0 (Windows NT 5.1) AppleWebKit/534.30 (KHTML, like Gecko) Chrome/12.0.742.122 Safari/534.30"
23.245.54.218 - - [06/Sep/2018:01:00:28 +0800] "GET /co/GGXCz/data/attachment/forum/201305/08/180732jpuukumq7b97p9bc.jpg.thumb.jpg HTTP/1.0" 404 564 "http://www.114huoche.com/coGGXCz/" "Mozilla/5.0 (Windows NT 5.1) AppleWebKit/534.30 (KHTML, like Gecko) Chrome/12.0.742.122 Safari/534.30"
23.245.54.218 - - [06/Sep/2018:01:00:41 +0800] "GET /co/ad137 HTTP/1.0" 200 77779 "-" "Mozilla/5.0 (compatible; Baiduspider/2.0; +http://www.baidu.com/search/spider.html)"
107.183.158.127 - - [06/Sep/2018:01:00:46 +0800] "GET /shenzhen/HuangBeiLing-CuiHu/ HTTP/1.0" 200 78427 "-" "Sogou web spider/4.0(+http://www.sogou.com/docs/help/webmasters.htm#07)"
107.183.158.127 - - [06/Sep/2018:01:00:56 +0800] "GET /shanghai/ShenDuGongLu-AiGuoLu/ HTTP/1.0" 200 78354 "-" "Sogou web spider/4.0(+http://www.sogou.com/docs/help/webmasters.htm#07)"
23.245.54.218 - - [06/Sep/2018:01:00:57 +0800] "GET /co/6106/ HTTP/1.0" 200 78567 "-" "Mozilla/5.0 (compatible; DotBot/1.1; http://www.opensiteexplorer.org/dotbot, help@moz.com)"
107.183.158.127 - - [06/Sep/2018:01:01:04 +0800] "GET /shanghai/WuZhongLu-GuiLinGongYuan/ HTTP/1.0" 500 45533 "-" "Sogou web spider/4.0(+http://www.sogou.com/docs/help/webmasters.htm#07)"
23.245.54.218 - - [06/Sep/2018:01:01:05 +0800] "GET /co/z6zh1/ HTTP/1.0" 200 78201 "-" "Mozilla/5.0 (compatible; DotBot/1.1; http://www.opensiteexplorer.org/dotbot, help@moz.com)"
23.245.54.218 - - [06/Sep/2018:01:01:14 +0800] "GET /co/nn119 HTTP/1.0" 200 77997 "-" "Mozilla/5.0 (compatible; Baiduspider/2.0; +http://www.baidu.com/search/spider.html)"
23.245.54.218 - - [06/Sep/2018:01:01:19 +0800] "GET /co/ad137 HTTP/1.0" 200 77779 "-" "Mozilla/5.0 (Macintosh; Intel Mac OS X 10_13_6) AppleWebKit/537.36 (KHTML, like Gecko) Chrome/68.0.3440.106 Safari/537.36"
107.183.158.127 - - [06/Sep/2018:01:01:21 +0800] "GET /shanghai/FengPuDaDao-ZhongShanBeiLu/ HTTP/1.0" 200 78255 "-" "Sogou web spider/4.0(+http://www.sogou.com/docs/help/webmasters.htm#07)"
23.245.54.218 - - [06/Sep/2018:01:01:44 +0800] "GET /co/py236 HTTP/1.0" 200 79197 "-" "Mozilla/5.0 (compatible; Baiduspider/2.0; +http://www.baidu.com/search/spider.html)"
23.245.54.218 - - [06/Sep/2018:01:01:46 +0800] "GET /co/nn119 HTTP/1.0" 200 77997 "-" "Mozilla/5.0 (Macintosh; Intel Mac OS X 10_13_6) AppleWebKit/537.36 (KHTML, like Gecko) Chrome/68.0.3440.106 Safari/537.36"
107.183.158.127 - - [06/Sep/2018:01:01:51 +0800] "GET /shenzhen/BaoAnKeYunZhongXin-TianXin/ HTTP/1.0" 500 45567 "http://ditie.114huoche.com/shenzhen/BaoAnKeYunZhongXin-TianXin/" "Mozilla/5.0 (Windows NT 6.1; WOW64) AppleWebKit/537.36 (KHTML, like Gecko) Chrome/50.4.2661.102 Safari/537.36; 360Spider"
107.183.158.127 - - [06/Sep/2018:01:01:52 +0800] "GET /shenzhen/GuiWan-HuaNanCheng/ HTTP/1.0" 200 77988 "http://ditie.114huoche.com/shenzhen/GuiWan-HuaNanCheng/" "Mozilla/5.0 (Windows NT 6.1; WOW64) AppleWebKit/537.36 (KHTML, like Gecko) Chrome/50.4.2661.102 Safari/537.36; 360Spider"
107.183.158.127 - - [06/Sep/2018:01:01:57 +0800] "GET /shenzhen/LongNan-ChunFeng/ HTTP/1.0" 500 45397 "-" "Sogou web spider/4.0(+http://www.sogou.com/docs/help/webmasters.htm#07)"
107.183.158.127 - - [06/Sep/2018:01:01:58 +0800] "GET /shenzhen/HePing-YiTian/ HTTP/1.0" 500 45346 "http://ditie.114huoche.com/shenzhen/HePing-YiTian/" "Mozilla/5.0 (Windows NT 6.1; WOW64) AppleWebKit/537.36 (KHTML, like Gecko) Chrome/50.4.2661.102 Safari/537.36; 360Spider"
23.245.54.218 - - [06/Sep/2018:01:01:59 +0800] "GET /co/ad139.alexareport.cn/%0A HTTP/1.0" 200 78257 "-" "Mozilla/5.0 (Macintosh; Intel Mac OS X 10_13_6) AppleWebKit/537.36 (KHTML, like Gecko) Chrome/68.0.3440.106 Safari/537.36"
107.183.158.127 - - [06/Sep/2018:01:02:06 +0800] "GET /shenzhen/DongZong-ZhuKeng/ HTTP/1.0" 200 78532 "-" "Sogou web spider/4.0(+http://www.sogou.com/docs/help/webmasters.htm#07)"
107.183.158.127 - - [06/Sep/2018:01:02:16 +0800] "GET /shenzhen/TaoYuanCun-XiBuGongYeCheng/ HTTP/1.0" 200 78411 "-" "Sogou web spider/4.0(+http://www.sogou.com/docs/help/webmasters.htm#07)"
23.245.54.218 - - [06/Sep/2018:01:02:19 +0800] "GET /co/py236 HTTP/1.0" 200 79197 "-" "Mozilla/5.0 (Macintosh; Intel Mac OS X 10_13_6) AppleWebKit/537.36 (KHTML, like Gecko) Chrome/68.0.3440.106 Safari/537.36"
107.183.158.127 - - [06/Sep/2018:01:02:20 +0800] "GET /shenzhen/ChunFeng-TaiAn/ HTTP/1.0" 500 45363 "-" "Sogou web spider/4.0(+http://www.sogou.com/docs/help/webmasters.htm#07)"
107.183.158.127 - - [06/Sep/2018:01:02:22 +0800] "GET /shijiazhuang/XinShiLong-GaoChengXi/ HTTP/1.0" 500 45550 "-" "Sogou web spider/4.0(+http://www.sogou.com/docs/help/webmasters.htm#07)"
107.183.158.127 - - [06/Sep/2018:01:02:22 +0800] "GET /shenzhen/BinHaiYiYuan-ChiWei/ HTTP/1.0" 500 45448 "-" "Sogou web spider/4.0(+http://www.sogou.com/docs/help/webmasters.htm#07)"
107.183.158.127 - - [06/Sep/2018:01:02:24 +0800] "GET /shenzhen/SongGangXi-NanLian/ HTTP/1.0" 200 78498 "-" "Sogou web spider/4.0(+http://www.sogou.com/docs/help/webmasters.htm#07)"
23.245.54.218 - - [06/Sep/2018:01:02:47 +0800] "GET /co/nn119 HTTP/1.0" 200 77997 "-" "Mozilla/5.0 (compatible; Baiduspider/2.0; +http://www.baidu.com/search/spider.html)"
107.183.158.127 - - [06/Sep/2018:01:02:51 +0800] "GET /shanghai/DongAnLu-MingZhongLu/ HTTP/1.0" 200 78549 "-" "Sogou web spider/4.0(+http://www.sogou.com/docs/help/webmasters.htm#07)"
107.183.158.127 - - [06/Sep/2018:01:02:54 +0800] "GET /shanghai/HongCaoLu-HongKouZuQiuChang/ HTTP/1.0" 500 45584 "-" "Sogou web spider/4.0(+http://www.sogou.com/docs/help/webmasters.htm#07)"
23.245.54.218 - - [06/Sep/2018:01:02:55 +0800] "GET /co/ad139 HTTP/1.0" 200 78237 "-" "Mozilla/5.0 (Windows NT 6.2; WOW64) AppleWebKit/537.36 (KHTML, like Gecko) Chrome/35.0.1916.153 Safari/537.36"
107.183.158.127 - - [06/Sep/2018:01:03:08 +0800] "GET /shanghai/JingXiLu-JinQiaoLu/ HTTP/1.0" 500 45431 "-" "Mozilla/5.0 (compatible; SemrushBot/2~bl; +http://www.semrush.com/bot.html)"
23.245.54.218 - - [06/Sep/2018:01:03:10 +0800] "GET /co/py238.alexareport.cn/%0A HTTP/1.0" 200 78186 "-" "Mozilla/5.0 (Macintosh; Intel Mac OS X 10_13_6) AppleWebKit/537.36 (KHTML, like Gecko) Chrome/68.0.3440.106 Safari/537.36"
107.183.158.127 - - [06/Sep/2018:01:03:15 +0800] "GET /shanghai/FengQiaoLu-ZuiBaiChi/ HTTP/1.0" 200 78056 "-" "Sogou web spider/4.0(+http://www.sogou.com/docs/help/webmasters.htm#07)"
107.183.158.127 - - [06/Sep/2018:01:03:16 +0800] "GET /shenzhen/QiaoChengBei-TieLuGongYuan/ HTTP/1.0" 200 77855 "-" "Sogou web spider/4.0(+http://www.sogou.com/docs/help/webmasters.htm#07)"
107.183.158.127 - - [06/Sep/2018:01:03:21 +0800] "GET /shanghai/ZhangHuaBang-ZiZhuKeXueYuanQu/ HTTP/1.0" 200 77472 "-" "Sogou web spider/4.0(+http://www.sogou.com/docs/help/webmasters.htm#07)"
23.245.54.218 - - [06/Sep/2018:01:03:32 +0800] "GET /co/nn119 HTTP/1.0" 200 77997 "-" "Mozilla/5.0 (Macintosh; Intel Mac OS X 10_13_6) AppleWebKit/537.36 (KHTML, like Gecko) Chrome/68.0.3440.106 Safari/537.36"
107.183.158.127 - - [06/Sep/2018:01:03:40 +0800] "GET /shenzhen/XiXiang-LiYuan/ HTTP/1.0" 200 78887 "-" "Mozilla/5.0 (compatible; SemrushBot/2~bl; +http://www.semrush.com/bot.html)"
107.183.158.127 - - [06/Sep/2018:01:03:44 +0800] "GET /shanghai/HuaJingLu-XiCangBeiLu/ HTTP/1.0" 200 77651 "-" "Sogou web spider/4.0(+http://www.sogou.com/docs/help/webmasters.htm#07)"
107.183.158.127 - - [06/Sep/2018:01:03:56 +0800] "GET /shenzhen/YuanLingZi-ZhuKeng/ HTTP/1.0" 500 45431 "-" "Sogou web spider/4.0(+http://www.sogou.com/docs/help/webmasters.htm#07)"
107.183.158.127 - - [06/Sep/2018:01:03:58 +0800] "GET /shijiazhuang/LiuYing-FaYiYiYuan/ HTTP/1.0" 500 45499 "-" "Sogou web spider/4.0(+http://www.sogou.com/docs/help/webmasters.htm#07)"
107.183.158.127 - - [06/Sep/2018:01:04:00 +0800] "GET /shanghai/PuDianLu-LuHengLu/ HTTP/1.0" 200 77623 "-" "Sogou web spider/4.0(+http://www.sogou.com/docs/help/webmasters.htm#07)"
107.183.158.127 - - [06/Sep/2018:01:04:04 +0800] "GET /shenzhen/ShangSha-BaoTian/ HTTP/1.0" 200 78023 "-" "Sogou web spider/4.0(+http://www.sogou.com/docs/help/webmasters.htm#07)"
107.183.158.127 - - [06/Sep/2018:01:04:09 +0800] "GET /shenzhen/ HTTP/1.0" 200 77610 "-" "Mozilla/5.0 (Windows NT 6.1; WOW64; rv:55.0) Gecko/20100101 Firefox/55.0"
107.183.158.127 - - [06/Sep/2018:01:04:09 +0800] "GET /shanghai/WuChuanLu-DongChuanLu/ HTTP/1.0" 200 77931 "-" "Sogou web spider/4.0(+http://www.sogou.com/docs/help/webmasters.htm#07)"
23.245.54.218 - - [06/Sep/2018:01:04:21 +0800] "GET /co/py238 HTTP/1.0" 200 78585 "-" "Mozilla/5.0 (Windows NT 6.2; WOW64) AppleWebKit/537.36 (KHTML, like Gecko) Chrome/35.0.1916.153 Safari/537.36"
107.183.158.127 - - [06/Sep/2018:01:04:33 +0800] "GET /shenzhen/LinHai-GuangMing/ HTTP/1.0" 200 78308 "-" "Sogou web spider/4.0(+http://www.sogou.com/docs/help/webmasters.htm#07)"
107.183.158.127 - - [06/Sep/2018:01:04:43 +0800] "GET /shanghai/ZhongTanLu-DongFangTiYuZhongXin/ HTTP/1.0" 200 78962 "-" "Mozilla/5.0 (compatible; SemrushBot/2~bl; +http://www.semrush.com/bot.html)"
23.245.54.218 - - [06/Sep/2018:01:04:44 +0800] "GET /co/ad139 HTTP/1.0" 200 78228 "-" "Mozilla/5.0 (compatible; Baiduspider/2.0; +http://www.baidu.com/search/spider.html)"
107.183.158.127 - - [06/Sep/2018:01:04:50 +0800] "GET /shenzhen/GuanTian-XingDong/ HTTP/1.0" 500 45368 "http://ditie.114huoche.com/shenzhen/GuanTian-XingDong/" "Mozilla/5.0 (Windows NT 6.1; WOW64) AppleWebKit/537.36 (KHTML, like Gecko) Chrome/50.4.2661.102 Safari/537.36; 360Spider"
107.183.158.127 - - [06/Sep/2018:01:04:52 +0800] "GET /shenyang/CaoZhong-HangKongChanYeYuan/ HTTP/1.0" 500 45584 "http://ditie.114huoche.com/shenyang/CaoZhong-HangKongChanYeYuan/" "Mozilla/5.0 (Windows NT 6.1; WOW64) AppleWebKit/537.36 (KHTML, like Gecko) Chrome/50.4.2661.102 Safari/537.36; 360Spider"
107.183.158.127 - - [06/Sep/2018:01:04:52 +0800] "GET /shanghai/HeChuanLu-JinQiaoChuKouJiaGongQu/ HTTP/1.0" 500 45669 "-" "Sogou web spider/4.0(+http://www.sogou.com/docs/help/webmasters.htm#07)"
107.183.158.127 - - [06/Sep/2018:01:04:53 +0800] "GET /shanghai/GuCunGongYuan-JiaDingXi/ HTTP/1.0" 200 78819 "http://ditie.114huoche.com/shanghai/GuCunGongYuan-JiaDingXi/" "Mozilla/5.0 (Windows NT 6.1; WOW64) AppleWebKit/537.36 (KHTML, like Gecko) Chrome/50.4.2661.102 Safari/537.36; 360Spider"
107.183.158.127 - - [06/Sep/2018:01:05:05 +0800] "GET /shanghai/JiaShanLu-PuDongDaDao/ HTTP/1.0" 200 78525 "-" "Sogou web spider/4.0(+http://www.sogou.com/docs/help/webmasters.htm#07)"
23.245.54.218 - - [06/Sep/2018:01:05:08 +0800] "GET /co/nn120.alexareport.cn/%0A HTTP/1.0" 200 77718 "-" "Mozilla/5.0 (Macintosh; Intel Mac OS X 10_13_6) AppleWebKit/537.36 (KHTML, like Gecko) Chrome/68.0.3440.106 Safari/537.36"
107.183.158.127 - - [06/Sep/2018:01:05:18 +0800] "GET /shanghai/HuaNingLu-YouYiLu/ HTTP/1.0" 200 78455 "-" "Sogou web spider/4.0(+http://www.sogou.com/docs/help/webmasters.htm#07)"
107.183.158.127 - - [06/Sep/2018:01:05:30 +0800] "GET /shenzhen/TaiAn-XiaWei/ HTTP/1.0" 200 78050 "-" "Mozilla/5.0 (compatible; SemrushBot/2~bl; +http://www.semrush.com/bot.html)"
23.245.54.218 - - [06/Sep/2018:01:05:33 +0800] "GET /co/nvert/index.php?a=config&source=d7.2_x2.0 HTTP/1.0" 404 564 "-" "Mozilla/4.0 (compatible; MSIE 6.0; Windows NT 5.1; SV1)"
107.183.158.127 - - [06/Sep/2018:01:05:36 +0800] "GET /shanghai/XiaoTang-NanJingDongLu/ HTTP/1.0" 200 78145 "-" "Sogou web spider/4.0(+http://www.sogou.com/docs/help/webmasters.htm#07)"
107.183.158.127 - - [06/Sep/2018:01:05:48 +0800] "GET /shanghai/ChangJiangNanLu-BeiZhaiLu/ HTTP/1.0" 200 77940 "-" "Sogou web spider/4.0(+http://www.sogou.com/docs/help/webmasters.htm#07)"
23.245.54.218 - - [06/Sep/2018:01:05:49 +0800] "GET /co/ad138.alexareport.cn/%0A HTTP/1.0" 200 76980 "-" "Mozilla/5.0 (Macintosh; Intel Mac OS X 10_13_6) AppleWebKit/537.36 (KHTML, like Gecko) Chrome/68.0.3440.106 Safari/537.36"
107.183.158.127 - - [06/Sep/2018:01:06:13 +0800] "GET /shenzhen/KeXueGuan-ShenZhenDong/ HTTP/1.0" 200 77873 "-" "Sogou web spider/4.0(+http://www.sogou.com/docs/help/webmasters.htm#07)"
23.245.54.218 - - [06/Sep/2018:01:06:15 +0800] "GET /co/py238 HTTP/1.0" 200 78576 "-" "Mozilla/5.0 (compatible; Baiduspider/2.0; +http://www.baidu.com/search/spider.html)"
23.245.54.218 - - [06/Sep/2018:01:06:18 +0800] "GET /co/WS340/ HTTP/1.0" 200 75947 "-" "Mozilla/5.0 (compatible; DotBot/1.1; http://www.opensiteexplorer.org/dotbot, help@moz.com)"
23.245.54.218 - - [06/Sep/2018:01:06:29 +0800] "GET /co/py237.alexareport.cn/%0A HTTP/1.0" 200 78284 "-" "Mozilla/5.0 (Macintosh; Intel Mac OS X 10_13_6) AppleWebKit/537.36 (KHTML, like Gecko) Chrome/68.0.3440.106 Safari/537.36"
23.245.54.218 - - [06/Sep/2018:01:06:33 +0800] "GET /co/nn120 HTTP/1.0" 200 78309 "-" "Mozilla/5.0 (Windows NT 6.2; WOW64) AppleWebKit/537.36 (KHTML, like Gecko) Chrome/35.0.1916.153 Safari/537.36"
66.249.79.116 - - [06/Sep/2018:01:06:49 +0800] "GET /coyhff/old.html HTTP/1.1" 200 22164 "-" "Mozilla/5.0 (compatible; Googlebot/2.1; +http://www.google.com/bot.html)"
23.245.54.218 - - [06/Sep/2018:01:07:16 +0800] "GET /co/WSxbbk/ HTTP/1.0" 200 76130 "-" "Mozilla/5.0 (compatible; DotBot/1.1; http://www.opensiteexplorer.org/dotbot, help@moz.com)"
23.245.54.218 - - [06/Sep/2018:01:07:18 +0800] "GET /co/WSzol/ HTTP/1.0" 200 75694 "-" "Mozilla/5.0 (compatible; DotBot/1.1; http://www.opensiteexplorer.org/dotbot, help@moz.com)"
23.245.54.218 - - [06/Sep/2018:01:07:21 +0800] "GET /co/nn120.alexareport.cn/%0A HTTP/1.0" 200 77718 "-" "Mozilla/5.0 (Macintosh; Intel Mac OS X 10_13_6) AppleWebKit/537.36 (KHTML, like Gecko) Chrome/68.0.3440.106 Safari/537.36"
23.245.54.218 - - [06/Sep/2018:01:07:23 +0800] "GET /co/ad139 HTTP/1.0" 200 78228 "-" "Mozilla/5.0 (compatible; Baiduspider/2.0; +http://www.baidu.com/search/spider.html)"
107.183.158.127 - - [06/Sep/2018:01:07:26 +0800] "GET /shanghai/FuJinLu-ShiGuangLu/ HTTP/1.0" 200 77764 "-" "Sogou web spider/4.0(+http://www.sogou.com/docs/help/webmasters.htm#07)"
107.183.158.127 - - [06/Sep/2018:01:07:42 +0800] "GET /shenzhen/XiBuGongYeCheng-ShenZhenBeiZhan/ HTTP/1.0" 500 45606 "-" "Sogou web spider/4.0(+http://www.sogou.com/docs/help/webmasters.htm#07)"
107.183.158.127 - - [06/Sep/2018:01:07:43 +0800] "GET /shenzhen/PingShanZhongXue-GangXiaBei/ HTTP/1.0" 200 78019 "-" "Mozilla/5.0 (compatible; SemrushBot/2~bl; +http://www.semrush.com/bot.html)"
23.245.54.218 - - [06/Sep/2018:01:07:55 +0800] "GET /co/ad139 HTTP/1.0" 200 78228 "-" "Mozilla/5.0 (Macintosh; Intel Mac OS X 10_13_6) AppleWebKit/537.36 (KHTML, like Gecko) Chrome/68.0.3440.106 Safari/537.36"
107.183.158.127 - - [06/Sep/2018:01:08:14 +0800] "GET /shenzhen/BiTou-BaoAnBeiLu/ HTTP/1.0" 200 77925 "-" "Sogou web spider/4.0(+http://www.sogou.com/docs/help/webmasters.htm#07)"
23.245.54.218 - - [06/Sep/2018:01:08:17 +0800] "GET /co/WS8915/ HTTP/1.0" 200 75692 "-" "Mozilla/5.0 (compatible; DotBot/1.1; http://www.opensiteexplorer.org/dotbot, help@moz.com)"
107.183.158.127 - - [06/Sep/2018:01:08:32 +0800] "GET /shanghai/ZhaoFengLu-HongKouZuQiuChang/ HTTP/1.0" 200 78942 "-" "Sogou web spider/4.0(+http://www.sogou.com/docs/help/webmasters.htm#07)"
107.183.158.127 - - [06/Sep/2018:01:08:43 +0800] "GET /shenzhen/ShenZhenBeiZhan-TongGuanLu/ HTTP/1.0" 500 45521 "http://ditie.114huoche.com/shenzhen/ShenZhenBeiZhan-TongGuanLu/" "Mozilla/5.0 (Windows NT 6.1; WOW64) AppleWebKit/537.36 (KHTML, like Gecko) Chrome/50.0.2661.102 Safari/537.36; 360Spider"
107.183.158.127 - - [06/Sep/2018:01:08:43 +0800] "GET /shijiazhuang/JinLiJie-DongGangTou/ HTTP/1.0" 200 78163 "-" "Sogou web spider/4.0(+http://www.sogou.com/docs/help/webmasters.htm#07)"
107.183.158.127 - - [06/Sep/2018:01:08:44 +0800] "GET /shenzhen/BanTianBei-DengLiang/ HTTP/1.0" 500 45419 "http://ditie.114huoche.com/shenzhen/BanTianBei-DengLiang/" "Mozilla/5.0 (Windows NT 6.1; WOW64) AppleWebKit/537.36 (KHTML, like Gecko) Chrome/50.4.2661.102 Safari/537.36; 360Spider"
107.183.158.127 - - [06/Sep/2018:01:08:44 +0800] "GET /shenzhen/HaiCheng-DaYunBei/ HTTP/1.0" 200 77834 "http://ditie.114huoche.com/shenzhen/HaiCheng-DaYunBei/" "Mozilla/5.0 (Windows NT 6.1; WOW64) AppleWebKit/537.36 (KHTML, like Gecko) Chrome/50.4.2661.102 Safari/537.36; 360Spider"
107.183.158.127 - - [06/Sep/2018:01:08:46 +0800] "GET /shenzhen/ShaTouJiao-JiangLing/ HTTP/1.0" 500 45465 "http://ditie.114huoche.com/shenzhen/ShaTouJiao-JiangLing/" "Mozilla/5.0 (Windows NT 6.1; WOW64) AppleWebKit/537.36 (KHTML, like Gecko) Chrome/50.0.2661.102 Safari/537.36; 360Spider"
107.183.158.127 - - [06/Sep/2018:01:08:47 +0800] "GET /shanghai/ShiBoDaDao-ChenXiangLu/ HTTP/1.0" 500 45499 "http://ditie.114huoche.com/shanghai/ShiBoDaDao-ChenXiangLu/" "Mozilla/5.0 (Windows NT 6.1; WOW64) AppleWebKit/537.36 (KHTML, like Gecko) Chrome/50.4.2661.102 Safari/537.36; 360Spider"
107.183.158.127 - - [06/Sep/2018:01:08:47 +0800] "GET /shanghai/SongJiangTiYuZhongXin-JiHeGongLu/ HTTP/1.0" 500 45669 "http://ditie.114huoche.com/shanghai/SongJiangTiYuZhongXin-JiHeGongLu/" "Mozilla/5.0 (Windows NT 6.1; WOW64) AppleWebKit/537.36 (KHTML, like Gecko) Chrome/50.0.2661.102 Safari/537.36; 360Spider"
107.183.158.127 - - [06/Sep/2018:01:08:48 +0800] "GET /shanghai/ChangZhongLu-ShangHaiHuoCheZhan/ HTTP/1.0" 200 78103 "http://ditie.114huoche.com/shanghai/ChangZhongLu-ShangHaiHuoCheZhan/" "Mozilla/5.0 (Windows NT 6.1; WOW64) AppleWebKit/537.36 (KHTML, like Gecko) Chrome/50.0.2661.102 Safari/537.36; 360Spider"
23.245.54.218 - - [06/Sep/2018:01:09:19 +0800] "GET /co/py238 HTTP/1.0" 200 78576 "-" "Mozilla/5.0 (compatible; Baiduspider/2.0; +http://www.baidu.com/search/spider.html)"
107.183.158.127 - - [06/Sep/2018:01:09:23 +0800] "GET /shanghai/DongLanLu-JingHongLu/ HTTP/1.0" 200 78131 "-" "Sogou web spider/4.0(+http://www.sogou.com/docs/help/webmasters.htm#07)"
107.183.158.127 - - [06/Sep/2018:01:09:30 +0800] "GET /shenzhen/BaoShiDongLu-TianXin/ HTTP/1.0" 200 77848 "-" "Sogou web spider/4.0(+http://www.sogou.com/docs/help/webmasters.htm#07)"
107.183.158.127 - - [06/Sep/2018:01:09:33 +0800] "GET /shenzhen/MinYue-HuaQiaoCheng/ HTTP/1.0" 200 78062 "-" "Sogou web spider/4.0(+http://www.sogou.com/docs/help/webmasters.htm#07)"
107.183.158.127 - - [06/Sep/2018:01:09:36 +0800] "GET /shanghai/XiuYanLu-QingPuXinCheng/ HTTP/1.0" 200 78016 "-" "Mozilla/5.0 (compatible; SemrushBot/2~bl; +http://www.semrush.com/bot.html)"
107.183.158.127 - - [06/Sep/2018:01:09:55 +0800] "GET /shenzhen/ShiLongGongLu-LianHuaCun/ HTTP/1.0" 200 77473 "-" "Sogou web spider/4.0(+http://www.sogou.com/docs/help/webmasters.htm#07)"
107.183.158.127 - - [06/Sep/2018:01:09:58 +0800] "GET /shanghai/SongBinLu-JiangQiao/ HTTP/1.0" 200 78157 "-" "Sogou web spider/4.0(+http://www.sogou.com/docs/help/webmasters.htm#07)"
107.183.158.127 - - [06/Sep/2018:01:09:59 +0800] "GET /shenzhen/BinHaiYiYuan-GuoMao/ HTTP/1.0" 500 45448 "-" "Sogou web spider/4.0(+http://www.sogou.com/docs/help/webmasters.htm#07)"
107.183.158.127 - - [06/Sep/2018:01:10:00 +0800] "GET /shanghai/ZhuGuangLu-WuNingLu/ HTTP/1.0" 200 78879 "-" "Sogou web spider/4.0(+http://www.sogou.com/docs/help/webmasters.htm#07)"
107.183.158.127 - - [06/Sep/2018:01:10:03 +0800] "GET /shenzhen/ShaJingNan-QianHaiWan/ HTTP/1.0" 200 78888 "-" "Sogou web spider/4.0(+http://www.sogou.com/docs/help/webmasters.htm#07)"
23.245.54.218 - - [06/Sep/2018:01:10:06 +0800] "GET /co/py238 HTTP/1.0" 200 78576 "-" "Mozilla/5.0 (Macintosh; Intel Mac OS X 10_13_6) AppleWebKit/537.36 (KHTML, like Gecko) Chrome/68.0.3440.106 Safari/537.36"
107.183.158.127 - - [06/Sep/2018:01:10:11 +0800] "GET /shenzhen/ShangJian-DaFen/ HTTP/1.0" 500 45380 "-" "Mozilla/5.0 (compatible; SemrushBot/2~bl; +http://www.semrush.com/bot.html)"
107.183.158.127 - - [06/Sep/2018:01:10:13 +0800] "GET /shijiazhuang/JinLiJie-LuQuanYiYuan/ HTTP/1.0" 200 77890 "-" "Sogou web spider/4.0(+http://www.sogou.com/docs/help/webmasters.htm#07)"
107.183.158.127 - - [06/Sep/2018:01:10:22 +0800] "GET /shenzhen/YanNan-GongMingZhongYingWenXueXiao/ HTTP/1.0" 200 78398 "-" "Sogou web spider/4.0(+http://www.sogou.com/docs/help/webmasters.htm#07)"
23.245.54.218 - - [06/Sep/2018:01:10:22 +0800] "GET /co/nn120 HTTP/1.0" 200 78309 "-" "Mozilla/5.0 (compatible; Baiduspider/2.0; +http://www.baidu.com/search/spider.html)"
107.183.158.127 - - [06/Sep/2018:01:10:32 +0800] "GET /shanghai/ZhongShanGongYuan-BaoAnGongLu/ HTTP/1.0" 200 78208 "-" "Sogou web spider/4.0(+http://www.sogou.com/docs/help/webmasters.htm#07)"
107.183.158.127 - - [06/Sep/2018:01:10:38 +0800] "GET /shanghai/PuHangLu-XuYingLu/ HTTP/1.0" 200 78620 "-" "Sogou web spider/4.0(+http://www.sogou.com/docs/help/webmasters.htm#07)"
23.245.54.218 - - [06/Sep/2018:01:10:42 +0800] "GET /co/pr HTTP/1.0" 200 78220 "-" "Mozilla/5.0 (Linux; U; Android 8.1.0; zh-CN; EML-L29 Build/HUAWEIEML-L29) AppleWebKit/537.36 (KHTML, like Gecko) Version/4.0 Chrome/57.0.2987.108 UCBrowser/12.0.5.985 Mobile Safari/537.36"
112.206.198.80 - - [06/Sep/2018:01:10:42 +0800] "GET /data/AD/css/index.css HTTP/1.1" 200 5536 "http://www.114huoche.com/copr" "Mozilla/5.0 (Linux; U; Android 8.1.0; zh-CN; EML-L29 Build/HUAWEIEML-L29) AppleWebKit/537.36 (KHTML, like Gecko) Version/4.0 Chrome/57.0.2987.108 UCBrowser/12.0.5.985 Mobile Safari/537.36"
112.206.198.80 - - [06/Sep/2018:01:10:42 +0800] "GET /data/AD/js/push.js HTTP/1.1" 200 653 "http://www.114huoche.com/copr" "Mozilla/5.0 (Linux; U; Android 8.1.0; zh-CN; EML-L29 Build/HUAWEIEML-L29) AppleWebKit/537.36 (KHTML, like Gecko) Version/4.0 Chrome/57.0.2987.108 UCBrowser/12.0.5.985 Mobile Safari/537.36"
112.206.198.80 - - [06/Sep/2018:01:10:42 +0800] "GET /data/AD/js/jQuery.js HTTP/1.1" 200 39002 "http://www.114huoche.com/copr" "Mozilla/5.0 (Linux; U; Android 8.1.0; zh-CN; EML-L29 Build/HUAWEIEML-L29) AppleWebKit/537.36 (KHTML, like Gecko) Version/4.0 Chrome/57.0.2987.108 UCBrowser/12.0.5.985 Mobile Safari/537.36"
23.245.54.218 - - [06/Sep/2018:01:10:42 +0800] "GET /co/ad138 HTTP/1.0" 200 78249 "-" "Mozilla/5.0 (compatible; Baiduspider/2.0; +http://www.baidu.com/search/spider.html)"
112.206.198.80 - - [06/Sep/2018:01:10:43 +0800] "GET /data/AD/js/index.js HTTP/1.1" 200 671 "http://www.114huoche.com/copr" "Mozilla/5.0 (Linux; U; Android 8.1.0; zh-CN; EML-L29 Build/HUAWEIEML-L29) AppleWebKit/537.36 (KHTML, like Gecko) Version/4.0 Chrome/57.0.2987.108 UCBrowser/12.0.5.985 Mobile Safari/537.36"
112.206.198.80 - - [06/Sep/2018:01:10:43 +0800] "GET /data/AD/js/tiaozhuanjs.js HTTP/1.1" 200 58 "http://www.114huoche.com/copr" "Mozilla/5.0 (Linux; U; Android 8.1.0; zh-CN; EML-L29 Build/HUAWEIEML-L29) AppleWebKit/537.36 (KHTML, like Gecko) Version/4.0 Chrome/57.0.2987.108 UCBrowser/12.0.5.985 Mobile Safari/537.36"
107.183.158.127 - - [06/Sep/2018:01:10:52 +0800] "GET /shanghai/XuYingLu-DaShiJie/ HTTP/1.0" 200 77879 "-" "Mozilla/5.0 (compatible; SemrushBot/2~bl; +http://www.semrush.com/bot.html)"
23.245.54.218 - - [06/Sep/2018:01:11:04 +0800] "GET /co/nn120 HTTP/1.0" 200 78309 "-" "Mozilla/5.0 (Macintosh; Intel Mac OS X 10_13_6) AppleWebKit/537.36 (KHTML, like Gecko) Chrome/68.0.3440.106 Safari/537.36"
23.245.54.218 - - [06/Sep/2018:01:11:22 +0800] "GET /co/ad138 HTTP/1.0" 200 78249 "-" "Mozilla/5.0 (Macintosh; Intel Mac OS X 10_13_6) AppleWebKit/537.36 (KHTML, like Gecko) Chrome/68.0.3440.106 Safari/537.36"
107.183.158.127 - - [06/Sep/2018:01:11:22 +0800] "GET /shanghai/LongBaiXinCun-SongFaLu/ HTTP/1.0" 200 78479 "-" "Sogou web spider/4.0(+http://www.sogou.com/docs/help/webmasters.htm#07)"
107.183.158.127 - - [06/Sep/2018:01:11:36 +0800] "GET /shenyang/xuesonglu-songhuajiangjie/ HTTP/1.0" 500 45495 "http://ditie.114huoche.com/shenyang/xuesonglu-songhuajiangjie/" "Mozilla/5.0 (Windows NT 6.1; WOW64) AppleWebKit/537.36 (KHTML, like Gecko) Chrome/50.4.2661.102 Safari/537.36; 360Spider"
107.183.158.127 - - [06/Sep/2018:01:11:36 +0800] "GET /shanghai/QiLianShanNanLu-GaoQiaoXi/ HTTP/1.0" 500 45493 "http://ditie.114huoche.com/shanghai/QiLianShanNanLu-GaoQiaoXi/" "Mozilla/5.0 (Windows NT 6.1; WOW64) AppleWebKit/537.36 (KHTML, like Gecko) Chrome/50.4.2661.102 Safari/537.36; 360Spider"
107.183.158.127 - - [06/Sep/2018:01:11:39 +0800] "GET /shenyang/QiPanShanBeiZhan-JianZhuDaXue/ HTTP/1.0" 200 78038 "http://ditie.114huoche.com/shenyang/QiPanShanBeiZhan-JianZhuDaXue/" "Mozilla/5.0 (Windows NT 6.1; WOW64) AppleWebKit/537.36 (KHTML, like Gecko) Chrome/50.0.2661.102 Safari/537.36; 360Spider"
107.183.158.127 - - [06/Sep/2018:01:11:51 +0800] "GET /shanghai/WuLianLu-GangChengLu/ HTTP/1.0" 200 77615 "-" "Sogou web spider/4.0(+http://www.sogou.com/docs/help/webmasters.htm#07)"
23.245.54.218 - - [06/Sep/2018:01:11:59 +0800] "GET /co/ad140.alexareport.cn/%0A HTTP/1.0" 200 78186 "-" "Mozilla/5.0 (Macintosh; Intel Mac OS X 10_13_6) AppleWebKit/537.36 (KHTML, like Gecko) Chrome/68.0.3440.106 Safari/537.36"
107.183.158.127 - - [06/Sep/2018:01:12:18 +0800] "GET /shenzhen/LongXiangDaDao-LingZhi/ HTTP/1.0" 200 77767 "-" "Sogou web spider/4.0(+http://www.sogou.com/docs/help/webmasters.htm#07)"
23.245.54.218 - - [06/Sep/2018:01:12:27 +0800] "GET /co/80l3h/42992.htmll HTTP/1.0" 200 77750 "-" "YisouSpider"
23.245.54.218 - - [06/Sep/2018:01:12:39 +0800] "GET /co/GGPBb/ HTTP/1.0" 200 119578 "-" "Mozilla/5.0 (compatible; DotBot/1.1; http://www.opensiteexplorer.org/dotbot, help@moz.com)"
107.183.158.127 - - [06/Sep/2018:01:12:42 +0800] "GET /shanghai/ShangHaiKeJiGuan-NanDaLu/ HTTP/1.0" 200 78152 "-" "Sogou web spider/4.0(+http://www.sogou.com/docs/help/webmasters.htm#07)"
23.245.54.218 - - [06/Sep/2018:01:12:47 +0800] "GET /co/GGmJi/ HTTP/1.0" 200 121942 "-" "Mozilla/5.0 (compatible; DotBot/1.1; http://www.opensiteexplorer.org/dotbot, help@moz.com)"
23.245.54.218 - - [06/Sep/2018:01:12:51 +0800] "GET /co/py237 HTTP/1.0" 200 78401 "-" "Mozilla/5.0 (compatible; Baiduspider/2.0; +http://www.baidu.com/search/spider.html)"
23.245.54.218 - - [06/Sep/2018:01:13:09 +0800] "GET /co/ad140 HTTP/1.0" 200 78538 "-" "Mozilla/5.0 (Windows NT 6.2; WOW64) AppleWebKit/537.36 (KHTML, like Gecko) Chrome/35.0.1916.153 Safari/537.36"
23.245.54.218 - - [06/Sep/2018:01:13:10 +0800] "GET /co/nn120 HTTP/1.0" 200 78309 "-" "Mozilla/5.0 (compatible; Baiduspider/2.0; +http://www.baidu.com/search/spider.html)"
107.183.158.127 - - [06/Sep/2018:01:13:18 +0800] "GET /shanghai/ZiZhuKeXueYuanQu-HuangXingLu/ HTTP/1.0" 200 78534 "-" "Sogou web spider/4.0(+http://www.sogou.com/docs/help/webmasters.htm#07)"
23.245.54.218 - - [06/Sep/2018:01:13:25 +0800] "GET /co/py237 HTTP/1.0" 200 78401 "-" "Mozilla/5.0 (Macintosh; Intel Mac OS X 10_13_6) AppleWebKit/537.36 (KHTML, like Gecko) Chrome/68.0.3440.106 Safari/537.36"
23.245.54.218 - - [06/Sep/2018:01:13:37 +0800] "GET /co/GGMp3/data/attachment/forum/day_080620/20080620_ab69523060f050a878f22QAKxOLdqa6X.jpg HTTP/1.0" 404 564 "http://www.114huoche.com/coGGMp3/850911.html" "Mozilla/5.0 (Windows NT 5.1) AppleWebKit/534.30 (KHTML, like Gecko) Chrome/12.0.742.122 Safari/534.30"
23.245.54.218 - - [06/Sep/2018:01:13:38 +0800] "GET /co/GGMp3/data/attachment/forum/day_080620/20080620_ab69523060f050a878f22QAKxOLdqa6X.jpg HTTP/1.0" 404 564 "http://www.114huoche.com/coGGMp3/850911.html" "Mozilla/5.0 (Windows NT 5.1) AppleWebKit/534.30 (KHTML, like Gecko) Chrome/12.0.742.122 Safari/534.30"
107.183.158.127 - - [06/Sep/2018:01:13:41 +0800] "GET /shanghai/z_LongHua/ HTTP/1.0" 200 77881 "-" "Sogou web spider/4.0(+http://www.sogou.com/docs/help/webmasters.htm#07)"
107.183.158.127 - - [06/Sep/2018:01:13:47 +0800] "GET /shanghai/ChangYangLu-JinXiuLu/ HTTP/1.0" 200 79178 "-" "Sogou web spider/4.0(+http://www.sogou.com/docs/help/webmasters.htm#07)"
23.245.54.218 - - [06/Sep/2018:01:13:50 +0800] "GET /co/nn120 HTTP/1.0" 200 78309 "-" "Mozilla/5.0 (Macintosh; Intel Mac OS X 10_13_6) AppleWebKit/537.36 (KHTML, like Gecko) Chrome/68.0.3440.106 Safari/537.36"
107.183.158.127 - - [06/Sep/2018:01:13:53 +0800] "GET /shanghai/WenJingLu-WuDingLu/ HTTP/1.0" 200 77945 "-" "Sogou web spider/4.0(+http://www.sogou.com/docs/help/webmasters.htm#07)"
23.245.54.218 - - [06/Sep/2018:01:13:56 +0800] "GET /co/GGXCz/data/attachment/forum/201305/08/180732jpuukumq7b97p9bc.jpg.thumb.jpg HTTP/1.0" 404 564 "http://www.114huoche.com/coGGXCz/" "Mozilla/5.0 (Windows NT 5.1) AppleWebKit/534.30 (KHTML, like Gecko) Chrome/12.0.742.122 Safari/534.30"
23.245.54.218 - - [06/Sep/2018:01:13:56 +0800] "GET /co/GGXCz/data/attachment/forum/201305/08/180732jpuukumq7b97p9bc.jpg.thumb.jpg HTTP/1.0" 404 564 "http://www.114huoche.com/coGGXCz/" "Mozilla/5.0 (Windows NT 5.1) AppleWebKit/534.30 (KHTML, like Gecko) Chrome/12.0.742.122 Safari/534.30"
107.183.158.127 - - [06/Sep/2018:01:14:05 +0800] "GET /shijiazhuang/HaiShiJie-ShuLu/ HTTP/1.0" 200 78389 "-" "Sogou web spider/4.0(+http://www.sogou.com/docs/help/webmasters.htm#07)"
23.245.54.218 - - [06/Sep/2018:01:14:16 +0800] "GET /co/kr2016-07-27/3346241179.html HTTP/1.0" 200 78120 "-" "YisouSpider"
107.183.158.127 - - [06/Sep/2018:01:14:20 +0800] "GET /shanghai/JinShaJiangLu-MeiLongZhen/ HTTP/1.0" 200 77957 "-" "Sogou web spider/4.0(+http://www.sogou.com/docs/help/webmasters.htm#07)"
107.183.158.127 - - [06/Sep/2018:01:14:21 +0800] "GET /shanghai/LongJuLu-HuGuangLu/ HTTP/1.0" 200 78088 "-" "Sogou web spider/4.0(+http://www.sogou.com/docs/help/webmasters.htm#07)"
23.245.54.218 - - [06/Sep/2018:01:14:28 +0800] "GET /co/py239.alexareport.cn/%0A HTTP/1.0" 200 77352 "-" "Mozilla/5.0 (Macintosh; Intel Mac OS X 10_13_6) AppleWebKit/537.36 (KHTML, like Gecko) Chrome/68.0.3440.106 Safari/537.36"
23.245.54.218 - - [06/Sep/2018:01:14:44 +0800] "GET /co/GGTrl/983674.html HTTP/1.0" 200 135411 "-" "Mozilla/5.0 (compatible; DotBot/1.1; http://www.opensiteexplorer.org/dotbot, help@moz.com)"
23.245.54.218 - - [06/Sep/2018:01:14:45 +0800] "GET /co/ad140 HTTP/1.0" 200 78529 "-" "Mozilla/5.0 (compatible; Baiduspider/2.0; +http://www.baidu.com/search/spider.html)"
23.245.54.218 - - [06/Sep/2018:01:14:59 +0800] "GET /co/nn121.alexareport.cn/%0A HTTP/1.0" 200 77335 "-" "Mozilla/5.0 (Macintosh; Intel Mac OS X 10_13_6) AppleWebKit/537.36 (KHTML, like Gecko) Chrome/68.0.3440.106 Safari/537.36"
107.183.158.127 - - [06/Sep/2018:01:15:09 +0800] "GET /shenzhen/HaiShangShiJie-XingHua/ HTTP/1.0" 200 78178 "-" "Sogou web spider/4.0(+http://www.sogou.com/docs/help/webmasters.htm#07)"
107.183.158.127 - - [06/Sep/2018:01:15:20 +0800] "GET /shenzhen/BaoAnKeYunZhongXin-GuiWan/ HTTP/1.0" 200 77854 "-" "Sogou web spider/4.0(+http://www.sogou.com/docs/help/webmasters.htm#07)"
23.245.54.218 - - [06/Sep/2018:01:15:28 +0800] "GET /co/ad139.alexareport.cn/%0A HTTP/1.0" 200 78248 "-" "Mozilla/5.0 (Macintosh; Intel Mac OS X 10_13_6) AppleWebKit/537.36 (KHTML, like Gecko) Chrome/68.0.3440.106 Safari/537.36"
107.183.158.127 - - [06/Sep/2018:01:15:34 +0800] "GET /shanghai/NanDaLu-HuGuangLu/ HTTP/1.0" 500 45368 "http://ditie.114huoche.com/shanghai/NanDaLu-HuGuangLu/" "Mozilla/5.0 (Windows NT 6.1; WOW64) AppleWebKit/537.36 (KHTML, like Gecko) Chrome/50.0.2661.102 Safari/537.36; 360Spider"
107.183.158.127 - - [06/Sep/2018:01:15:35 +0800] "GET /shenzhen/DaFen-FanShen/ HTTP/1.0" 500 45346 "http://ditie.114huoche.com/shenzhen/DaFen-FanShen/" "Mozilla/5.0 (Windows NT 6.1; WOW64) AppleWebKit/537.36 (KHTML, like Gecko) Chrome/50.0.2661.102 Safari/537.36; 360Spider"
107.183.158.127 - - [06/Sep/2018:01:15:36 +0800] "GET /shijiazhuang/ZhuoDa-HuoCheZhan/ HTTP/1.0" 500 45482 "-" "Sogou web spider/4.0(+http://www.sogou.com/docs/help/webmasters.htm#07)"
107.183.158.127 - - [06/Sep/2018:01:15:37 +0800] "GET /shanghai/SanMenLu-TangQiao/ HTTP/1.0" 200 77568 "http://ditie.114huoche.com/shanghai/SanMenLu-TangQiao/" "Mozilla/5.0 (Windows NT 6.1; WOW64) AppleWebKit/537.36 (KHTML, like Gecko) Chrome/50.0.2661.102 Safari/537.36; 360Spider"
23.245.54.218 - - [06/Sep/2018:01:15:40 +0800] "GET /co/py239 HTTP/1.0" 200 77810 "-" "Mozilla/5.0 (Windows NT 6.2; WOW64) AppleWebKit/537.36 (KHTML, like Gecko) Chrome/35.0.1916.153 Safari/537.36"
23.245.54.218 - - [06/Sep/2018:01:15:49 +0800] "GET /co/GGsyv/data/attachment/forum/forumid_4/2008011621444542020080116214445C8UCAUOWRI05_mFE5l8JezDnK.jpg HTTP/1.0" 404 564 "http://www.114huoche.com/coGGsyv/139339.html" "Mozilla/5.0 (Windows NT 5.1) AppleWebKit/534.30 (KHTML, like Gecko) Chrome/12.0.742.122 Safari/534.30"
23.245.54.218 - - [06/Sep/2018:01:15:49 +0800] "GET /co/GGsyv/data/attachment/forum/forumid_4/2008011621444542020080116214445C8UCAUOWRI05_mFE5l8JezDnK.jpg HTTP/1.0" 404 564 "http://www.114huoche.com/coGGsyv/139339.html" "Mozilla/5.0 (Windows NT 5.1) AppleWebKit/534.30 (KHTML, like Gecko) Chrome/12.0.742.122 Safari/534.30"
107.183.158.127 - - [06/Sep/2018:01:16:05 +0800] "GET /shenzhen/BiTou-ShiMinZhongXin/ HTTP/1.0" 200 78164 "-" "Sogou web spider/4.0(+http://www.sogou.com/docs/help/webmasters.htm#07)"
107.183.158.127 - - [06/Sep/2018:01:16:09 +0800] "GET /shenzhen/ShaiBu-BaoAnZhongXue/ HTTP/1.0" 200 78707 "-" "Sogou web spider/4.0(+http://www.sogou.com/docs/help/webmasters.htm#07)"
107.183.158.127 - - [06/Sep/2018:01:16:12 +0800] "GET /shanghai/XiaYanLu-JinHaiHu/ HTTP/1.0" 200 77538 "-" "Mozilla/5.0 (compatible; SemrushBot/2~bl; +http://www.semrush.com/bot.html)"
107.183.158.127 - - [06/Sep/2018:01:16:16 +0800] "GET /shanghai/ChangShouLu-GuoJiKeYunZhongXin/ HTTP/1.0" 200 78384 "-" "Mozilla/5.0 (compatible; SemrushBot/2~bl; +http://www.semrush.com/bot.html)"
23.245.54.218 - - [06/Sep/2018:01:16:19 +0800] "GET /co/nn121 HTTP/1.0" 200 78152 "-" "Mozilla/5.0 (Windows NT 6.2; WOW64) AppleWebKit/537.36 (KHTML, like Gecko) Chrome/35.0.1916.153 Safari/537.36"
107.183.158.127 - - [06/Sep/2018:01:16:42 +0800] "GET /shanghai/XiCangBeiLu-JinShaJiangXiLu/ HTTP/1.0" 200 77616 "-" "Sogou web spider/4.0(+http://www.sogou.com/docs/help/webmasters.htm#07)"
23.245.54.218 - - [06/Sep/2018:01:16:59 +0800] "GET /co/GGJD3/ HTTP/1.0" 200 118961 "-" "Mozilla/5.0 (compatible; DotBot/1.1; http://www.opensiteexplorer.org/dotbot, help@moz.com)"
23.245.54.218 - - [06/Sep/2018:01:17:13 +0800] "GET /co/nn121.alexareport.cn/%0A HTTP/1.0" 200 77335 "-" "Mozilla/5.0 (Macintosh; Intel Mac OS X 10_13_6) AppleWebKit/537.36 (KHTML, like Gecko) Chrome/68.0.3440.106 Safari/537.36"
23.245.54.218 - - [06/Sep/2018:01:17:14 +0800] "GET /co/ad140 HTTP/1.0" 200 78529 "-" "Mozilla/5.0 (compatible; Baiduspider/2.0; +http://www.baidu.com/search/spider.html)"
107.183.158.127 - - [06/Sep/2018:01:17:15 +0800] "GET /shenzhen/TaiAn-HengGang/ HTTP/1.0" 200 78173 "-" "Mozilla/5.0 (compatible; SemrushBot/2~bl; +http://www.semrush.com/bot.html)"
107.183.158.127 - - [06/Sep/2018:01:17:21 +0800] "GET /shanghai/DongChangLu-WuZhouDaDao/ HTTP/1.0" 200 77530 "-" "Mozilla/5.0 (iPhone; CPU iPhone OS 8_0 like Mac OS X) AppleWebKit/600.1.3 (KHTML, like Gecko) Version/8.0 Mobile/12A4345d Safari/600.1.4"
23.245.54.218 - - [06/Sep/2018:01:17:22 +0800] "GET /co/py238.alexareport.cn/%0A HTTP/1.0" 200 78177 "-" "Mozilla/5.0 (Macintosh; Intel Mac OS X 10_13_6) AppleWebKit/537.36 (KHTML, like Gecko) Chrome/68.0.3440.106 Safari/537.36"
23.245.54.218 - - [06/Sep/2018:01:17:22 +0800] "GET /co/py239 HTTP/1.0" 200 77801 "-" "Mozilla/5.0 (compatible; Baiduspider/2.0; +http://www.baidu.com/search/spider.html)"
220.181.51.108 - - [06/Sep/2018:01:17:22 +0800] "GET /data/AD/js/push.js HTTP/1.1" 200 653 "http://ditie.114huoche.com/shanghai/DongChangLu-WuZhouDaDao/" "Mozilla/5.0 (iPhone; CPU iPhone OS 8_0 like Mac OS X) AppleWebKit/600.1.3 (KHTML, like Gecko) Version/8.0 Mobile/12A4345d Safari/600.1.4"
220.181.108.139 - - [06/Sep/2018:01:17:22 +0800] "GET /data/AD/css/index.css HTTP/1.1" 200 24815 "http://ditie.114huoche.com/shanghai/DongChangLu-WuZhouDaDao/" "Mozilla/5.0 (iPhone; CPU iPhone OS 8_0 like Mac OS X) AppleWebKit/600.1.3 (KHTML, like Gecko) Version/8.0 Mobile/12A4345d Safari/600.1.4"
107.183.158.127 - - [06/Sep/2018:01:17:25 +0800] "GET /shanghai/LanCunLu-ChangQingLu/ HTTP/1.0" 500 45419 "-" "Mozilla/5.0 (iPhone; CPU iPhone OS 8_0 like Mac OS X) AppleWebKit/600.1.3 (KHTML, like Gecko) Version/8.0 Mobile/12A4345d Safari/600.1.4"
107.183.158.127 - - [06/Sep/2018:01:17:25 +0800] "GET /shanghai/JianChuanLu-TaiErZhuangLu/ HTTP/1.0" 200 78631 "-" "Mozilla/5.0 (iPhone; CPU iPhone OS 8_0 like Mac OS X) AppleWebKit/600.1.3 (KHTML, like Gecko) Version/8.0 Mobile/12A4345d Safari/600.1.4"
220.181.108.91 - - [06/Sep/2018:01:17:28 +0800] "GET /data/AD/js/push.js HTTP/1.1" 200 653 "http://ditie.114huoche.com/shanghai/JianChuanLu-TaiErZhuangLu/" "Mozilla/5.0 (iPhone; CPU iPhone OS 8_0 like Mac OS X) AppleWebKit/600.1.3 (KHTML, like Gecko) Version/8.0 Mobile/12A4345d Safari/600.1.4"
220.181.108.139 - - [06/Sep/2018:01:17:28 +0800] "GET /data/AD/css/index.css HTTP/1.1" 200 24815 "http://ditie.114huoche.com/shanghai/JianChuanLu-TaiErZhuangLu/" "Mozilla/5.0 (iPhone; CPU iPhone OS 8_0 like Mac OS X) AppleWebKit/600.1.3 (KHTML, like Gecko) Version/8.0 Mobile/12A4345d Safari/600.1.4"
123.125.71.71 - - [06/Sep/2018:01:17:29 +0800] "GET /data/AD/js/jQuery.js HTTP/1.1" 200 98773 "http://ditie.114huoche.com/shanghai/DongChangLu-WuZhouDaDao/" "Mozilla/5.0 (iPhone; CPU iPhone OS 8_0 like Mac OS X) AppleWebKit/600.1.3 (KHTML, like Gecko) Version/8.0 Mobile/12A4345d Safari/600.1.4"
220.181.108.80 - - [06/Sep/2018:01:17:34 +0800] "GET /data/AD/js/index.js HTTP/1.1" 200 1464 "http://ditie.114huoche.com/shanghai/DongChangLu-WuZhouDaDao/" "Mozilla/5.0 (iPhone; CPU iPhone OS 8_0 like Mac OS X) AppleWebKit/600.1.3 (KHTML, like Gecko) Version/8.0 Mobile/12A4345d Safari/600.1.4"
123.125.67.154 - - [06/Sep/2018:01:17:35 +0800] "GET /data/AD/js/tiaozhuanjs.js HTTP/1.1" 200 58 "http://ditie.114huoche.com/shanghai/DongChangLu-WuZhouDaDao/" "Mozilla/5.0 (iPhone; CPU iPhone OS 8_0 like Mac OS X) AppleWebKit/600.1.3 (KHTML, like Gecko) Version/8.0 Mobile/12A4345d Safari/600.1.4"
123.125.71.39 - - [06/Sep/2018:01:17:35 +0800] "GET /data/AD/js/jQuery.js HTTP/1.1" 200 98773 "http://ditie.114huoche.com/shanghai/JianChuanLu-TaiErZhuangLu/" "Mozilla/5.0 (iPhone; CPU iPhone OS 8_0 like Mac OS X) AppleWebKit/600.1.3 (KHTML, like Gecko) Version/8.0 Mobile/12A4345d Safari/600.1.4"
123.125.71.58 - - [06/Sep/2018:01:17:39 +0800] "GET /data/AD/js/index.js HTTP/1.1" 200 1464 "http://ditie.114huoche.com/shanghai/JianChuanLu-TaiErZhuangLu/" "Mozilla/5.0 (iPhone; CPU iPhone OS 8_0 like Mac OS X) AppleWebKit/600.1.3 (KHTML, like Gecko) Version/8.0 Mobile/12A4345d Safari/600.1.4"
123.125.71.115 - - [06/Sep/2018:01:17:41 +0800] "GET /data/AD/js/tiaozhuanjs.js HTTP/1.1" 200 58 "http://ditie.114huoche.com/shanghai/JianChuanLu-TaiErZhuangLu/" "Mozilla/5.0 (iPhone; CPU iPhone OS 8_0 like Mac OS X) AppleWebKit/600.1.3 (KHTML, like Gecko) Version/8.0 Mobile/12A4345d Safari/600.1.4"
23.245.54.218 - - [06/Sep/2018:01:17:47 +0800] "GET /co/ad140 HTTP/1.0" 200 78529 "-" "Mozilla/5.0 (Macintosh; Intel Mac OS X 10_13_6) AppleWebKit/537.36 (KHTML, like Gecko) Chrome/68.0.3440.106 Safari/537.36"
107.183.158.127 - - [06/Sep/2018:01:17:58 +0800] "GET /shanghai/LongHua-ChuanQiaoLu/ HTTP/1.0" 200 78417 "-" "Sogou web spider/4.0(+http://www.sogou.com/docs/help/webmasters.htm#07)"
107.183.158.127 - - [06/Sep/2018:01:18:37 +0800] "GET /shenzhen/BaoAnZhongXue-ChiWei/ HTTP/1.0" 200 78204 "-" "Sogou web spider/4.0(+http://www.sogou.com/docs/help/webmasters.htm#07)"
107.183.158.127 - - [06/Sep/2018:01:18:42 +0800] "GET /shanghai/YeShengDongWuYuan-QiBao/ HTTP/1.0" 200 77732 "http://ditie.114huoche.com/shanghai/YeShengDongWuYuan-QiBao/" "Mozilla/5.0 (Windows NT 6.1; WOW64) AppleWebKit/537.36 (KHTML, like Gecko) Chrome/50.0.2661.102 Safari/537.36; 360Spider"
107.183.158.127 - - [06/Sep/2018:01:18:42 +0800] "GET /shanghai/GuoFanLu-QiHuaLu/ HTTP/1.0" 500 45351 "http://ditie.114huoche.com/shanghai/GuoFanLu-QiHuaLu/" "Mozilla/5.0 (Windows NT 6.1; WOW64) AppleWebKit/537.36 (KHTML, like Gecko) Chrome/50.4.2661.102 Safari/537.36; 360Spider"
107.183.158.127 - - [06/Sep/2018:01:18:43 +0800] "GET /shanghai/ShangHaiTiYuGuan-HuanDongLu/ HTTP/1.0" 500 45584 "http://ditie.114huoche.com/shanghai/ShangHaiTiYuGuan-HuanDongLu/" "Mozilla/5.0 (Windows NT 6.1; WOW64) AppleWebKit/537.36 (KHTML, like Gecko) Chrome/50.4.2661.102 Safari/537.36; 360Spider"
107.183.158.127 - - [06/Sep/2018:01:18:44 +0800] "GET /shenzhen/GaoQiao-BaoTi/ HTTP/1.0" 200 78402 "http://ditie.114huoche.com/shenzhen/GaoQiao-BaoTi/" "Mozilla/5.0 (Windows NT 6.1; WOW64) AppleWebKit/537.36 (KHTML, like Gecko) Chrome/50.0.2661.102 Safari/537.36; 360Spider"
107.183.158.127 - - [06/Sep/2018:01:18:55 +0800] "GET /shenzhen/BaGuaLing-XiLiDongWuYuan/ HTTP/1.0" 200 78457 "-" "Sogou web spider/4.0(+http://www.sogou.com/docs/help/webmasters.htm#07)"
107.183.158.127 - - [06/Sep/2018:01:19:07 +0800] "GET /shenzhen/QingHuXueXiao-JiChang/ HTTP/1.0" 200 78301 "-" "Sogou web spider/4.0(+http://www.sogou.com/docs/help/webmasters.htm#07)"
23.245.54.218 - - [06/Sep/2018:01:19:13 +0800] "GET /co/GG47l/ HTTP/1.0" 200 122386 "-" "Mozilla/5.0 (compatible; DotBot/1.1; http://www.opensiteexplorer.org/dotbot, help@moz.com)"
107.183.158.127 - - [06/Sep/2018:01:19:25 +0800] "GET /shenzhen/LaoJie-NanLing/ HTTP/1.0" 200 78458 "-" "Mozilla/5.0 (compatible; SemrushBot/2~bl; +http://www.semrush.com/bot.html)"
107.183.158.127 - - [06/Sep/2018:01:19:43 +0800] "GET /shanghai/WenShuiLu-RunHongLu/ HTTP/1.0" 200 78355 "-" "Sogou web spider/4.0(+http://www.sogou.com/docs/help/webmasters.htm#07)"
107.183.158.127 - - [06/Sep/2018:01:19:58 +0800] "GET /shanghai/HongShenLu-ZiTengLu/ HTTP/1.0" 200 78278 "-" "Mozilla/5.0 (compatible; SemrushBot/2~bl; +http://www.semrush.com/bot.html)"
23.245.54.218 - - [06/Sep/2018:01:20:03 +0800] "GET /co/pyxzx/ HTTP/1.0" 200 77508 "-" "Sogou web spider/4.0(+http://www.sogou.com/docs/help/webmasters.htm#07)"
107.183.158.127 - - [06/Sep/2018:01:20:13 +0800] "GET /shenzhen/GongMingXi-XingHua/ HTTP/1.0" 200 78128 "-" "Sogou web spider/4.0(+http://www.sogou.com/docs/help/webmasters.htm#07)"
23.245.54.218 - - [06/Sep/2018:01:20:17 +0800] "GET /co/py239 HTTP/1.0" 200 77801 "-" "Mozilla/5.0 (compatible; Baiduspider/2.0; +http://www.baidu.com/search/spider.html)"
107.183.158.127 - - [06/Sep/2018:01:20:20 +0800] "GET /shenzhen/MuGu-LuoHu/ HTTP/1.0" 200 78321 "-" "Mozilla/5.0 (compatible; SemrushBot/2~bl; +http://www.semrush.com/bot.html)"
23.245.54.218 - - [06/Sep/2018:01:20:26 +0800] "GET /co/nn121 HTTP/1.0" 200 78152 "-" "Mozilla/5.0 (compatible; Baiduspider/2.0; +http://www.baidu.com/search/spider.html)"
23.245.54.218 - - [06/Sep/2018:01:20:36 +0800] "GET /co/ad139 HTTP/1.0" 200 78228 "-" "Mozilla/5.0 (compatible; Baiduspider/2.0; +http://www.baidu.com/search/spider.html)"
107.183.158.127 - - [06/Sep/2018:01:20:37 +0800] "GET /shenzhen/WuHe-TiYuGuanXi/ HTTP/1.0" 200 78085 "-" "Sogou web spider/4.0(+http://www.sogou.com/docs/help/webmasters.htm#07)"
107.183.158.127 - - [06/Sep/2018:01:20:41 +0800] "GET /shenzhen/RongHuaLu-TangLang/ HTTP/1.0" 200 77730 "-" "Mozilla/5.0 (compatible; SemrushBot/2~bl; +http://www.semrush.com/bot.html)"
107.183.158.127 - - [06/Sep/2018:01:20:45 +0800] "GET /shenzhen/PingHu-TangWei/ HTTP/1.0" 200 78514 "-" "Sogou web spider/4.0(+http://www.sogou.com/docs/help/webmasters.htm#07)"
107.183.158.127 - - [06/Sep/2018:01:20:48 +0800] "GET /shanghai/ChangQingLu-TaiErZhuangLu/ HTTP/1.0" 200 78279 "-" "Mozilla/5.0 (compatible; SemrushBot/2~bl; +http://www.semrush.com/bot.html)"
23.245.54.218 - - [06/Sep/2018:01:20:50 +0800] "GET /co/WSjgy/069629 HTTP/1.0" 200 76217 "-" "Sogou web spider/4.0(+http://www.sogou.com/docs/help/webmasters.htm#07)"
23.245.54.218 - - [06/Sep/2018:01:20:55 +0800] "POST /co/nfig/AspCms_Config.asp HTTP/1.0" 405 24993 "http://www.114huoche.com/config/AspCms_Config.asp" "Mozilla/4.0 (compatible; MSIE 9.0; Windows NT 6.1)"
23.245.54.218 - - [06/Sep/2018:01:20:59 +0800] "GET /co/py239 HTTP/1.0" 200 77801 "-" "Mozilla/5.0 (Macintosh; Intel Mac OS X 10_13_6) AppleWebKit/537.36 (KHTML, like Gecko) Chrome/68.0.3440.106 Safari/537.36"
23.245.54.218 - - [06/Sep/2018:01:20:59 +0800] "POST /co/nfig/AspCms_Config.asp HTTP/1.0" 405 24993 "http://www.114huoche.com/config/AspCms_Config.asp" "Mozilla/4.0 (compatible; MSIE 9.0; Windows NT 6.1)"
23.245.54.218 - - [06/Sep/2018:01:21:00 +0800] "POST /co/nn1.asp HTTP/1.0" 405 24993 "http://www.114huoche.com/config/AspCms_Config.asp" "Mozilla/4.0 (compatible; MSIE 9.0; Windows NT 6.1)"
23.245.54.218 - - [06/Sep/2018:01:21:01 +0800] "POST /co/ncon.asp HTTP/1.0" 405 24993 "http://www.114huoche.com/config/AspCms_Config.asp" "Mozilla/4.0 (compatible; MSIE 9.0; Windows NT 6.1)"
107.183.158.127 - - [06/Sep/2018:01:21:07 +0800] "GET /shenzhen/ShiJiGuangChang-BaGuaLing/ HTTP/1.0" 200 77888 "-" "Mozilla/5.0 (compatible; SemrushBot/2~bl; +http://www.semrush.com/bot.html)"
107.183.158.127 - - [06/Sep/2018:01:21:13 +0800] "GET /shenzhen/HouTing-PingShanXiaoXue/ HTTP/1.0" 200 77966 "-" "Sogou web spider/4.0(+http://www.sogou.com/docs/help/webmasters.htm#07)"
23.245.54.218 - - [06/Sep/2018:01:21:16 +0800] "GET /co/ad141.alexareport.cn/%0A HTTP/1.0" 200 77753 "-" "Mozilla/5.0 (Macintosh; Intel Mac OS X 10_13_6) AppleWebKit/537.36 (KHTML, like Gecko) Chrome/68.0.3440.106 Safari/537.36"
107.183.158.127 - - [06/Sep/2018:01:21:19 +0800] "GET /shanghai/QuFuLu-YuanShenTiYuZhongXin/ HTTP/1.0" 200 78770 "-" "Sogou web spider/4.0(+http://www.sogou.com/docs/help/webmasters.htm#07)"
23.245.54.218 - - [06/Sep/2018:01:21:22 +0800] "GET /co/nn121 HTTP/1.0" 200 78152 "-" "Mozilla/5.0 (Macintosh; Intel Mac OS X 10_13_6) AppleWebKit/537.36 (KHTML, like Gecko) Chrome/68.0.3440.106 Safari/537.36"
107.183.158.127 - - [06/Sep/2018:01:21:23 +0800] "GET /shijiazhuang/NanDou-JianBaiDaLou/ HTTP/1.0" 200 78649 "-" "Sogou web spider/4.0(+http://www.sogou.com/docs/help/webmasters.htm#07)"
107.183.158.127 - - [06/Sep/2018:01:21:28 +0800] "GET /shanghai/XuJingDong-WeiNingLu/ HTTP/1.0" 200 77771 "-" "Mozilla/5.0 (compatible; SemrushBot/2~bl; +http://www.semrush.com/bot.html)"
23.245.54.218 - - [06/Sep/2018:01:21:29 +0800] "GET /co/ad139 HTTP/1.0" 200 78228 "-" "Mozilla/5.0 (Macintosh; Intel Mac OS X 10_13_6) AppleWebKit/537.36 (KHTML, like Gecko) Chrome/68.0.3440.106 Safari/537.36"
107.183.158.127 - - [06/Sep/2018:01:21:33 +0800] "GET /shanghai/ShuangJiangLu-SanMenLu/ HTTP/1.0" 500 45453 "http://ditie.114huoche.com/shanghai/ShuangJiangLu-SanMenLu/" "Mozilla/5.0 (Windows NT 6.1; WOW64) AppleWebKit/537.36 (KHTML, like Gecko) Chrome/50.4.2661.102 Safari/537.36; 360Spider"
23.245.54.218 - - [06/Sep/2018:01:21:34 +0800] "GET /co/LUhfq7g/h1u4v.html HTTP/1.0" 200 132964 "-" "Sogou web spider/4.0(+http://www.sogou.com/docs/help/webmasters.htm#07)"
107.183.158.127 - - [06/Sep/2018:01:21:34 +0800] "GET /shenzhen/PingShanWei-SiLian/ HTTP/1.0" 500 45385 "http://ditie.114huoche.com/shenzhen/PingShanWei-SiLian/" "Mozilla/5.0 (Windows NT 6.1; WOW64) AppleWebKit/537.36 (KHTML, like Gecko) Chrome/50.0.2661.102 Safari/537.36; 360Spider"
